BL51 BANKED LINKER/LOCATER V6.00                                                        07/20/2017  23:49:01  PAGE 1


BL51 BANKED LINKER/LOCATER V6.00, INVOKED BY:
C:\KEIL\C51\BIN\BL51.EXE .\absTask.obj, .\DataScope_DP.obj, .\RTX51_TINY.obj, .\mode.obj, .\setup.obj, .\task.obj, .\ADC
>> .obj, .\delay.obj, .\GPIO.obj, .\PCA.obj, .\stc15_eeprom.obj, .\stc15_exti.obj, .\stc15_iic.obj, .\stc15_pwm.obj, .\s
>> tc15_spi.obj, .\timer.obj, .\USART1.obj, .\fixedPulser.obj, .\STEP_MOTOR.obj TO uv3 RTX51TINY RAMSIZE (256)


MEMORY MODEL: LARGE WITH FLOATING POINT ARITHMETIC


INPUT MODULES INCLUDED:
  .\absTask.obj (ABSTASK)
  .\DataScope_DP.obj (DATASCOPE_DP)
  .\RTX51_TINY.obj (RTX51_TINY)
  .\mode.obj (MODE)
  .\setup.obj (SETUP)
  .\task.obj (TASK)
  .\ADC.obj (ADC)
  .\delay.obj (DELAY)
  .\GPIO.obj (GPIO)
  .\PCA.obj (PCA)
  .\stc15_eeprom.obj (STC15_EEPROM)
  .\stc15_exti.obj (STC15_EXTI)
  .\stc15_iic.obj (STC15_IIC)
  .\stc15_pwm.obj (STC15_PWM)
  .\stc15_spi.obj (STC15_SPI)
  .\timer.obj (TIMER)
  .\USART1.obj (USART1)
  .\fixedPulser.obj (FIXEDPULSER)
  .\STEP_MOTOR.obj (STEP_MOTOR)
  C:\KEIL\C51\LIB\RTX51TNY.LIB (?RTX51_TINY_OS_CREATE)
  C:\KEIL\C51\LIB\RTX51TNY.LIB (?RTX51_TINY_OS_SEND_SIGNAL)
  C:\KEIL\C51\LIB\RTX51TNY.LIB (?RTX51_TINY_OS_WAIT)
  C:\KEIL\C51\LIB\RTX51TNY.LIB (?RTX51_TINY_KERNAL)
  C:\KEIL\C51\LIB\C51FPL.LIB (?C?FPADD)
  C:\KEIL\C51\LIB\C51FPL.LIB (?C?FPMUL)
  C:\KEIL\C51\LIB\C51FPL.LIB (?C?FPDIV)
  C:\KEIL\C51\LIB\C51FPL.LIB (?C?FPCMP)
  C:\KEIL\C51\LIB\C51FPL.LIB (?C?FCAST)
  C:\KEIL\C51\LIB\C51FPL.LIB (?C?CASTF)
  C:\KEIL\C51\LIB\C51FPL.LIB (FABS)
  C:\KEIL\C51\LIB\C51FPL.LIB (SQRT)
  C:\KEIL\C51\LIB\C51FPL.LIB (POW)
  C:\KEIL\C51\LIB\C51FPL.LIB (?C?FPGETOPN)
  C:\KEIL\C51\LIB\C51FPL.LIB (?C?CHKFLOAT)
  C:\KEIL\C51\LIB\C51FPL.LIB (?C?FPNEG)
  C:\KEIL\C51\LIB\C51FPL.LIB (EXP)
  C:\KEIL\C51\LIB\C51FPL.LIB (LOG)
  C:\KEIL\C51\LIB\C51FPL.LIB (?C?FPSERIES)
  C:\KEIL\C51\LIB\C51L.LIB (?C_STARTUP)
  C:\KEIL\C51\LIB\C51L.LIB (?C?CLDPTR)
  C:\KEIL\C51\LIB\C51L.LIB (?C?CLDOPTR)
  C:\KEIL\C51\LIB\C51L.LIB (?C?CSTPTR)
  C:\KEIL\C51\LIB\C51L.LIB (?C?CSTOPTR)
  C:\KEIL\C51\LIB\C51L.LIB (?C?IMUL)
  C:\KEIL\C51\LIB\C51L.LIB (?C?UIDIV)
  C:\KEIL\C51\LIB\C51L.LIB (?C?IILDX)
  C:\KEIL\C51\LIB\C51L.LIB (?C?ILDIX)
  C:\KEIL\C51\LIB\C51L.LIB (?C?ILDOPTR)
BL51 BANKED LINKER/LOCATER V6.00                                                      07/20/2017  23:49:01  PAGE 2


  C:\KEIL\C51\LIB\C51L.LIB (?C?LMUL)
  C:\KEIL\C51\LIB\C51L.LIB (?C?ULDIV)
  C:\KEIL\C51\LIB\C51L.LIB (?C?SLDIV)
  C:\KEIL\C51\LIB\C51L.LIB (?C?LNEG)
  C:\KEIL\C51\LIB\C51L.LIB (?C?ULCMP)
  C:\KEIL\C51\LIB\C51L.LIB (?C?ULSHR)
  C:\KEIL\C51\LIB\C51L.LIB (?C?LLDXDATA)
  C:\KEIL\C51\LIB\C51L.LIB (?C?LLDCODE)
  C:\KEIL\C51\LIB\C51L.LIB (?C?LLDXDATA0)
  C:\KEIL\C51\LIB\C51L.LIB (?C?LLDCODE0)
  C:\KEIL\C51\LIB\C51L.LIB (?C?LLDOPTR0)
  C:\KEIL\C51\LIB\C51L.LIB (?C?LLDIXDATA)
  C:\KEIL\C51\LIB\C51L.LIB (?C?LSTXDATA)
  C:\KEIL\C51\LIB\C51L.LIB (?C?LSTKXDATA)
  C:\KEIL\C51\LIB\C51L.LIB (?C_INIT)
  C:\KEIL\C51\LIB\C51L.LIB (?C?LLDIDATA0)
  C:\KEIL\C51\LIB\C51L.LIB (?C?LLDPDATA0)


TASK TABLE OF MODULE:  uv3 (ABSTASK)

TASKID   PRIORITY   REG-BANK   SEGMENT NAME
-------------------------------------------
0        0          0          ?PR?TASKSTART?ABSTASK
1        0          0          ?PR?JOB1?RTX51_TINY
2        0          0          ?PR?JOB2?RTX51_TINY
3        0          0          ?PR?JOB3?RTX51_TINY



LINK MAP OF MODULE:  uv3 (ABSTASK)


            TYPE    BASE      LENGTH    RELOCATION   SEGMENT NAME
            -----------------------------------------------------

            * * * * * * *   D A T A   M E M O R Y   * * * * * * *
            REG     0000H     0008H     ABSOLUTE     "REG BANK 0"
            DATA    0008H     0006H     ABSOLUTE     
            IDATA   000EH     0008H     UNIT         ?RTX?TASKSTATE?S
            IDATA   0016H     0004H     UNIT         ?RTX?TASKSP?S
                    001AH     0006H                  *** GAP ***
            BIT     0020H.0   0000H.3   UNIT         ?BI?PCA
            BIT     0020H.3   0000H.2   UNIT         _BIT_GROUP_
            BIT     0020H.5   0000H.1   UNIT         ?BI?_SETPINSTATE?GPIO
            BIT     0020H.6   0000H.1   UNIT         ?BI?IIC_RDACK?STC15_IIC
            BIT     0020H.7   0000H.1   UNIT         ?RTX?BITS
            IDATA   0021H     0040H     UNIT         ?ID?STC15_SPI
            IDATA   0061H     0001H     UNIT         ?STACK

            * * * * * * *  X D A T A   M E M O R Y  * * * * * * *
            XDATA   0000H     028CH     UNIT         ?XD?USART1
            XDATA   028CH     003CH     UNIT         ?XD?STC15_PWM
            XDATA   02C8H     0031H     UNIT         ?XD?ABSTASK
            XDATA   02F9H     0031H     UNIT         ?XD?SETUP
            XDATA   032AH     0031H     UNIT         ?XD?TASK
            XDATA   035BH     002AH     UNIT         ?XD?DATASCOPE_DP
BL51 BANKED LINKER/LOCATER V6.00                                                      07/20/2017  23:49:01  PAGE 3


            XDATA   0385H     0026H     UNIT         ?XD?FIXEDPULSER
            XDATA   03ABH     0023H     UNIT         _XDATA_GROUP_
            XDATA   03CEH     001CH     UNIT         ?XD?STEP_MOTOR
            XDATA   03EAH     0016H     UNIT         ?XD?TIMER
            XDATA   0400H     0015H     UNIT         ?XD?PCA
            XDATA   0415H     0010H     UNIT         ?XD?RTX51_TINY
            XDATA   0425H     000AH     UNIT         ?XD?_FLOAT2BYTE?DATASCOPE_DP
            XDATA   042FH     0007H     UNIT         ?XD?_EEPROM_READ_N?STC15_EEPROM
            XDATA   0436H     0007H     UNIT         ?XD?_EEPROM_WRITE_N?STC15_EEPROM
            XDATA   043DH     0006H     UNIT         ?XD?_SENDSCOPEDATA?DATASCOPE_DP
            XDATA   0443H     0006H     UNIT         ?XD?_IIC_WRDATTOADD?STC15_IIC
            XDATA   0449H     0006H     UNIT         ?XD?_IIC_RDDATFROMADD?STC15_IIC
            XDATA   044FH     0005H     UNIT         ?XD?_DATASCOPE_GET_CHANNEL_DATA?DATASCOPE_DP
            XDATA   0454H     0004H     UNIT         ?XD?STC15_SPI
            XDATA   0458H     0003H     UNIT         ?XD?_PCA_INIT?PCA
            XDATA   045BH     0003H     UNIT         ?XD?_PWMOUTPUT?PCA
            XDATA   045EH     0001H     UNIT         ?XD?_CLOSEPULSER?FIXEDPULSER
            XDATA   045FH     0001H     UNIT         ?XD?_SETSTEPMOTORWITHROUND?STEP_MOTOR
            XDATA   0460H     0001H     UNIT         ?XD?_CLOSE_STEPMOTOR?STEP_MOTOR

            * * * * * * *   C O D E   M E M O R Y   * * * * * * *
            CODE    0000H     0003H     ABSOLUTE     
            CODE    0003H     0003H     ABSOLUTE     
            CODE    0006H     0005H     UNIT         ?PR?_LOCKSTEPMOTOR?STEP_MOTOR
            CODE    000BH     0003H     ABSOLUTE     
            CODE    000EH     0004H     UNIT         ?PR?ADC_INT?ADC
            CODE    0012H     0001H     UNIT         ?PR?MODE1?MODE
            CODE    0013H     0003H     ABSOLUTE     
            CODE    0016H     0003H     UNIT         ?PR?_SETPINSTATE?GPIO
            CODE    0019H     0001H     UNIT         ?PR?MODE2?MODE
            CODE    001AH     0001H     UNIT         ?PR?MODE3?MODE
            CODE    001BH     0003H     ABSOLUTE     
            CODE    001EH     0001H     UNIT         ?PR?MODE4?MODE
            CODE    001FH     0001H     UNIT         ?PR?MODELAUNCHER?MODE
            CODE    0020H     0001H     UNIT         ?PR?EXT_INT0?STC15_EXTI
            CODE    0021H     0001H     UNIT         ?PR?EXT_INT1?STC15_EXTI
            CODE    0022H     0001H     UNIT         ?PR?EXT_INT2?STC15_EXTI
            CODE    0023H     0003H     ABSOLUTE     
            CODE    0026H     0001H     UNIT         ?PR?EXT_INT3?STC15_EXTI
            CODE    0027H     0001H     UNIT         ?PR?EXT_INT4?STC15_EXTI
                    0028H     0003H                  *** GAP ***
            CODE    002BH     0003H     ABSOLUTE     
            CODE    002EH     000DH     UNIT         ?PR?DELAY5US?STC15_IIC
            CODE    003BH     0003H     ABSOLUTE     
                    003EH     0005H                  *** GAP ***
            CODE    0043H     0003H     ABSOLUTE     
                    0046H     0005H                  *** GAP ***
            CODE    004BH     0003H     ABSOLUTE     
                    004EH     0005H                  *** GAP ***
            CODE    0053H     0003H     ABSOLUTE     
                    0056H     0005H                  *** GAP ***
            CODE    005BH     0003H     ABSOLUTE     
            CODE    005EH     0025H     UNIT         ?PR?_CLOSE_PWM_N?STC15_PWM
            CODE    0083H     0003H     ABSOLUTE     
                    0086H     0005H                  *** GAP ***
            CODE    008BH     0003H     ABSOLUTE     
                    008EH     0005H                  *** GAP ***
BL51 BANKED LINKER/LOCATER V6.00                                                      07/20/2017  23:49:01  PAGE 4


            CODE    0093H     0003H     ABSOLUTE     
                    0096H     0005H                  *** GAP ***
            CODE    009BH     0003H     ABSOLUTE     
                    009EH     0005H                  *** GAP ***
            CODE    00A3H     0003H     ABSOLUTE     
            CODE    00A6H     000DH     UNIT         ?PR?IIC_ACK?STC15_IIC
            CODE    00B3H     0003H     ABSOLUTE     
            CODE    00B6H     07CAH     UNIT         ?C?LIB_CODE
            CODE    0880H     06E0H     UNIT         ?PR?_USART_CONFIGURATION?USART1
            CODE    0F60H     039AH     UNIT         ?PR?_PWM_INILIZE?STC15_PWM
            CODE    12FAH     0281H     UNIT         ?RTX?CODE
            CODE    157BH     0233H     UNIT         ?PR?_TIMER_INILIZE?TIMER
            CODE    17AEH     01E4H     UNIT         ?PR?_SETTARGETCOORDINATE?TASK
            CODE    1992H     01C4H     UNIT         ?PR?_GPIO_INILIZE?GPIO
            CODE    1B56H     019FH     UNIT         ?PR?_PCA_INIT?PCA
            CODE    1CF5H     0166H     UNIT         ?PR?_POW?POW
            CODE    1E5BH     013DH     UNIT         ?PR?_PWMOUTPUT?PCA
            CODE    1F98H     0134H     UNIT         ?PR?_DATASCOPE_GET_CHANNEL_DATA?DATASCOPE_DP
            CODE    20CCH     0129H     UNIT         ?PR?LOG?LOG
            CODE    21F5H     0122H     UNIT         ?PR?_GETWIRELENGTH?TASK
            CODE    2317H     00F1H     UNIT         ?PR?_SET_PWM_DUTY?STC15_PWM
            CODE    2408H     00BDH     UNIT         ?PR?PWM_ROUTINE?FIXEDPULSER
            CODE    24C5H     00B6H     UNIT         ?PR?_EXT_INILIZE?STC15_EXTI
            CODE    257BH     00B1H     UNIT         ?CO?TIMER
            CODE    262CH     00AEH     UNIT         ?PR?_PWMN_UPDATE?PCA
            CODE    26DAH     00ACH     UNIT         ?PR?SQRT?SQRT
            CODE    2786H     00AAH     UNIT         ?PR?_FLOAT2BYTE?DATASCOPE_DP
            CODE    2830H     00A9H     UNIT         ?PR?TIMERINIT?TIMER
            CODE    28D9H     00A5H     UNIT         ?PR?_DATASCOPE_DATA_GENERATE?DATASCOPE_DP
            CODE    297EH     00A3H     UNIT         ?PR?PCA_HANDLER?PCA
            CODE    2A21H     009EH     UNIT         ?PR?_SETSTEPMOTORWITHANGLE?STEP_MOTOR
            CODE    2ABFH     009CH     UNIT         ?PR?PULSERINIT?FIXEDPULSER
            CODE    2B5BH     009AH     UNIT         ?PR?_PWM_SET_T12_PERIOD?STC15_PWM
            CODE    2BF5H     009AH     UNIT         ?PR?EXP?EXP
            CODE    2C8FH     0093H     UNIT         ?C_INITSEG
            CODE    2D22H     0091H     UNIT         ?PR?_SPI_INIT?STC15_SPI
            CODE    2DB3H     008CH     UNIT         ?C_C51STARTUP
            CODE    2E3FH     008AH     UNIT         ?PR?TIMER4_INT?TIMER
            CODE    2EC9H     0085H     UNIT         ?PR?UART2_INT?USART1
            CODE    2F4EH     0085H     UNIT         ?PR?UART3_INT?USART1
            CODE    2FD3H     0085H     UNIT         ?PR?UART4_INT?USART1
            CODE    3058H     007FH     UNIT         ?PR?UART1_INT?USART1
            CODE    30D7H     006DH     UNIT         ?PR?_STEPMOTOR_INIT?STEP_MOTOR
            CODE    3144H     0061H     UNIT         ?PR?_SET_PWM_PERIOD?STC15_PWM
            CODE    31A5H     005EH     UNIT         ?PR?_GET_ADC10BITRESULT?ADC
            CODE    3203H     005BH     UNIT         ?PR?_SETPULSE?FIXEDPULSER
            CODE    325EH     0055H     UNIT         ?PR?SPI_TRANSIVION?STC15_SPI
            CODE    32B3H     0053H     UNIT         ?PR?_ADC_INILIZE?ADC
            CODE    3306H     0053H     UNIT         ?PR?_IIC_RDDATFROMADD?STC15_IIC
            CODE    3359H     0048H     UNIT         ?PR?TIMER3_INT?TIMER
            CODE    33A1H     0047H     UNIT         ?PR?TIMER1_ISR?TIMER
            CODE    33E8H     0044H     UNIT         ?C?LDIV
            CODE    342CH     003FH     UNIT         ?PR?JOB0?RTX51_TINY
            CODE    346BH     003FH     UNIT         ?PR?_SETSTEPMOTORDIS?TASK
            CODE    34AAH     003FH     UNIT         ?PR?_EEPROM_READ_N?STC15_EEPROM
            CODE    34E9H     003FH     UNIT         ?PR?_EEPROM_WRITE_N?STC15_EEPROM
            CODE    3528H     003DH     UNIT         ?PR?JOB2?RTX51_TINY
BL51 BANKED LINKER/LOCATER V6.00                                                      07/20/2017  23:49:01  PAGE 5


            CODE    3565H     003AH     UNIT         ?PR?MOTIONSYSTEM_INIT?TASK
            CODE    359FH     0039H     UNIT         ?PR?_SENDSCOPEDATA?DATASCOPE_DP
            CODE    35D8H     0036H     UNIT         ?PR?_IIC_WRDATTOADD?STC15_IIC
            CODE    360EH     0030H     UNIT         ?PR?JOB1?RTX51_TINY
            CODE    363EH     0030H     UNIT         ?PR?JOB3?RTX51_TINY
            CODE    366EH     002FH     UNIT         ?PR?_SETSTEPMOTORWITHROUND?STEP_MOTOR
            CODE    369DH     002CH     UNIT         ?PR?_UART1_INIT?SETUP
            CODE    36C9H     0028H     UNIT         ?PR?_OPEN_PWM_N?STC15_PWM
            CODE    36F1H     0028H     UNIT         ?PR?_TX2_WRITE2BUFF?USART1
            CODE    3719H     0028H     UNIT         ?PR?_TX3_WRITE2BUFF?USART1
            CODE    3741H     0028H     UNIT         ?PR?_TX4_WRITE2BUFF?USART1
            CODE    3769H     0027H     UNIT         ?PR?IIC_RDACK?STC15_IIC
            CODE    3790H     0027H     UNIT         ?PR?SPI_TRIGTX?STC15_SPI
            CODE    37B7H     0027H     UNIT         ?PR?_TX1_WRITE2BUFF?USART1
            CODE    37DEH     0026H     UNIT         ?PR?_INPUTONEBYTE?STC15_IIC
            CODE    3804H     0025H     UNIT         ?PR?_SETTIMEOUT?TIMER
            CODE    3829H     0024H     UNIT         ?PR?SPI_SPI_READBYTETORXBUF?STC15_SPI
            CODE    384DH     0023H     UNIT         ?PR?_OPENPULSER?FIXEDPULSER
            CODE    3870H     0022H     UNIT         ?PR?_CLOSEPULSER?FIXEDPULSER
            CODE    3892H     0020H     UNIT         ?PR?_EEPROM_SECTORERASE?STC15_EEPROM
            CODE    38B2H     0020H     UNIT         ?PR?_RESTARTTIMER?TIMER
            CODE    38D2H     001FH     UNIT         ?PR?_SPI_WRITENBYTETOTXBUF?STC15_SPI
            CODE    38F1H     001FH     UNIT         ?PR?_ISEXPIREDTIMER?TIMER
            CODE    3910H     001FH     UNIT         ?PR?_ISSTOPPED?TIMER
            CODE    392FH     001EH     UNIT         ?PR?OUTPUTONEBYTE?STC15_IIC
            CODE    394DH     001DH     UNIT         ?PR?_ISACTIVETIMER?TIMER
            CODE    396AH     001DH     UNIT         ?PR?_OPEN_STEPMOTOR?STEP_MOTOR
            CODE    3987H     001CH     UNIT         ?PR?_SETTIMERHERTZ?TIMER
            CODE    39A3H     001CH     UNIT         ?PR?_CLOSE_STEPMOTOR?STEP_MOTOR
            CODE    39BFH     001BH     UNIT         ?PR?_SPI_SPI_READTHENBYTETORXBUF?STC15_SPI
            CODE    39DAH     001AH     UNIT         ?PR?_GET_PWM_PERIOD?STC15_PWM
            CODE    39F4H     001AH     UNIT         ?PR?_GET_PWM_N_DUTY?STC15_PWM
            CODE    3A0EH     001AH     UNIT         ?PR?_GETTIMEROUT?TIMER
            CODE    3A28H     001AH     UNIT         ?PR?_GETTIMERHERTZ?TIMER
            CODE    3A42H     0019H     UNIT         ?PR?_IIC_WRDEVADDANDDATADD?STC15_IIC
            CODE    3A5BH     0019H     UNIT         ?PR?_STOPTIMER?TIMER
            CODE    3A74H     0019H     UNIT         ?PR?_SETSTEPMOTORDIVERSION?STEP_MOTOR
            CODE    3A8DH     0018H     UNIT         ?PR?TEST?SETUP
            CODE    3AA5H     0018H     UNIT         ?PR?_PWM_SET_PERIOD?STC15_PWM
            CODE    3ABDH     0017H     UNIT         ?PR?SETUP?SETUP
            CODE    3AD4H     0017H     UNIT         ?PR?_PRINTSTRING1?USART1
            CODE    3AEBH     0014H     UNIT         ?PR?_SPI_WRITEBYTETOTXBUF?STC15_SPI
            CODE    3AFFH     0013H     UNIT         ?PR?_PRINTSTRING2?USART1
            CODE    3B12H     0013H     UNIT         ?PR?_PRINTSTRING3?USART1
            CODE    3B25H     0013H     UNIT         ?PR?_PRINTSTRING4?USART1
            CODE    3B38H     0012H     UNIT         ?PR?STARTSYSTEM?TASK
            CODE    3B4AH     0012H     UNIT         ?PR?_GET_PWM_N_STATE?STC15_PWM
            CODE    3B5CH     0012H     UNIT         ?PR?_GETPULSERSTATE?FIXEDPULSER
            CODE    3B6EH     0011H     UNIT         ?PR?STOPSYSTEM?TASK
            CODE    3B7FH     0011H     UNIT         ?PR?_SETPWM_DIV?STC15_PWM
            CODE    3B90H     0011H     UNIT         ?PR?_GETPWM_DIV?STC15_PWM
            CODE    3BA1H     0011H     UNIT         ?PR?_GETSTEPMOTORSTATE?STEP_MOTOR
            CODE    3BB2H     0010H     UNIT         ?PR?_DELAY_MS?DELAY
            CODE    3BC2H     000EH     UNIT         ?PR?DISABLEEEPROM?STC15_EEPROM
            CODE    3BD0H     000EH     UNIT         ?PR?_ONRESTARTTIMER?TIMER
            CODE    3BDEH     000DH     UNIT         ?PR?_FABS?FABS
            CODE    3BEBH     000CH     UNIT         ?PR?ISSYETEMRUNNING?TASK
BL51 BANKED LINKER/LOCATER V6.00                                                      07/20/2017  23:49:01  PAGE 6


            CODE    3BF7H     000CH     UNIT         ?PR?_ADC_POWERCONTROL?ADC
            CODE    3C03H     000BH     UNIT         ?PR?ISSYSTEMSTOP?TASK
            CODE    3C0EH     000BH     UNIT         ?PR?_SPI_SETMODE?STC15_SPI
            CODE    3C19H     000BH     UNIT         ?PR?_FREESTEPMOTOR?STEP_MOTOR
            CODE    3C24H     000AH     UNIT         ?PR?IIC_START?STC15_IIC
            CODE    3C2EH     000AH     UNIT         ?PR?IIC_NACK?STC15_IIC
            CODE    3C38H     000AH     UNIT         ?PR?OPEN_PWM_ALL?STC15_PWM
            CODE    3C42H     000AH     UNIT         ?PR?CLOSE_PWM_ALL?STC15_PWM
            CODE    3C4CH     0009H     UNIT         ?PR?GETMICROS?TIMER
            CODE    3C55H     0009H     UNIT         ?PR?GETMILLIS?TIMER
            CODE    3C5EH     0008H     UNIT         ?PR?TASKSTART?ABSTASK
            CODE    3C66H     0008H     UNIT         ?RTX?TASKENT?S
            CODE    3C6EH     0007H     UNIT         ?PR?GETCURRENTCOORDINATE?TASK
            CODE    3C75H     0006H     UNIT         ?PR?IIC_STOP?STC15_IIC
            CODE    3C7BH     0006H     UNIT         ?PR?GETSECONDS?TIMER
            CODE    3C81H     0006H     UNIT         ?PR?GETMINUTES?TIMER
            CODE    3C87H     0006H     UNIT         ?PR?GETHOURS?TIMER
            CODE    3C8DH     0006H     UNIT         ?PR?GETDAYS?TIMER



OVERLAY MAP OF MODULE:   uv3 (ABSTASK)


SEGMENT                                             BIT_GROUP          XDATA_GROUP
  +--> CALLED SEGMENT                            START    LENGTH     START    LENGTH
------------------------------------------------------------------------------------
?PR?TASKSTART?ABSTASK                            -----    -----      -----    -----
  +--> ?PR?SETUP?SETUP

?PR?SETUP?SETUP                                  -----    -----      -----    -----
  +--> ?PR?_UART1_INIT?SETUP
  +--> ?PR?TIMERINIT?TIMER
  +--> ?PR?MOTIONSYSTEM_INIT?TASK
  +--> ?PR?TEST?SETUP

?PR?_UART1_INIT?SETUP                            -----    -----      03ABH    000DH
  +--> ?PR?_USART_CONFIGURATION?USART1

?PR?_USART_CONFIGURATION?USART1                  -----    -----      03B8H    0009H

?PR?TIMERINIT?TIMER                              -----    -----      03ABH    0011H
  +--> ?PR?_TIMER_INILIZE?TIMER
  +--> ?CO?TIMER
  +--> ?PR?_PRINTSTRING1?USART1

?PR?_PRINTSTRING1?USART1                         -----    -----      -----    -----
  +--> ?PR?_TX1_WRITE2BUFF?USART1

?PR?MOTIONSYSTEM_INIT?TASK                       -----    -----      -----    -----
  +--> ?PR?_STEPMOTOR_INIT?STEP_MOTOR

?PR?_STEPMOTOR_INIT?STEP_MOTOR                   -----    -----      03ABH    000AH
  +--> ?PR?_GPIO_INILIZE?GPIO
  +--> ?PR?PULSERINIT?FIXEDPULSER

?PR?PULSERINIT?FIXEDPULSER                       -----    -----      03B5H    0012H
BL51 BANKED LINKER/LOCATER V6.00                                                      07/20/2017  23:49:01  PAGE 7


  +--> ?PR?_GPIO_INILIZE?GPIO
  +--> ?PR?_PWM_INILIZE?STC15_PWM
  +--> ?PR?_SETPWM_DIV?STC15_PWM
  +--> ?PR?_SET_PWM_PERIOD?STC15_PWM
  +--> ?PR?_SET_PWM_DUTY?STC15_PWM

?PR?_PWM_INILIZE?STC15_PWM                       -----    -----      03C7H    0002H

?PR?_SET_PWM_PERIOD?STC15_PWM                    -----    -----      03C7H    0002H
  +--> ?PR?_PWM_SET_PERIOD?STC15_PWM

?PR?_SET_PWM_DUTY?STC15_PWM                      -----    -----      03C7H    0005H
  +--> ?PR?_PWM_SET_T12_PERIOD?STC15_PWM

?PR?TEST?SETUP                                   -----    -----      -----    -----
  +--> ?PR?_SETTARGETCOORDINATE?TASK
  +--> ?PR?STARTSYSTEM?TASK

?PR?_SETTARGETCOORDINATE?TASK                    -----    -----      03ABH    0008H
  +--> ?PR?_GETWIRELENGTH?TASK
  +--> ?PR?_FABS?FABS
  +--> ?PR?_SETSTEPMOTORDIS?TASK

?PR?_GETWIRELENGTH?TASK                          -----    -----      03B3H    000DH
  +--> ?PR?_POW?POW
  +--> ?PR?SQRT?SQRT

?PR?_POW?POW                                     -----    -----      03C0H    000AH
  +--> ?PR?LOG?LOG
  +--> ?PR?EXP?EXP

?PR?LOG?LOG                                      0020H.3  0000H.1    03CAH    0004H

?PR?SQRT?SQRT                                    -----    -----      03C0H    0004H

?PR?_SETSTEPMOTORDIS?TASK                        0020H.3  0000H.1    03B3H    0006H
  +--> ?PR?_SETSTEPMOTORDIVERSION?STEP_MOTOR
  +--> ?PR?_SETSTEPMOTORWITHANGLE?STEP_MOTOR

?PR?_SETSTEPMOTORDIVERSION?STEP_MOTOR            0020H.4  0000H.1    -----    -----

?PR?_SETSTEPMOTORWITHANGLE?STEP_MOTOR            -----    -----      03B9H    0006H
  +--> ?PR?_SETPULSE?FIXEDPULSER

?PR?_SETPULSE?FIXEDPULSER                        -----    -----      03BFH    0007H
  +--> ?PR?_SET_PWM_PERIOD?STC15_PWM

?PR?STARTSYSTEM?TASK                             -----    -----      -----    -----
  +--> ?PR?_OPEN_STEPMOTOR?STEP_MOTOR

?PR?_OPEN_STEPMOTOR?STEP_MOTOR                   -----    -----      03ABH    0001H
  +--> ?PR?_OPENPULSER?FIXEDPULSER

?PR?_OPENPULSER?FIXEDPULSER                      -----    -----      03ACH    0001H
  +--> ?PR?_OPEN_PWM_N?STC15_PWM

*** NEW ROOT ***************************************************
BL51 BANKED LINKER/LOCATER V6.00                                                      07/20/2017  23:49:01  PAGE 8



?PR?PWM_ROUTINE?FIXEDPULSER                      -----    -----      -----    -----
  +--> ?PR?_CLOSE_PWM_N?STC15_PWM

*** NEW ROOT ***************************************************

?C_C51STARTUP                                    -----    -----      -----    -----
  +--> ?C_INITSEG



UNRESOLVED EXTERNAL SYMBOLS:
   BOARD_LED_INIT
   _BLINK



SYMBOL TABLE OF MODULE:  uv3 (ABSTASK)

  VALUE           TYPE          NAME
  ----------------------------------

  -------         MODULE        ABSTASK
  C:0000H         SYMBOL        _ICE_DUMMY_
  D:0080H         PUBLIC        P0
  D:0090H         PUBLIC        P1
  D:00A0H         PUBLIC        P2
  D:00B0H         PUBLIC        P3
  D:00C0H         PUBLIC        P4
  D:00C8H         PUBLIC        P5
  D:00E8H         PUBLIC        P6
  D:00F8H         PUBLIC        P7
  D:00A8H         PUBLIC        IE
  D:00B8H         PUBLIC        IP
  D:00D8H         PUBLIC        CCON
  D:0098H         PUBLIC        SCON
  D:0088H         PUBLIC        TCON
  X:02C8H         SYMBOL        g_StepMotorWireLen
  X:02D0H         SYMBOL        g_CurrentCoordinate
  D:00F0H         PUBLIC        B
  X:02D8H         SYMBOL        g_TargetCoordinate
  C:3C5EH         PUBLIC        taskStart
  D:00E0H         PUBLIC        ACC
  X:02E0H         SYMBOL        g_MotionSystemInfo
  D:00D0H         PUBLIC        PSW
  -------         PROC          TASKSTART
  C:3C5EH         LINE#         13
  C:3C5EH         LINE#         15
  C:3C61H         LINE#         16
  -------         ENDPROC       TASKSTART
  -------         ENDMOD        ABSTASK

  -------         MODULE        DATASCOPE_DP
  C:0000H         SYMBOL        _ICE_DUMMY_
  D:0080H         PUBLIC        P0
  D:0090H         PUBLIC        P1
  D:00A0H         PUBLIC        P2
BL51 BANKED LINKER/LOCATER V6.00                                                      07/20/2017  23:49:01  PAGE 9


  D:00B0H         PUBLIC        P3
  D:00C0H         PUBLIC        P4
  D:00C8H         PUBLIC        P5
  D:00E8H         PUBLIC        P6
  D:00F8H         PUBLIC        P7
  X:035BH         PUBLIC        DataScope_OutPut_Buffer
  D:00A8H         PUBLIC        IE
  D:00B8H         PUBLIC        IP
  D:00D8H         PUBLIC        CCON
  C:359FH         PUBLIC        _sendScopeData
  D:0098H         PUBLIC        SCON
  D:0088H         PUBLIC        TCON
  D:00F0H         PUBLIC        B
  C:2786H         PUBLIC        _Float2Byte
  D:00E0H         PUBLIC        ACC
  C:28D9H         PUBLIC        _DataScope_Data_Generate
  C:1F98H         PUBLIC        _DataScope_Get_Channel_Data
  D:00D0H         PUBLIC        PSW
  -------         PROC          _FLOAT2BYTE
  D:0001H         SYMBOL        target
  X:0428H         SYMBOL        buf
  X:042BH         SYMBOL        beg
  -------         DO            
  X:042CH         SYMBOL        point
  -------         ENDDO         
  C:2786H         LINE#         26
  C:2786H         LINE#         27
  C:2786H         LINE#         29
  C:2791H         LINE#         30
  C:27AFH         LINE#         31
  C:27DBH         LINE#         32
  C:2807H         LINE#         33
  -------         ENDPROC       _FLOAT2BYTE
  -------         PROC          _SENDSCOPEDATA
  D:0004H         SYMBOL        Data
  X:0441H         SYMBOL        channel
  -------         DO            
  X:0442H         SYMBOL        a
  -------         ENDDO         
  C:359FH         LINE#         43
  C:359FH         LINE#         44
  C:359FH         LINE#         47
  C:35AAH         LINE#         49
  C:35C0H         LINE#         50
  C:35C0H         LINE#         51
  C:35CFH         LINE#         52
  C:35D7H         LINE#         54
  -------         ENDPROC       _SENDSCOPEDATA
  -------         PROC          _DATASCOPE_GET_CHANNEL_DATA
  X:044FH         SYMBOL        Data
  X:0453H         SYMBOL        Channel
  C:1F98H         LINE#         60
  C:1F9EH         LINE#         61
  C:1F9EH         LINE#         62
  C:1FB1H         LINE#         63
  C:1FB1H         LINE#         65
  C:1FB1H         LINE#         67
BL51 BANKED LINKER/LOCATER V6.00                                                      07/20/2017  23:49:01  PAGE 10


  C:1FB1H         LINE#         68
  C:1FE7H         LINE#         69
  C:1FE7H         LINE#         70
  C:1FE7H         LINE#         71
  C:1FFAH         LINE#         72
  C:1FFDH         LINE#         73
  C:1FFDH         LINE#         74
  C:2011H         LINE#         75
  C:2014H         LINE#         76
  C:2014H         LINE#         77
  C:2028H         LINE#         78
  C:202BH         LINE#         79
  C:202BH         LINE#         80
  C:203FH         LINE#         81
  C:2042H         LINE#         82
  C:2042H         LINE#         83
  C:2056H         LINE#         84
  C:2058H         LINE#         85
  C:2058H         LINE#         86
  C:206CH         LINE#         87
  C:206EH         LINE#         88
  C:206EH         LINE#         89
  C:2082H         LINE#         90
  C:2084H         LINE#         91
  C:2084H         LINE#         92
  C:2098H         LINE#         93
  C:209AH         LINE#         94
  C:209AH         LINE#         95
  C:20AEH         LINE#         96
  C:20B0H         LINE#         97
  C:20B0H         LINE#         98
  C:20CBH         LINE#         99
  C:20CBH         LINE#         100
  C:20CBH         LINE#         101
  C:20CBH         LINE#         102
  -------         ENDPROC       _DATASCOPE_GET_CHANNEL_DATA
  -------         PROC          _DATASCOPE_DATA_GENERATE
  D:0007H         SYMBOL        Channel_Number
  C:28D9H         LINE#         107
  C:28D9H         LINE#         108
  C:28D9H         LINE#         109
  C:28E2H         LINE#         110
  C:28E2H         LINE#         111
  C:28E5H         LINE#         112
  C:28E5H         LINE#         114
  C:28E5H         LINE#         115
  C:28EBH         LINE#         116
  C:2921H         LINE#         117
  C:2921H         LINE#         118
  C:2921H         LINE#         119
  C:2927H         LINE#         120
  C:292AH         LINE#         121
  C:292AH         LINE#         122
  C:292AH         LINE#         123
  C:2930H         LINE#         124
  C:2933H         LINE#         125
  C:2933H         LINE#         126
BL51 BANKED LINKER/LOCATER V6.00                                                      07/20/2017  23:49:01  PAGE 11


  C:2933H         LINE#         127
  C:2939H         LINE#         128
  C:293CH         LINE#         129
  C:293CH         LINE#         130
  C:293CH         LINE#         131
  C:2942H         LINE#         132
  C:2945H         LINE#         133
  C:2945H         LINE#         134
  C:2945H         LINE#         135
  C:294BH         LINE#         136
  C:294EH         LINE#         137
  C:294EH         LINE#         138
  C:294EH         LINE#         139
  C:2954H         LINE#         140
  C:2957H         LINE#         141
  C:2957H         LINE#         142
  C:2957H         LINE#         143
  C:295DH         LINE#         144
  C:2960H         LINE#         145
  C:2960H         LINE#         146
  C:2960H         LINE#         147
  C:2966H         LINE#         148
  C:2969H         LINE#         149
  C:2969H         LINE#         150
  C:2969H         LINE#         151
  C:296FH         LINE#         152
  C:2972H         LINE#         153
  C:2972H         LINE#         154
  C:2972H         LINE#         155
  C:2978H         LINE#         156
  C:297BH         LINE#         157
  C:297BH         LINE#         158
  C:297BH         LINE#         159
  C:297BH         LINE#         160
  C:297DH         LINE#         161
  -------         ENDPROC       _DATASCOPE_DATA_GENERATE
  -------         ENDMOD        DATASCOPE_DP

  -------         MODULE        RTX51_TINY
  C:0000H         SYMBOL        _ICE_DUMMY_
  X:0415H         PUBLIC        counter0
  X:0419H         PUBLIC        counter1
  X:041DH         PUBLIC        counter2
  X:0421H         PUBLIC        counter3
  C:342CH         PUBLIC        job0
  C:360EH         PUBLIC        job1
  C:3528H         PUBLIC        job2
  C:363EH         PUBLIC        job3
  -------         PROC          JOB0
  C:342CH         LINE#         17
  C:342CH         LINE#         18
  C:3431H         LINE#         19
  C:3436H         LINE#         20
  C:343BH         LINE#         22
  C:343BH         LINE#         23
  C:3460H         LINE#         24
  C:3469H         LINE#         25
BL51 BANKED LINKER/LOCATER V6.00                                                      07/20/2017  23:49:01  PAGE 12


  -------         ENDPROC       JOB0
  -------         PROC          JOB1
  C:360EH         LINE#         31
  C:360EH         LINE#         32
  C:360EH         LINE#         33
  C:3633H         LINE#         34
  C:363CH         LINE#         35
  -------         ENDPROC       JOB1
  -------         PROC          JOB2
  C:3528H         LINE#         41
  C:3528H         LINE#         42
  C:3528H         LINE#         43
  C:354DH         LINE#         44
  C:355EH         LINE#         45
  C:3563H         LINE#         46
  C:3563H         LINE#         47
  -------         ENDPROC       JOB2
  -------         PROC          JOB3
  C:363EH         LINE#         53
  C:363EH         LINE#         54
  C:363EH         LINE#         55
  C:3647H         LINE#         56
  C:366CH         LINE#         57
  -------         ENDPROC       JOB3
  -------         ENDMOD        RTX51_TINY

  -------         MODULE        MODE
  C:0000H         SYMBOL        _ICE_DUMMY_
  C:0012H         PUBLIC        mode1
  C:0019H         PUBLIC        mode2
  C:001AH         PUBLIC        mode3
  C:001EH         PUBLIC        mode4
  C:001FH         PUBLIC        modeLauncher
  -------         PROC          MODE1
  C:0012H         LINE#         2
  C:0012H         LINE#         3
  C:0012H         LINE#         5
  -------         ENDPROC       MODE1
  -------         PROC          MODE2
  C:0019H         LINE#         7
  C:0019H         LINE#         8
  C:0019H         LINE#         10
  -------         ENDPROC       MODE2
  -------         PROC          MODE3
  C:001AH         LINE#         13
  C:001AH         LINE#         14
  C:001AH         LINE#         16
  -------         ENDPROC       MODE3
  -------         PROC          MODE4
  C:001EH         LINE#         18
  C:001EH         LINE#         19
  C:001EH         LINE#         21
  -------         ENDPROC       MODE4
  -------         PROC          MODELAUNCHER
  C:001FH         LINE#         22
  C:001FH         LINE#         23
  C:001FH         LINE#         25
BL51 BANKED LINKER/LOCATER V6.00                                                      07/20/2017  23:49:01  PAGE 13


  -------         ENDPROC       MODELAUNCHER
  -------         ENDMOD        MODE

  -------         MODULE        SETUP
  C:0000H         SYMBOL        _ICE_DUMMY_
  D:0080H         PUBLIC        P0
  D:0090H         PUBLIC        P1
  D:00A0H         PUBLIC        P2
  D:00B0H         PUBLIC        P3
  D:00C0H         PUBLIC        P4
  D:00C8H         PUBLIC        P5
  D:00E8H         PUBLIC        P6
  C:369DH         PUBLIC        _UART1_init
  D:00F8H         PUBLIC        P7
  D:00A8H         PUBLIC        IE
  D:00B8H         PUBLIC        IP
  D:00D8H         PUBLIC        CCON
  D:0098H         PUBLIC        SCON
  C:3ABDH         PUBLIC        setup
  D:0088H         PUBLIC        TCON
  X:02F9H         SYMBOL        g_StepMotorWireLen
  X:0301H         SYMBOL        g_CurrentCoordinate
  D:00F0H         PUBLIC        B
  C:3A8DH         PUBLIC        test
  X:0309H         SYMBOL        g_TargetCoordinate
  D:00E0H         PUBLIC        ACC
  X:0311H         SYMBOL        g_MotionSystemInfo
  D:00D0H         PUBLIC        PSW
  -------         PROC          _UART1_INIT
  D:0004H         SYMBOL        BandRate
  -------         DO            
  X:03ABH         SYMBOL        COMx_InitStructure
  -------         ENDDO         
  C:369DH         LINE#         40
  C:369DH         LINE#         41
  C:369DH         LINE#         43
  C:36A3H         LINE#         44
  C:36A7H         LINE#         45
  C:36ABH         LINE#         46
  C:36B1H         LINE#         47
  C:36B4H         LINE#         48
  C:36B7H         LINE#         49
  C:36B9H         LINE#         50
  C:36BCH         LINE#         51
  C:36BEH         LINE#         52
  -------         ENDPROC       _UART1_INIT
  -------         PROC          TEST
  C:3A8DH         LINE#         55
  C:3A8DH         LINE#         56
  C:3A8DH         LINE#         57
  C:3AA2H         LINE#         58
  -------         ENDPROC       TEST
  -------         PROC          SETUP
  C:3ABDH         LINE#         60
  C:3ABDH         LINE#         61
  C:3ABDH         LINE#         63
  C:3AC8H         LINE#         64
BL51 BANKED LINKER/LOCATER V6.00                                                      07/20/2017  23:49:01  PAGE 14


  C:3ACBH         LINE#         65
  C:3ACEH         LINE#         66
  C:3AD1H         LINE#         67
  -------         ENDPROC       SETUP
  -------         ENDMOD        SETUP

  -------         MODULE        TASK
  C:0000H         SYMBOL        _ICE_DUMMY_
  D:0080H         PUBLIC        P0
  D:0090H         PUBLIC        P1
  D:00A0H         PUBLIC        P2
  D:00B0H         PUBLIC        P3
  D:00C0H         PUBLIC        P4
  D:00C8H         PUBLIC        P5
  D:00E8H         PUBLIC        P6
  D:00F8H         PUBLIC        P7
  D:00A8H         PUBLIC        IE
  C:3C03H         PUBLIC        isSystemStop
  D:00B8H         PUBLIC        IP
  C:346BH         SYMBOL        _setStepMotorDis
  D:00D8H         PUBLIC        CCON
  D:0098H         PUBLIC        SCON
  D:0088H         PUBLIC        TCON
  X:032AH         SYMBOL        g_StepMotorWireLen
  C:3C6EH         PUBLIC        getCurrentCoordinate
  C:3B38H         PUBLIC        startSystem
  C:3BEBH         PUBLIC        isSyetemRunning
  X:0332H         SYMBOL        g_CurrentCoordinate
  D:00F0H         PUBLIC        B
  C:221FH         SYMBOL        _getWireLength
  X:033AH         SYMBOL        g_TargetCoordinate
  D:00E0H         PUBLIC        ACC
  C:17AEH         PUBLIC        _setTargetCoordinate
  C:3B6EH         PUBLIC        stopSystem
  X:0342H         SYMBOL        g_MotionSystemInfo
  C:3565H         PUBLIC        MotionSystem_Init
  D:00D0H         PUBLIC        PSW
  -------         PROC          ISSYETEMRUNNING
  C:3BEBH         LINE#         36
  C:3BEBH         LINE#         37
  C:3BEBH         LINE#         38
  C:3BF6H         LINE#         39
  -------         ENDPROC       ISSYETEMRUNNING
  -------         PROC          ISSYSTEMSTOP
  C:3C03H         LINE#         48
  C:3C03H         LINE#         49
  C:3C03H         LINE#         50
  C:3C0DH         LINE#         51
  -------         ENDPROC       ISSYSTEMSTOP
  -------         PROC          STARTSYSTEM
  C:3B38H         LINE#         60
  C:3B38H         LINE#         61
  C:3B38H         LINE#         62
  C:3B3DH         LINE#         63
  C:3B42H         LINE#         64
  C:3B48H         LINE#         65
  C:3B49H         LINE#         66
BL51 BANKED LINKER/LOCATER V6.00                                                      07/20/2017  23:49:01  PAGE 15


  -------         ENDPROC       STARTSYSTEM
  -------         PROC          STOPSYSTEM
  C:3B6EH         LINE#         75
  C:3B6EH         LINE#         76
  C:3B6EH         LINE#         77
  C:3B73H         LINE#         78
  C:3B78H         LINE#         79
  C:3B7DH         LINE#         80
  C:3B7EH         LINE#         81
  -------         ENDPROC       STOPSYSTEM
  -------         PROC          _SETTARGETCOORDINATE
  X:03ABH         SYMBOL        x
  X:03AFH         SYMBOL        y
  C:17AEH         LINE#         91
  C:17B4H         LINE#         92
  C:17B4H         LINE#         93
  C:17C8H         LINE#         94
  C:17DCH         LINE#         96
  C:181BH         LINE#         99
  C:181BH         LINE#         100
  C:1853H         LINE#         103
  C:1855H         LINE#         105
  C:1855H         LINE#         106
  C:1898H         LINE#         109
  C:1898H         LINE#         112
  C:190DH         LINE#         115
  C:190DH         LINE#         116
  C:190DH         LINE#         119
  C:190DH         LINE#         121
  C:190DH         LINE#         122
  C:1990H         LINE#         125
  C:1990H         LINE#         128
  C:1991H         LINE#         130
  -------         ENDPROC       _SETTARGETCOORDINATE
  -------         PROC          GETCURRENTCOORDINATE
  C:3C6EH         LINE#         139
  C:3C6EH         LINE#         140
  C:3C6EH         LINE#         142
  C:3C74H         LINE#         143
  -------         ENDPROC       GETCURRENTCOORDINATE
  -------         PROC          MOTIONSYSTEM_INIT
  C:3565H         LINE#         145
  C:3565H         LINE#         146
  C:3565H         LINE#         147
  C:3582H         LINE#         148
  -------         ENDPROC       MOTIONSYSTEM_INIT
  C:21F5H         SYMBOL        L?0023
  C:220CH         SYMBOL        L?0024
  -------         PROC          L?0022
  -------         ENDPROC       L?0022
  C:21F5H         SYMBOL        L?0023
  C:220CH         SYMBOL        L?0024
  -------         PROC          _GETWIRELENGTH
  D:0003H         SYMBOL        wire
  X:03B4H         SYMBOL        x
  X:03B8H         SYMBOL        y
  -------         DO            
BL51 BANKED LINKER/LOCATER V6.00                                                      07/20/2017  23:49:01  PAGE 16


  X:03BCH         SYMBOL        Length
  -------         ENDDO         
  C:221FH         LINE#         153
  C:2221H         LINE#         154
  C:2221H         LINE#         155
  C:222BH         LINE#         156
  C:2231H         LINE#         157
  C:2231H         LINE#         159
  C:2283H         LINE#         162
  C:2285H         LINE#         163
  C:2285H         LINE#         165
  C:2285H         LINE#         167
  C:2308H         LINE#         170
  C:2316H         LINE#         171
  C:2316H         LINE#         172
  -------         ENDPROC       _GETWIRELENGTH
  -------         PROC          _SETSTEPMOTORDIS
  D:0007H         SYMBOL        motor
  B:0020H.3       SYMBOL        diversion
  X:03B4H         SYMBOL        distance
  X:03B8H         SYMBOL        speed
  C:346BH         LINE#         174
  C:346BH         LINE#         175
  C:346BH         LINE#         176
  C:3472H         LINE#         178
  C:34A8H         LINE#         181
  C:34A9H         LINE#         183
  -------         ENDPROC       _SETSTEPMOTORDIS
  -------         ENDMOD        TASK

  -------         MODULE        ADC
  C:0000H         SYMBOL        _ICE_DUMMY_
  D:0080H         PUBLIC        P0
  D:0090H         PUBLIC        P1
  C:32B3H         PUBLIC        _ADC_Inilize
  D:00A0H         PUBLIC        P2
  D:00B0H         PUBLIC        P3
  D:00C0H         PUBLIC        P4
  D:00C8H         PUBLIC        P5
  D:00E8H         PUBLIC        P6
  D:00F8H         PUBLIC        P7
  B:00A8H.5       PUBLIC        EADC
  D:00A8H         PUBLIC        IE
  D:00BDH         PUBLIC        ADC_RES
  B:00B8H.5       PUBLIC        PADC
  D:00B8H         PUBLIC        IP
  C:3BF7H         PUBLIC        _ADC_PowerControl
  D:00D8H         PUBLIC        CCON
  D:00BCH         PUBLIC        ADC_CONTR
  D:0098H         PUBLIC        SCON
  D:0088H         PUBLIC        TCON
  D:00F0H         PUBLIC        B
  D:00E0H         PUBLIC        ACC
  D:009DH         PUBLIC        P1ASF
  D:00BEH         PUBLIC        ADC_RESL
  D:0097H         PUBLIC        PCON2
  C:31A5H         PUBLIC        _Get_ADC10bitResult
BL51 BANKED LINKER/LOCATER V6.00                                                      07/20/2017  23:49:01  PAGE 17


  C:000EH         PUBLIC        ADC_int
  D:00D0H         PUBLIC        PSW
  -------         PROC          _ADC_INILIZE
  D:0001H         SYMBOL        ADCx
  C:32B3H         LINE#         22
  C:32B3H         LINE#         23
  C:32B3H         LINE#         24
  C:32B8H         LINE#         25
  C:32C6H         LINE#         26
  C:32CFH         LINE#         27
  C:32CFH         LINE#         28
  C:32D2H         LINE#         29
  C:32D4H         LINE#         31
  C:32D4H         LINE#         32
  C:32D7H         LINE#         33
  C:32D7H         LINE#         34
  C:32E0H         LINE#         35
  C:32E0H         LINE#         36
  C:32E3H         LINE#         37
  C:32E5H         LINE#         39
  C:32E5H         LINE#         40
  C:32E8H         LINE#         41
  C:32E8H         LINE#         42
  C:32F1H         LINE#         43
  C:32F1H         LINE#         44
  C:32F3H         LINE#         45
  C:32F5H         LINE#         47
  C:32F5H         LINE#         48
  C:32F7H         LINE#         49
  C:32F7H         LINE#         50
  C:3300H         LINE#         51
  C:3300H         LINE#         52
  C:3302H         LINE#         53
  C:3303H         LINE#         55
  C:3303H         LINE#         56
  C:3305H         LINE#         57
  C:3305H         LINE#         58
  -------         ENDPROC       _ADC_INILIZE
  -------         PROC          _ADC_POWERCONTROL
  D:0007H         SYMBOL        pwr
  C:3BF7H         LINE#         66
  C:3BF7H         LINE#         67
  C:3BF7H         LINE#         68
  C:3BFBH         LINE#         69
  C:3BFBH         LINE#         70
  C:3BFEH         LINE#         71
  C:3BFFH         LINE#         73
  C:3BFFH         LINE#         74
  C:3C02H         LINE#         75
  C:3C02H         LINE#         76
  -------         ENDPROC       _ADC_POWERCONTROL
  -------         PROC          _GET_ADC10BITRESULT
  D:0007H         SYMBOL        channel
  -------         DO            
  D:0004H         SYMBOL        adc
  D:0003H         SYMBOL        i
  -------         ENDDO         
BL51 BANKED LINKER/LOCATER V6.00                                                      07/20/2017  23:49:01  PAGE 18


  C:31A5H         LINE#         84
  C:31A5H         LINE#         85
  C:31A5H         LINE#         88
  C:31ABH         LINE#         89
  C:31ABH         LINE#         90
  C:31ADH         LINE#         91
  C:31ADH         LINE#         92
  C:31B0H         LINE#         93
  C:31B2H         LINE#         94
  C:31BBH         LINE#         95
  C:31BFH         LINE#         96
  C:31C1H         LINE#         97
  C:31C1H         LINE#         98
  C:31C6H         LINE#         99
  C:31C6H         LINE#         100
  C:31C9H         LINE#         101
  C:31CEH         LINE#         102
  C:31CEH         LINE#         103
  C:31D2H         LINE#         104
  C:31D5H         LINE#         105
  C:31D7H         LINE#         107
  C:31D7H         LINE#         108
  C:31DDH         LINE#         109
  C:31F4H         LINE#         110
  C:31F4H         LINE#         111
  C:31F9H         LINE#         112
  C:31F9H         LINE#         113
  C:31FEH         LINE#         114
  C:3202H         LINE#         115
  -------         ENDPROC       _GET_ADC10BITRESULT
  -------         PROC          ADC_INT
  C:000EH         LINE#         123
  C:000EH         LINE#         125
  C:0011H         LINE#         126
  -------         ENDPROC       ADC_INT
  -------         ENDMOD        ADC

  -------         MODULE        DELAY
  C:0000H         SYMBOL        _ICE_DUMMY_
  D:0080H         PUBLIC        P0
  D:0090H         PUBLIC        P1
  D:00A0H         PUBLIC        P2
  D:00B0H         PUBLIC        P3
  D:00C0H         PUBLIC        P4
  D:00C8H         PUBLIC        P5
  D:00E8H         PUBLIC        P6
  D:00F8H         PUBLIC        P7
  D:00A8H         PUBLIC        IE
  D:00B8H         PUBLIC        IP
  D:00D8H         PUBLIC        CCON
  D:0098H         PUBLIC        SCON
  D:0088H         PUBLIC        TCON
  D:00F0H         PUBLIC        B
  D:00E0H         PUBLIC        ACC
  C:3BB2H         PUBLIC        _delay_ms
  D:00D0H         PUBLIC        PSW
  -------         PROC          _DELAY_MS
BL51 BANKED LINKER/LOCATER V6.00                                                      07/20/2017  23:49:01  PAGE 19


  D:0007H         SYMBOL        ms
  -------         DO            
  D:0004H         SYMBOL        i
  -------         ENDDO         
  C:3BB2H         LINE#         26
  C:3BB2H         LINE#         27
  C:3BB2H         LINE#         30
  C:3BB2H         LINE#         31
  C:3BB6H         LINE#         32
  C:3BBFH         LINE#         33
  C:3BBFH         LINE#         35
  C:3BBFH         LINE#         36
  C:3BBFH         LINE#         37
  C:3BC1H         LINE#         38
  -------         ENDPROC       _DELAY_MS
  -------         ENDMOD        DELAY

  -------         MODULE        GPIO
  C:0000H         SYMBOL        _ICE_DUMMY_
  D:0093H         PUBLIC        P0M1
  D:0092H         PUBLIC        P1M0
  D:0096H         PUBLIC        P2M0
  D:0091H         PUBLIC        P1M1
  D:0080H         PUBLIC        P0
  D:00B2H         PUBLIC        P3M0
  D:0095H         PUBLIC        P2M1
  D:0090H         PUBLIC        P1
  D:00B4H         PUBLIC        P4M0
  D:00B1H         PUBLIC        P3M1
  D:00A0H         PUBLIC        P2
  D:00CAH         PUBLIC        P5M0
  D:00B3H         PUBLIC        P4M1
  D:00B0H         PUBLIC        P3
  D:00C9H         PUBLIC        P5M1
  D:00C0H         PUBLIC        P4
  D:00C8H         PUBLIC        P5
  D:00E8H         PUBLIC        P6
  D:00F8H         PUBLIC        P7
  D:00A8H         PUBLIC        IE
  D:00B8H         PUBLIC        IP
  D:00D8H         PUBLIC        CCON
  D:0098H         PUBLIC        SCON
  D:0088H         PUBLIC        TCON
  D:00F0H         PUBLIC        B
  D:00E0H         PUBLIC        ACC
  C:1992H         PUBLIC        _GPIO_Inilize
  D:00D0H         PUBLIC        PSW
  C:0016H         PUBLIC        _setPinState
  D:0094H         PUBLIC        P0M0
  -------         PROC          _SETPINSTATE
  D:0007H         SYMBOL        Pin
  B:0020H.5       SYMBOL        State
  C:0016H         LINE#         18
  C:0016H         LINE#         19
  C:0016H         LINE#         20
  C:0018H         LINE#         23
  -------         ENDPROC       _SETPINSTATE
BL51 BANKED LINKER/LOCATER V6.00                                                      07/20/2017  23:49:01  PAGE 20


  -------         PROC          _GPIO_INILIZE
  D:0007H         SYMBOL        GPIO
  D:0001H         SYMBOL        GPIOx
  C:1992H         LINE#         31
  C:1992H         LINE#         32
  C:1992H         LINE#         33
  C:1998H         LINE#         34
  C:1998H         LINE#         35
  C:199BH         LINE#         36
  C:199BH         LINE#         37
  C:19A4H         LINE#         38
  C:19A4H         LINE#         39
  C:19A7H         LINE#         40
  C:19A7H         LINE#         41
  C:19AAH         LINE#         42
  C:19AAH         LINE#         43
  C:19ADH         LINE#         44
  C:19ADH         LINE#         45
  C:19B8H         LINE#         46
  C:19B8H         LINE#         47
  C:19BEH         LINE#         48
  C:19BEH         LINE#         49
  C:19C9H         LINE#         50
  C:19C9H         LINE#         51
  C:19D0H         LINE#         52
  C:19D0H         LINE#         53
  C:19DAH         LINE#         54
  C:19DAH         LINE#         55
  C:19DEH         LINE#         56
  C:19DEH         LINE#         57
  C:19EBH         LINE#         58
  C:19EBH         LINE#         59
  C:19EBH         LINE#         60
  C:19F0H         LINE#         61
  C:19F0H         LINE#         62
  C:19F6H         LINE#         63
  C:19F6H         LINE#         64
  C:1A01H         LINE#         65
  C:1A01H         LINE#         66
  C:1A05H         LINE#         67
  C:1A05H         LINE#         68
  C:1A10H         LINE#         69
  C:1A10H         LINE#         70
  C:1A16H         LINE#         71
  C:1A16H         LINE#         72
  C:1A20H         LINE#         73
  C:1A20H         LINE#         74
  C:1A26H         LINE#         75
  C:1A26H         LINE#         76
  C:1A33H         LINE#         77
  C:1A33H         LINE#         78
  C:1A33H         LINE#         79
  C:1A38H         LINE#         80
  C:1A38H         LINE#         81
  C:1A3EH         LINE#         82
  C:1A3EH         LINE#         83
  C:1A49H         LINE#         84
BL51 BANKED LINKER/LOCATER V6.00                                                      07/20/2017  23:49:01  PAGE 21


  C:1A49H         LINE#         85
  C:1A4DH         LINE#         86
  C:1A4DH         LINE#         87
  C:1A58H         LINE#         88
  C:1A58H         LINE#         89
  C:1A5EH         LINE#         90
  C:1A5EH         LINE#         91
  C:1A68H         LINE#         92
  C:1A68H         LINE#         93
  C:1A6EH         LINE#         94
  C:1A6EH         LINE#         95
  C:1A7BH         LINE#         96
  C:1A7BH         LINE#         97
  C:1A7BH         LINE#         98
  C:1A80H         LINE#         99
  C:1A80H         LINE#         100
  C:1A86H         LINE#         101
  C:1A86H         LINE#         102
  C:1A91H         LINE#         103
  C:1A91H         LINE#         104
  C:1A95H         LINE#         105
  C:1A95H         LINE#         106
  C:1AA0H         LINE#         107
  C:1AA0H         LINE#         108
  C:1AA6H         LINE#         109
  C:1AA6H         LINE#         110
  C:1AB0H         LINE#         111
  C:1AB0H         LINE#         112
  C:1AB6H         LINE#         113
  C:1AB6H         LINE#         114
  C:1AC3H         LINE#         115
  C:1AC3H         LINE#         116
  C:1AC3H         LINE#         117
  C:1AC8H         LINE#         118
  C:1AC8H         LINE#         119
  C:1ACEH         LINE#         120
  C:1ACEH         LINE#         121
  C:1AD9H         LINE#         122
  C:1AD9H         LINE#         123
  C:1ADDH         LINE#         124
  C:1ADDH         LINE#         125
  C:1AE8H         LINE#         126
  C:1AE8H         LINE#         127
  C:1AEEH         LINE#         128
  C:1AEEH         LINE#         129
  C:1AF8H         LINE#         130
  C:1AF8H         LINE#         131
  C:1AFEH         LINE#         132
  C:1AFEH         LINE#         133
  C:1B0BH         LINE#         134
  C:1B0BH         LINE#         135
  C:1B0BH         LINE#         136
  C:1B10H         LINE#         137
  C:1B10H         LINE#         138
  C:1B16H         LINE#         139
  C:1B16H         LINE#         140
  C:1B21H         LINE#         141
BL51 BANKED LINKER/LOCATER V6.00                                                      07/20/2017  23:49:01  PAGE 22


  C:1B21H         LINE#         142
  C:1B25H         LINE#         143
  C:1B25H         LINE#         144
  C:1B30H         LINE#         145
  C:1B30H         LINE#         146
  C:1B36H         LINE#         147
  C:1B36H         LINE#         148
  C:1B40H         LINE#         149
  C:1B40H         LINE#         150
  C:1B46H         LINE#         151
  C:1B46H         LINE#         152
  C:1B53H         LINE#         153
  C:1B53H         LINE#         154
  C:1B53H         LINE#         155
  C:1B55H         LINE#         156
  -------         ENDPROC       _GPIO_INILIZE
  -------         ENDMOD        GPIO

  -------         MODULE        PCA
  C:0000H         SYMBOL        _ICE_DUMMY_
  B:00D8H.2       PUBLIC        CCF2
  D:0080H         PUBLIC        P0
  D:0090H         PUBLIC        P1
  D:00A0H         PUBLIC        P2
  D:00B0H         PUBLIC        P3
  D:00C0H         PUBLIC        P4
  D:00C8H         PUBLIC        P5
  D:00E8H         PUBLIC        P6
  D:00F8H         PUBLIC        P7
  D:00F9H         PUBLIC        CH
  X:0400H         PUBLIC        PCA0_mode
  X:0401H         PUBLIC        PCA1_mode
  D:00A8H         PUBLIC        IE
  X:0402H         PUBLIC        PCA2_mode
  D:00E9H         PUBLIC        CL
  D:00FAH         PUBLIC        CCAP0H
  D:00FBH         PUBLIC        CCAP1H
  D:00FCH         PUBLIC        CCAP2H
  B:00D8H.6       PUBLIC        CR
  D:00EAH         PUBLIC        CCAP0L
  D:00EBH         PUBLIC        CCAP1L
  D:00DAH         PUBLIC        CCAPM0
  D:00ECH         PUBLIC        CCAP2L
  D:00DBH         PUBLIC        CCAPM1
  D:00DCH         PUBLIC        CCAPM2
  D:00B8H         PUBLIC        IP
  D:00D9H         PUBLIC        CMOD
  D:00D8H         PUBLIC        CCON
  B:00B8H.7       PUBLIC        PPCA
  C:262CH         PUBLIC        _PWMn_Update
  B:0020H.0       PUBLIC        B_Capture0
  B:0020H.1       PUBLIC        B_Capture1
  B:0020H.2       PUBLIC        B_Capture2
  D:0098H         PUBLIC        SCON
  D:0088H         PUBLIC        TCON
  B:00A0H.5       PUBLIC        P25
  B:00A0H.6       PUBLIC        P26
BL51 BANKED LINKER/LOCATER V6.00                                                      07/20/2017  23:49:01  PAGE 23


  B:00A0H.7       PUBLIC        P27
  D:00F0H         PUBLIC        B
  D:00E0H         PUBLIC        ACC
  C:1E5BH         PUBLIC        _pwmOutPut
  C:1B56H         PUBLIC        _PCA_Init
  X:0403H         PUBLIC        PWM0_low
  X:0405H         PUBLIC        PWM1_low
  D:00F2H         PUBLIC        PCA_PWM0
  X:0407H         PUBLIC        PWM2_low
  D:00F3H         PUBLIC        PCA_PWM1
  D:00F4H         PUBLIC        PCA_PWM2
  X:0409H         PUBLIC        PCA_Timer0
  X:040BH         PUBLIC        PCA_Timer1
  X:040DH         PUBLIC        PCA_Timer2
  D:00A2H         PUBLIC        AUXR1
  C:297EH         PUBLIC        PCA_Handler
  D:00D0H         PUBLIC        PSW
  X:040FH         PUBLIC        CCAP0_tmp
  X:0411H         PUBLIC        CCAP1_tmp
  B:00D8H.0       PUBLIC        CCF0
  X:0413H         PUBLIC        CCAP2_tmp
  B:00D8H.1       PUBLIC        CCF1
  -------         PROC          _PWMN_UPDATE
  D:0007H         SYMBOL        PCA_id
  D:0004H         SYMBOL        high
  C:262CH         LINE#         34
  C:262CH         LINE#         35
  C:262CH         LINE#         36
  C:262FH         LINE#         37
  C:262FH         LINE#         38
  C:2638H         LINE#         39
  C:2638H         LINE#         40
  C:263CH         LINE#         41
  C:263CH         LINE#         42
  C:2645H         LINE#         43
  C:2645H         LINE#         44
  C:2649H         LINE#         45
  C:2649H         LINE#         46
  C:264BH         LINE#         47
  C:2653H         LINE#         48
  C:2661H         LINE#         49
  C:2661H         LINE#         50
  C:2663H         LINE#         51
  C:2668H         LINE#         52
  C:2668H         LINE#         53
  C:2671H         LINE#         54
  C:2671H         LINE#         55
  C:2675H         LINE#         56
  C:2675H         LINE#         57
  C:267EH         LINE#         58
  C:267EH         LINE#         59
  C:2682H         LINE#         60
  C:2682H         LINE#         61
  C:2684H         LINE#         62
  C:268CH         LINE#         63
  C:269AH         LINE#         64
  C:269AH         LINE#         65
BL51 BANKED LINKER/LOCATER V6.00                                                      07/20/2017  23:49:01  PAGE 24


  C:269CH         LINE#         66
  C:26A1H         LINE#         67
  C:26A1H         LINE#         68
  C:26AAH         LINE#         69
  C:26AAH         LINE#         70
  C:26AEH         LINE#         71
  C:26AEH         LINE#         72
  C:26B7H         LINE#         73
  C:26B7H         LINE#         74
  C:26BBH         LINE#         75
  C:26BBH         LINE#         76
  C:26BDH         LINE#         77
  C:26C5H         LINE#         78
  C:26D7H         LINE#         79
  C:26D9H         LINE#         80
  C:26D9H         LINE#         81
  -------         ENDPROC       _PWMN_UPDATE
  -------         PROC          _PCA_INIT
  D:0005H         SYMBOL        PCA_id
  X:0458H         SYMBOL        PCAx
  C:1B56H         LINE#         106
  C:1B63H         LINE#         107
  C:1B63H         LINE#         108
  C:1B6CH         LINE#         109
  C:1B6CH         LINE#         111
  C:1B6CH         LINE#         112
  C:1B71H         LINE#         113
  C:1B71H         LINE#         114
  C:1B73H         LINE#         115
  C:1B75H         LINE#         116
  C:1B77H         LINE#         117
  C:1B8DH         LINE#         118
  C:1B9BH         LINE#         119
  C:1BABH         LINE#         120
  C:1BB4H         LINE#         121
  C:1BB4H         LINE#         122
  C:1BB6H         LINE#         123
  C:1BB8H         LINE#         125
  C:1BB8H         LINE#         126
  C:1BBAH         LINE#         127
  C:1BBAH         LINE#         128
  C:1BBDH         LINE#         130
  C:1BBDH         LINE#         131
  C:1BD5H         LINE#         132
  C:1BEBH         LINE#         133
  C:1BEBH         LINE#         134
  C:1BFAH         LINE#         135
  C:1BFAH         LINE#         136
  C:1BFDH         LINE#         137
  C:1BFDH         LINE#         138
  C:1C19H         LINE#         139
  C:1C27H         LINE#         140
  C:1C38H         LINE#         141
  C:1C3AH         LINE#         142
  C:1C3FH         LINE#         143
  C:1C47H         LINE#         144
  C:1C49H         LINE#         145
BL51 BANKED LINKER/LOCATER V6.00                                                      07/20/2017  23:49:01  PAGE 25


  C:1C4CH         LINE#         146
  C:1C4CH         LINE#         147
  C:1C51H         LINE#         148
  C:1C51H         LINE#         149
  C:1C6DH         LINE#         150
  C:1C7BH         LINE#         151
  C:1C8CH         LINE#         152
  C:1C8EH         LINE#         153
  C:1C93H         LINE#         154
  C:1C9BH         LINE#         155
  C:1C9DH         LINE#         156
  C:1CA0H         LINE#         157
  C:1CA0H         LINE#         158
  C:1CA5H         LINE#         159
  C:1CA5H         LINE#         160
  C:1CC1H         LINE#         161
  C:1CCFH         LINE#         162
  C:1CE0H         LINE#         163
  C:1CE2H         LINE#         164
  C:1CE7H         LINE#         165
  C:1CEFH         LINE#         166
  C:1CF1H         LINE#         167
  C:1CF4H         LINE#         168
  C:1CF4H         LINE#         169
  -------         ENDPROC       _PCA_INIT
  -------         PROC          _PWMOUTPUT
  X:045BH         SYMBOL        PCA_id
  X:045CH         SYMBOL        T
  D:0002H         SYMBOL        duty
  C:1E5BH         LINE#         170
  C:1E68H         LINE#         171
  C:1E68H         LINE#         172
  C:1E6AH         LINE#         173
  C:1E6AH         LINE#         174
  C:1E73H         LINE#         175
  C:1E73H         LINE#         176
  C:1E77H         LINE#         177
  C:1E77H         LINE#         178
  C:1E80H         LINE#         179
  C:1E80H         LINE#         180
  C:1E84H         LINE#         181
  C:1E84H         LINE#         182
  C:1E86H         LINE#         183
  C:1EA4H         LINE#         184
  C:1EC5H         LINE#         185
  C:1EC5H         LINE#         186
  C:1EC8H         LINE#         187
  C:1ED0H         LINE#         188
  C:1ED0H         LINE#         189
  C:1ED9H         LINE#         190
  C:1ED9H         LINE#         191
  C:1EDDH         LINE#         192
  C:1EDDH         LINE#         193
  C:1EE6H         LINE#         194
  C:1EE6H         LINE#         195
  C:1EEAH         LINE#         196
  C:1EEAH         LINE#         197
BL51 BANKED LINKER/LOCATER V6.00                                                      07/20/2017  23:49:01  PAGE 26


  C:1EECH         LINE#         198
  C:1F0AH         LINE#         199
  C:1F2BH         LINE#         200
  C:1F2BH         LINE#         201
  C:1F2DH         LINE#         202
  C:1F35H         LINE#         203
  C:1F35H         LINE#         204
  C:1F3EH         LINE#         205
  C:1F3EH         LINE#         206
  C:1F42H         LINE#         207
  C:1F42H         LINE#         208
  C:1F4BH         LINE#         209
  C:1F4BH         LINE#         210
  C:1F4FH         LINE#         211
  C:1F4FH         LINE#         212
  C:1F51H         LINE#         213
  C:1F6FH         LINE#         214
  C:1F95H         LINE#         215
  C:1F97H         LINE#         216
  C:1F97H         LINE#         217
  -------         ENDPROC       _PWMOUTPUT
  -------         PROC          PCA_HANDLER
  C:297EH         LINE#         225
  C:298DH         LINE#         227
  C:2990H         LINE#         228
  C:2990H         LINE#         229
  C:2992H         LINE#         230
  C:2995H         LINE#         231
  C:2995H         LINE#         232
  C:2998H         LINE#         233
  C:299AH         LINE#         235
  C:299AH         LINE#         236
  C:29AEH         LINE#         237
  C:29AEH         LINE#         238
  C:29B7H         LINE#         239
  C:29BAH         LINE#         240
  C:29BAH         LINE#         241
  C:29BDH         LINE#         242
  C:29BDH         LINE#         243
  C:29BFH         LINE#         244
  C:29C2H         LINE#         245
  C:29C2H         LINE#         246
  C:29C5H         LINE#         247
  C:29C7H         LINE#         249
  C:29C7H         LINE#         250
  C:29DBH         LINE#         251
  C:29DBH         LINE#         252
  C:29E4H         LINE#         253
  C:29E7H         LINE#         254
  C:29E7H         LINE#         255
  C:29EAH         LINE#         256
  C:29EAH         LINE#         257
  C:29ECH         LINE#         258
  C:29EFH         LINE#         259
  C:29EFH         LINE#         260
  C:29F2H         LINE#         261
  C:29F4H         LINE#         263
BL51 BANKED LINKER/LOCATER V6.00                                                      07/20/2017  23:49:01  PAGE 27


  C:29F4H         LINE#         264
  C:2A08H         LINE#         265
  C:2A08H         LINE#         266
  C:2A11H         LINE#         267
  C:2A14H         LINE#         268
  C:2A14H         LINE#         274
  -------         ENDPROC       PCA_HANDLER
  -------         ENDMOD        PCA

  -------         MODULE        STC15_EEPROM
  C:0000H         SYMBOL        _ICE_DUMMY_
  D:0080H         PUBLIC        P0
  D:0090H         PUBLIC        P1
  D:00A0H         PUBLIC        P2
  D:00B0H         PUBLIC        P3
  C:3BC2H         PUBLIC        DisableEEPROM
  D:00C0H         PUBLIC        P4
  D:00C8H         PUBLIC        P5
  D:00C6H         PUBLIC        ISP_TRIG
  B:00A8H.7       PUBLIC        EA
  D:00E8H         PUBLIC        P6
  D:00F8H         PUBLIC        P7
  D:00A8H         PUBLIC        IE
  C:3892H         PUBLIC        _EEPROM_SectorErase
  C:34AAH         PUBLIC        _EEPROM_read_n
  D:00B8H         PUBLIC        IP
  D:00C5H         PUBLIC        ISP_CMD
  D:00D8H         PUBLIC        CCON
  C:34E9H         PUBLIC        _EEPROM_write_n
  D:00C3H         PUBLIC        ISP_ADDRH
  D:0098H         PUBLIC        SCON
  D:0088H         PUBLIC        TCON
  D:00C4H         PUBLIC        ISP_ADDRL
  D:00F0H         PUBLIC        B
  D:00E0H         PUBLIC        ACC
  D:00C7H         PUBLIC        ISP_CONTR
  D:00C2H         PUBLIC        ISP_DATA
  D:00D0H         PUBLIC        PSW
  -------         PROC          DISABLEEEPROM
  C:3BC2H         LINE#         30
  C:3BC2H         LINE#         31
  C:3BC2H         LINE#         32
  C:3BC5H         LINE#         33
  C:3BC7H         LINE#         34
  C:3BC9H         LINE#         35
  C:3BCCH         LINE#         36
  C:3BCFH         LINE#         37
  -------         ENDPROC       DISABLEEEPROM
  -------         PROC          _EEPROM_READ_N
  D:0004H         SYMBOL        EE_address
  D:0001H         SYMBOL        DataAddress
  X:0434H         SYMBOL        number
  C:34AAH         LINE#         49
  C:34AEH         LINE#         50
  C:34AEH         LINE#         51
  C:34B0H         LINE#         52
  C:34B3H         LINE#         53
BL51 BANKED LINKER/LOCATER V6.00                                                      07/20/2017  23:49:01  PAGE 28


  C:34B6H         LINE#         55
  C:34B6H         LINE#         56
  C:34B9H         LINE#         57
  C:34BDH         LINE#         58
  C:34C3H         LINE#         61
  C:34C4H         LINE#         62
  C:34C9H         LINE#         63
  C:34CEH         LINE#         64
  C:34D5H         LINE#         65
  C:34E3H         LINE#         67
  C:34E6H         LINE#         68
  C:34E8H         LINE#         69
  -------         ENDPROC       _EEPROM_READ_N
  -------         PROC          _EEPROM_SECTORERASE
  D:0004H         SYMBOL        EE_address
  C:3892H         LINE#         80
  C:3896H         LINE#         81
  C:3896H         LINE#         82
  C:3898H         LINE#         85
  C:389BH         LINE#         86
  C:389FH         LINE#         87
  C:38A2H         LINE#         88
  C:38A5H         LINE#         89
  C:38ABH         LINE#         90
  C:38ACH         LINE#         91
  C:38AFH         LINE#         92
  C:38B1H         LINE#         93
  -------         ENDPROC       _EEPROM_SECTORERASE
  -------         PROC          _EEPROM_WRITE_N
  D:0004H         SYMBOL        EE_address
  D:0001H         SYMBOL        DataAddress
  X:043BH         SYMBOL        number
  C:34E9H         LINE#         104
  C:34EDH         LINE#         105
  C:34EDH         LINE#         106
  C:34EFH         LINE#         108
  C:34F2H         LINE#         109
  C:34F5H         LINE#         111
  C:34F5H         LINE#         112
  C:34F8H         LINE#         113
  C:34FCH         LINE#         114
  C:3501H         LINE#         115
  C:3507H         LINE#         116
  C:3508H         LINE#         117
  C:350DH         LINE#         118
  C:3514H         LINE#         119
  C:3522H         LINE#         121
  C:3525H         LINE#         122
  C:3527H         LINE#         123
  -------         ENDPROC       _EEPROM_WRITE_N
  -------         ENDMOD        STC15_EEPROM

  -------         MODULE        STC15_EXTI
  C:0000H         SYMBOL        _ICE_DUMMY_
  D:0080H         PUBLIC        P0
  D:0090H         PUBLIC        P1
  D:00A0H         PUBLIC        P2
BL51 BANKED LINKER/LOCATER V6.00                                                      07/20/2017  23:49:01  PAGE 29


  D:00B0H         PUBLIC        P3
  D:00C0H         PUBLIC        P4
  D:00C8H         PUBLIC        P5
  D:00E8H         PUBLIC        P6
  D:00F8H         PUBLIC        P7
  D:00A8H         PUBLIC        IE
  D:00B8H         PUBLIC        IP
  D:00D8H         PUBLIC        CCON
  C:0020H         PUBLIC        Ext_INT0
  C:0021H         PUBLIC        Ext_INT1
  C:0022H         PUBLIC        Ext_INT2
  C:0026H         PUBLIC        Ext_INT3
  C:0027H         PUBLIC        Ext_INT4
  D:0098H         PUBLIC        SCON
  D:0088H         PUBLIC        TCON
  D:00F0H         PUBLIC        B
  D:00E0H         PUBLIC        ACC
  B:00A8H.0       PUBLIC        EX0
  B:0088H.0       PUBLIC        IT0
  B:00A8H.2       PUBLIC        EX1
  B:0088H.2       PUBLIC        IT1
  B:00B8H.0       PUBLIC        PX0
  B:00B8H.2       PUBLIC        PX1
  C:24C5H         PUBLIC        _Ext_Inilize
  D:008FH         PUBLIC        INT_CLKO
  D:00D0H         PUBLIC        PSW
  -------         PROC          EXT_INT0
  C:0020H         LINE#         23
  C:0020H         LINE#         26
  -------         ENDPROC       EXT_INT0
  -------         PROC          EXT_INT1
  C:0021H         LINE#         29
  C:0021H         LINE#         32
  -------         ENDPROC       EXT_INT1
  -------         PROC          EXT_INT2
  C:0022H         LINE#         35
  C:0022H         LINE#         38
  -------         ENDPROC       EXT_INT2
  -------         PROC          EXT_INT3
  C:0026H         LINE#         41
  C:0026H         LINE#         44
  -------         ENDPROC       EXT_INT3
  -------         PROC          EXT_INT4
  C:0027H         LINE#         47
  C:0027H         LINE#         50
  -------         ENDPROC       EXT_INT4
  -------         PROC          _EXT_INILIZE
  D:0007H         SYMBOL        EXT
  D:0001H         SYMBOL        INTx
  C:24C5H         LINE#         60
  C:24C5H         LINE#         61
  C:24C5H         LINE#         62
  C:24CEH         LINE#         64
  C:24D1H         LINE#         65
  C:24D1H         LINE#         66
  C:24DEH         LINE#         67
  C:24E0H         LINE#         68
BL51 BANKED LINKER/LOCATER V6.00                                                      07/20/2017  23:49:01  PAGE 30


  C:24EDH         LINE#         69
  C:24EFH         LINE#         70
  C:24F9H         LINE#         71
  C:24FBH         LINE#         72
  C:24FEH         LINE#         73
  C:24FEH         LINE#         75
  C:2503H         LINE#         76
  C:2503H         LINE#         77
  C:2510H         LINE#         78
  C:2512H         LINE#         79
  C:251FH         LINE#         80
  C:2521H         LINE#         81
  C:252BH         LINE#         82
  C:252DH         LINE#         83
  C:2530H         LINE#         84
  C:2530H         LINE#         86
  C:2534H         LINE#         87
  C:2534H         LINE#         88
  C:2542H         LINE#         89
  C:2545H         LINE#         90
  C:2548H         LINE#         91
  C:2548H         LINE#         93
  C:254CH         LINE#         94
  C:254CH         LINE#         95
  C:255AH         LINE#         96
  C:255DH         LINE#         97
  C:2560H         LINE#         98
  C:2560H         LINE#         100
  C:2564H         LINE#         101
  C:2564H         LINE#         102
  C:2572H         LINE#         103
  C:2575H         LINE#         104
  C:2578H         LINE#         105
  C:2578H         LINE#         106
  C:257AH         LINE#         107
  -------         ENDPROC       _EXT_INILIZE
  -------         ENDMOD        STC15_EXTI

  -------         MODULE        STC15_IIC
  C:0000H         SYMBOL        _ICE_DUMMY_
  D:0080H         PUBLIC        P0
  D:0090H         PUBLIC        P1
  D:00A0H         PUBLIC        P2
  D:00B0H         PUBLIC        P3
  D:00C0H         PUBLIC        P4
  D:00C8H         PUBLIC        P5
  D:00E8H         PUBLIC        P6
  D:00F8H         PUBLIC        P7
  D:00A8H         PUBLIC        IE
  D:00B8H         PUBLIC        IP
  D:00D8H         PUBLIC        CCON
  C:3306H         PUBLIC        _IIC_RdDatFromAdd
  D:0098H         PUBLIC        SCON
  C:3C2EH         PUBLIC        IIC_Nack
  D:0088H         PUBLIC        TCON
  D:00F0H         PUBLIC        B
  C:00A6H         PUBLIC        IIC_Ack
BL51 BANKED LINKER/LOCATER V6.00                                                      07/20/2017  23:49:01  PAGE 31


  C:3C24H         PUBLIC        IIC_Start
  D:00E0H         PUBLIC        ACC
  C:37DEH         PUBLIC        _InputOneByte
  C:392FH         PUBLIC        OutputOneByte
  C:0035H         PUBLIC        Delay5US
  B:00A0H.2       PUBLIC        SDA
  C:3C75H         PUBLIC        IIC_Stop
  B:00A0H.0       PUBLIC        SCL
  C:3A42H         PUBLIC        _IIC_WrDevAddAndDatAdd
  C:35D8H         PUBLIC        _IIC_WrDatToAdd
  D:00D0H         PUBLIC        PSW
  C:376DH         PUBLIC        IIC_RdAck
  C:0030H         SYMBOL        L?0031
  -------         PROC          L?0030
  -------         ENDPROC       L?0030
  C:0030H         SYMBOL        L?0031
  -------         PROC          DELAY5US
  -------         DO            
  D:0007H         SYMBOL        i
  -------         ENDDO         
  C:0035H         LINE#         21
  C:0035H         LINE#         22
  C:0035H         LINE#         24
  C:0036H         LINE#         25
  C:0038H         LINE#         26
  C:003AH         LINE#         27
  C:003AH         LINE#         29
  C:003AH         LINE#         30
  -------         ENDPROC       DELAY5US
  -------         PROC          IIC_START
  C:3C24H         LINE#         37
  C:3C24H         LINE#         38
  C:3C24H         LINE#         39
  C:3C26H         LINE#         40
  C:3C26H         LINE#         41
  C:3C26H         LINE#         42
  C:3C29H         LINE#         43
  C:3C2BH         LINE#         44
  -------         ENDPROC       IIC_START
  -------         PROC          IIC_STOP
  C:3C75H         LINE#         52
  C:3C75H         LINE#         53
  C:3C75H         LINE#         54
  C:3C75H         LINE#         55
  C:3C75H         LINE#         56
  C:3C75H         LINE#         57
  C:3C78H         LINE#         58
  C:3C7AH         LINE#         59
  -------         ENDPROC       IIC_STOP
  -------         PROC          IIC_ACK
  C:00A6H         LINE#         66
  C:00A6H         LINE#         67
  C:00A6H         LINE#         68
  C:00A8H         LINE#         69
  C:00A8H         LINE#         70
  C:00A8H         LINE#         71
  C:00A8H         LINE#         72
BL51 BANKED LINKER/LOCATER V6.00                                                      07/20/2017  23:49:01  PAGE 32


  C:00ABH         LINE#         73
  C:00ADH         LINE#         74
  C:00B0H         LINE#         75
  C:00B2H         LINE#         76
  -------         ENDPROC       IIC_ACK
  -------         PROC          L?0032
  -------         ENDPROC       L?0032
  -------         PROC          IIC_RDACK
  -------         DO            
  B:0020H.6       SYMBOL        AckFlag
  D:0006H         SYMBOL        uiVal
  -------         ENDDO         
  C:376DH         LINE#         83
  C:376DH         LINE#         84
  C:376DH         LINE#         86
  C:376FH         LINE#         87
  C:3771H         LINE#         88
  C:3774H         LINE#         89
  C:3776H         LINE#         90
  C:3778H         LINE#         91
  C:377BH         LINE#         92
  C:3784H         LINE#         93
  C:3784H         LINE#         94
  C:3785H         LINE#         95
  C:3789H         LINE#         96
  C:378BH         LINE#         97
  C:378DH         LINE#         98
  C:378FH         LINE#         99
  -------         ENDPROC       IIC_RDACK
  -------         PROC          IIC_NACK
  C:3C2EH         LINE#         106
  C:3C2EH         LINE#         107
  C:3C2EH         LINE#         108
  C:3C30H         LINE#         109
  C:3C32H         LINE#         110
  C:3C32H         LINE#         111
  C:3C32H         LINE#         112
  C:3C35H         LINE#         113
  C:3C37H         LINE#         114
  -------         ENDPROC       IIC_NACK
  -------         PROC          OUTPUTONEBYTE
  -------         DO            
  D:0006H         SYMBOL        uByteVal
  D:0005H         SYMBOL        iCount
  -------         ENDDO         
  C:392FH         LINE#         121
  C:392FH         LINE#         122
  C:392FH         LINE#         123
  C:3931H         LINE#         125
  C:3933H         LINE#         126
  C:3934H         LINE#         127
  C:3934H         LINE#         128
  C:3936H         LINE#         129
  C:3936H         LINE#         130
  C:3936H         LINE#         131
  C:3939H         LINE#         132
  C:393DH         LINE#         133
BL51 BANKED LINKER/LOCATER V6.00                                                      07/20/2017  23:49:01  PAGE 33


  C:3940H         LINE#         134
  C:3940H         LINE#         135
  C:3943H         LINE#         136
  C:3943H         LINE#         137
  C:3948H         LINE#         138
  C:394AH         LINE#         139
  C:394CH         LINE#         140
  -------         ENDPROC       OUTPUTONEBYTE
  -------         PROC          _INPUTONEBYTE
  D:0006H         SYMBOL        uByteVal
  -------         DO            
  D:0005H         SYMBOL        iCount
  -------         ENDDO         
  C:37DEH         LINE#         147
  C:37E0H         LINE#         148
  C:37E0H         LINE#         150
  C:37E2H         LINE#         151
  C:37E2H         LINE#         152
  C:37E4H         LINE#         153
  C:37E7H         LINE#         154
  C:37F5H         LINE#         155
  C:37F5H         LINE#         156
  C:37F5H         LINE#         157
  C:37F8H         LINE#         158
  C:37FCH         LINE#         159
  C:3801H         LINE#         160
  C:3803H         LINE#         161
  -------         ENDPROC       _INPUTONEBYTE
  -------         PROC          _IIC_WRDEVADDANDDATADD
  D:0006H         SYMBOL        uDevAdd
  D:0004H         SYMBOL        uDatAdd
  C:3A42H         LINE#         168
  C:3A46H         LINE#         169
  C:3A46H         LINE#         170
  C:3A49H         LINE#         171
  C:3A4EH         LINE#         172
  C:3A51H         LINE#         173
  C:3A56H         LINE#         174
  C:3A59H         LINE#         175
  C:3A5AH         LINE#         176
  -------         ENDPROC       _IIC_WRDEVADDANDDATADD
  -------         PROC          _IIC_WRDATTOADD
  D:0007H         SYMBOL        uDevID
[...]
  C:1414H         LINE#         302
  C:1417H         LINE#         303
  C:1419H         LINE#         305
  C:141BH         LINE#         306
  C:141DH         LINE#         307
  C:141FH         LINE#         308
  C:1421H         LINE#         309
  C:1423H         LINE#         310
  C:1425H         LINE#         311
  C:1427H         LINE#         312
  C:1429H         LINE#         316
  C:142AH         LINE#         317
  C:142CH         LINE#         318
  C:142DH         LINE#         319
  C:142EH         LINE#         320
  C:1431H         LINE#         321
  C:1433H         LINE#         322
  C:1434H         LINE#         323
  C:1436H         LINE#         324
  C:1439H         LINE#         325
  C:143BH         LINE#         329
  C:143DH         LINE#         330
  C:143FH         LINE#         331
  C:1440H         LINE#         332
  C:1441H         LINE#         333
  C:1442H         LINE#         334
  C:1444H         LINE#         335
  C:1446H         LINE#         336
  C:1447H         LINE#         337
  C:144AH         LINE#         338
  C:144CH         LINE#         339
  C:144DH         LINE#         340
  C:144FH         LINE#         341
  C:1450H         LINE#         342
  C:1452H         LINE#         344
  C:1453H         LINE#         345
  C:1455H         LINE#         360
  C:1458H         LINE#         366
  C:1459H         LINE#         367
  C:145CH         LINE#         370
  C:145EH         LINE#         371
  C:1460H         LINE#         372
  C:1462H         LINE#         373
  C:1464H         LINE#         374
  C:1466H         LINE#         375
  C:1468H         LINE#         376
  C:146AH         LINE#         377
  C:146CH         LINE#         378
  C:146EH         LINE#         379
  C:1470H         LINE#         380
  C:1472H         LINE#         381
  C:1474H         LINE#         382
  C:1476H         LINE#         387
  C:1478H         LINE#         388
  C:1479H         LINE#         389
BL51 BANKED LINKER/LOCATER V6.00                                                      07/20/2017  23:49:01  PAGE 73


  C:147BH         LINE#         390
  C:147CH         LINE#         391
  C:147EH         LINE#         392
  C:1480H         LINE#         393
  C:1481H         LINE#         394
  C:1482H         LINE#         395
  C:1484H         LINE#         424
  C:1486H         LINE#         426
  C:1488H         LINE#         427
  C:1489H         LINE#         429
  C:148AH         LINE#         430
  C:148CH         LINE#         431
  C:148DH         LINE#         434
  C:148EH         LINE#         435
  C:148FH         LINE#         436
  C:1490H         LINE#         444
  C:1493H         LINE#         445
  C:1495H         LINE#         446
  C:1497H         LINE#         449
  C:1498H         LINE#         450
  C:149BH         LINE#         458
  C:149CH         LINE#         462
  C:149EH         LINE#         463
  C:149FH         LINE#         464
  C:14A0H         LINE#         465
  C:14A2H         LINE#         468
  C:14A4H         LINE#         470
  C:14A6H         LINE#         471
  C:14A8H         LINE#         472
  C:14A9H         LINE#         473
  C:14AAH         LINE#         474
  C:14ABH         LINE#         476
  C:14ADH         LINE#         478
  C:14AEH         LINE#         479
  C:14AFH         LINE#         480
  C:14B1H         LINE#         481
  C:14B4H         LINE#         482
  C:14B6H         LINE#         484
  C:14B7H         LINE#         485
  C:14B8H         LINE#         490
  C:14B9H         LINE#         491
  C:14BAH         LINE#         492
  C:14BCH         LINE#         496
  C:14BDH         LINE#         497
  C:14BEH         LINE#         498
  C:14C0H         LINE#         499
  C:14C2H         LINE#         505
  C:14C4H         LINE#         506
  C:14C5H         LINE#         507
  C:14C6H         LINE#         508
  C:14C8H         LINE#         510
  C:14CAH         LINE#         511
  C:14CCH         LINE#         512
  C:14CDH         LINE#         513
  C:14CEH         LINE#         516
  C:14D0H         LINE#         517
  C:14D3H         LINE#         518
BL51 BANKED LINKER/LOCATER V6.00                                                      07/20/2017  23:49:01  PAGE 74


  C:14D5H         LINE#         520
  C:14D6H         LINE#         522
  C:14D7H         LINE#         523
  C:14D8H         LINE#         524
  C:14D9H         LINE#         525
  C:14DAH         LINE#         529
  C:14DCH         LINE#         530
  C:14DDH         LINE#         531
  C:14DFH         LINE#         535
  C:14E1H         LINE#         536
  C:14E2H         LINE#         537
  C:14E3H         LINE#         539
  C:14E5H         LINE#         543
  C:14E7H         LINE#         544
  C:14E9H         LINE#         545
  C:14EAH         LINE#         546
  C:14EBH         LINE#         548
  C:14EDH         LINE#         549
  C:14EFH         LINE#         555
  C:14F2H         LINE#         559
  C:14F4H         LINE#         560
  C:14F5H         LINE#         561
  C:14F7H         LINE#         562
  C:14F8H         LINE#         563
  C:14FAH         LINE#         564
  C:14FCH         LINE#         565
  C:14FDH         LINE#         567
  C:1500H         LINE#         571
  C:1503H         LINE#         572
  C:1506H         LINE#         576
  C:1508H         LINE#         577
  C:150BH         LINE#         578
  C:150EH         LINE#         580
  C:1510H         LINE#         581
  C:1512H         LINE#         583
  C:1514H         LINE#         584
  C:1515H         LINE#         585
  C:1517H         LINE#         587
  C:1519H         LINE#         588
  C:151BH         LINE#         594
  C:151DH         LINE#         595
  C:151EH         LINE#         608
  C:151FH         LINE#         609
  C:1521H         LINE#         614
  C:1523H         LINE#         615
  C:1525H         LINE#         616
  C:1527H         LINE#         617
  C:1529H         LINE#         618
  C:152BH         LINE#         619
  C:152DH         LINE#         620
  C:152FH         LINE#         621
  C:1531H         LINE#         622
  C:1533H         LINE#         623
  C:1535H         LINE#         624
  C:1537H         LINE#         625
  C:1539H         LINE#         626
  C:153BH         LINE#         627
BL51 BANKED LINKER/LOCATER V6.00                                                      07/20/2017  23:49:01  PAGE 75


  C:153DH         LINE#         628
  C:153EH         LINE#         642
  C:1540H         LINE#         643
  C:1542H         LINE#         644
  C:1544H         LINE#         645
  C:1546H         LINE#         646
  C:1547H         LINE#         647
  C:1548H         LINE#         648
  C:154AH         LINE#         649
  C:154CH         LINE#         650
  C:154EH         LINE#         651
  C:154FH         LINE#         652
  C:1551H         LINE#         653
  C:1552H         LINE#         654
  C:1553H         LINE#         655
  C:1554H         LINE#         656
  C:1555H         LINE#         657
  C:1557H         LINE#         658
  C:1559H         LINE#         659
  C:155BH         LINE#         660
  C:155EH         LINE#         661
  C:1560H         LINE#         662
  C:1561H         LINE#         663
  C:1563H         LINE#         664
  C:1564H         LINE#         665
  C:1565H         LINE#         666
  C:1567H         LINE#         668
  C:156AH         LINE#         670
  C:156DH         LINE#         671
  C:1570H         LINE#         672
  C:1573H         LINE#         673
  C:1575H         LINE#         674
  C:1577H         LINE#         675
  C:1579H         LINE#         676
  -------         ENDMOD        ?RTX51_TINY_KERNAL

  -------         MODULE        ?C?FPADD
  C:00BDH         PUBLIC        ?C?FPADD
  C:00B9H         PUBLIC        ?C?FPSUB
  -------         ENDMOD        ?C?FPADD

  -------         MODULE        ?C?FPMUL
  C:01AEH         PUBLIC        ?C?FPMUL
  -------         ENDMOD        ?C?FPMUL

  -------         MODULE        ?C?FPDIV
  C:02B7H         PUBLIC        ?C?FPDIV
  -------         ENDMOD        ?C?FPDIV

  -------         MODULE        ?C?FPCMP
  C:0356H         PUBLIC        ?C?FPCMP
  C:0354H         PUBLIC        ?C?FPCMP3
  -------         ENDMOD        ?C?FPCMP

  -------         MODULE        ?C?FCAST
  C:03CBH         PUBLIC        ?C?FCASTC
  C:03C6H         PUBLIC        ?C?FCASTI
BL51 BANKED LINKER/LOCATER V6.00                                                      07/20/2017  23:49:01  PAGE 76


  C:03C1H         PUBLIC        ?C?FCASTL
  -------         ENDMOD        ?C?FCAST

  -------         MODULE        ?C?CASTF
  C:03FFH         PUBLIC        ?C?CASTF
  -------         ENDMOD        ?C?CASTF

  -------         MODULE        FABS
  C:3BDEH         PUBLIC        _FABS
  -------         ENDMOD        FABS

  -------         MODULE        SQRT
  C:26DEH         PUBLIC        _SQRT
  -------         ENDMOD        SQRT

  -------         MODULE        POW
  X:03C0H         PUBLIC        ?_pow?BYTE
  C:1CF5H         PUBLIC        _pow
  -------         ENDMOD        POW

  -------         MODULE        ?C?CHKFLOAT
  C:0480H         PUBLIC        ?C?CHKFLOAT
  -------         ENDMOD        ?C?CHKFLOAT

  -------         MODULE        ?C?FPNEG
  C:049AH         PUBLIC        ?C?FPNEG
  -------         ENDMOD        ?C?FPNEG

  -------         MODULE        EXP
  C:2C2DH         PUBLIC        _EXP
  -------         ENDMOD        EXP

  -------         MODULE        LOG
  C:2100H         PUBLIC        _LOG
  C:20FCH         PUBLIC        _LOG10
  -------         ENDMOD        LOG

  -------         MODULE        ?C?CLDPTR
  C:04F8H         PUBLIC        ?C?CLDPTR
  -------         ENDMOD        ?C?CLDPTR

  -------         MODULE        ?C?CLDOPTR
  C:0511H         PUBLIC        ?C?CLDOPTR
  -------         ENDMOD        ?C?CLDOPTR

  -------         MODULE        ?C?CSTPTR
  C:053EH         PUBLIC        ?C?CSTPTR
  -------         ENDMOD        ?C?CSTPTR

  -------         MODULE        ?C?CSTOPTR
  C:0550H         PUBLIC        ?C?CSTOPTR
  -------         ENDMOD        ?C?CSTOPTR

  -------         MODULE        ?C?IMUL
  C:0572H         PUBLIC        ?C?IMUL
  -------         ENDMOD        ?C?IMUL

BL51 BANKED LINKER/LOCATER V6.00                                                      07/20/2017  23:49:01  PAGE 77


  -------         MODULE        ?C?UIDIV
  C:0584H         PUBLIC        ?C?UIDIV
  -------         ENDMOD        ?C?UIDIV

  -------         MODULE        ?C?IILDX
  C:05D9H         PUBLIC        ?C?IILDX
  -------         ENDMOD        ?C?IILDX

  -------         MODULE        ?C?ILDIX
  C:05EFH         PUBLIC        ?C?ILDIX
  -------         ENDMOD        ?C?ILDIX

  -------         MODULE        ?C?ILDOPTR
  C:0605H         PUBLIC        ?C?ILDOPTR
  -------         ENDMOD        ?C?ILDOPTR

  -------         MODULE        ?C?LMUL
  C:063DH         PUBLIC        ?C?LMUL
  -------         ENDMOD        ?C?LMUL

  -------         MODULE        ?C?ULDIV
  C:06C8H         PUBLIC        ?C?ULDIV
  -------         ENDMOD        ?C?ULDIV

  -------         MODULE        ?C?SLDIV
  C:33E8H         PUBLIC        ?C?SLDIV
  -------         ENDMOD        ?C?SLDIV

  -------         MODULE        ?C?LNEG
  C:075AH         PUBLIC        ?C?LNEG
  -------         ENDMOD        ?C?LNEG

  -------         MODULE        ?C?ULCMP
  C:0768H         PUBLIC        ?C?ULCMP
  -------         ENDMOD        ?C?ULCMP

  -------         MODULE        ?C?ULSHR
  C:0779H         PUBLIC        ?C?ULSHR
  -------         ENDMOD        ?C?ULSHR

  -------         MODULE        ?C?LLDXDATA
  C:078CH         PUBLIC        ?C?LLDXDATA
  -------         ENDMOD        ?C?LLDXDATA

  -------         MODULE        ?C?LLDCODE
  C:0798H         PUBLIC        ?C?LLDCODE
  -------         ENDMOD        ?C?LLDCODE

  -------         MODULE        ?C?LLDXDATA0
  C:07A8H         PUBLIC        ?C?LLDXDATA0
  -------         ENDMOD        ?C?LLDXDATA0

  -------         MODULE        ?C?LLDCODE0
  C:07B4H         PUBLIC        ?C?LLDCODE0
  -------         ENDMOD        ?C?LLDCODE0

  -------         MODULE        ?C?LLDOPTR0
BL51 BANKED LINKER/LOCATER V6.00                                                      07/20/2017  23:49:01  PAGE 78


  C:07C4H         PUBLIC        ?C?LLDOPTR0
  -------         ENDMOD        ?C?LLDOPTR0

  -------         MODULE        ?C?LLDIXDATA
  C:07FDH         PUBLIC        ?C?LLDIXDATA
  C:07F4H         PUBLIC        ?C?LLDIXDATA1
  C:07F6H         PUBLIC        ?C?LLDIXDATA8
  -------         ENDMOD        ?C?LLDIXDATA

  -------         MODULE        ?C?LSTXDATA
  C:0829H         PUBLIC        ?C?LSTXDATA
  -------         ENDMOD        ?C?LSTXDATA

  -------         MODULE        ?C?LSTKXDATA
  C:0835H         PUBLIC        ?C?LSTKXDATA
  -------         ENDMOD        ?C?LSTKXDATA

  -------         MODULE        ?C?LLDIDATA0
  C:0866H         PUBLIC        ?C?LLDIDATA0
  -------         ENDMOD        ?C?LLDIDATA0

  -------         MODULE        ?C?LLDPDATA0
  C:0873H         PUBLIC        ?C?LLDPDATA0
  -------         ENDMOD        ?C?LLDPDATA0

*** ERROR L125: DUPLICATE TASK NUMBER
    TASK1:   ?PR?TASKSTART?ABSTASK
    TASK2:   ?PR?JOB0?RTX51_TINY
    TASKID:  0

*** WARNING L16: UNCALLED SEGMENT, IGNORED FOR OVERLAY PROCESS
    SEGMENT: ?PR?_SENDSCOPEDATA?DATASCOPE_DP

*** WARNING L16: UNCALLED SEGMENT, IGNORED FOR OVERLAY PROCESS
    SEGMENT: ?PR?JOB0?RTX51_TINY

*** WARNING L16: UNCALLED SEGMENT, IGNORED FOR OVERLAY PROCESS
    SEGMENT: ?PR?MODE1?MODE

*** WARNING L16: UNCALLED SEGMENT, IGNORED FOR OVERLAY PROCESS
    SEGMENT: ?PR?MODE2?MODE

*** WARNING L16: UNCALLED SEGMENT, IGNORED FOR OVERLAY PROCESS
    SEGMENT: ?PR?MODE3?MODE

*** WARNING L16: UNCALLED SEGMENT, IGNORED FOR OVERLAY PROCESS
    SEGMENT: ?PR?MODE4?MODE

*** WARNING L16: UNCALLED SEGMENT, IGNORED FOR OVERLAY PROCESS
    SEGMENT: ?PR?MODELAUNCHER?MODE

*** WARNING L16: UNCALLED SEGMENT, IGNORED FOR OVERLAY PROCESS
    SEGMENT: ?PR?ISSYETEMRUNNING?TASK

*** WARNING L16: UNCALLED SEGMENT, IGNORED FOR OVERLAY PROCESS
    SEGMENT: ?PR?ISSYSTEMSTOP?TASK

BL51 BANKED LINKER/LOCATER V6.00                                                      07/20/2017  23:49:01  PAGE 79


*** WARNING L16: UNCALLED SEGMENT, IGNORED FOR OVERLAY PROCESS
    SEGMENT: ?PR?STOPSYSTEM?TASK

*** WARNING L16: UNCALLED SEGMENT, IGNORED FOR OVERLAY PROCESS
    SEGMENT: ?PR?GETCURRENTCOORDINATE?TASK

*** WARNING L16: UNCALLED SEGMENT, IGNORED FOR OVERLAY PROCESS
    SEGMENT: ?PR?_ADC_INILIZE?ADC

*** WARNING L16: UNCALLED SEGMENT, IGNORED FOR OVERLAY PROCESS
    SEGMENT: ?PR?_ADC_POWERCONTROL?ADC

*** WARNING L16: UNCALLED SEGMENT, IGNORED FOR OVERLAY PROCESS
    SEGMENT: ?PR?_GET_ADC10BITRESULT?ADC

*** WARNING L16: UNCALLED SEGMENT, IGNORED FOR OVERLAY PROCESS
    SEGMENT: ?PR?_DELAY_MS?DELAY

*** WARNING L16: UNCALLED SEGMENT, IGNORED FOR OVERLAY PROCESS
    SEGMENT: ?PR?_SETPINSTATE?GPIO

*** WARNING L16: UNCALLED SEGMENT, IGNORED FOR OVERLAY PROCESS
    SEGMENT: ?PR?_PWMN_UPDATE?PCA

*** WARNING L16: UNCALLED SEGMENT, IGNORED FOR OVERLAY PROCESS
    SEGMENT: ?PR?_PCA_INIT?PCA

*** WARNING L16: UNCALLED SEGMENT, IGNORED FOR OVERLAY PROCESS
    SEGMENT: ?PR?_PWMOUTPUT?PCA

*** WARNING L16: UNCALLED SEGMENT, IGNORED FOR OVERLAY PROCESS
    SEGMENT: ?PR?_EEPROM_READ_N?STC15_EEPROM

*** WARNING L16: UNCALLED SEGMENT, IGNORED FOR OVERLAY PROCESS
    SEGMENT: ?PR?_EEPROM_SECTORERASE?STC15_EEPROM

*** WARNING L16: UNCALLED SEGMENT, IGNORED FOR OVERLAY PROCESS
    SEGMENT: ?PR?_EEPROM_WRITE_N?STC15_EEPROM

*** WARNING L16: UNCALLED SEGMENT, IGNORED FOR OVERLAY PROCESS
    SEGMENT: ?PR?_EXT_INILIZE?STC15_EXTI

*** WARNING L16: UNCALLED SEGMENT, IGNORED FOR OVERLAY PROCESS
    SEGMENT: ?PR?_IIC_WRDATTOADD?STC15_IIC

*** WARNING L16: UNCALLED SEGMENT, IGNORED FOR OVERLAY PROCESS
    SEGMENT: ?PR?_IIC_RDDATFROMADD?STC15_IIC

*** WARNING L16: UNCALLED SEGMENT, IGNORED FOR OVERLAY PROCESS
    SEGMENT: ?PR?_GET_PWM_PERIOD?STC15_PWM

*** WARNING L16: UNCALLED SEGMENT, IGNORED FOR OVERLAY PROCESS
    SEGMENT: ?PR?_GET_PWM_N_DUTY?STC15_PWM

*** WARNING L16: UNCALLED SEGMENT, IGNORED FOR OVERLAY PROCESS
    SEGMENT: ?PR?_GETPWM_DIV?STC15_PWM

BL51 BANKED LINKER/LOCATER V6.00                                                      07/20/2017  23:49:01  PAGE 80


*** WARNING L16: UNCALLED SEGMENT, IGNORED FOR OVERLAY PROCESS
    SEGMENT: ?PR?OPEN_PWM_ALL?STC15_PWM

*** WARNING L16: UNCALLED SEGMENT, IGNORED FOR OVERLAY PROCESS
    SEGMENT: ?PR?CLOSE_PWM_ALL?STC15_PWM

*** WARNING L16: UNCALLED SEGMENT, IGNORED FOR OVERLAY PROCESS
    SEGMENT: ?PR?_GET_PWM_N_STATE?STC15_PWM

*** WARNING L16: UNCALLED SEGMENT, IGNORED FOR OVERLAY PROCESS
    SEGMENT: ?PR?_SPI_INIT?STC15_SPI

*** WARNING L16: UNCALLED SEGMENT, IGNORED FOR OVERLAY PROCESS
    SEGMENT: ?PR?_SPI_WRITENBYTETOTXBUF?STC15_SPI

*** WARNING L16: UNCALLED SEGMENT, IGNORED FOR OVERLAY PROCESS
    SEGMENT: ?PR?SPI_TRIGTX?STC15_SPI

*** WARNING L16: UNCALLED SEGMENT, IGNORED FOR OVERLAY PROCESS
    SEGMENT: ?PR?_SPI_SPI_READTHENBYTETORXBUF?STC15_SPI

*** WARNING L16: UNCALLED SEGMENT, IGNORED FOR OVERLAY PROCESS
    SEGMENT: ?PR?_SETTIMEOUT?TIMER

*** WARNING L16: UNCALLED SEGMENT, IGNORED FOR OVERLAY PROCESS
    SEGMENT: ?PR?_GETTIMEROUT?TIMER

*** WARNING L16: UNCALLED SEGMENT, IGNORED FOR OVERLAY PROCESS
    SEGMENT: ?PR?_SETTIMERHERTZ?TIMER

*** WARNING L16: UNCALLED SEGMENT, IGNORED FOR OVERLAY PROCESS
    SEGMENT: ?PR?_GETTIMERHERTZ?TIMER

*** WARNING L16: UNCALLED SEGMENT, IGNORED FOR OVERLAY PROCESS
    SEGMENT: ?PR?_STOPTIMER?TIMER

*** WARNING L16: UNCALLED SEGMENT, IGNORED FOR OVERLAY PROCESS
    SEGMENT: ?PR?_ISSTOPPED?TIMER

*** WARNING L16: UNCALLED SEGMENT, IGNORED FOR OVERLAY PROCESS
    SEGMENT: ?PR?_ONRESTARTTIMER?TIMER

*** WARNING L16: UNCALLED SEGMENT, IGNORED FOR OVERLAY PROCESS
    SEGMENT: ?PR?GETMICROS?TIMER

*** WARNING L16: UNCALLED SEGMENT, IGNORED FOR OVERLAY PROCESS
    SEGMENT: ?PR?GETMILLIS?TIMER

*** WARNING L16: UNCALLED SEGMENT, IGNORED FOR OVERLAY PROCESS
    SEGMENT: ?PR?GETSECONDS?TIMER

*** WARNING L16: UNCALLED SEGMENT, IGNORED FOR OVERLAY PROCESS
    SEGMENT: ?PR?GETMINUTES?TIMER

*** WARNING L16: UNCALLED SEGMENT, IGNORED FOR OVERLAY PROCESS
    SEGMENT: ?PR?GETHOURS?TIMER

BL51 BANKED LINKER/LOCATER V6.00                                                      07/20/2017  23:49:01  PAGE 81


*** WARNING L16: UNCALLED SEGMENT, IGNORED FOR OVERLAY PROCESS
    SEGMENT: ?PR?GETDAYS?TIMER

*** WARNING L16: UNCALLED SEGMENT, IGNORED FOR OVERLAY PROCESS
    SEGMENT: ?PR?_PRINTSTRING2?USART1

*** WARNING L16: UNCALLED SEGMENT, IGNORED FOR OVERLAY PROCESS
    SEGMENT: ?PR?_PRINTSTRING3?USART1

*** WARNING L16: UNCALLED SEGMENT, IGNORED FOR OVERLAY PROCESS
    SEGMENT: ?PR?_PRINTSTRING4?USART1

*** WARNING L16: UNCALLED SEGMENT, IGNORED FOR OVERLAY PROCESS
    SEGMENT: ?PR?_GETPULSERSTATE?FIXEDPULSER

*** WARNING L16: UNCALLED SEGMENT, IGNORED FOR OVERLAY PROCESS
    SEGMENT: ?PR?_SETSTEPMOTORWITHROUND?STEP_MOTOR

*** WARNING L16: UNCALLED SEGMENT, IGNORED FOR OVERLAY PROCESS
    SEGMENT: ?PR?_GETSTEPMOTORSTATE?STEP_MOTOR

*** WARNING L16: UNCALLED SEGMENT, IGNORED FOR OVERLAY PROCESS
    SEGMENT: ?PR?_FREESTEPMOTOR?STEP_MOTOR

*** WARNING L16: UNCALLED SEGMENT, IGNORED FOR OVERLAY PROCESS
    SEGMENT: ?PR?_LOCKSTEPMOTOR?STEP_MOTOR

*** WARNING L1: UNRESOLVED EXTERNAL SYMBOL
    SYMBOL:  _BLINK
    MODULE:  .\absTask.obj (ABSTASK)

*** WARNING L2: REFERENCE MADE TO UNRESOLVED EXTERNAL
    SYMBOL:  _BLINK
    MODULE:  .\absTask.obj (ABSTASK)
    ADDRESS: 3C64H

*** WARNING L1: UNRESOLVED EXTERNAL SYMBOL
    SYMBOL:  BOARD_LED_INIT
    MODULE:  .\setup.obj (SETUP)

*** WARNING L2: REFERENCE MADE TO UNRESOLVED EXTERNAL
    SYMBOL:  BOARD_LED_INIT
    MODULE:  .\setup.obj (SETUP)
    ADDRESS: 3ACCH

Program Size: data=92.0 xdata=1121 code=15464
LINK/LOCATE RUN COMPLETE.  60 WARNING(S),  1 ERROR(S)
