BL51 BANKED LINKER/LOCATER V6.00                                                        07/28/2017  21:19:49  PAGE 1


BL51 BANKED LINKER/LOCATER V6.00, INVOKED BY:
C:\KEIL_V5\C51\BIN\BL51.EXE .\absTask.obj, .\task.obj, .\setup.obj, .\mode.obj, .\direction.obj, .\Conf_tny.obj, .\FILTE
>> R.obj, .\DataScope_DP.obj, .\storage.obj, .\BUTTON.obj, .\LED.obj, .\STEP_MOTOR.obj, .\LCD5510_V2.obj, .\ANGLE.obj, .
>> \fixedPulser.obj, .\delay.obj, .\GPIO.obj, .\stc15_pwm.obj, .\timer.obj, .\USART1.obj, .\ADC.obj TO 悬挂运动控制系统 
>> RTX51TINY RAMSIZE (256)


MEMORY MODEL: LARGE WITH FLOATING POINT ARITHMETIC


INPUT MODULES INCLUDED:
  .\absTask.obj (ABSTASK)
  .\task.obj (TASK)
  .\setup.obj (SETUP)
  .\mode.obj (MODE)
  .\direction.obj (DIRECTION)
  .\Conf_tny.obj (?RTX51_TINY_KERNAL)
  .\FILTER.obj (FILTER)
  .\DataScope_DP.obj (DATASCOPE_DP)
  .\storage.obj (STORAGE)
  .\BUTTON.obj (BUTTON)
  .\LED.obj (LED)
  .\STEP_MOTOR.obj (STEP_MOTOR)
  .\LCD5510_V2.obj (LCD5510_V2)
  .\ANGLE.obj (ANGLE)
  .\fixedPulser.obj (FIXEDPULSER)
  .\delay.obj (DELAY)
  .\GPIO.obj (GPIO)
  .\stc15_pwm.obj (STC15_PWM)
  .\timer.obj (TIMER)
  .\USART1.obj (USART1)
  .\ADC.obj (ADC)
  C:\KEIL_V5\C51\LIB\RTX51TNY.LIB (?RTX51_TINY_OS_CREATE)
  C:\KEIL_V5\C51\LIB\RTX51TNY.LIB (?RTX51_TINY_OS_DELETE)
  C:\KEIL_V5\C51\LIB\RTX51TNY.LIB (?RTX51_TINY_OS_WAIT)
  C:\KEIL_V5\C51\LIB\C51FPL.LIB (?C?FPADD)
  C:\KEIL_V5\C51\LIB\C51FPL.LIB (?C?FPMUL)
  C:\KEIL_V5\C51\LIB\C51FPL.LIB (?C?FPDIV)
  C:\KEIL_V5\C51\LIB\C51FPL.LIB (?C?FPCMP)
  C:\KEIL_V5\C51\LIB\C51FPL.LIB (?C?FCAST)
  C:\KEIL_V5\C51\LIB\C51FPL.LIB (?C?CASTF)
  C:\KEIL_V5\C51\LIB\C51FPL.LIB (PRINTF)
  C:\KEIL_V5\C51\LIB\C51FPL.LIB (FABS)
  C:\KEIL_V5\C51\LIB\C51FPL.LIB (SQRT)
  C:\KEIL_V5\C51\LIB\C51FPL.LIB (SIN)
  C:\KEIL_V5\C51\LIB\C51FPL.LIB (POW)
  C:\KEIL_V5\C51\LIB\C51FPL.LIB (?C?FPGETOPN)
  C:\KEIL_V5\C51\LIB\C51FPL.LIB (?C?CHKFLOAT)
  C:\KEIL_V5\C51\LIB\C51FPL.LIB (?C?FPNEG)
  C:\KEIL_V5\C51\LIB\C51FPL.LIB (?C?FPROUND)
  C:\KEIL_V5\C51\LIB\C51FPL.LIB (?C?FPCONVERT)
  C:\KEIL_V5\C51\LIB\C51FPL.LIB (?C?FPSERIES)
  C:\KEIL_V5\C51\LIB\C51FPL.LIB (EXP)
  C:\KEIL_V5\C51\LIB\C51FPL.LIB (LOG)
  C:\KEIL_V5\C51\LIB\C51FPL.LIB (?C?FTNPWR)
  C:\KEIL_V5\C51\LIB\C51L.LIB (?C_STARTUP)
  C:\KEIL_V5\C51\LIB\C51L.LIB (?C?COPY)
  C:\KEIL_V5\C51\LIB\C51L.LIB (?C?CLDPTR)
BL51 BANKED LINKER/LOCATER V6.00                                                      07/28/2017  21:19:49  PAGE 2


  C:\KEIL_V5\C51\LIB\C51L.LIB (?C?CLDOPTR)
  C:\KEIL_V5\C51\LIB\C51L.LIB (?C?CSTPTR)
  C:\KEIL_V5\C51\LIB\C51L.LIB (?C?CSTOPTR)
  C:\KEIL_V5\C51\LIB\C51L.LIB (?C?IMUL)
  C:\KEIL_V5\C51\LIB\C51L.LIB (?C?UIDIV)
  C:\KEIL_V5\C51\LIB\C51L.LIB (?C?IILDX)
  C:\KEIL_V5\C51\LIB\C51L.LIB (?C?ILDOPTR)
  C:\KEIL_V5\C51\LIB\C51L.LIB (?C?LMUL)
  C:\KEIL_V5\C51\LIB\C51L.LIB (?C?ULDIV)
  C:\KEIL_V5\C51\LIB\C51L.LIB (?C?SLDIV)
  C:\KEIL_V5\C51\LIB\C51L.LIB (?C?LNEG)
  C:\KEIL_V5\C51\LIB\C51L.LIB (?C?ULCMP)
  C:\KEIL_V5\C51\LIB\C51L.LIB (?C?ULSHR)
  C:\KEIL_V5\C51\LIB\C51L.LIB (?C?LLDXDATA)
  C:\KEIL_V5\C51\LIB\C51L.LIB (?C?LLDCODE)
  C:\KEIL_V5\C51\LIB\C51L.LIB (?C?LLDXDATA0)
  C:\KEIL_V5\C51\LIB\C51L.LIB (?C?LLDCODE0)
  C:\KEIL_V5\C51\LIB\C51L.LIB (?C?LLDOPTR0)
  C:\KEIL_V5\C51\LIB\C51L.LIB (?C?LSTXDATA)
  C:\KEIL_V5\C51\LIB\C51L.LIB (?C?LSTKXDATA)
  C:\KEIL_V5\C51\LIB\C51L.LIB (?C?PLDIXDATA)
  C:\KEIL_V5\C51\LIB\C51L.LIB (?C?PSTXDATA)
  C:\KEIL_V5\C51\LIB\C51L.LIB (?C?CCASE)
  C:\KEIL_V5\C51\LIB\C51L.LIB (PUTCHAR)
  C:\KEIL_V5\C51\LIB\C51L.LIB (?C_INIT)
  C:\KEIL_V5\C51\LIB\C51L.LIB (?C?LLDIDATA0)
  C:\KEIL_V5\C51\LIB\C51L.LIB (?C?LLDPDATA0)


TASK TABLE OF MODULE:  悬挂运动控制系统 (ABSTASK)

TASKID   PRIORITY   REG-BANK   SEGMENT NAME
-------------------------------------------
0        0          0          ?PR?TASKSTART?ABSTASK
1        0          0          ?PR?LEFTSTEPMOTORSTATEUPDATE?ABSTASK
2        0          0          ?PR?RIGHTSTEPMOTORSTATEUPDATE?ABSTASK
3        0          0          ?PR?SYSTEMSTATEUPDATE?ABSTASK
4        0          0          ?PR?SYSTEMGATESTATEUPDATE?ABSTASK
5        0          0          ?PR?SYSTEMGATEADC_VALUEUPDATE?ABSTASK
6        0          0          ?PR?SYSTEMTEST?ABSTASK
7        0          0          ?PR?PRINTGATESTATE?ABSTASK
8        0          0          ?PR?PRINTADCVALUE?ABSTASK
9        0          0          ?PR?TRACKING?ABSTASK



LINK MAP OF MODULE:  悬挂运动控制系统 (ABSTASK)


            TYPE    BASE      LENGTH    RELOCATION   SEGMENT NAME
            -----------------------------------------------------

            * * * * * * *   D A T A   M E M O R Y   * * * * * * *
            REG     0000H     0008H     ABSOLUTE     "REG BANK 0"
            DATA    0008H     0005H     ABSOLUTE     
            DATA    000DH     000AH     UNIT         _DATA_GROUP_
                    0017H     0009H                  *** GAP ***
BL51 BANKED LINKER/LOCATER V6.00                                                      07/28/2017  21:19:49  PAGE 3


            BIT     0020H.0   0002H.2   UNIT         _BIT_GROUP_
            BIT     0022H.2   0000H.4   UNIT         ?BI?BUTTON
            BIT     0022H.6   0000H.2   UNIT         ?BI?FIXEDPULSER
            BIT     0023H.0   0000H.1   UNIT         ?BI?LED
            BIT     0023H.1   0000H.1   UNIT         ?BI?GETANGLE?ANGLE
            BIT     0023H.2   0000H.1   UNIT         ?BI?_SETPINSTATE?GPIO
            BIT     0023H.3   0000H.1   UNIT         ?BI?SIN?SIN
                    0023H.4   0000H.4                *** GAP ***
            IDATA   0024H     0014H     UNIT         ?RTX?TASKSTATE?S
            IDATA   0038H     000AH     UNIT         ?RTX?TASKSP?S
            IDATA   0042H     0001H     UNIT         ?STACK

            * * * * * * *  X D A T A   M E M O R Y  * * * * * * *
            XDATA   0000H     028CH     UNIT         ?XD?USART1
            XDATA   028CH     0176H     UNIT         _XDATA_GROUP_
            XDATA   0402H     006DH     UNIT         ?XD?ABSTASK
            XDATA   046FH     0045H     UNIT         ?XD?DIRECTION
            XDATA   04B4H     003CH     UNIT         ?XD?STC15_PWM
            XDATA   04F0H     0039H     UNIT         ?XD?TASK
            XDATA   0529H     0039H     UNIT         ?XD?SETUP
            XDATA   0562H     002AH     UNIT         ?XD?DATASCOPE_DP
            XDATA   058CH     001CH     UNIT         ?XD?STEP_MOTOR
            XDATA   05A8H     001AH     UNIT         ?XD?_DRAWCIRCLE?ABSTASK
            XDATA   05C2H     0018H     UNIT         ?XD?FIXEDPULSER
            XDATA   05DAH     0016H     UNIT         ?XD?TIMER
            XDATA   05F0H     0015H     UNIT         ?XD?GETANGLE?ANGLE
            XDATA   0605H     0008H     UNIT         ?XD?ANGLE
            XDATA   060DH     0007H     UNIT         ?XD?_SETSTEPMOTORWITHDISTANCE?STEP_MOTOR
            XDATA   0614H     0007H     UNIT         ?XD?_SETSTEPMOTORWITHANGLE?STEP_MOTOR
            XDATA   061BH     0006H     UNIT         ?XD?_ADC_CONFIG?ANGLE
            XDATA   0621H     0005H     UNIT         ?XD?_WRITEDATA?STORAGE
            XDATA   0626H     0005H     UNIT         ?XD?_LCD_PRINTS?LCD5510_V2
            XDATA   062BH     0005H     UNIT         ?XD?_LCD_PRINTSL?LCD5510_V2
            XDATA   0630H     0005H     UNIT         ?XD?_SET_PWM_DUTY?STC15_PWM
            XDATA   0635H     0004H     UNIT         ?XD?SIN?SIN
            XDATA   0639H     0002H     UNIT         ?XD?DRAWLOOPSRTLINE?ABSTASK
            XDATA   063BH     0002H     UNIT         ?XD?DRAWLINE?ABSTASK
            XDATA   063DH     0002H     UNIT         ?XD?BUTTON_CONFIG?BUTTON
            XDATA   063FH     0002H     UNIT         ?XD?_SETSTEPMOTORWITHROUND?STEP_MOTOR
            XDATA   0641H     0002H     UNIT         ?XD?LCD5510_INIT?LCD5510_V2
            XDATA   0643H     0002H     UNIT         ?XD?_SET_PWM_PERIOD?STC15_PWM
            XDATA   0645H     0002H     UNIT         ?XD?_PWM_INILIZE?STC15_PWM
            XDATA   0647H     0001H     UNIT         ?XD?DRAWLOOPRECTANGLE?ABSTASK
            XDATA   0648H     0001H     UNIT         ?XD?_BOARD_LED_PWM?LED
            XDATA   0649H     0001H     UNIT         ?XD?_CLOSE_STEPMOTOR?STEP_MOTOR

            * * * * * * *   C O D E   M E M O R Y   * * * * * * *
            CODE    0000H     0003H     ABSOLUTE     
                    0003H     0008H                  *** GAP ***
            CODE    000BH     0003H     ABSOLUTE     
                    000EH     0015H                  *** GAP ***
            CODE    0023H     0003H     ABSOLUTE     
                    0026H     0005H                  *** GAP ***
            CODE    002BH     0003H     ABSOLUTE     
                    002EH     0015H                  *** GAP ***
            CODE    0043H     0003H     ABSOLUTE     
                    0046H     001DH                  *** GAP ***
BL51 BANKED LINKER/LOCATER V6.00                                                      07/28/2017  21:19:49  PAGE 4


            CODE    0063H     0003H     ABSOLUTE     
                    0066H     0025H                  *** GAP ***
            CODE    008BH     0003H     ABSOLUTE     
                    008EH     0005H                  *** GAP ***
            CODE    0093H     0003H     ABSOLUTE     
                    0096H     0005H                  *** GAP ***
            CODE    009BH     0003H     ABSOLUTE     
                    009EH     0762H                  *** GAP ***
            CODE    0800H     0A6DH     UNIT         ?C?LIB_CODE
            CODE    126DH     06E0H     UNIT         ?PR?_USART_CONFIGURATION?USART1
            CODE    194DH     0483H     UNIT         ?PR?PRINTF?PRINTF
            CODE    1DD0H     039AH     UNIT         ?PR?_PWM_INILIZE?STC15_PWM
            CODE    216AH     031DH     UNIT         ?PR?SETSTEPMOTORDIS?TASK
            CODE    2487H     0288H     UNIT         ?RTX?CODE
            CODE    270FH     0279H     UNIT         ?CO?LCD5510_V2
            CODE    2988H     0252H     UNIT         ?PR?_TIMER_INILIZE?TIMER
            CODE    2BDAH     01CCH     UNIT         ?PR?_DRAWCIRCLE?ABSTASK
            CODE    2DA6H     01C4H     UNIT         ?PR?_GPIO_INILIZE?GPIO
            CODE    2F6AH     0188H     UNIT         ?PR?SIN?SIN
            CODE    30F2H     0166H     UNIT         ?PR?_POW?POW
            CODE    3258H     0156H     UNIT         ?PR?GATEADC_VALUEUPDATE?DIRECTION
            CODE    33AEH     0136H     UNIT         ?PR?_FILTER?FILTER
            CODE    34E4H     0134H     UNIT         ?PR?_DATASCOPE_GET_CHANNEL_DATA?DATASCOPE_DP
            CODE    3618H     0129H     UNIT         ?PR?LOG?LOG
            CODE    3741H     011DH     UNIT         ?CO?ABSTASK
            CODE    385EH     010BH     UNIT         ?PR?TRACKING?ABSTASK
            CODE    3969H     010BH     UNIT         ?PR?_GETWIRELENGTH?TASK
            CODE    3A74H     00ECH     UNIT         ?PR?_SETPULSE?FIXEDPULSER
            CODE    3B60H     00E4H     UNIT         ?PR?_SET_PWM_DUTY?STC15_PWM
            CODE    3C44H     00E0H     UNIT         ?PR?DRAWLINE?ABSTASK
            CODE    3D24H     00C7H     UNIT         ?PR?_SETSTEPMOTORWITHDISTANCE?STEP_MOTOR
            CODE    3DEBH     00BFH     UNIT         ?PR?_TWOPOINTDISTANCE?TASK
            CODE    3EAAH     00B4H     UNIT         ?C_INITSEG
            CODE    3F5EH     00ACH     UNIT         ?PR?SQRT?SQRT
            CODE    400AH     00AAH     UNIT         ?PR?_FLOAT2BYTE?DATASCOPE_DP
            CODE    40B4H     00A5H     UNIT         ?PR?_DATASCOPE_DATA_GENERATE?DATASCOPE_DP
            CODE    4159H     009FH     UNIT         ?PR?_STEPMOTOR_INIT?STEP_MOTOR
            CODE    41F8H     009AH     UNIT         ?PR?_PWM_SET_T12_PERIOD?STC15_PWM
            CODE    4292H     009AH     UNIT         ?PR?EXP?EXP
            CODE    432CH     008CH     UNIT         ?C_C51STARTUP
            CODE    43B8H     0085H     UNIT         ?PR?UART2_INT?USART1
            CODE    443DH     0085H     UNIT         ?PR?UART3_INT?USART1
            CODE    44C2H     0085H     UNIT         ?PR?UART4_INT?USART1
            CODE    4547H     007FH     UNIT         ?PR?UART1_INT?USART1
            CODE    45C6H     007BH     UNIT         ?PR?PULSER_1INT?FIXEDPULSER
            CODE    4641H     007BH     UNIT         ?PR?PULSER_2INT?FIXEDPULSER
            CODE    46BCH     007AH     UNIT         ?PR?GETANGLE?ANGLE
            CODE    4736H     006CH     UNIT         ?PR?GATESTATEUPDATE?DIRECTION
            CODE    47A2H     006AH     UNIT         ?PR?_SYSTEMLEFT?ABSTASK
            CODE    480CH     006AH     UNIT         ?PR?_SYSTEMRIGHT?ABSTASK
            CODE    4876H     0069H     UNIT         ?PR?PRINTADCVALUE?ABSTASK
            CODE    48DFH     0068H     UNIT         ?PR?PRINTGATESTATE?ABSTASK
            CODE    4947H     0065H     UNIT         ?PR?_SETSTEPMOTORWITHANGLE?STEP_MOTOR
            CODE    49ACH     0061H     UNIT         ?PR?_SET_PWM_PERIOD?STC15_PWM
            CODE    4A0DH     005EH     UNIT         ?PR?_GET_ADC10BITRESULT?ADC
            CODE    4A6BH     005AH     UNIT         ?PR?_SYSTEMUP?ABSTASK
            CODE    4AC5H     005AH     UNIT         ?PR?_SYSTEMDOWN?ABSTASK
BL51 BANKED LINKER/LOCATER V6.00                                                      07/28/2017  21:19:49  PAGE 5


            CODE    4B1FH     0057H     UNIT         ?PR?DRAWLOOPSRTLINE?ABSTASK
            CODE    4B76H     0057H     UNIT         ?PR?BUTTONSCAN?BUTTON
            CODE    4BCDH     0054H     UNIT         ?PR?TIMERINIT?TIMER
            CODE    4C21H     0053H     UNIT         ?PR?_ADC_INILIZE?ADC
            CODE    4C74H     0050H     UNIT         ?PR?TASKSTART?ABSTASK
            CODE    4CC4H     004EH     UNIT         ?PR?LCD5510_INIT?LCD5510_V2
            CODE    4D12H     004BH     UNIT         ?PR?_LCD_PRINTSL?LCD5510_V2
            CODE    4D5DH     004AH     UNIT         ?PR?MOTIONSYSTEM_INIT?TASK
            CODE    4DA7H     0044H     UNIT         ?C?LDIV
            CODE    4DEBH     003DH     UNIT         ?PR?STARTSYSTEM?TASK
            CODE    4E28H     003DH     UNIT         ?PR?_LCD_PRINTC?LCD5510_V2
            CODE    4E65H     003BH     UNIT         ?PR?_LCD_PRINTS?LCD5510_V2
            CODE    4EA0H     0039H     UNIT         ?PR?_SETSTEPMOTORWITHROUND?STEP_MOTOR
            CODE    4ED9H     0038H     UNIT         ?PR?DRAWLOOPRECTANGLE?ABSTASK
            CODE    4F11H     0038H     UNIT         ?PR?READLEFT?ABSTASK
            CODE    4F49H     0038H     UNIT         ?PR?READRIGHT?ABSTASK
            CODE    4F81H     0038H     UNIT         ?PR?_GETPULSERCOUNT?TASK
            CODE    4FB9H     0035H     UNIT         ?PR?_UART1_INIT?SETUP
            CODE    4FEEH     0033H     UNIT         ?CO?TASK
            CODE    5021H     0031H     UNIT         ?PR?_SENDSCOPEDATA?DATASCOPE_DP
            CODE    5052H     002EH     UNIT         ?PR?SYSTEMTEST?ABSTASK
            CODE    5080H     002DH     UNIT         ?PR?PULSERINIT?FIXEDPULSER
            CODE    50ADH     002BH     UNIT         ?PR?RESETSYSTEM?ABSTASK
            CODE    50D8H     0028H     UNIT         ?PR?TURNLEFT?ABSTASK
            CODE    5100H     0028H     UNIT         ?PR?_OPEN_PWM_N?STC15_PWM
            CODE    5128H     0028H     UNIT         ?PR?_TX2_WRITE2BUFF?USART1
            CODE    5150H     0028H     UNIT         ?PR?_TX3_WRITE2BUFF?USART1
            CODE    5178H     0028H     UNIT         ?PR?_TX4_WRITE2BUFF?USART1
            CODE    51A0H     0027H     UNIT         ?PR?TURNRIGHT?ABSTASK
            CODE    51C7H     0027H     UNIT         ?PR?_TX1_WRITE2BUFF?USART1
            CODE    51EEH     0027H     UNIT         ?PR?PUTCHAR?PUTCHAR
            CODE    5215H     0026H     UNIT         ?PR?GOSTRAIGHT?ABSTASK
            CODE    523BH     0025H     UNIT         ?PR?SYSTEMSTATEUPDATE?ABSTASK
            CODE    5260H     0025H     UNIT         ?PR?_SETSTEPMOTORWITHPULSE?STEP_MOTOR
            CODE    5285H     0025H     UNIT         ?PR?_CLOSE_PWM_N?STC15_PWM
            CODE    52AAH     0025H     UNIT         ?PR?_SETTIMEOUT?TIMER
            CODE    52CFH     0022H     UNIT         ?PR?_BLINK?LED
            CODE    52F1H     0021H     UNIT         ?PR?BOARD_LED_INIT?LED
            CODE    5312H     0021H     UNIT         ?PR?LCD_CLR_SCR?LCD5510_V2
            CODE    5333H     0020H     UNIT         ?CO?SETUP
            CODE    5353H     0020H     UNIT         ?PR?_LCD_WRITE_BYTE?LCD5510_V2
            CODE    5373H     001FH     UNIT         ?PR?BUTTON_CONFIG?BUTTON
            CODE    5392H     001FH     UNIT         ?PR?_PWM_SET_PERIOD?STC15_PWM
            CODE    53B1H     001FH     UNIT         ?PR?_ISEXPIREDTIMER?TIMER
            CODE    53D0H     001FH     UNIT         ?PR?_ISSTOPPED?TIMER
            CODE    53EFH     001EH     UNIT         ?PR?LEFTSTEPMOTORSTATEUPDATE?ABSTASK
            CODE    540DH     001EH     UNIT         ?PR?RIGHTSTEPMOTORSTATEUPDATE?ABSTASK
            CODE    542BH     001EH     UNIT         ?PR?TRACKINGSYSTEM_INIT?DIRECTION
            CODE    5449H     001EH     UNIT         ?CO?LED
            CODE    5467H     001EH     UNIT         ?PR?_OPENPULSER?FIXEDPULSER
            CODE    5485H     001DH     UNIT         ?PR?_GETBUTTONSTATE?BUTTON
            CODE    54A2H     001DH     UNIT         ?PR?_CLOSE_STEPMOTOR?STEP_MOTOR
            CODE    54BFH     001DH     UNIT         ?PR?_CLOSEPULSER?FIXEDPULSER
            CODE    54DCH     001DH     UNIT         ?PR?_ISACTIVETIMER?TIMER
            CODE    54F9H     001CH     UNIT         ?PR?_SETCURRENTCOORDINATE?TASK
            CODE    5515H     001CH     UNIT         ?PR?_SETTARGETCOORDINATE?TASK
            CODE    5531H     001CH     UNIT         ?PR?_FREESTEPMOTOR?STEP_MOTOR
BL51 BANKED LINKER/LOCATER V6.00                                                      07/28/2017  21:19:49  PAGE 6


            CODE    554DH     001CH     UNIT         ?PR?_LOCKSTEPMOTOR?STEP_MOTOR
            CODE    5569H     001CH     UNIT         ?PR?_ADC_CONFIG?ANGLE
            CODE    5585H     001CH     UNIT         ?PR?_SETTIMERHERTZ?TIMER
            CODE    55A1H     001BH     UNIT         ?PR?_SETSTEPMOTORDIVERSION?STEP_MOTOR
            CODE    55BCH     001AH     UNIT         ?PR?_GET_PWM_PERIOD?STC15_PWM
            CODE    55D6H     001AH     UNIT         ?PR?_GET_PWM_N_DUTY?STC15_PWM
            CODE    55F0H     001AH     UNIT         ?PR?_GETTIMEROUT?TIMER
            CODE    560AH     001AH     UNIT         ?PR?_GETTIMERHERTZ?TIMER
            CODE    5624H     0017H     UNIT         ?PR?SETUP?SETUP
            CODE    563BH     0017H     UNIT         ?PR?_PRINTSTRING1?USART1
            CODE    5652H     0014H     UNIT         ?PR?_READGATE_ADC_VALUE?DIRECTION
            CODE    5666H     0014H     UNIT         ?RTX?TASKENT?S
            CODE    567AH     0014H     UNIT         ?PR?_LCD_POS_BYTE?LCD5510_V2
            CODE    568EH     0014H     UNIT         ?PR?_RESTARTTIMER?TIMER
            CODE    56A2H     0013H     UNIT         ?PR?WAITINGSYSTEM?ABSTASK
            CODE    56B5H     0013H     UNIT         ?PR?_OPEN_STEPMOTOR?STEP_MOTOR
            CODE    56C8H     0013H     UNIT         ?PR?_LCD_CLR_ROW?LCD5510_V2
            CODE    56DBH     0013H     UNIT         ?PR?_PRINTSTRING2?USART1
            CODE    56EEH     0013H     UNIT         ?PR?_PRINTSTRING3?USART1
            CODE    5701H     0013H     UNIT         ?PR?_PRINTSTRING4?USART1
            CODE    5714H     0012H     UNIT         ?PR?_WRITEDATA?STORAGE
            CODE    5726H     0012H     UNIT         ?PR?_GETPULSERSTATE?FIXEDPULSER
            CODE    5738H     0012H     UNIT         ?PR?_GET_PWM_N_STATE?STC15_PWM
            CODE    574AH     0011H     UNIT         ?PR?STOPSYSTEM?TASK
            CODE    575BH     0011H     UNIT         ?PR?_READGATE?DIRECTION
            CODE    576CH     0011H     UNIT         ?PR?_GETSTEPMOTORSTATE?STEP_MOTOR
            CODE    577DH     0011H     UNIT         ?PR?_SETPWM_DIV?STC15_PWM
            CODE    578EH     0011H     UNIT         ?PR?_GETPWM_DIV?STC15_PWM
            CODE    579FH     0010H     UNIT         ?PR?_DELAY_MS?DELAY
            CODE    57AFH     000FH     UNIT         ?PR?SYSTEMGATEADC_VALUEUPDATE?ABSTASK
            CODE    57BEH     000FH     UNIT         ?PR?SYSTEMGATESTATEUPDATE?ABSTASK
            CODE    57CDH     000FH     UNIT         ?PR?_SETSTEPMOTORSTATE?STEP_MOTOR
            CODE    57DCH     000EH     UNIT         ?PR?_STOPTIMER?TIMER
            CODE    57EAH     000EH     UNIT         ?PR?_ONRESTARTTIMER?TIMER
            CODE    57F8H     000DH     UNIT         ?PR?_FABS?FABS
            CODE    5805H     000CH     UNIT         ?PR?_ADC_POWERCONTROL?ADC
            CODE    5811H     000AH     UNIT         ?PR?_DIGITALREAD?BUTTON
            CODE    581BH     000AH     UNIT         ?PR?OPEN_PWM_ALL?STC15_PWM
            CODE    5825H     000AH     UNIT         ?PR?CLOSE_PWM_ALL?STC15_PWM
            CODE    582FH     0009H     UNIT         ?PR?GETMICROS?TIMER
            CODE    5838H     0009H     UNIT         ?PR?GETMILLIS?TIMER
            CODE    5841H     0007H     UNIT         ?PR?GETCURRENTCOORDINATE?TASK
            CODE    5848H     0006H     UNIT         ?PR?GETSYSTEMSTATE?TASK
            CODE    584EH     0006H     UNIT         ?PR?_SETSYSTEMSTATE?TASK
            CODE    5854H     0006H     UNIT         ?PR?_BOARD_LED_PWM?LED
            CODE    585AH     0006H     UNIT         ?PR?GETSECONDS?TIMER
            CODE    5860H     0006H     UNIT         ?PR?GETMINUTES?TIMER
            CODE    5866H     0006H     UNIT         ?PR?GETHOURS?TIMER
            CODE    586CH     0006H     UNIT         ?PR?GETDAYS?TIMER
            CODE    5872H     0005H     UNIT         ?PR?OPEN_BOARD_LED?LED
            CODE    5877H     0005H     UNIT         ?PR?CLOSE_BOARD_LED?LED
            CODE    587CH     0004H     UNIT         ?PR?ADC_INT?ADC
            CODE    5880H     0003H     UNIT         ?PR?GETBOARD_LED_STATE?LED
            CODE    5883H     0003H     UNIT         ?PR?_SETPINSTATE?GPIO
            CODE    5886H     0001H     UNIT         ?PR?TEST?SETUP
            CODE    5887H     0001H     UNIT         ?PR?MODE1?MODE
            CODE    5888H     0001H     UNIT         ?PR?MODE2?MODE
BL51 BANKED LINKER/LOCATER V6.00                                                      07/28/2017  21:19:49  PAGE 7


            CODE    5889H     0001H     UNIT         ?PR?MODE3?MODE
            CODE    588AH     0001H     UNIT         ?PR?MODE4?MODE
            CODE    588BH     0001H     UNIT         ?PR?MODELAUNCHER?MODE



OVERLAY MAP OF MODULE:   悬挂运动控制系统 (ABSTASK)


SEGMENT                                             BIT_GROUP          DATA_GROUP          XDATA_GROUP
  +--> CALLED SEGMENT                            START    LENGTH     START    LENGTH     START    LENGTH
--------------------------------------------------------------------------------------------------------
?PR?TASKSTART?ABSTASK                            -----    -----      -----    -----      -----    -----
  +--> ?PR?SETUP?SETUP
  +--> ?PR?_BLINK?LED
  +--> ?PR?_SETCURRENTCOORDINATE?TASK

?PR?SETUP?SETUP                                  -----    -----      -----    -----      -----    -----
  +--> ?PR?_UART1_INIT?SETUP
  +--> ?PR?TIMERINIT?TIMER
  +--> ?PR?BOARD_LED_INIT?LED
  +--> ?PR?MOTIONSYSTEM_INIT?TASK
  +--> ?PR?TRACKINGSYSTEM_INIT?DIRECTION

?PR?_UART1_INIT?SETUP                            -----    -----      -----    -----      028CH    000DH
  +--> ?PR?_USART_CONFIGURATION?USART1
  +--> ?CO?SETUP
  +--> ?PR?_PRINTSTRING1?USART1

?PR?_USART_CONFIGURATION?USART1                  -----    -----      -----    -----      0299H    0009H

?PR?_PRINTSTRING1?USART1                         -----    -----      -----    -----      -----    -----
  +--> ?PR?_TX1_WRITE2BUFF?USART1

?PR?TIMERINIT?TIMER                              -----    -----      -----    -----      028CH    0019H
  +--> ?PR?_TIMER_INILIZE?TIMER

?PR?BOARD_LED_INIT?LED                           -----    -----      -----    -----      028CH    0002H
  +--> ?PR?_GPIO_INILIZE?GPIO
  +--> ?CO?LED
  +--> ?PR?_PRINTSTRING1?USART1

?PR?MOTIONSYSTEM_INIT?TASK                       -----    -----      -----    -----      -----    -----
  +--> ?PR?_STEPMOTOR_INIT?STEP_MOTOR

?PR?_STEPMOTOR_INIT?STEP_MOTOR                   -----    -----      -----    -----      028CH    000EH
  +--> ?PR?_GPIO_INILIZE?GPIO
  +--> ?PR?PULSERINIT?FIXEDPULSER

?PR?PULSERINIT?FIXEDPULSER                       -----    -----      -----    -----      029AH    0002H
  +--> ?PR?_GPIO_INILIZE?GPIO

?PR?TRACKINGSYSTEM_INIT?DIRECTION                -----    -----      -----    -----      028CH    0006H
  +--> ?PR?_ADC_INILIZE?ADC

?PR?_BLINK?LED                                   -----    -----      -----    -----      028CH    0001H
  +--> ?PR?OPEN_BOARD_LED?LED
BL51 BANKED LINKER/LOCATER V6.00                                                      07/28/2017  21:19:49  PAGE 8


  +--> ?PR?_DELAY_MS?DELAY
  +--> ?PR?CLOSE_BOARD_LED?LED

?PR?_SETCURRENTCOORDINATE?TASK                   -----    -----      -----    -----      028CH    0008H

*** NEW ROOT ***************************************************

?PR?TRACKING?ABSTASK                             -----    -----      -----    -----      -----    -----
  +--> ?PR?_READGATE?DIRECTION
  +--> ?PR?_SYSTEMLEFT?ABSTASK
  +--> ?CO?ABSTASK
  +--> ?PR?_SYSTEMDOWN?ABSTASK
  +--> ?PR?_SYSTEMUP?ABSTASK
  +--> ?PR?_SYSTEMRIGHT?ABSTASK
  +--> ?PR?_PRINTSTRING1?USART1

?PR?_SYSTEMLEFT?ABSTASK                          -----    -----      -----    -----      0339H    0004H
  +--> ?PR?GETCURRENTCOORDINATE?TASK
  +--> ?PR?_SETTARGETCOORDINATE?TASK
  +--> ?PR?WAITINGSYSTEM?ABSTASK
  +--> ?PR?STARTSYSTEM?TASK

?PR?_SETTARGETCOORDINATE?TASK                    -----    -----      -----    -----      033DH    0008H

?PR?WAITINGSYSTEM?ABSTASK                        -----    -----      -----    -----      -----    -----
  +--> ?PR?GETSYSTEMSTATE?TASK

?PR?STARTSYSTEM?TASK                             -----    -----      -----    -----      -----    -----
  +--> ?PR?SETSTEPMOTORDIS?TASK
  +--> ?PR?_OPEN_STEPMOTOR?STEP_MOTOR

?PR?SETSTEPMOTORDIS?TASK                         -----    -----      -----    -----      033DH    0060H
  +--> ?PR?_GETWIRELENGTH?TASK
  +--> ?PR?_FABS?FABS
  +--> ?CO?TASK
  +--> ?PR?PRINTF?PRINTF
  +--> ?PR?_SETSTEPMOTORDIVERSION?STEP_MOTOR
  +--> ?PR?_GETPULSERCOUNT?TASK
  +--> ?PR?_TWOPOINTDISTANCE?TASK
  +--> ?PR?_SETSTEPMOTORWITHPULSE?STEP_MOTOR

?PR?_GETWIRELENGTH?TASK                          -----    -----      -----    -----      039DH    000DH
  +--> ?PR?_POW?POW
  +--> ?PR?SQRT?SQRT

?PR?_POW?POW                                     -----    -----      -----    -----      03AAH    000AH
  +--> ?PR?LOG?LOG
  +--> ?PR?EXP?EXP

?PR?LOG?LOG                                      0021H.1  0000H.1    -----    -----      03B4H    0004H

?PR?SQRT?SQRT                                    -----    -----      -----    -----      03ADH    0004H

?PR?PRINTF?PRINTF                                0021H.1  0001H.1    0012H    0005H      039DH    0030H
  +--> ?PR?PUTCHAR?PUTCHAR

?PR?_SETSTEPMOTORDIVERSION?STEP_MOTOR            0021H.1  0000H.1    -----    -----      -----    -----
BL51 BANKED LINKER/LOCATER V6.00                                                      07/28/2017  21:19:49  PAGE 9



?PR?_GETPULSERCOUNT?TASK                         -----    -----      -----    -----      039DH    0004H

?PR?_TWOPOINTDISTANCE?TASK                       -----    -----      -----    -----      039DH    0010H
  +--> ?PR?SQRT?SQRT

?PR?_SETSTEPMOTORWITHPULSE?STEP_MOTOR            -----    -----      -----    -----      039DH    0007H
  +--> ?PR?_SETPULSE?FIXEDPULSER

?PR?_SETPULSE?FIXEDPULSER                        -----    -----      -----    -----      03A4H    000BH

?PR?_OPEN_STEPMOTOR?STEP_MOTOR                   -----    -----      -----    -----      -----    -----
  +--> ?PR?_OPENPULSER?FIXEDPULSER

?PR?_SYSTEMDOWN?ABSTASK                          -----    -----      -----    -----      0339H    0004H
  +--> ?PR?GETCURRENTCOORDINATE?TASK
  +--> ?PR?_SETTARGETCOORDINATE?TASK
  +--> ?PR?WAITINGSYSTEM?ABSTASK
  +--> ?PR?STARTSYSTEM?TASK

?PR?_SYSTEMUP?ABSTASK                            -----    -----      -----    -----      0339H    0004H
  +--> ?PR?GETCURRENTCOORDINATE?TASK
  +--> ?PR?_SETTARGETCOORDINATE?TASK
  +--> ?PR?WAITINGSYSTEM?ABSTASK
  +--> ?PR?STARTSYSTEM?TASK

?PR?_SYSTEMRIGHT?ABSTASK                         -----    -----      -----    -----      0339H    0004H
  +--> ?PR?GETCURRENTCOORDINATE?TASK
  +--> ?PR?_SETTARGETCOORDINATE?TASK
  +--> ?PR?WAITINGSYSTEM?ABSTASK
  +--> ?PR?STARTSYSTEM?TASK

*** NEW ROOT ***************************************************

?PR?SYSTEMTEST?ABSTASK                           -----    -----      -----    -----      -----    -----
  +--> ?PR?_SYSTEMUP?ABSTASK
  +--> ?PR?_SYSTEMRIGHT?ABSTASK
  +--> ?PR?_SYSTEMDOWN?ABSTASK
  +--> ?PR?_SYSTEMLEFT?ABSTASK

*** NEW ROOT ***************************************************

?PR?PRINTGATESTATE?ABSTASK                       -----    -----      -----    -----      -----    -----
  +--> ?PR?_READGATE?DIRECTION
  +--> ?CO?ABSTASK
  +--> ?PR?_PRINTSTRING1?USART1

*** NEW ROOT ***************************************************

?PR?PRINTADCVALUE?ABSTASK                        -----    -----      -----    -----      -----    -----
  +--> ?PR?_READGATE_ADC_VALUE?DIRECTION
  +--> ?PR?_DATASCOPE_GET_CHANNEL_DATA?DATAS...
  +--> ?PR?_SENDSCOPEDATA?DATASCOPE_DP

?PR?_DATASCOPE_GET_CHANNEL_DATA?DATAS...         -----    -----      -----    -----      03CDH    0005H
  +--> ?PR?_FLOAT2BYTE?DATASCOPE_DP

BL51 BANKED LINKER/LOCATER V6.00                                                      07/28/2017  21:19:49  PAGE 10


?PR?_FLOAT2BYTE?DATASCOPE_DP                     -----    -----      -----    -----      03D2H    000AH

?PR?_SENDSCOPEDATA?DATASCOPE_DP                  -----    -----      -----    -----      03CDH    0002H
  +--> ?PR?_DATASCOPE_DATA_GENERATE?DATASCOP...
  +--> ?PR?_TX1_WRITE2BUFF?USART1

*** NEW ROOT ***************************************************

?PR?SYSTEMGATEADC_VALUEUPDATE?ABSTASK            -----    -----      -----    -----      -----    -----
  +--> ?PR?GATEADC_VALUEUPDATE?DIRECTION

?PR?GATEADC_VALUEUPDATE?DIRECTION                -----    -----      -----    -----      03DCH    0016H
  +--> ?PR?_GET_ADC10BITRESULT?ADC
  +--> ?PR?_FILTER?FILTER

?PR?_FILTER?FILTER                               -----    -----      -----    -----      03F2H    0010H

*** NEW ROOT ***************************************************

?PR?SYSTEMGATESTATEUPDATE?ABSTASK                -----    -----      -----    -----      -----    -----
  +--> ?PR?GATESTATEUPDATE?DIRECTION

?PR?GATESTATEUPDATE?DIRECTION                    -----    -----      -----    -----      -----    -----
  +--> ?PR?_READGATE_ADC_VALUE?DIRECTION

*** NEW ROOT ***************************************************

?PR?LEFTSTEPMOTORSTATEUPDATE?ABSTASK             -----    -----      -----    -----      -----    -----
  +--> ?PR?_GETPULSERSTATE?FIXEDPULSER
  +--> ?PR?_SETSTEPMOTORSTATE?STEP_MOTOR

*** NEW ROOT ***************************************************

?PR?RIGHTSTEPMOTORSTATEUPDATE?ABSTASK            -----    -----      -----    -----      -----    -----
  +--> ?PR?_GETPULSERSTATE?FIXEDPULSER
  +--> ?PR?_SETSTEPMOTORSTATE?STEP_MOTOR

*** NEW ROOT ***************************************************

?PR?SYSTEMSTATEUPDATE?ABSTASK                    -----    -----      -----    -----      -----    -----
  +--> ?PR?_GETSTEPMOTORSTATE?STEP_MOTOR
  +--> ?PR?_SETSYSTEMSTATE?TASK

*** NEW ROOT ***************************************************

?PR?PULSER_1INT?FIXEDPULSER                      -----    -----      -----    -----      -----    -----
  +--> ?PR?_CLOSEPULSER?FIXEDPULSER

*** NEW ROOT ***************************************************

?PR?PULSER_2INT?FIXEDPULSER                      -----    -----      -----    -----      -----    -----
  +--> ?PR?_CLOSEPULSER?FIXEDPULSER

*** NEW ROOT ***************************************************

?C_C51STARTUP                                    -----    -----      -----    -----      -----    -----
  +--> ?C_INITSEG
BL51 BANKED LINKER/LOCATER V6.00                                                      07/28/2017  21:19:49  PAGE 11





SYMBOL TABLE OF MODULE:  悬挂运动控制系统 (ABSTASK)

  VALUE           TYPE          NAME
  ----------------------------------

  -------         MODULE        ABSTASK
  C:0000H         SYMBOL        _ICE_DUMMY_
  D:0080H         PUBLIC        P0
  D:0090H         PUBLIC        P1
  C:56A2H         PUBLIC        waitingSystem
  D:00A0H         PUBLIC        P2
  D:00B0H         PUBLIC        P3
  D:00C0H         PUBLIC        P4
  D:00C8H         PUBLIC        P5
  D:00E8H         PUBLIC        P6
  C:2BDAH         PUBLIC        _drawCircle
  D:00F8H         PUBLIC        P7
  D:00A8H         PUBLIC        IE
  C:4B1FH         PUBLIC        drawLoopSrtLine
  C:523BH         PUBLIC        systemStateUpdate
  D:00B8H         PUBLIC        IP
  C:57BEH         PUBLIC        systemGateStateUpdate
  X:040AH         SYMBOL        g_StepMotorCurrentWireLen
  C:4F49H         PUBLIC        readRight
  X:0412H         SYMBOL        g_StepMotorTargetWireLen
  C:5215H         PUBLIC        goStraight
  D:00D8H         PUBLIC        CCON
  C:4814H         PUBLIC        _systemRight
  C:4F11H         PUBLIC        readLeft
  C:50ADH         PUBLIC        resetSystem
  D:0098H         PUBLIC        SCON
  D:0088H         PUBLIC        TCON
  C:47AAH         PUBLIC        _systemLeft
  C:385EH         PUBLIC        Tracking
  C:48DFH         PUBLIC        printGateState
  C:3C44H         PUBLIC        drawLine
  X:041AH         PUBLIC        lastTimeHead
  C:57AFH         PUBLIC        systemGateADC_ValueUpdate
  X:041BH         SYMBOL        g_CurrentCoordinate
  D:00F0H         PUBLIC        B
  C:540DH         PUBLIC        rightStepMotorStateUpdate
  X:0423H         SYMBOL        g_TargetCoordinate
  C:4ACDH         PUBLIC        _systemDown
  C:4C74H         PUBLIC        taskStart
  X:042BH         PUBLIC        initialX
  D:00E0H         PUBLIC        ACC
  X:042FH         PUBLIC        initialY
  C:5052H         PUBLIC        systemTest
  C:51A0H         PUBLIC        turnRight
  C:53EFH         PUBLIC        leftStepMotorStateUpdate
  C:50D8H         PUBLIC        turnLeft
  X:0433H         PUBLIC        str
  X:044DH         SYMBOL        g_MotionSystemInfo
  X:0466H         PUBLIC        currentCodnat
BL51 BANKED LINKER/LOCATER V6.00                                                      07/28/2017  21:19:49  PAGE 12


  C:4ED9H         PUBLIC        drawLoopRectangle
  C:4A73H         PUBLIC        _systemUp
  C:4876H         PUBLIC        printADCValue
  D:00D0H         PUBLIC        PSW
  X:046EH         PUBLIC        currentHead
  -------         PROC          TASKSTART
  C:4C74H         LINE#         39
  C:4C74H         LINE#         41
  C:4C77H         LINE#         42
  C:4C7CH         LINE#         43
  C:4CA1H         LINE#         45
  C:4CA6H         LINE#         46
  C:4CABH         LINE#         47
  C:4CB0H         LINE#         48
  C:4CB5H         LINE#         49
  C:4CBAH         LINE#         51
  C:4CBFH         LINE#         52
  -------         ENDPROC       TASKSTART
  -------         PROC          WAITINGSYSTEM
  -------         DO            
  C:56A2H         SYMBOL        wait
  -------         ENDDO         
  C:56A2H         LINE#         56
  C:56A2H         LINE#         57
  C:56A2H         LINE#         58
  C:56A2H         LINE#         59
  C:56A8H         LINE#         60
  C:56A8H         LINE#         61
  C:56B2H         LINE#         62
  C:56B4H         LINE#         63
  C:56B4H         LINE#         64
  -------         ENDPROC       WAITINGSYSTEM
  -------         PROC          RESETSYSTEM
  C:50ADH         LINE#         66
  C:50ADH         LINE#         67
  C:50ADH         LINE#         68
  C:50D2H         LINE#         69
  C:50D5H         LINE#         70
  -------         ENDPROC       RESETSYSTEM
  C:4A6BH         SYMBOL        L?0156
  -------         PROC          L?0155
  -------         ENDPROC       L?0155
  C:4A6BH         SYMBOL        L?0156
  -------         PROC          _SYSTEMUP
  X:0339H         SYMBOL        dis
  C:4A73H         LINE#         75
  C:4A79H         LINE#         76
  C:4A79H         LINE#         77
  C:4A89H         LINE#         78
  C:4ABFH         LINE#         79
  C:4AC2H         LINE#         80
  -------         ENDPROC       _SYSTEMUP
  C:4AC5H         SYMBOL        L?0158
  -------         PROC          L?0157
  -------         ENDPROC       L?0157
  C:4AC5H         SYMBOL        L?0158
  -------         PROC          _SYSTEMDOWN
BL51 BANKED LINKER/LOCATER V6.00                                                      07/28/2017  21:19:49  PAGE 13


  X:0339H         SYMBOL        dis
  C:4ACDH         LINE#         83
  C:4AD3H         LINE#         84
  C:4AD3H         LINE#         85
  C:4AE3H         LINE#         86
  C:4B19H         LINE#         87
  C:4B1CH         LINE#         88
  -------         ENDPROC       _SYSTEMDOWN
  C:47A2H         SYMBOL        L?0160
  -------         PROC          L?0159
  -------         ENDPROC       L?0159
  C:47A2H         SYMBOL        L?0160
  -------         PROC          _SYSTEMLEFT
  X:0339H         SYMBOL        dis
  C:47AAH         LINE#         91
  C:47B0H         LINE#         92
  C:47B0H         LINE#         93
  C:47C0H         LINE#         94
  C:4806H         LINE#         95
  C:4809H         LINE#         96
  -------         ENDPROC       _SYSTEMLEFT
  C:480CH         SYMBOL        L?0162
  -------         PROC          L?0161
  -------         ENDPROC       L?0161
  C:480CH         SYMBOL        L?0162
  -------         PROC          _SYSTEMRIGHT
  X:0339H         SYMBOL        dis
  C:4814H         LINE#         99
  C:481AH         LINE#         100
  C:481AH         LINE#         101
  C:482AH         LINE#         102
  C:4870H         LINE#         103
  C:4873H         LINE#         104
  -------         ENDPROC       _SYSTEMRIGHT
  -------         PROC          DRAWLOOPSRTLINE
  -------         DO            
  X:0639H         SYMBOL        i
  -------         ENDDO         
  C:4B1FH         LINE#         108
  C:4B1FH         LINE#         109
  C:4B1FH         LINE#         110
  C:4B26H         LINE#         111
  C:4B26H         LINE#         112
  C:4B26H         LINE#         113
  C:4B2DH         LINE#         114
  C:4B2DH         LINE#         115
  C:4B30H         LINE#         116
  C:4B4DH         LINE#         117
  C:4B63H         LINE#         118
  C:4B63H         LINE#         119
  C:4B66H         LINE#         120
  -------         ENDPROC       DRAWLOOPSRTLINE
  -------         PROC          DRAWLOOPRECTANGLE
  -------         DO            
  X:0647H         SYMBOL        length
  -------         ENDDO         
  C:4ED9H         LINE#         124
BL51 BANKED LINKER/LOCATER V6.00                                                      07/28/2017  21:19:49  PAGE 14


  C:4ED9H         LINE#         125
  C:4ED9H         LINE#         126
  C:4EDFH         LINE#         127
  C:4EDFH         LINE#         128
  C:4EDFH         LINE#         129
  C:4EEBH         LINE#         130
  C:4EF7H         LINE#         131
  C:4F03H         LINE#         132
  C:4F0FH         LINE#         133
  -------         ENDPROC       DRAWLOOPRECTANGLE
  -------         PROC          DRAWLINE
  -------         DO            
  X:0402H         SYMBOL        x
  X:0406H         SYMBOL        y
  X:063BH         SYMBOL        tmp
  -------         ENDDO         
  C:3C44H         LINE#         136
  C:3C44H         LINE#         137
  C:3C44H         LINE#         139
  C:3C4BH         LINE#         140
  C:3C51H         LINE#         141
  C:3C51H         LINE#         142
  C:3C90H         LINE#         143
  C:3C99H         LINE#         144
  C:3CB7H         LINE#         145
  C:3CD4H         LINE#         147
  C:3CF9H         LINE#         148
  C:3CFCH         LINE#         149
  C:3CFFH         LINE#         152
  C:3D21H         LINE#         154
  -------         ENDPROC       DRAWLINE
  -------         PROC          READLEFT
  C:4F11H         LINE#         159
  C:4F11H         LINE#         160
  C:4F11H         LINE#         161
  C:4F21H         LINE#         162
  C:4F21H         LINE#         163
  C:4F21H         LINE#         164
  C:4F21H         LINE#         165
  C:4F29H         LINE#         166
  C:4F29H         LINE#         167
  C:4F2BH         LINE#         168
  C:4F2BH         LINE#         169
  C:4F2BH         LINE#         170
  C:4F2BH         LINE#         171
  C:4F2BH         LINE#         172
  C:4F2BH         LINE#         173
  C:4F33H         LINE#         174
  C:4F33H         LINE#         175
  C:4F35H         LINE#         176
  C:4F35H         LINE#         177
  C:4F35H         LINE#         178
  C:4F35H         LINE#         179
  C:4F35H         LINE#         180
  C:4F35H         LINE#         181
  C:4F3DH         LINE#         182
  C:4F3DH         LINE#         183
BL51 BANKED LINKER/LOCATER V6.00                                                      07/28/2017  21:19:49  PAGE 15


  C:4F3FH         LINE#         184
  C:4F3FH         LINE#         185
  C:4F3FH         LINE#         186
  C:4F3FH         LINE#         187
  C:4F3FH         LINE#         188
  C:4F3FH         LINE#         189
  C:4F47H         LINE#         190
  C:4F47H         LINE#         191
  C:4F48H         LINE#         192
  C:4F48H         LINE#         193
  C:4F48H         LINE#         194
  C:4F48H         LINE#         195
  C:4F48H         LINE#         196
  C:4F48H         LINE#         198
  C:4F48H         LINE#         199
  -------         ENDPROC       READLEFT
  -------         PROC          TURNLEFT
  C:50D8H         LINE#         201
  C:50D8H         LINE#         202
  C:50D8H         LINE#         203
  C:50E6H         LINE#         204
  C:50E6H         LINE#         205
  C:50E6H         LINE#         206
  C:50E6H         LINE#         207
  C:50F1H         LINE#         208
  C:50F1H         LINE#         209
  C:50F1H         LINE#         210
  C:50F1H         LINE#         211
  C:50F1H         LINE#         212
  C:50FCH         LINE#         213
  C:50FCH         LINE#         214
  C:50FCH         LINE#         215
  C:50FCH         LINE#         216
  C:50FCH         LINE#         217
  C:50FFH         LINE#         218
  C:50FFH         LINE#         219
  C:50FFH         LINE#         220
  C:50FFH         LINE#         221
  C:50FFH         LINE#         223
  C:50FFH         LINE#         224
  C:50FFH         LINE#         225
  C:50FFH         LINE#         226
  C:50FFH         LINE#         228
  C:50FFH         LINE#         229
  -------         ENDPROC       TURNLEFT
  -------         PROC          READRIGHT
  C:4F49H         LINE#         231
  C:4F49H         LINE#         232
  C:4F49H         LINE#         233
  C:4F59H         LINE#         234
  C:4F59H         LINE#         235
  C:4F59H         LINE#         236
  C:4F59H         LINE#         237
  C:4F61H         LINE#         238
  C:4F61H         LINE#         239
  C:4F63H         LINE#         240
  C:4F63H         LINE#         241
BL51 BANKED LINKER/LOCATER V6.00                                                      07/28/2017  21:19:49  PAGE 16


  C:4F63H         LINE#         242
  C:4F63H         LINE#         243
  C:4F63H         LINE#         244
  C:4F63H         LINE#         245
  C:4F6BH         LINE#         246
  C:4F6BH         LINE#         247
  C:4F6DH         LINE#         248
  C:4F6DH         LINE#         249
  C:4F6DH         LINE#         250
  C:4F6DH         LINE#         251
  C:4F6DH         LINE#         252
  C:4F6DH         LINE#         253
  C:4F75H         LINE#         254
  C:4F75H         LINE#         255
  C:4F77H         LINE#         256
  C:4F77H         LINE#         257
  C:4F77H         LINE#         258
  C:4F77H         LINE#         259
  C:4F77H         LINE#         260
  C:4F77H         LINE#         261
  C:4F7FH         LINE#         262
  C:4F7FH         LINE#         263
  C:4F80H         LINE#         264
  C:4F80H         LINE#         265
  C:4F80H         LINE#         266
  C:4F80H         LINE#         267
  C:4F80H         LINE#         268
  C:4F80H         LINE#         270
  C:4F80H         LINE#         271
  -------         ENDPROC       READRIGHT
  -------         PROC          TURNRIGHT
  C:51A0H         LINE#         273
  C:51A0H         LINE#         274
  C:51A0H         LINE#         275
  C:51ADH         LINE#         276
  C:51ADH         LINE#         277
  C:51ADH         LINE#         278
  C:51ADH         LINE#         279
  C:51B8H         LINE#         280
  C:51B8H         LINE#         281
  C:51B8H         LINE#         282
  C:51B8H         LINE#         283
  C:51B8H         LINE#         284
  C:51C3H         LINE#         285
  C:51C3H         LINE#         286
  C:51C3H         LINE#         287
  C:51C3H         LINE#         288
  C:51C3H         LINE#         290
  C:51C3H         LINE#         291
  C:51C3H         LINE#         292
  C:51C3H         LINE#         293
  C:51C3H         LINE#         294
  C:51C6H         LINE#         295
  C:51C6H         LINE#         296
  C:51C6H         LINE#         297
  C:51C6H         LINE#         298
  C:51C6H         LINE#         300
BL51 BANKED LINKER/LOCATER V6.00                                                      07/28/2017  21:19:49  PAGE 17


  C:51C6H         LINE#         301
  -------         ENDPROC       TURNRIGHT
  -------         PROC          GOSTRAIGHT
  C:5215H         LINE#         303
  C:5215H         LINE#         304
  C:5215H         LINE#         305
  C:5221H         LINE#         306
  C:5221H         LINE#         307
  C:5221H         LINE#         308
  C:5221H         LINE#         309
  C:522CH         LINE#         310
  C:522CH         LINE#         311
  C:522CH         LINE#         312
  C:522CH         LINE#         313
  C:522CH         LINE#         315
  C:522CH         LINE#         316
  C:522CH         LINE#         317
  C:522CH         LINE#         318
  C:522CH         LINE#         319
  C:5237H         LINE#         320
  C:5237H         LINE#         321
  C:5237H         LINE#         322
  C:5237H         LINE#         323
  C:5237H         LINE#         324
  C:523AH         LINE#         325
  C:523AH         LINE#         326
  C:523AH         LINE#         327
  C:523AH         LINE#         328
  C:523AH         LINE#         330
  C:523AH         LINE#         332
  -------         ENDPROC       GOSTRAIGHT
  -------         PROC          _DRAWCIRCLE
  X:05A8H         SYMBOL        x
  X:05ACH         SYMBOL        y
  -------         DO            
  X:05B0H         SYMBOL        tmp
  X:05B2H         SYMBOL        X
  X:05B6H         SYMBOL        Y
  X:05BAH         SYMBOL        subdivide
  X:05BEH         SYMBOL        angle
  -------         ENDDO         
  C:2BDAH         LINE#         334
  C:2BE0H         LINE#         335
  C:2BE0H         LINE#         336
  C:2BE7H         LINE#         337
  C:2BFBH         LINE#         338
  C:2C0FH         LINE#         339
  C:2C19H         LINE#         340
  C:2C23H         LINE#         343
  C:2C4CH         LINE#         344
  C:2C4CH         LINE#         345
  C:2C9AH         LINE#         346
  C:2CA3H         LINE#         348
  C:2CEAH         LINE#         349
  C:2D27H         LINE#         350
  C:2D64H         LINE#         351
  C:2D89H         LINE#         352
BL51 BANKED LINKER/LOCATER V6.00                                                      07/28/2017  21:19:49  PAGE 18


  C:2D8CH         LINE#         353
  C:2D8FH         LINE#         356
  C:2DA3H         LINE#         357
  -------         ENDPROC       _DRAWCIRCLE
  -------         PROC          TRACKING
  C:385EH         LINE#         362
  C:385EH         LINE#         364
  C:385EH         LINE#         366
  C:385EH         LINE#         367
  C:3866H         LINE#         368
  C:3866H         LINE#         369
  C:3866H         LINE#         371
  C:3866H         LINE#         375
  C:3869H         LINE#         376
  C:3871H         LINE#         377
  C:3871H         LINE#         378
  C:3874H         LINE#         380
  C:387AH         LINE#         383
  C:387DH         LINE#         384
  C:3885H         LINE#         385
  C:3885H         LINE#         386
  C:3888H         LINE#         388
  C:388EH         LINE#         391
  C:3891H         LINE#         392
  C:3899H         LINE#         393
  C:3899H         LINE#         394
  C:389CH         LINE#         396
  C:38A2H         LINE#         399
  C:38A5H         LINE#         400
  C:38B5H         LINE#         401
  C:38B5H         LINE#         402
  C:38B8H         LINE#         404
  C:38BEH         LINE#         407
  C:38C1H         LINE#         408
  C:38D1H         LINE#         409
  C:38D1H         LINE#         410
  C:38D4H         LINE#         412
  C:38DAH         LINE#         415
  C:38DDH         LINE#         416
  C:38EDH         LINE#         417
  C:38EDH         LINE#         418
  C:38F0H         LINE#         419
  C:38F3H         LINE#         421
  C:38F9H         LINE#         424
  C:38FCH         LINE#         425
  C:390CH         LINE#         426
  C:390CH         LINE#         427
  C:390FH         LINE#         428
  C:3912H         LINE#         430
  C:3918H         LINE#         433
  C:391AH         LINE#         434
  C:392AH         LINE#         435
  C:392AH         LINE#         436
  C:392DH         LINE#         437
  C:3930H         LINE#         439
  C:3936H         LINE#         442
  C:3938H         LINE#         443
BL51 BANKED LINKER/LOCATER V6.00                                                      07/28/2017  21:19:49  PAGE 19


  C:3948H         LINE#         444
  C:3948H         LINE#         445
  C:394BH         LINE#         446
  C:394EH         LINE#         448
  C:3957H         LINE#         451
  C:3959H         LINE#         453
  C:3959H         LINE#         454
  C:395CH         LINE#         455
  C:395CH         LINE#         456
  C:3966H         LINE#         457
  -------         ENDPROC       TRACKING
  -------         PROC          SYSTEMTEST
  C:5052H         LINE#         532
  C:5052H         LINE#         534
  C:5052H         LINE#         535
  C:5052H         LINE#         537
  C:505DH         LINE#         538
  C:5068H         LINE#         539
  C:5073H         LINE#         540
  C:507EH         LINE#         543
  -------         ENDPROC       SYSTEMTEST
  -------         PROC          PRINTGATESTATE
  C:48DFH         LINE#         546
  C:48DFH         LINE#         548
  C:48DFH         LINE#         549
  C:48DFH         LINE#         550
  C:48E9H         LINE#         551
  C:48E9H         LINE#         552
  C:48EDH         LINE#         553
  C:48EFH         LINE#         555
  C:48EFH         LINE#         556
  C:48F6H         LINE#         557
  C:48F6H         LINE#         558
  C:4900H         LINE#         559
  C:4900H         LINE#         560
  C:4904H         LINE#         561
  C:4906H         LINE#         563
  C:4906H         LINE#         564
  C:490DH         LINE#         565
  C:490DH         LINE#         566
  C:4917H         LINE#         567
  C:4917H         LINE#         568
  C:491BH         LINE#         569
  C:491DH         LINE#         571
  C:491DH         LINE#         572
  C:4924H         LINE#         573
  C:4924H         LINE#         575
  C:492EH         LINE#         576
  C:492EH         LINE#         577
  C:4932H         LINE#         578
  C:4934H         LINE#         580
  C:4934H         LINE#         581
  C:493BH         LINE#         582
  C:493BH         LINE#         583
  C:4945H         LINE#         585
  -------         ENDPROC       PRINTGATESTATE
  -------         PROC          PRINTADCVALUE
BL51 BANKED LINKER/LOCATER V6.00                                                      07/28/2017  21:19:49  PAGE 20


  C:4876H         LINE#         588
  C:4876H         LINE#         590
  C:4876H         LINE#         591
  C:4876H         LINE#         592
  C:488CH         LINE#         593
  C:48A2H         LINE#         594
  C:48B8H         LINE#         595
  C:48CEH         LINE#         596
  C:48D3H         LINE#         599
  C:48DDH         LINE#         600
  -------         ENDPROC       PRINTADCVALUE
  -------         PROC          SYSTEMGATEADC_VALUEUPDATE
  C:57AFH         LINE#         602
  C:57AFH         LINE#         604
  C:57AFH         LINE#         605
  C:57AFH         LINE#         606
  C:57B2H         LINE#         607
  C:57BCH         LINE#         608
  -------         ENDPROC       SYSTEMGATEADC_VALUEUPDATE
  -------         PROC          SYSTEMGATESTATEUPDATE
  C:57BEH         LINE#         610
  C:57BEH         LINE#         612
  C:57BEH         LINE#         613
  C:57BEH         LINE#         614
  C:57C1H         LINE#         615
  C:57CBH         LINE#         616
  -------         ENDPROC       SYSTEMGATESTATEUPDATE
  -------         PROC          LEFTSTEPMOTORSTATEUPDATE
  C:53EFH         LINE#         618
  C:53EFH         LINE#         620
  C:53EFH         LINE#         621
  C:53EFH         LINE#         622
  C:53F6H         LINE#         623
  C:53F6H         LINE#         624
  C:53F8H         LINE#         627
  C:53FAH         LINE#         629
  C:53FAH         LINE#         630
  C:5401H         LINE#         633
  C:5401H         LINE#         634
  C:540BH         LINE#         635
  -------         ENDPROC       LEFTSTEPMOTORSTATEUPDATE
  -------         PROC          RIGHTSTEPMOTORSTATEUPDATE
  C:540DH         LINE#         637
  C:540DH         LINE#         639
  C:540DH         LINE#         640
  C:540DH         LINE#         641
  C:5414H         LINE#         642
  C:5414H         LINE#         643
  C:5416H         LINE#         645
  C:5418H         LINE#         647
  C:5418H         LINE#         648
  C:541FH         LINE#         650
  C:541FH         LINE#         651
  C:5429H         LINE#         652
  -------         ENDPROC       RIGHTSTEPMOTORSTATEUPDATE
  -------         PROC          SYSTEMSTATEUPDATE
  C:523BH         LINE#         654
BL51 BANKED LINKER/LOCATER V6.00                                                      07/28/2017  21:19:49  PAGE 21


  C:523BH         LINE#         656
  C:523BH         LINE#         657
  C:523BH         LINE#         658
  C:524BH         LINE#         659
  C:524BH         LINE#         660
  C:524DH         LINE#         662
  C:524FH         LINE#         664
  C:524FH         LINE#         666
  C:5254H         LINE#         668
  C:5254H         LINE#         669
  C:525EH         LINE#         671
  -------         ENDPROC       SYSTEMSTATEUPDATE
  -------         ENDMOD        ABSTASK

  -------         MODULE        TASK
  C:0000H         SYMBOL        _ICE_DUMMY_
  D:0080H         PUBLIC        P0
  D:0090H         PUBLIC        P1
  D:00A0H         PUBLIC        P2
  D:00B0H         PUBLIC        P3
  D:00C0H         PUBLIC        P4
  D:00C8H         PUBLIC        P5
  D:00E8H         PUBLIC        P6
  D:00F8H         PUBLIC        P7
  D:00A8H         PUBLIC        IE
  D:00B8H         PUBLIC        IP
  C:3DEBH         SYMBOL        _twoPointDistance
  X:04F0H         SYMBOL        g_StepMotorCurrentWireLen
  X:04F8H         SYMBOL        g_StepMotorTargetWireLen
  C:216AH         SYMBOL        setStepMotorDis
  D:00D8H         PUBLIC        CCON
  D:0098H         PUBLIC        SCON
  D:0088H         PUBLIC        TCON
  C:5841H         PUBLIC        getCurrentCoordinate
  C:4DEBH         PUBLIC        startSystem
  X:0500H         SYMBOL        g_CurrentCoordinate
  D:00F0H         PUBLIC        B
  C:397CH         SYMBOL        _getWireLength
  X:0508H         SYMBOL        g_TargetCoordinate
  C:54F9H         PUBLIC        _setCurrentCoordinate
  D:00E0H         PUBLIC        ACC
  C:5515H         PUBLIC        _setTargetCoordinate
  C:4F8CH         SYMBOL        _getPulserCount
  C:5848H         PUBLIC        getSystemState
  C:574AH         PUBLIC        stopSystem
  X:0510H         SYMBOL        g_MotionSystemInfo
  C:584EH         PUBLIC        _setSystemState
  C:4D5DH         PUBLIC        MotionSystem_Init
  D:00D0H         PUBLIC        PSW
  -------         PROC          GETSYSTEMSTATE
  C:5848H         LINE#         42
  C:5848H         LINE#         43
  C:5848H         LINE#         44
  C:584DH         LINE#         45
  -------         ENDPROC       GETSYSTEMSTATE
  -------         PROC          _SETSYSTEMSTATE
  D:0007H         SYMBOL        state
BL51 BANKED LINKER/LOCATER V6.00                                                      07/28/2017  21:19:49  PAGE 22


  C:584EH         LINE#         46
  C:584EH         LINE#         47
  C:584EH         LINE#         48
  C:5853H         LINE#         49
  -------         ENDPROC       _SETSYSTEMSTATE
  -------         PROC          STARTSYSTEM
  C:4DEBH         LINE#         58
  C:4DEBH         LINE#         59
  C:4DEBH         LINE#         60
  C:4DF1H         LINE#         62
  C:4DF4H         LINE#         64
  C:4DF9H         LINE#         65
  C:4DFEH         LINE#         68
  C:4E12H         LINE#         69
  C:4E26H         LINE#         71
  C:4E27H         LINE#         72
  -------         ENDPROC       STARTSYSTEM
  -------         PROC          STOPSYSTEM
  C:574AH         LINE#         81
  C:574AH         LINE#         82
  C:574AH         LINE#         83
  C:574FH         LINE#         84
  C:5754H         LINE#         85
  C:5759H         LINE#         86
  C:575AH         LINE#         87
  -------         ENDPROC       STOPSYSTEM
  -------         PROC          _SETCURRENTCOORDINATE
  D:0004H         SYMBOL        x
  X:0290H         SYMBOL        y
  C:54F9H         LINE#         88
  C:54F9H         LINE#         89
  C:54F9H         LINE#         90
  C:54FFH         LINE#         91
  C:5513H         LINE#         92
  C:5514H         LINE#         93
  -------         ENDPROC       _SETCURRENTCOORDINATE
  -------         PROC          _SETTARGETCOORDINATE
  D:0004H         SYMBOL        x
  X:0341H         SYMBOL        y
  C:5515H         LINE#         103
  C:5515H         LINE#         104
  C:5515H         LINE#         105
  C:551BH         LINE#         106
  C:552FH         LINE#         108
  C:5530H         LINE#         110
  -------         ENDPROC       _SETTARGETCOORDINATE
  -------         PROC          GETCURRENTCOORDINATE
  C:5841H         LINE#         119
  C:5841H         LINE#         120
  C:5841H         LINE#         122
  C:5847H         LINE#         123
  -------         ENDPROC       GETCURRENTCOORDINATE
  -------         PROC          MOTIONSYSTEM_INIT
  C:4D5DH         LINE#         125
  C:4D5DH         LINE#         126
  C:4D5DH         LINE#         128
  C:4D82H         LINE#         129
BL51 BANKED LINKER/LOCATER V6.00                                                      07/28/2017  21:19:49  PAGE 23


  -------         ENDPROC       MOTIONSYSTEM_INIT
  -------         PROC          L?0024
  -------         ENDPROC       L?0024
  -------         PROC          _GETWIRELENGTH
  D:0003H         SYMBOL        wire
  X:039EH         SYMBOL        x
  X:03A2H         SYMBOL        y
  -------         DO            
  X:03A6H         SYMBOL        Length
  -------         ENDDO         
  C:397CH         LINE#         135
  C:397EH         LINE#         136
  C:397EH         LINE#         137
  C:3988H         LINE#         138
  C:398EH         LINE#         139
  C:398EH         LINE#         141
  C:39E0H         LINE#         146
  C:39E2H         LINE#         148
  C:39E2H         LINE#         150
  C:3A65H         LINE#         155
  C:3A65H         LINE#         156
  C:3A73H         LINE#         158
  -------         ENDPROC       _GETWIRELENGTH
  -------         PROC          _TWOPOINTDISTANCE
  X:039DH         SYMBOL        x1
  X:03A1H         SYMBOL        y1
  X:03A5H         SYMBOL        x2
  X:03A9H         SYMBOL        y2
  C:3DEBH         LINE#         160
  C:3DF1H         LINE#         161
  C:3DF1H         LINE#         162
  C:3EA9H         LINE#         163
  -------         ENDPROC       _TWOPOINTDISTANCE
  -------         PROC          L?0025
  -------         ENDPROC       L?0025
  -------         PROC          _GETPULSERCOUNT
  X:039DH         SYMBOL        distance
  C:4F8CH         LINE#         165
  C:4F92H         LINE#         166
  C:4F92H         LINE#         167
  C:4FB8H         LINE#         168
  -------         ENDPROC       _GETPULSERCOUNT
  -------         PROC          SETSTEPMOTORDIS
  -------         DO            
  X:033DH         SYMBOL        str
  X:036FH         SYMBOL        a
  X:0371H         SYMBOL        rightMotorPulse
  X:0375H         SYMBOL        leftMotorPulse
  X:0379H         SYMBOL        D_leftWireLength
  X:037DH         SYMBOL        D_rightWireLength
  X:0381H         SYMBOL        currentLeftWireLength
  X:0385H         SYMBOL        currentRightWireLength
  X:0389H         SYMBOL        targetLeftWireLength
  X:038DH         SYMBOL        targetRightWireLength
  X:0391H         SYMBOL        K
  X:0395H         SYMBOL        rightStepMotorSpeed
  X:0397H         SYMBOL        leftStepMotorSpeed
BL51 BANKED LINKER/LOCATER V6.00                                                      07/28/2017  21:19:49  PAGE 24


  X:0399H         SYMBOL        distance
  -------         ENDDO         
  C:216AH         LINE#         173
  C:216AH         LINE#         174
  C:216AH         LINE#         176
  C:2171H         LINE#         196
  C:2191H         LINE#         197
  C:21C4H         LINE#         209
  C:21E4H         LINE#         210
  C:2217H         LINE#         221
  C:223FH         LINE#         222
  C:2267H         LINE#         223
  C:2292H         LINE#         225
  C:22BDH         LINE#         233
  C:22DEH         LINE#         234
  C:22DEH         LINE#         235
  C:22E0H         LINE#         237
  C:22E2H         LINE#         239
  C:22E2H         LINE#         240
  C:22E9H         LINE#         242
  C:22E9H         LINE#         244
  C:230AH         LINE#         245
  C:230AH         LINE#         246
  C:230CH         LINE#         248
  C:230EH         LINE#         250
  C:230EH         LINE#         251
  C:2315H         LINE#         253
  C:2315H         LINE#         257
  C:2324H         LINE#         259
  C:2333H         LINE#         261
  C:2386H         LINE#         281
  C:23CBH         LINE#         292
  C:23EFH         LINE#         294
  C:23F7H         LINE#         295
  C:23F7H         LINE#         296
  C:2401H         LINE#         297
  C:2429H         LINE#         298
  C:242BH         LINE#         300
  C:242BH         LINE#         301
  C:2435H         LINE#         302
  C:2435H         LINE#         312
  C:245DH         LINE#         313
  C:2485H         LINE#         340
  C:2486H         LINE#         341
  -------         ENDPROC       SETSTEPMOTORDIS
  -------         ENDMOD        TASK

  -------         MODULE        SETUP
  C:0000H         SYMBOL        _ICE_DUMMY_
  D:0080H         PUBLIC        P0
  D:0090H         PUBLIC        P1
  D:00A0H         PUBLIC        P2
  D:00B0H         PUBLIC        P3
  D:00C0H         PUBLIC        P4
  D:00C8H         PUBLIC        P5
  D:00E8H         PUBLIC        P6
  C:4FB9H         PUBLIC        _UART1_init
BL51 BANKED LINKER/LOCATER V6.00                                                      07/28/2017  21:19:49  PAGE 25


  D:00F8H         PUBLIC        P7
  D:00A8H         PUBLIC        IE
  D:00B8H         PUBLIC        IP
  X:0529H         SYMBOL        g_StepMotorCurrentWireLen
  X:0531H         SYMBOL        g_StepMotorTargetWireLen
  D:00D8H         PUBLIC        CCON
  D:0098H         PUBLIC        SCON
  C:5624H         PUBLIC        setup
  D:0088H         PUBLIC        TCON
  X:0539H         SYMBOL        g_CurrentCoordinate
  D:00F0H         PUBLIC        B
  C:5886H         PUBLIC        test
  X:0541H         SYMBOL        g_TargetCoordinate
  D:00E0H         PUBLIC        ACC
  X:0549H         SYMBOL        g_MotionSystemInfo
  D:00D0H         PUBLIC        PSW
  -------         PROC          _UART1_INIT
  D:0004H         SYMBOL        BandRate
  -------         DO            
  X:028CH         SYMBOL        COMx_InitStructure
  -------         ENDDO         
  C:4FB9H         LINE#         37
  C:4FB9H         LINE#         38
  C:4FB9H         LINE#         40
  C:4FBFH         LINE#         41
  C:4FC3H         LINE#         42
  C:4FC7H         LINE#         43
  C:4FCDH         LINE#         44
  C:4FD0H         LINE#         45
  C:4FD3H         LINE#         46
  C:4FD5H         LINE#         47
  C:4FD8H         LINE#         48
  C:4FDAH         LINE#         49
  C:4FE5H         LINE#         50
  -------         ENDPROC       _UART1_INIT
  -------         PROC          TEST
  C:5886H         LINE#         52
  C:5886H         LINE#         53
  C:5886H         LINE#         55
  -------         ENDPROC       TEST
  -------         PROC          SETUP
  C:5624H         LINE#         56
  C:5624H         LINE#         57
  C:5624H         LINE#         59
  C:562FH         LINE#         60
  C:5632H         LINE#         61
  C:5635H         LINE#         62
  C:5638H         LINE#         63
  -------         ENDPROC       SETUP
  -------         ENDMOD        SETUP

  -------         MODULE        MODE
  C:0000H         SYMBOL        _ICE_DUMMY_
  C:5887H         PUBLIC        mode1
  C:5888H         PUBLIC        mode2
  C:5889H         PUBLIC        mode3
  C:588AH         PUBLIC        mode4
BL51 BANKED LINKER/LOCATER V6.00                                                      07/28/2017  21:19:49  PAGE 26


  C:588BH         PUBLIC        modeLauncher
  -------         PROC          MODE1
  C:5887H         LINE#         2
  C:5887H         LINE#         3
  C:5887H         LINE#         5
  -------         ENDPROC       MODE1
  -------         PROC          MODE2
  C:5888H         LINE#         7
  C:5888H         LINE#         8
  C:5888H         LINE#         10
  -------         ENDPROC       MODE2
  -------         PROC          MODE3
  C:5889H         LINE#         13
  C:5889H         LINE#         14
  C:5889H         LINE#         16
  -------         ENDPROC       MODE3
  -------         PROC          MODE4
  C:588AH         LINE#         18
  C:588AH         LINE#         19
  C:588AH         LINE#         21
  -------         ENDPROC       MODE4
  -------         PROC          MODELAUNCHER
  C:588BH         LINE#         22
  C:588BH         LINE#         23
  C:588BH         LINE#         25
  -------         ENDPROC       MODELAUNCHER
  -------         ENDMOD        MODE

  -------         MODULE        DIRECTION
  C:0000H         SYMBOL        _ICE_DUMMY_
  D:0080H         PUBLIC        P0
  D:0090H         PUBLIC        P1
  D:00A0H         PUBLIC        P2
  D:00B0H         PUBLIC        P3
  D:00C0H         PUBLIC        P4
  D:00C8H         PUBLIC        P5
  D:00E8H         PUBLIC        P6
  D:00F8H         PUBLIC        P7
  D:00A8H         PUBLIC        IE
  C:4736H         PUBLIC        gateStateUpdate
  D:00B8H         PUBLIC        IP
  X:046FH         SYMBOL        g_StepMotorCurrentWireLen
  X:0477H         SYMBOL        g_StepMotorTargetWireLen
  C:575BH         PUBLIC        _readGate
  D:00D8H         PUBLIC        CCON
  X:047FH         SYMBOL        gateState
  C:5652H         PUBLIC        _readGate_ADC_Value
  D:0098H         PUBLIC        SCON
  C:3258H         PUBLIC        gateADC_ValueUpdate
  D:0088H         PUBLIC        TCON
  C:542BH         PUBLIC        TrackingSystem_Init
  X:048BH         SYMBOL        g_CurrentCoordinate
  D:00F0H         PUBLIC        B
  X:0493H         SYMBOL        g_TargetCoordinate
  D:00E0H         PUBLIC        ACC
  X:049BH         SYMBOL        g_MotionSystemInfo
  D:00D0H         PUBLIC        PSW
BL51 BANKED LINKER/LOCATER V6.00                                                      07/28/2017  21:19:49  PAGE 27


  -------         PROC          TRACKINGSYSTEM_INIT
  -------         DO            
  X:028CH         SYMBOL        photogateADC
  -------         ENDDO         
  C:542BH         LINE#         25
  C:542BH         LINE#         26
  C:542BH         LINE#         34
  C:5431H         LINE#         35
  C:5435H         LINE#         36
  C:5439H         LINE#         37
  C:543CH         LINE#         38
  C:543EH         LINE#         39
  C:5440H         LINE#         40
  -------         ENDPROC       TRACKINGSYSTEM_INIT
  -------         PROC          _READGATE_ADC_VALUE
  D:0007H         SYMBOL        gate
  C:5652H         LINE#         44
  C:5652H         LINE#         45
  C:5652H         LINE#         46
  C:5665H         LINE#         47
  -------         ENDPROC       _READGATE_ADC_VALUE
  -------         PROC          _READGATE
  D:0007H         SYMBOL        gate
  C:575BH         LINE#         56
  C:575BH         LINE#         57
  C:575BH         LINE#         58
  C:576BH         LINE#         59
  -------         ENDPROC       _READGATE
  -------         PROC          GATEADC_VALUEUPDATE
  -------         DO            
  X:03DCH         SYMBOL        tmp
  X:03DDH         SYMBOL        loopTmp
  X:03DEH         SYMBOL        valueTmp
  -------         ENDDO         
  C:3258H         LINE#         68
  C:3258H         LINE#         69
  C:3258H         LINE#         70
  C:325EH         LINE#         71
  C:3261H         LINE#         73
  C:326DH         LINE#         74
  C:326DH         LINE#         75
  C:3286H         LINE#         76
  C:328EH         LINE#         77
  C:32B1H         LINE#         80
  C:32C1H         LINE#         81
  C:32C1H         LINE#         82
  C:32DAH         LINE#         83
  C:32E2H         LINE#         84
  C:3305H         LINE#         87
  C:3315H         LINE#         88
  C:3315H         LINE#         89
  C:332EH         LINE#         90
  C:3336H         LINE#         91
  C:3359H         LINE#         94
  C:3369H         LINE#         95
  C:3369H         LINE#         96
  C:3382H         LINE#         97
BL51 BANKED LINKER/LOCATER V6.00                                                      07/28/2017  21:19:49  PAGE 28


  C:338AH         LINE#         98
  C:33ADH         LINE#         99
  -------         ENDPROC       GATEADC_VALUEUPDATE
  -------         PROC          GATESTATEUPDATE
  C:4736H         LINE#         108
  C:4736H         LINE#         109
  C:4736H         LINE#         110
  C:4744H         LINE#         111
  C:4744H         LINE#         112
  C:474AH         LINE#         113
  C:474CH         LINE#         115
  C:474CH         LINE#         116
  C:4751H         LINE#         117
  C:4751H         LINE#         118
  C:475FH         LINE#         119
  C:475FH         LINE#         120
  C:4765H         LINE#         121
  C:4767H         LINE#         123
  C:4767H         LINE#         124
  C:476CH         LINE#         125
  C:476CH         LINE#         127
  C:477AH         LINE#         128
  C:477AH         LINE#         129
  C:4780H         LINE#         130
  C:4782H         LINE#         132
  C:4782H         LINE#         133
  C:4787H         LINE#         134
  C:4787H         LINE#         135
  C:4795H         LINE#         136
  C:4795H         LINE#         137
  C:479BH         LINE#         138
  C:479CH         LINE#         140
  C:479CH         LINE#         141
  C:47A1H         LINE#         142
  C:47A1H         LINE#         145
  -------         ENDPROC       GATESTATEUPDATE
  -------         ENDMOD        DIRECTION

  -------         MODULE        ?RTX51_TINY_KERNAL
  C:5666H         SEGMENT       ?RTX?TASKENT?S
  I:0038H         SEGMENT       ?RTX?TASKSP?S
  I:0024H         SEGMENT       ?RTX?TASKSTATE?S
  C:2487H         SEGMENT       ?RTX?CODE
  C:24D3H         PUBLIC        ?RTX?SET_ISR
  D:000CH         PUBLIC        ?RTX_CURRENTTASK
  D:0007H         PUBLIC        ?RTX_NEXTID
  C:24E9H         PUBLIC        ?RTX_NEXTTASK
  N:00FFH         PUBLIC        ?RTX_RAMTOP
  C:5666H         PUBLIC        ?RTX_TASKENTRY
  C:259DH         PUBLIC        ?RTX_TASKIDX
  I:0038H         PUBLIC        ?RTX_TASKSP
  I:0024H         PUBLIC        ?RTX_TASKSTATUS
  C:2564H         PUBLIC        MAIN
  C:24D4H         PUBLIC        OS_SWITCH_TASK
  C:24DBH         SYMBOL        ?C0001
  C:24E5H         SYMBOL        ?C0003
  C:24EAH         SYMBOL        ?C0005
BL51 BANKED LINKER/LOCATER V6.00                                                      07/28/2017  21:19:49  PAGE 29


  C:2504H         SYMBOL        ?C0007
  C:2506H         SYMBOL        ?C0009
  C:2510H         SYMBOL        ?C0011
  C:253DH         SYMBOL        ?C0012
  C:2523H         SYMBOL        ?C0013
  C:2528H         SYMBOL        ?C0015
  C:2533H         SYMBOL        ?C0016
  N:0000H         SYMBOL        ?RTX51_TINY_KERNAL
  N:F63CH         SYMBOL        ?RTX_CLOCK
  N:0008H         SYMBOL        ?RTX_REGISTERBANK
  D:000AH         SYMBOL        ?RTX_SAVEACC
  D:000BH         SYMBOL        ?RTX_SAVEPSW
  C:2487H         SYMBOL        ?RTX_STACKERROR
  D:00E0H         SYMBOL        ACC
  D:00F0H         SYMBOL        B
  N:0005H         SYMBOL        B_ACTIVE
  N:0007H         SYMBOL        B_IVL
  N:0007H         SYMBOL        B_RDY
  N:0004H         SYMBOL        B_READY
  N:0006H         SYMBOL        B_ROBIN
  N:0002H         SYMBOL        B_SIGNAL
  N:0003H         SYMBOL        B_TIMEOUT
  N:0000H         SYMBOL        B_WAITSIG
  N:0001H         SYMBOL        B_WAITTIM
  C:24B1H         SYMBOL        CHECKSTACK
  N:0000H         SYMBOL        CODE_BANKING
  N:0000H         SYMBOL        CPU_IDLE_CODE
  D:0083H         SYMBOL        DPH
  D:0082H         SYMBOL        DPL
  B:00A8H.7       SYMBOL        EA
  B:00A8H.4       SYMBOL        ES
  B:00A8H.1       SYMBOL        ET0
  B:00A8H.3       SYMBOL        ET1
  B:00A8H.0       SYMBOL        EX0
  B:00A8H.2       SYMBOL        EX1
  N:0014H         SYMBOL        FREE_STACK
  C:248BH         SYMBOL        HW_TIMER
  D:00A8H         SYMBOL        IE
  B:0088H.1       SYMBOL        IE0
  B:0088H.3       SYMBOL        IE1
  N:09C4H         SYMBOL        INT_CLOCK
  N:0001H         SYMBOL        INT_REGBANK
  B:0088H.0       SYMBOL        IT0
  B:0088H.2       SYMBOL        IT1
  N:0020H         SYMBOL        K_ACTIVE
  N:0080H         SYMBOL        K_IVL
  N:0080H         SYMBOL        K_RDY
  N:0010H         SYMBOL        K_READY
  N:0040H         SYMBOL        K_ROBIN
  N:0001H         SYMBOL        K_SIG
  N:0002H         SYMBOL        K_TMO
  N:0000H         SYMBOL        LONG_USR_INTR
  C:256DH         SYMBOL        MAIN1
  C:2577H         SYMBOL        MAIN1X
  C:2572H         SYMBOL        MAIN2
  C:255AH         SYMBOL        NOEVENT
  C:24CDH         SYMBOL        NOTIMEOUT
BL51 BANKED LINKER/LOCATER V6.00                                                      07/28/2017  21:19:49  PAGE 30


  C:24CBH         SYMBOL        NOWAITTIMEOUT
  C:24D4H         SYMBOL        OS_SWITCH_TASK1
  D:0087H         SYMBOL        PCON
  D:00D0H         SYMBOL        PSW
  N:00FFH         SYMBOL        RAMTOP
  N:0080H         SYMBOL        RDY_EVENT
  C:254EH         SYMBOL        SIGNALOFF
  C:255AH         SYMBOL        SIGNALON
  N:0004H         SYMBOL        SIG_EVENT
  D:0081H         SYMBOL        SP
  I:0025H         SYMBOL        TASKSTATE
  D:0088H         SYMBOL        TCON
  B:0088H.5       SYMBOL        TF0
  B:0088H.7       SYMBOL        TF1
  D:008CH         SYMBOL        TH0
  D:008DH         SYMBOL        TH1
  C:2556H         SYMBOL        TIMEOUTON
  C:248CH         SYMBOL        TIMERINT
  C:24BDH         SYMBOL        TIMERLOOP
  I:0024H         SYMBOL        TIMERVAL
  N:0000H         SYMBOL        TIMESHARING
  D:008AH         SYMBOL        TL0
  D:008BH         SYMBOL        TL1
  D:0089H         SYMBOL        TMOD
  N:0008H         SYMBOL        TMO_EVENT
  B:0088H.4       SYMBOL        TR0
  B:0088H.6       SYMBOL        TR1
  C:000BH         LINE#         271
  C:2487H         LINE#         279
  C:248BH         LINE#         282
  C:248CH         LINE#         299
  C:248FH         LINE#         301
  C:2492H         LINE#         302
  C:2495H         LINE#         303
  C:2497H         LINE#         305
  C:2499H         LINE#         306
  C:249BH         LINE#         307
  C:249DH         LINE#         308
  C:249FH         LINE#         309
  C:24A1H         LINE#         310
  C:24A3H         LINE#         311
  C:24A5H         LINE#         312
  C:24A7H         LINE#         316
  C:24A8H         LINE#         317
  C:24AAH         LINE#         318
  C:24ABH         LINE#         319
  C:24ACH         LINE#         320
  C:24AFH         LINE#         321
  C:24B1H         LINE#         322
  C:24B2H         LINE#         323
  C:24B4H         LINE#         324
  C:24B7H         LINE#         325
  C:24B9H         LINE#         329
  C:24BBH         LINE#         330
  C:24BDH         LINE#         331
  C:24BEH         LINE#         332
  C:24BFH         LINE#         333
BL51 BANKED LINKER/LOCATER V6.00                                                      07/28/2017  21:19:49  PAGE 31


  C:24C0H         LINE#         334
  C:24C2H         LINE#         335
  C:24C4H         LINE#         336
  C:24C5H         LINE#         337
  C:24C8H         LINE#         338
  C:24CAH         LINE#         339
  C:24CBH         LINE#         340
  C:24CDH         LINE#         341
  C:24CEH         LINE#         342
  C:24D0H         LINE#         344
  C:24D1H         LINE#         345
  C:24D3H         LINE#         354
  C:24D4H         LINE#         426
  C:24D6H         LINE#         427
  C:24D7H         LINE#         429
  C:24D8H         LINE#         430
  C:24DAH         LINE#         431
  C:24DBH         LINE#         434
  C:24DCH         LINE#         435
  C:24DDH         LINE#         436
  C:24DEH         LINE#         444
  C:24E1H         LINE#         445
  C:24E3H         LINE#         446
  C:24E5H         LINE#         449
  C:24E6H         LINE#         450
  C:24E9H         LINE#         458
  C:24EAH         LINE#         462
  C:24ECH         LINE#         463
  C:24EDH         LINE#         464
  C:24EEH         LINE#         465
  C:24F0H         LINE#         468
  C:24F2H         LINE#         470
  C:24F4H         LINE#         471
  C:24F6H         LINE#         472
  C:24F7H         LINE#         473
  C:24F8H         LINE#         474
  C:24F9H         LINE#         476
  C:24FBH         LINE#         478
  C:24FCH         LINE#         479
  C:24FDH         LINE#         480
  C:24FFH         LINE#         481
  C:2502H         LINE#         482
  C:2504H         LINE#         484
  C:2505H         LINE#         485
  C:2506H         LINE#         490
  C:2507H         LINE#         491
  C:2508H         LINE#         492
  C:250AH         LINE#         496
  C:250BH         LINE#         497
  C:250CH         LINE#         498
  C:250EH         LINE#         499
  C:2510H         LINE#         505
  C:2512H         LINE#         506
  C:2513H         LINE#         507
  C:2514H         LINE#         508
  C:2516H         LINE#         510
[...]
  D:009DH         PUBLIC        P1ASF
  D:00BEH         PUBLIC        ADC_RESL
  D:0097H         PUBLIC        PCON2
  C:4A0DH         PUBLIC        _Get_ADC10bitResult
  C:587CH         PUBLIC        ADC_int
  D:00D0H         PUBLIC        PSW
  -------         PROC          _ADC_INILIZE
  D:0001H         SYMBOL        ADCx
  C:4C21H         LINE#         22
  C:4C21H         LINE#         23
  C:4C21H         LINE#         24
  C:4C26H         LINE#         25
  C:4C34H         LINE#         26
  C:4C3DH         LINE#         27
  C:4C3DH         LINE#         28
BL51 BANKED LINKER/LOCATER V6.00                                                      07/28/2017  21:19:49  PAGE 80


  C:4C40H         LINE#         29
  C:4C42H         LINE#         31
  C:4C42H         LINE#         32
  C:4C45H         LINE#         33
  C:4C45H         LINE#         34
  C:4C4EH         LINE#         35
  C:4C4EH         LINE#         36
  C:4C51H         LINE#         37
  C:4C53H         LINE#         39
  C:4C53H         LINE#         40
  C:4C56H         LINE#         41
  C:4C56H         LINE#         42
  C:4C5FH         LINE#         43
  C:4C5FH         LINE#         44
  C:4C61H         LINE#         45
  C:4C63H         LINE#         47
  C:4C63H         LINE#         48
  C:4C65H         LINE#         49
  C:4C65H         LINE#         50
  C:4C6EH         LINE#         51
  C:4C6EH         LINE#         52
  C:4C70H         LINE#         53
  C:4C71H         LINE#         55
  C:4C71H         LINE#         56
  C:4C73H         LINE#         57
  C:4C73H         LINE#         58
  -------         ENDPROC       _ADC_INILIZE
  -------         PROC          _ADC_POWERCONTROL
  D:0007H         SYMBOL        pwr
  C:5805H         LINE#         66
  C:5805H         LINE#         67
  C:5805H         LINE#         68
  C:5809H         LINE#         69
  C:5809H         LINE#         70
  C:580CH         LINE#         71
  C:580DH         LINE#         73
  C:580DH         LINE#         74
  C:5810H         LINE#         75
  C:5810H         LINE#         76
  -------         ENDPROC       _ADC_POWERCONTROL
  -------         PROC          _GET_ADC10BITRESULT
  D:0007H         SYMBOL        channel
  -------         DO            
  D:0004H         SYMBOL        adc
  D:0003H         SYMBOL        i
  -------         ENDDO         
  C:4A0DH         LINE#         84
  C:4A0DH         LINE#         85
  C:4A0DH         LINE#         88
  C:4A13H         LINE#         89
  C:4A13H         LINE#         90
  C:4A15H         LINE#         91
  C:4A15H         LINE#         92
  C:4A18H         LINE#         93
  C:4A1AH         LINE#         94
  C:4A23H         LINE#         95
  C:4A27H         LINE#         96
BL51 BANKED LINKER/LOCATER V6.00                                                      07/28/2017  21:19:49  PAGE 81


  C:4A29H         LINE#         97
  C:4A29H         LINE#         98
  C:4A2EH         LINE#         99
  C:4A2EH         LINE#         100
  C:4A31H         LINE#         101
  C:4A36H         LINE#         102
  C:4A36H         LINE#         103
  C:4A3AH         LINE#         104
  C:4A3DH         LINE#         105
  C:4A3FH         LINE#         107
  C:4A3FH         LINE#         108
  C:4A45H         LINE#         109
  C:4A5CH         LINE#         110
  C:4A5CH         LINE#         111
  C:4A61H         LINE#         112
  C:4A61H         LINE#         113
  C:4A66H         LINE#         114
  C:4A6AH         LINE#         115
  -------         ENDPROC       _GET_ADC10BITRESULT
  -------         PROC          ADC_INT
  C:587CH         LINE#         123
  C:587CH         LINE#         125
  C:587FH         LINE#         126
  -------         ENDPROC       ADC_INT
  -------         ENDMOD        ADC

  -------         MODULE        ?C?FPADD
  C:0807H         PUBLIC        ?C?FPADD
  C:0803H         PUBLIC        ?C?FPSUB
  -------         ENDMOD        ?C?FPADD

  -------         MODULE        ?C?FPMUL
  C:08F8H         PUBLIC        ?C?FPMUL
  -------         ENDMOD        ?C?FPMUL

  -------         MODULE        ?C?FPDIV
  C:0A01H         PUBLIC        ?C?FPDIV
  -------         ENDMOD        ?C?FPDIV

  -------         MODULE        ?C?FPCMP
  C:0AA0H         PUBLIC        ?C?FPCMP
  C:0A9EH         PUBLIC        ?C?FPCMP3
  -------         ENDMOD        ?C?FPCMP

  -------         MODULE        ?C?FCAST
  C:0B15H         PUBLIC        ?C?FCASTC
  C:0B10H         PUBLIC        ?C?FCASTI
  C:0B0BH         PUBLIC        ?C?FCASTL
  -------         ENDMOD        ?C?FCAST

  -------         MODULE        ?C?CASTF
  C:0B49H         PUBLIC        ?C?CASTF
  -------         ENDMOD        ?C?CASTF

  -------         MODULE        PRINTF
  X:039DH         PUBLIC        ?_PRINTF?BYTE
  X:039DH         PUBLIC        ?_SPRINTF?BYTE
BL51 BANKED LINKER/LOCATER V6.00                                                      07/28/2017  21:19:49  PAGE 82


  C:19B8H         PUBLIC        _PRINTF
  C:19B2H         PUBLIC        _SPRINTF
  -------         ENDMOD        PRINTF

  -------         MODULE        FABS
  C:57F8H         PUBLIC        _FABS
  -------         ENDMOD        FABS

  -------         MODULE        SQRT
  C:3F62H         PUBLIC        _SQRT
  -------         ENDMOD        SQRT

  -------         MODULE        SIN
  C:2FB2H         PUBLIC        _COS
  C:2FC8H         PUBLIC        _SIN
  C:3004H         PUBLIC        _TAN
  -------         ENDMOD        SIN

  -------         MODULE        POW
  X:03AAH         PUBLIC        ?_pow?BYTE
  C:30F2H         PUBLIC        _pow
  -------         ENDMOD        POW

  -------         MODULE        ?C?CHKFLOAT
  C:0BCAH         PUBLIC        ?C?CHKFLOAT
  -------         ENDMOD        ?C?CHKFLOAT

  -------         MODULE        ?C?FPNEG
  C:0BE4H         PUBLIC        ?C?FPNEG
  -------         ENDMOD        ?C?FPNEG

  -------         MODULE        ?C?FPROUND
  C:0BF5H         PUBLIC        ?C?FPROUND
  -------         ENDMOD        ?C?FPROUND

  -------         MODULE        ?C?FPCONVERT
  C:0C32H         PUBLIC        ?C?FPCONVERT
  -------         ENDMOD        ?C?FPCONVERT

  -------         MODULE        EXP
  C:42CAH         PUBLIC        _EXP
  -------         ENDMOD        EXP

  -------         MODULE        LOG
  C:364CH         PUBLIC        _LOG
  C:3648H         PUBLIC        _LOG10
  -------         ENDMOD        LOG

  -------         MODULE        ?C?FTNPWR
  C:0DB4H         PUBLIC        ?C?FTNPWR
  -------         ENDMOD        ?C?FTNPWR

  -------         MODULE        ?C?COPY
  C:0EC4H         PUBLIC        ?C?COPY
  -------         ENDMOD        ?C?COPY

  -------         MODULE        ?C?CLDPTR
BL51 BANKED LINKER/LOCATER V6.00                                                      07/28/2017  21:19:49  PAGE 83


  C:0EEAH         PUBLIC        ?C?CLDPTR
  -------         ENDMOD        ?C?CLDPTR

  -------         MODULE        ?C?CLDOPTR
  C:0F03H         PUBLIC        ?C?CLDOPTR
  -------         ENDMOD        ?C?CLDOPTR

  -------         MODULE        ?C?CSTPTR
  C:0F30H         PUBLIC        ?C?CSTPTR
  -------         ENDMOD        ?C?CSTPTR

  -------         MODULE        ?C?CSTOPTR
  C:0F42H         PUBLIC        ?C?CSTOPTR
  -------         ENDMOD        ?C?CSTOPTR

  -------         MODULE        ?C?IMUL
  C:0F64H         PUBLIC        ?C?IMUL
  -------         ENDMOD        ?C?IMUL

  -------         MODULE        ?C?UIDIV
  C:0F76H         PUBLIC        ?C?UIDIV
  -------         ENDMOD        ?C?UIDIV

  -------         MODULE        ?C?IILDX
  C:0FCBH         PUBLIC        ?C?IILDX
  -------         ENDMOD        ?C?IILDX

  -------         MODULE        ?C?ILDOPTR
  C:0FE1H         PUBLIC        ?C?ILDOPTR
  -------         ENDMOD        ?C?ILDOPTR

  -------         MODULE        ?C?LMUL
  C:1019H         PUBLIC        ?C?LMUL
  -------         ENDMOD        ?C?LMUL

  -------         MODULE        ?C?ULDIV
  C:10A4H         PUBLIC        ?C?ULDIV
  -------         ENDMOD        ?C?ULDIV

  -------         MODULE        ?C?SLDIV
  C:4DA7H         PUBLIC        ?C?SLDIV
  -------         ENDMOD        ?C?SLDIV

  -------         MODULE        ?C?LNEG
  C:1136H         PUBLIC        ?C?LNEG
  -------         ENDMOD        ?C?LNEG

  -------         MODULE        ?C?ULCMP
  C:1144H         PUBLIC        ?C?ULCMP
  -------         ENDMOD        ?C?ULCMP

  -------         MODULE        ?C?ULSHR
  C:1155H         PUBLIC        ?C?ULSHR
  -------         ENDMOD        ?C?ULSHR

  -------         MODULE        ?C?LLDXDATA
  C:1168H         PUBLIC        ?C?LLDXDATA
BL51 BANKED LINKER/LOCATER V6.00                                                      07/28/2017  21:19:49  PAGE 84


  -------         ENDMOD        ?C?LLDXDATA

  -------         MODULE        ?C?LLDCODE
  C:1174H         PUBLIC        ?C?LLDCODE
  -------         ENDMOD        ?C?LLDCODE

  -------         MODULE        ?C?LLDXDATA0
  C:1184H         PUBLIC        ?C?LLDXDATA0
  -------         ENDMOD        ?C?LLDXDATA0

  -------         MODULE        ?C?LLDCODE0
  C:1190H         PUBLIC        ?C?LLDCODE0
  -------         ENDMOD        ?C?LLDCODE0

  -------         MODULE        ?C?LLDOPTR0
  C:11A0H         PUBLIC        ?C?LLDOPTR0
  -------         ENDMOD        ?C?LLDOPTR0

  -------         MODULE        ?C?LSTXDATA
  C:11D0H         PUBLIC        ?C?LSTXDATA
  -------         ENDMOD        ?C?LSTXDATA

  -------         MODULE        ?C?LSTKXDATA
  C:11DCH         PUBLIC        ?C?LSTKXDATA
  -------         ENDMOD        ?C?LSTKXDATA

  -------         MODULE        ?C?PLDIXDATA
  C:120DH         PUBLIC        ?C?PLDIXDATA
  -------         ENDMOD        ?C?PLDIXDATA

  -------         MODULE        ?C?PSTXDATA
  C:1224H         PUBLIC        ?C?PSTXDATA
  -------         ENDMOD        ?C?PSTXDATA

  -------         MODULE        ?C?CCASE
  C:122DH         PUBLIC        ?C?CCASE
  -------         ENDMOD        ?C?CCASE

  -------         MODULE        PUTCHAR
  C:51EEH         PUBLIC        _PUTCHAR
  -------         ENDMOD        PUTCHAR

  -------         MODULE        ?C?LLDIDATA0
  C:1253H         PUBLIC        ?C?LLDIDATA0
  -------         ENDMOD        ?C?LLDIDATA0

  -------         MODULE        ?C?LLDPDATA0
  C:1260H         PUBLIC        ?C?LLDPDATA0
  -------         ENDMOD        ?C?LLDPDATA0

*** WARNING L16: UNCALLED SEGMENT, IGNORED FOR OVERLAY PROCESS
    SEGMENT: ?PR?DRAWLOOPSRTLINE?ABSTASK

*** WARNING L16: UNCALLED SEGMENT, IGNORED FOR OVERLAY PROCESS
    SEGMENT: ?PR?DRAWLOOPRECTANGLE?ABSTASK

*** WARNING L16: UNCALLED SEGMENT, IGNORED FOR OVERLAY PROCESS
BL51 BANKED LINKER/LOCATER V6.00                                                      07/28/2017  21:19:49  PAGE 85


    SEGMENT: ?PR?DRAWLINE?ABSTASK

*** WARNING L16: UNCALLED SEGMENT, IGNORED FOR OVERLAY PROCESS
    SEGMENT: ?PR?READLEFT?ABSTASK

*** WARNING L16: UNCALLED SEGMENT, IGNORED FOR OVERLAY PROCESS
    SEGMENT: ?PR?TURNLEFT?ABSTASK

*** WARNING L16: UNCALLED SEGMENT, IGNORED FOR OVERLAY PROCESS
    SEGMENT: ?PR?READRIGHT?ABSTASK

*** WARNING L16: UNCALLED SEGMENT, IGNORED FOR OVERLAY PROCESS
    SEGMENT: ?PR?TURNRIGHT?ABSTASK

*** WARNING L16: UNCALLED SEGMENT, IGNORED FOR OVERLAY PROCESS
    SEGMENT: ?PR?GOSTRAIGHT?ABSTASK

*** WARNING L16: UNCALLED SEGMENT, IGNORED FOR OVERLAY PROCESS
    SEGMENT: ?PR?_DRAWCIRCLE?ABSTASK

*** WARNING L16: UNCALLED SEGMENT, IGNORED FOR OVERLAY PROCESS
    SEGMENT: ?PR?STOPSYSTEM?TASK

*** WARNING L16: UNCALLED SEGMENT, IGNORED FOR OVERLAY PROCESS
    SEGMENT: ?PR?TEST?SETUP

*** WARNING L16: UNCALLED SEGMENT, IGNORED FOR OVERLAY PROCESS
    SEGMENT: ?PR?MODE1?MODE

*** WARNING L16: UNCALLED SEGMENT, IGNORED FOR OVERLAY PROCESS
    SEGMENT: ?PR?MODE2?MODE

*** WARNING L16: UNCALLED SEGMENT, IGNORED FOR OVERLAY PROCESS
    SEGMENT: ?PR?MODE3?MODE

*** WARNING L16: UNCALLED SEGMENT, IGNORED FOR OVERLAY PROCESS
    SEGMENT: ?PR?MODE4?MODE

*** WARNING L16: UNCALLED SEGMENT, IGNORED FOR OVERLAY PROCESS
    SEGMENT: ?PR?MODELAUNCHER?MODE

*** WARNING L16: UNCALLED SEGMENT, IGNORED FOR OVERLAY PROCESS
    SEGMENT: ?PR?_WRITEDATA?STORAGE

*** WARNING L16: UNCALLED SEGMENT, IGNORED FOR OVERLAY PROCESS
    SEGMENT: ?PR?BUTTON_CONFIG?BUTTON

*** WARNING L16: UNCALLED SEGMENT, IGNORED FOR OVERLAY PROCESS
    SEGMENT: ?PR?_GETBUTTONSTATE?BUTTON

*** WARNING L16: UNCALLED SEGMENT, IGNORED FOR OVERLAY PROCESS
    SEGMENT: ?PR?BUTTONSCAN?BUTTON

*** WARNING L16: UNCALLED SEGMENT, IGNORED FOR OVERLAY PROCESS
    SEGMENT: ?PR?GETBOARD_LED_STATE?LED

*** WARNING L16: UNCALLED SEGMENT, IGNORED FOR OVERLAY PROCESS
BL51 BANKED LINKER/LOCATER V6.00                                                      07/28/2017  21:19:49  PAGE 86


    SEGMENT: ?PR?_BOARD_LED_PWM?LED

*** WARNING L16: UNCALLED SEGMENT, IGNORED FOR OVERLAY PROCESS
    SEGMENT: ?PR?_SETSTEPMOTORWITHDISTANCE?STEP_MOTOR

*** WARNING L16: UNCALLED SEGMENT, IGNORED FOR OVERLAY PROCESS
    SEGMENT: ?PR?_SETSTEPMOTORWITHROUND?STEP_MOTOR

*** WARNING L16: UNCALLED SEGMENT, IGNORED FOR OVERLAY PROCESS
    SEGMENT: ?PR?_FREESTEPMOTOR?STEP_MOTOR

*** WARNING L16: UNCALLED SEGMENT, IGNORED FOR OVERLAY PROCESS
    SEGMENT: ?PR?_LOCKSTEPMOTOR?STEP_MOTOR

*** WARNING L16: UNCALLED SEGMENT, IGNORED FOR OVERLAY PROCESS
    SEGMENT: ?PR?_LCD_CLR_ROW?LCD5510_V2

*** WARNING L16: UNCALLED SEGMENT, IGNORED FOR OVERLAY PROCESS
    SEGMENT: ?PR?_LCD_PRINTS?LCD5510_V2

*** WARNING L16: UNCALLED SEGMENT, IGNORED FOR OVERLAY PROCESS
    SEGMENT: ?PR?_LCD_PRINTSL?LCD5510_V2

*** WARNING L16: UNCALLED SEGMENT, IGNORED FOR OVERLAY PROCESS
    SEGMENT: ?PR?LCD5510_INIT?LCD5510_V2

*** WARNING L16: UNCALLED SEGMENT, IGNORED FOR OVERLAY PROCESS
    SEGMENT: ?PR?_ADC_CONFIG?ANGLE

*** WARNING L16: UNCALLED SEGMENT, IGNORED FOR OVERLAY PROCESS
    SEGMENT: ?PR?GETANGLE?ANGLE

*** WARNING L16: UNCALLED SEGMENT, IGNORED FOR OVERLAY PROCESS
    SEGMENT: ?PR?_SETPINSTATE?GPIO

*** WARNING L16: UNCALLED SEGMENT, IGNORED FOR OVERLAY PROCESS
    SEGMENT: ?PR?_SET_PWM_PERIOD?STC15_PWM

*** WARNING L16: UNCALLED SEGMENT, IGNORED FOR OVERLAY PROCESS
    SEGMENT: ?PR?_GET_PWM_PERIOD?STC15_PWM

*** WARNING L16: UNCALLED SEGMENT, IGNORED FOR OVERLAY PROCESS
    SEGMENT: ?PR?_SET_PWM_DUTY?STC15_PWM

*** WARNING L16: UNCALLED SEGMENT, IGNORED FOR OVERLAY PROCESS
    SEGMENT: ?PR?_GET_PWM_N_DUTY?STC15_PWM

*** WARNING L16: UNCALLED SEGMENT, IGNORED FOR OVERLAY PROCESS
    SEGMENT: ?PR?_SETPWM_DIV?STC15_PWM

*** WARNING L16: UNCALLED SEGMENT, IGNORED FOR OVERLAY PROCESS
    SEGMENT: ?PR?_GETPWM_DIV?STC15_PWM

*** WARNING L16: UNCALLED SEGMENT, IGNORED FOR OVERLAY PROCESS
    SEGMENT: ?PR?OPEN_PWM_ALL?STC15_PWM

*** WARNING L16: UNCALLED SEGMENT, IGNORED FOR OVERLAY PROCESS
BL51 BANKED LINKER/LOCATER V6.00                                                      07/28/2017  21:19:49  PAGE 87


    SEGMENT: ?PR?CLOSE_PWM_ALL?STC15_PWM

*** WARNING L16: UNCALLED SEGMENT, IGNORED FOR OVERLAY PROCESS
    SEGMENT: ?PR?_OPEN_PWM_N?STC15_PWM

*** WARNING L16: UNCALLED SEGMENT, IGNORED FOR OVERLAY PROCESS
    SEGMENT: ?PR?_CLOSE_PWM_N?STC15_PWM

*** WARNING L16: UNCALLED SEGMENT, IGNORED FOR OVERLAY PROCESS
    SEGMENT: ?PR?_GET_PWM_N_STATE?STC15_PWM

*** WARNING L16: UNCALLED SEGMENT, IGNORED FOR OVERLAY PROCESS
    SEGMENT: ?PR?_PWM_INILIZE?STC15_PWM

*** WARNING L16: UNCALLED SEGMENT, IGNORED FOR OVERLAY PROCESS
    SEGMENT: ?PR?_SETTIMEOUT?TIMER

*** WARNING L16: UNCALLED SEGMENT, IGNORED FOR OVERLAY PROCESS
    SEGMENT: ?PR?_GETTIMEROUT?TIMER

*** WARNING L16: UNCALLED SEGMENT, IGNORED FOR OVERLAY PROCESS
    SEGMENT: ?PR?_SETTIMERHERTZ?TIMER

*** WARNING L16: UNCALLED SEGMENT, IGNORED FOR OVERLAY PROCESS
    SEGMENT: ?PR?_GETTIMERHERTZ?TIMER

*** WARNING L16: UNCALLED SEGMENT, IGNORED FOR OVERLAY PROCESS
    SEGMENT: ?PR?_STOPTIMER?TIMER

*** WARNING L16: UNCALLED SEGMENT, IGNORED FOR OVERLAY PROCESS
    SEGMENT: ?PR?_ISSTOPPED?TIMER

*** WARNING L16: UNCALLED SEGMENT, IGNORED FOR OVERLAY PROCESS
    SEGMENT: ?PR?_ONRESTARTTIMER?TIMER

*** WARNING L16: UNCALLED SEGMENT, IGNORED FOR OVERLAY PROCESS
    SEGMENT: ?PR?GETMICROS?TIMER

*** WARNING L16: UNCALLED SEGMENT, IGNORED FOR OVERLAY PROCESS
    SEGMENT: ?PR?GETMILLIS?TIMER

*** WARNING L16: UNCALLED SEGMENT, IGNORED FOR OVERLAY PROCESS
    SEGMENT: ?PR?GETSECONDS?TIMER

*** WARNING L16: UNCALLED SEGMENT, IGNORED FOR OVERLAY PROCESS
    SEGMENT: ?PR?GETMINUTES?TIMER

*** WARNING L16: UNCALLED SEGMENT, IGNORED FOR OVERLAY PROCESS
    SEGMENT: ?PR?GETHOURS?TIMER

*** WARNING L16: UNCALLED SEGMENT, IGNORED FOR OVERLAY PROCESS
    SEGMENT: ?PR?GETDAYS?TIMER

*** WARNING L16: UNCALLED SEGMENT, IGNORED FOR OVERLAY PROCESS
    SEGMENT: ?PR?_PRINTSTRING2?USART1

*** WARNING L16: UNCALLED SEGMENT, IGNORED FOR OVERLAY PROCESS
BL51 BANKED LINKER/LOCATER V6.00                                                      07/28/2017  21:19:49  PAGE 88


    SEGMENT: ?PR?_PRINTSTRING3?USART1

*** WARNING L16: UNCALLED SEGMENT, IGNORED FOR OVERLAY PROCESS
    SEGMENT: ?PR?_PRINTSTRING4?USART1

*** WARNING L16: UNCALLED SEGMENT, IGNORED FOR OVERLAY PROCESS
    SEGMENT: ?PR?_ADC_POWERCONTROL?ADC

*** WARNING L15: MULTIPLE CALL TO SEGMENT
    SEGMENT: ?PR?_SYSTEMUP?ABSTASK
    CALLER1: ?PR?TRACKING?ABSTASK
    CALLER2: ?PR?SYSTEMTEST?ABSTASK

*** WARNING L15: MULTIPLE CALL TO SEGMENT
    SEGMENT: ?PR?_SETTARGETCOORDINATE?TASK
    CALLER1: ?PR?TRACKING?ABSTASK
    CALLER2: ?PR?SYSTEMTEST?ABSTASK

*** WARNING L15: MULTIPLE CALL TO SEGMENT
    SEGMENT: ?PR?SETSTEPMOTORDIS?TASK
    CALLER1: ?PR?TRACKING?ABSTASK
    CALLER2: ?PR?SYSTEMTEST?ABSTASK

*** WARNING L15: MULTIPLE CALL TO SEGMENT
    SEGMENT: ?PR?_GETWIRELENGTH?TASK
    CALLER1: ?PR?TRACKING?ABSTASK
    CALLER2: ?PR?SYSTEMTEST?ABSTASK

*** WARNING L15: MULTIPLE CALL TO SEGMENT
    SEGMENT: ?PR?_POW?POW
    CALLER1: ?PR?TRACKING?ABSTASK
    CALLER2: ?PR?SYSTEMTEST?ABSTASK

*** WARNING L15: MULTIPLE CALL TO SEGMENT
    SEGMENT: ?PR?LOG?LOG
    CALLER1: ?PR?TRACKING?ABSTASK
    CALLER2: ?PR?SYSTEMTEST?ABSTASK

*** WARNING L15: MULTIPLE CALL TO SEGMENT
    SEGMENT: ?PR?SQRT?SQRT
    CALLER1: ?PR?TRACKING?ABSTASK
    CALLER2: ?PR?SYSTEMTEST?ABSTASK

*** WARNING L15: MULTIPLE CALL TO SEGMENT
    SEGMENT: ?PR?PRINTF?PRINTF
    CALLER1: ?PR?TRACKING?ABSTASK
    CALLER2: ?PR?SYSTEMTEST?ABSTASK

*** WARNING L15: MULTIPLE CALL TO SEGMENT
    SEGMENT: ?PR?_SETSTEPMOTORDIVERSION?STEP_MOTOR
    CALLER1: ?PR?TRACKING?ABSTASK
    CALLER2: ?PR?SYSTEMTEST?ABSTASK

*** WARNING L15: MULTIPLE CALL TO SEGMENT
    SEGMENT: ?PR?_GETPULSERCOUNT?TASK
    CALLER1: ?PR?TRACKING?ABSTASK
    CALLER2: ?PR?SYSTEMTEST?ABSTASK
BL51 BANKED LINKER/LOCATER V6.00                                                      07/28/2017  21:19:49  PAGE 89



*** WARNING L15: MULTIPLE CALL TO SEGMENT
    SEGMENT: ?PR?_TWOPOINTDISTANCE?TASK
    CALLER1: ?PR?TRACKING?ABSTASK
    CALLER2: ?PR?SYSTEMTEST?ABSTASK

*** WARNING L15: MULTIPLE CALL TO SEGMENT
    SEGMENT: ?PR?_SETSTEPMOTORWITHPULSE?STEP_MOTOR
    CALLER1: ?PR?TRACKING?ABSTASK
    CALLER2: ?PR?SYSTEMTEST?ABSTASK

*** WARNING L15: MULTIPLE CALL TO SEGMENT
    SEGMENT: ?PR?_SETPULSE?FIXEDPULSER
    CALLER1: ?PR?TRACKING?ABSTASK
    CALLER2: ?PR?SYSTEMTEST?ABSTASK

*** WARNING L15: MULTIPLE CALL TO SEGMENT
    SEGMENT: ?PR?_SYSTEMRIGHT?ABSTASK
    CALLER1: ?PR?TRACKING?ABSTASK
    CALLER2: ?PR?SYSTEMTEST?ABSTASK

*** WARNING L15: MULTIPLE CALL TO SEGMENT
    SEGMENT: ?PR?_SYSTEMDOWN?ABSTASK
    CALLER1: ?PR?TRACKING?ABSTASK
    CALLER2: ?PR?SYSTEMTEST?ABSTASK

*** WARNING L15: MULTIPLE CALL TO SEGMENT
    SEGMENT: ?PR?_SYSTEMLEFT?ABSTASK
    CALLER1: ?PR?TRACKING?ABSTASK
    CALLER2: ?PR?SYSTEMTEST?ABSTASK

******************************************************************************
* RESTRICTED VERSION WITH FFFFH BYTE CODE SIZE LIMIT; USED: 39CDH BYTE (22%) *
******************************************************************************

Program Size: data=57.4 xdata=1610 code=20647
LINK/LOCATE RUN COMPLETE.  78 WARNING(S),  0 ERROR(S)
