BL51 BANKED LINKER/LOCATER V6.00                                                        07/28/2017  08:56:32  PAGE 1


BL51 BANKED LINKER/LOCATER V6.00, INVOKED BY:
C:\KEIL_V5\C51\BIN\BL51.EXE .\absTask.obj, .\task.obj, .\setup.obj, .\mode.obj, .\direction.obj, .\Conf_tny.obj, .\FILTE
>> R.obj, .\DataScope_DP.obj, .\storage.obj, .\BUTTON.obj, .\LED.obj, .\STEP_MOTOR.obj, .\LCD5510_V2.obj, .\fixedPulser.
>> obj, .\delay.obj, .\GPIO.obj, .\stc15_pwm.obj, .\timer.obj, .\USART1.obj TO 悬挂运动控制系统 RTX51TINY RAMSIZE (256)


MEMORY MODEL: LARGE WITH FLOATING POINT ARITHMETIC


INPUT MODULES INCLUDED:
  .\absTask.obj (ABSTASK)
  .\task.obj (TASK)
  .\setup.obj (SETUP)
  .\mode.obj (MODE)
  .\direction.obj (DIRECTION)
  .\Conf_tny.obj (?RTX51_TINY_KERNAL)
  .\FILTER.obj (FILTER)
  .\DataScope_DP.obj (DATASCOPE_DP)
  .\storage.obj (STORAGE)
  .\BUTTON.obj (BUTTON)
  .\LED.obj (LED)
  .\STEP_MOTOR.obj (STEP_MOTOR)
  .\LCD5510_V2.obj (LCD5510_V2)
  .\fixedPulser.obj (FIXEDPULSER)
  .\delay.obj (DELAY)
  .\GPIO.obj (GPIO)
  .\stc15_pwm.obj (STC15_PWM)
  .\timer.obj (TIMER)
  .\USART1.obj (USART1)
  C:\KEIL_V5\C51\LIB\RTX51TNY.LIB (?RTX51_TINY_OS_CREATE)
  C:\KEIL_V5\C51\LIB\RTX51TNY.LIB (?RTX51_TINY_OS_DELETE)
  C:\KEIL_V5\C51\LIB\RTX51TNY.LIB (?RTX51_TINY_OS_WAIT)
  C:\KEIL_V5\C51\LIB\C51FPL.LIB (?C?FPADD)
  C:\KEIL_V5\C51\LIB\C51FPL.LIB (?C?FPMUL)
  C:\KEIL_V5\C51\LIB\C51FPL.LIB (?C?FPDIV)
  C:\KEIL_V5\C51\LIB\C51FPL.LIB (?C?FPCMP)
  C:\KEIL_V5\C51\LIB\C51FPL.LIB (?C?FCAST)
  C:\KEIL_V5\C51\LIB\C51FPL.LIB (?C?CASTF)
  C:\KEIL_V5\C51\LIB\C51FPL.LIB (PRINTF)
  C:\KEIL_V5\C51\LIB\C51FPL.LIB (FABS)
  C:\KEIL_V5\C51\LIB\C51FPL.LIB (SQRT)
  C:\KEIL_V5\C51\LIB\C51FPL.LIB (SIN)
  C:\KEIL_V5\C51\LIB\C51FPL.LIB (POW)
  C:\KEIL_V5\C51\LIB\C51FPL.LIB (?C?FPGETOPN)
  C:\KEIL_V5\C51\LIB\C51FPL.LIB (?C?CHKFLOAT)
  C:\KEIL_V5\C51\LIB\C51FPL.LIB (?C?FPNEG)
  C:\KEIL_V5\C51\LIB\C51FPL.LIB (?C?FPROUND)
  C:\KEIL_V5\C51\LIB\C51FPL.LIB (?C?FPCONVERT)
  C:\KEIL_V5\C51\LIB\C51FPL.LIB (?C?FPSERIES)
  C:\KEIL_V5\C51\LIB\C51FPL.LIB (EXP)
  C:\KEIL_V5\C51\LIB\C51FPL.LIB (LOG)
  C:\KEIL_V5\C51\LIB\C51FPL.LIB (?C?FTNPWR)
  C:\KEIL_V5\C51\LIB\C51L.LIB (?C_STARTUP)
  C:\KEIL_V5\C51\LIB\C51L.LIB (?C?COPY)
  C:\KEIL_V5\C51\LIB\C51L.LIB (?C?CLDPTR)
  C:\KEIL_V5\C51\LIB\C51L.LIB (?C?CLDOPTR)
  C:\KEIL_V5\C51\LIB\C51L.LIB (?C?CSTPTR)
  C:\KEIL_V5\C51\LIB\C51L.LIB (?C?CSTOPTR)
BL51 BANKED LINKER/LOCATER V6.00                                                      07/28/2017  08:56:32  PAGE 2


  C:\KEIL_V5\C51\LIB\C51L.LIB (?C?IMUL)
  C:\KEIL_V5\C51\LIB\C51L.LIB (?C?UIDIV)
  C:\KEIL_V5\C51\LIB\C51L.LIB (?C?IILDX)
  C:\KEIL_V5\C51\LIB\C51L.LIB (?C?ILDOPTR)
  C:\KEIL_V5\C51\LIB\C51L.LIB (?C?LMUL)
  C:\KEIL_V5\C51\LIB\C51L.LIB (?C?ULDIV)
  C:\KEIL_V5\C51\LIB\C51L.LIB (?C?SLDIV)
  C:\KEIL_V5\C51\LIB\C51L.LIB (?C?LNEG)
  C:\KEIL_V5\C51\LIB\C51L.LIB (?C?ULCMP)
  C:\KEIL_V5\C51\LIB\C51L.LIB (?C?ULSHR)
  C:\KEIL_V5\C51\LIB\C51L.LIB (?C?LLDXDATA)
  C:\KEIL_V5\C51\LIB\C51L.LIB (?C?LLDCODE)
  C:\KEIL_V5\C51\LIB\C51L.LIB (?C?LLDXDATA0)
  C:\KEIL_V5\C51\LIB\C51L.LIB (?C?LLDCODE0)
  C:\KEIL_V5\C51\LIB\C51L.LIB (?C?LLDOPTR0)
  C:\KEIL_V5\C51\LIB\C51L.LIB (?C?LSTXDATA)
  C:\KEIL_V5\C51\LIB\C51L.LIB (?C?LSTKXDATA)
  C:\KEIL_V5\C51\LIB\C51L.LIB (?C?PLDIXDATA)
  C:\KEIL_V5\C51\LIB\C51L.LIB (?C?PSTXDATA)
  C:\KEIL_V5\C51\LIB\C51L.LIB (?C?CCASE)
  C:\KEIL_V5\C51\LIB\C51L.LIB (PUTCHAR)
  C:\KEIL_V5\C51\LIB\C51L.LIB (?C_INIT)
  C:\KEIL_V5\C51\LIB\C51L.LIB (?C?LLDIDATA0)
  C:\KEIL_V5\C51\LIB\C51L.LIB (?C?LLDPDATA0)


TASK TABLE OF MODULE:  悬挂运动控制系统 (ABSTASK)

TASKID   PRIORITY   REG-BANK   SEGMENT NAME
-------------------------------------------
0        0          0          ?PR?TASKSTART?ABSTASK
1        0          0          ?PR?LEFTSTEPMOTORSTATEUPDATE?ABSTASK
2        0          0          ?PR?RIGHTSTEPMOTORSTATEUPDATE?ABSTASK
3        0          0          ?PR?SYSTEMSTATEUPDATE?ABSTASK
8        0          0          ?PR?SYSTEMTEST?ABSTASK



LINK MAP OF MODULE:  悬挂运动控制系统 (ABSTASK)


            TYPE    BASE      LENGTH    RELOCATION   SEGMENT NAME
            -----------------------------------------------------

            * * * * * * *   D A T A   M E M O R Y   * * * * * * *
            REG     0000H     0008H     ABSOLUTE     "REG BANK 0"
            DATA    0008H     0005H     ABSOLUTE     
            DATA    000DH     000AH     UNIT         _DATA_GROUP_
            IDATA   0017H     0009H     UNIT         ?RTX?TASKSP?S
            BIT     0020H.0   0002H.2   UNIT         _BIT_GROUP_
            BIT     0022H.2   0000H.4   UNIT         ?BI?BUTTON
            BIT     0022H.6   0000H.2   UNIT         ?BI?FIXEDPULSER
            BIT     0023H.0   0000H.1   UNIT         ?BI?LED
            BIT     0023H.1   0000H.1   UNIT         ?BI?_SETPINSTATE?GPIO
                    0023H.2   0000H.6                *** GAP ***
            IDATA   0024H     0012H     UNIT         ?RTX?TASKSTATE?S
            IDATA   0036H     0001H     UNIT         ?STACK
BL51 BANKED LINKER/LOCATER V6.00                                                      07/28/2017  08:56:32  PAGE 3



            * * * * * * *  X D A T A   M E M O R Y  * * * * * * *
            XDATA   0000H     028CH     UNIT         ?XD?USART1
            XDATA   028CH     00F2H     UNIT         _XDATA_GROUP_
            XDATA   037EH     006BH     UNIT         ?XD?ABSTASK
            XDATA   03E9H     003CH     UNIT         ?XD?STC15_PWM
            XDATA   0425H     0039H     UNIT         ?XD?TASK
            XDATA   045EH     0039H     UNIT         ?XD?SETUP
            XDATA   0497H     0039H     UNIT         ?XD?DIRECTION
            XDATA   04D0H     002AH     UNIT         ?XD?DATASCOPE_DP
            XDATA   04FAH     001CH     UNIT         ?XD?STEP_MOTOR
            XDATA   0516H     0018H     UNIT         ?XD?FIXEDPULSER
            XDATA   052EH     0016H     UNIT         ?XD?TIMER
            XDATA   0544H     0010H     UNIT         ?XD?_FILTER?FILTER
            XDATA   0554H     000AH     UNIT         ?XD?_FLOAT2BYTE?DATASCOPE_DP
            XDATA   055EH     0007H     UNIT         ?XD?_SETSTEPMOTORWITHDISTANCE?STEP_MOTOR
            XDATA   0565H     0007H     UNIT         ?XD?_SETSTEPMOTORWITHANGLE?STEP_MOTOR
            XDATA   056CH     0006H     UNIT         ?XD?_SENDSCOPEDATA?DATASCOPE_DP
            XDATA   0572H     0005H     UNIT         ?XD?_DATASCOPE_GET_CHANNEL_DATA?DATASCOPE_DP
            XDATA   0577H     0005H     UNIT         ?XD?_WRITEDATA?STORAGE
            XDATA   057CH     0005H     UNIT         ?XD?_LCD_PRINTS?LCD5510_V2
            XDATA   0581H     0005H     UNIT         ?XD?_LCD_PRINTSL?LCD5510_V2
            XDATA   0586H     0005H     UNIT         ?XD?_SET_PWM_DUTY?STC15_PWM
            XDATA   058BH     0004H     UNIT         ?XD?_SYSTEMUP?ABSTASK
            XDATA   058FH     0004H     UNIT         ?XD?_SYSTEMDOWN?ABSTASK
            XDATA   0593H     0004H     UNIT         ?XD?_SYSTEMLEFT?ABSTASK
            XDATA   0597H     0004H     UNIT         ?XD?_SYSTEMRIGHT?ABSTASK
            XDATA   059BH     0002H     UNIT         ?XD?DRAWLOOPSRTLINE?ABSTASK
            XDATA   059DH     0002H     UNIT         ?XD?DRAWLINE?ABSTASK
            XDATA   059FH     0002H     UNIT         ?XD?BUTTON_CONFIG?BUTTON
            XDATA   05A1H     0002H     UNIT         ?XD?_SETSTEPMOTORWITHROUND?STEP_MOTOR
            XDATA   05A3H     0002H     UNIT         ?XD?LCD5510_INIT?LCD5510_V2
            XDATA   05A5H     0002H     UNIT         ?XD?_SET_PWM_PERIOD?STC15_PWM
            XDATA   05A7H     0002H     UNIT         ?XD?_PWM_INILIZE?STC15_PWM
            XDATA   05A9H     0001H     UNIT         ?XD?DRAWLOOPRECTANGLE?ABSTASK
            XDATA   05AAH     0001H     UNIT         ?XD?_BOARD_LED_PWM?LED
            XDATA   05ABH     0001H     UNIT         ?XD?_CLOSE_STEPMOTOR?STEP_MOTOR

            * * * * * * *   C O D E   M E M O R Y   * * * * * * *
            CODE    0000H     0003H     ABSOLUTE     
                    0003H     0008H                  *** GAP ***
            CODE    000BH     0003H     ABSOLUTE     
                    000EH     0015H                  *** GAP ***
            CODE    0023H     0003H     ABSOLUTE     
                    0026H     001DH                  *** GAP ***
            CODE    0043H     0003H     ABSOLUTE     
                    0046H     001DH                  *** GAP ***
            CODE    0063H     0003H     ABSOLUTE     
                    0066H     0025H                  *** GAP ***
            CODE    008BH     0003H     ABSOLUTE     
                    008EH     0005H                  *** GAP ***
            CODE    0093H     0003H     ABSOLUTE     
                    0096H     0005H                  *** GAP ***
            CODE    009BH     0003H     ABSOLUTE     
                    009EH     0762H                  *** GAP ***
            CODE    0800H     0A6DH     UNIT         ?C?LIB_CODE
            CODE    126DH     06E0H     UNIT         ?PR?_USART_CONFIGURATION?USART1
BL51 BANKED LINKER/LOCATER V6.00                                                      07/28/2017  08:56:32  PAGE 4


            CODE    194DH     04B1H     UNIT         ?PR?SETSTEPMOTORDIS?TASK
            CODE    1DFEH     0483H     UNIT         ?PR?PRINTF?PRINTF
            CODE    2281H     039AH     UNIT         ?PR?_PWM_INILIZE?STC15_PWM
            CODE    261BH     0288H     UNIT         ?RTX?CODE
            CODE    28A3H     0279H     UNIT         ?CO?LCD5510_V2
            CODE    2B1CH     0252H     UNIT         ?PR?_TIMER_INILIZE?TIMER
            CODE    2D6EH     01CCH     UNIT         ?PR?_DRAWCIRCLE?ABSTASK
            CODE    2F3AH     01C4H     UNIT         ?PR?_GPIO_INILIZE?GPIO
            CODE    30FEH     0188H     UNIT         ?PR?SIN?SIN
            CODE    3286H     0166H     UNIT         ?PR?_POW?POW
            CODE    33ECH     0136H     UNIT         ?PR?_FILTER?FILTER
            CODE    3522H     0134H     UNIT         ?PR?_DATASCOPE_GET_CHANNEL_DATA?DATASCOPE_DP
            CODE    3656H     0129H     UNIT         ?PR?LOG?LOG
            CODE    377FH     011DH     UNIT         ?CO?TASK
            CODE    389CH     010BH     UNIT         ?PR?_GETWIRELENGTH?TASK
            CODE    39A7H     00ECH     UNIT         ?PR?_SETPULSE?FIXEDPULSER
            CODE    3A93H     00E4H     UNIT         ?PR?_SET_PWM_DUTY?STC15_PWM
            CODE    3B77H     00E0H     UNIT         ?PR?DRAWLINE?ABSTASK
            CODE    3C57H     00C8H     UNIT         ?PR?_STEPMOTOR_INIT?STEP_MOTOR
            CODE    3D1FH     00C7H     UNIT         ?PR?_SETSTEPMOTORWITHDISTANCE?STEP_MOTOR
            CODE    3DE6H     00BFH     UNIT         ?PR?_TWOPOINTDISTANCE?TASK
            CODE    3EA5H     00ACH     UNIT         ?C_INITSEG
            CODE    3F51H     00ACH     UNIT         ?PR?SQRT?SQRT
            CODE    3FFDH     00AAH     UNIT         ?PR?_FLOAT2BYTE?DATASCOPE_DP
            CODE    40A7H     00A5H     UNIT         ?PR?_DATASCOPE_DATA_GENERATE?DATASCOPE_DP
            CODE    414CH     009AH     UNIT         ?PR?_PWM_SET_T12_PERIOD?STC15_PWM
            CODE    41E6H     009AH     UNIT         ?PR?EXP?EXP
            CODE    4280H     008CH     UNIT         ?C_C51STARTUP
            CODE    430CH     0085H     UNIT         ?PR?UART2_INT?USART1
            CODE    4391H     0085H     UNIT         ?PR?UART3_INT?USART1
            CODE    4416H     0085H     UNIT         ?PR?UART4_INT?USART1
            CODE    449BH     007FH     UNIT         ?PR?UART1_INT?USART1
            CODE    451AH     007BH     UNIT         ?PR?PULSER_1INT?FIXEDPULSER
            CODE    4595H     007BH     UNIT         ?PR?PULSER_2INT?FIXEDPULSER
            CODE    4610H     0067H     UNIT         ?PR?DRAWLOOPSRTLINE?ABSTASK
            CODE    4677H     0065H     UNIT         ?PR?_SETSTEPMOTORWITHANGLE?STEP_MOTOR
            CODE    46DCH     0062H     UNIT         ?PR?_SYSTEMLEFT?ABSTASK
            CODE    473EH     0062H     UNIT         ?PR?_SYSTEMRIGHT?ABSTASK
            CODE    47A0H     0061H     UNIT         ?PR?_SET_PWM_PERIOD?STC15_PWM
            CODE    4801H     0057H     UNIT         ?PR?BUTTONSCAN?BUTTON
            CODE    4858H     0054H     UNIT         ?PR?TIMERINIT?TIMER
            CODE    48ACH     0052H     UNIT         ?PR?_SYSTEMUP?ABSTASK
            CODE    48FEH     0052H     UNIT         ?PR?_SYSTEMDOWN?ABSTASK
            CODE    4950H     004EH     UNIT         ?PR?LCD5510_INIT?LCD5510_V2
            CODE    499EH     004BH     UNIT         ?PR?_LCD_PRINTSL?LCD5510_V2
            CODE    49E9H     004AH     UNIT         ?PR?MOTIONSYSTEM_INIT?TASK
            CODE    4A33H     0046H     UNIT         ?PR?TASKSTART?ABSTASK
            CODE    4A79H     0044H     UNIT         ?C?LDIV
            CODE    4ABDH     003DH     UNIT         ?PR?STARTSYSTEM?TASK
            CODE    4AFAH     003DH     UNIT         ?PR?_LCD_PRINTC?LCD5510_V2
            CODE    4B37H     003BH     UNIT         ?PR?_LCD_PRINTS?LCD5510_V2
            CODE    4B72H     0039H     UNIT         ?PR?_SENDSCOPEDATA?DATASCOPE_DP
            CODE    4BABH     0039H     UNIT         ?PR?_SETSTEPMOTORWITHROUND?STEP_MOTOR
            CODE    4BE4H     0038H     UNIT         ?PR?DRAWLOOPRECTANGLE?ABSTASK
            CODE    4C1CH     0038H     UNIT         ?PR?_GETPULSERCOUNT?TASK
            CODE    4C54H     0035H     UNIT         ?PR?_UART1_INIT?SETUP
            CODE    4C89H     0032H     UNIT         ?CO?ABSTASK
BL51 BANKED LINKER/LOCATER V6.00                                                      07/28/2017  08:56:32  PAGE 5


            CODE    4CBBH     002DH     UNIT         ?PR?PULSERINIT?FIXEDPULSER
            CODE    4CE8H     002BH     UNIT         ?PR?RESETSYSTEM?ABSTASK
            CODE    4D13H     0028H     UNIT         ?PR?_OPEN_PWM_N?STC15_PWM
            CODE    4D3BH     0028H     UNIT         ?PR?_TX2_WRITE2BUFF?USART1
            CODE    4D63H     0028H     UNIT         ?PR?_TX3_WRITE2BUFF?USART1
            CODE    4D8BH     0028H     UNIT         ?PR?_TX4_WRITE2BUFF?USART1
            CODE    4DB3H     0027H     UNIT         ?PR?_TX1_WRITE2BUFF?USART1
            CODE    4DDAH     0027H     UNIT         ?PR?PUTCHAR?PUTCHAR
            CODE    4E01H     0025H     UNIT         ?PR?SYSTEMSTATEUPDATE?ABSTASK
            CODE    4E26H     0025H     UNIT         ?PR?_SETSTEPMOTORWITHPULSE?STEP_MOTOR
            CODE    4E4BH     0025H     UNIT         ?PR?_CLOSE_PWM_N?STC15_PWM
            CODE    4E70H     0025H     UNIT         ?PR?_SETTIMEOUT?TIMER
            CODE    4E95H     0023H     UNIT         ?CO?STEP_MOTOR
            CODE    4EB8H     0022H     UNIT         ?PR?_BLINK?LED
            CODE    4EDAH     0021H     UNIT         ?PR?BOARD_LED_INIT?LED
            CODE    4EFBH     0021H     UNIT         ?PR?LCD_CLR_SCR?LCD5510_V2
            CODE    4F1CH     0020H     UNIT         ?CO?SETUP
            CODE    4F3CH     0020H     UNIT         ?PR?_LCD_WRITE_BYTE?LCD5510_V2
            CODE    4F5CH     001FH     UNIT         ?PR?BUTTON_CONFIG?BUTTON
            CODE    4F7BH     001FH     UNIT         ?PR?_PWM_SET_PERIOD?STC15_PWM
            CODE    4F9AH     001FH     UNIT         ?PR?_ISEXPIREDTIMER?TIMER
            CODE    4FB9H     001FH     UNIT         ?PR?_ISSTOPPED?TIMER
            CODE    4FD8H     001EH     UNIT         ?PR?LEFTSTEPMOTORSTATEUPDATE?ABSTASK
            CODE    4FF6H     001EH     UNIT         ?PR?RIGHTSTEPMOTORSTATEUPDATE?ABSTASK
            CODE    5014H     001EH     UNIT         ?CO?LED
            CODE    5032H     001EH     UNIT         ?PR?_OPENPULSER?FIXEDPULSER
            CODE    5050H     001DH     UNIT         ?PR?_GETBUTTONSTATE?BUTTON
            CODE    506DH     001DH     UNIT         ?PR?_CLOSE_STEPMOTOR?STEP_MOTOR
            CODE    508AH     001DH     UNIT         ?PR?_CLOSEPULSER?FIXEDPULSER
            CODE    50A7H     001DH     UNIT         ?PR?_ISACTIVETIMER?TIMER
            CODE    50C4H     001CH     UNIT         ?PR?_SETCURRENTCOORDINATE?TASK
            CODE    50E0H     001CH     UNIT         ?PR?_SETTARGETCOORDINATE?TASK
            CODE    50FCH     001CH     UNIT         ?PR?_FREESTEPMOTOR?STEP_MOTOR
            CODE    5118H     001CH     UNIT         ?PR?_LOCKSTEPMOTOR?STEP_MOTOR
            CODE    5134H     001CH     UNIT         ?PR?_SETTIMERHERTZ?TIMER
            CODE    5150H     001BH     UNIT         ?PR?_SETSTEPMOTORDIVERSION?STEP_MOTOR
            CODE    516BH     001AH     UNIT         ?PR?_GET_PWM_PERIOD?STC15_PWM
            CODE    5185H     001AH     UNIT         ?PR?_GET_PWM_N_DUTY?STC15_PWM
            CODE    519FH     001AH     UNIT         ?PR?_GETTIMEROUT?TIMER
            CODE    51B9H     001AH     UNIT         ?PR?_GETTIMERHERTZ?TIMER
            CODE    51D3H     0017H     UNIT         ?PR?SYSTEMTEST?ABSTASK
            CODE    51EAH     0017H     UNIT         ?PR?_PRINTSTRING1?USART1
            CODE    5201H     0014H     UNIT         ?PR?SETUP?SETUP
            CODE    5215H     0014H     UNIT         ?PR?_LCD_POS_BYTE?LCD5510_V2
            CODE    5229H     0014H     UNIT         ?PR?_RESTARTTIMER?TIMER
            CODE    523DH     0013H     UNIT         ?PR?WAITINGSYSTEM?ABSTASK
            CODE    5250H     0013H     UNIT         ?PR?_OPEN_STEPMOTOR?STEP_MOTOR
            CODE    5263H     0013H     UNIT         ?PR?_LCD_CLR_ROW?LCD5510_V2
            CODE    5276H     0013H     UNIT         ?PR?_PRINTSTRING2?USART1
            CODE    5289H     0013H     UNIT         ?PR?_PRINTSTRING3?USART1
            CODE    529CH     0013H     UNIT         ?PR?_PRINTSTRING4?USART1
            CODE    52AFH     0012H     UNIT         ?RTX?TASKENT?S
            CODE    52C1H     0012H     UNIT         ?PR?_WRITEDATA?STORAGE
            CODE    52D3H     0012H     UNIT         ?PR?_GETPULSERSTATE?FIXEDPULSER
            CODE    52E5H     0012H     UNIT         ?PR?_GET_PWM_N_STATE?STC15_PWM
            CODE    52F7H     0011H     UNIT         ?PR?STOPSYSTEM?TASK
            CODE    5308H     0011H     UNIT         ?PR?_GETSTEPMOTORSTATE?STEP_MOTOR
BL51 BANKED LINKER/LOCATER V6.00                                                      07/28/2017  08:56:32  PAGE 6


            CODE    5319H     0011H     UNIT         ?PR?_SETPWM_DIV?STC15_PWM
            CODE    532AH     0011H     UNIT         ?PR?_GETPWM_DIV?STC15_PWM
            CODE    533BH     0010H     UNIT         ?PR?_DELAY_MS?DELAY
            CODE    534BH     000FH     UNIT         ?PR?_SETSTEPMOTORSTATE?STEP_MOTOR
            CODE    535AH     000EH     UNIT         ?PR?_STOPTIMER?TIMER
            CODE    5368H     000EH     UNIT         ?PR?_ONRESTARTTIMER?TIMER
            CODE    5376H     000DH     UNIT         ?PR?_FABS?FABS
            CODE    5383H     000AH     UNIT         ?PR?_DIGITALREAD?BUTTON
            CODE    538DH     000AH     UNIT         ?PR?OPEN_PWM_ALL?STC15_PWM
            CODE    5397H     000AH     UNIT         ?PR?CLOSE_PWM_ALL?STC15_PWM
            CODE    53A1H     0009H     UNIT         ?PR?GETMICROS?TIMER
            CODE    53AAH     0009H     UNIT         ?PR?GETMILLIS?TIMER
            CODE    53B3H     0007H     UNIT         ?PR?GETCURRENTCOORDINATE?TASK
            CODE    53BAH     0006H     UNIT         ?PR?GETSYSTEMSTATE?TASK
            CODE    53C0H     0006H     UNIT         ?PR?_SETSYSTEMSTATE?TASK
            CODE    53C6H     0006H     UNIT         ?PR?_BOARD_LED_PWM?LED
            CODE    53CCH     0006H     UNIT         ?PR?GETSECONDS?TIMER
            CODE    53D2H     0006H     UNIT         ?PR?GETMINUTES?TIMER
            CODE    53D8H     0006H     UNIT         ?PR?GETHOURS?TIMER
            CODE    53DEH     0006H     UNIT         ?PR?GETDAYS?TIMER
            CODE    53E4H     0005H     UNIT         ?PR?OPEN_BOARD_LED?LED
            CODE    53E9H     0005H     UNIT         ?PR?CLOSE_BOARD_LED?LED
            CODE    53EEH     0003H     UNIT         ?PR?GETBOARD_LED_STATE?LED
            CODE    53F1H     0003H     UNIT         ?PR?_SETPINSTATE?GPIO
            CODE    53F4H     0001H     UNIT         ?PR?TEST?SETUP
            CODE    53F5H     0001H     UNIT         ?PR?MODE1?MODE
            CODE    53F6H     0001H     UNIT         ?PR?MODE2?MODE
            CODE    53F7H     0001H     UNIT         ?PR?MODE3?MODE
            CODE    53F8H     0001H     UNIT         ?PR?MODE4?MODE
            CODE    53F9H     0001H     UNIT         ?PR?MODELAUNCHER?MODE



OVERLAY MAP OF MODULE:   悬挂运动控制系统 (ABSTASK)


SEGMENT                                             BIT_GROUP          DATA_GROUP          XDATA_GROUP
  +--> CALLED SEGMENT                            START    LENGTH     START    LENGTH     START    LENGTH
--------------------------------------------------------------------------------------------------------
?PR?TASKSTART?ABSTASK                            -----    -----      -----    -----      -----    -----
  +--> ?PR?SETUP?SETUP
  +--> ?PR?_BLINK?LED
  +--> ?PR?_SETCURRENTCOORDINATE?TASK

?PR?SETUP?SETUP                                  -----    -----      -----    -----      -----    -----
  +--> ?PR?_UART1_INIT?SETUP
  +--> ?PR?TIMERINIT?TIMER
  +--> ?PR?BOARD_LED_INIT?LED
  +--> ?PR?MOTIONSYSTEM_INIT?TASK

?PR?_UART1_INIT?SETUP                            -----    -----      -----    -----      028CH    000DH
  +--> ?PR?_USART_CONFIGURATION?USART1
  +--> ?CO?SETUP
  +--> ?PR?_PRINTSTRING1?USART1

?PR?_USART_CONFIGURATION?USART1                  -----    -----      -----    -----      0299H    0009H

BL51 BANKED LINKER/LOCATER V6.00                                                      07/28/2017  08:56:32  PAGE 7


?PR?_PRINTSTRING1?USART1                         -----    -----      -----    -----      -----    -----
  +--> ?PR?_TX1_WRITE2BUFF?USART1

?PR?TIMERINIT?TIMER                              -----    -----      -----    -----      028CH    0019H
  +--> ?PR?_TIMER_INILIZE?TIMER

?PR?BOARD_LED_INIT?LED                           -----    -----      -----    -----      028CH    0002H
  +--> ?PR?_GPIO_INILIZE?GPIO
  +--> ?CO?LED
  +--> ?PR?_PRINTSTRING1?USART1

?PR?MOTIONSYSTEM_INIT?TASK                       -----    -----      -----    -----      -----    -----
  +--> ?PR?_STEPMOTOR_INIT?STEP_MOTOR

?PR?_STEPMOTOR_INIT?STEP_MOTOR                   -----    -----      -----    -----      028CH    0018H
  +--> ?PR?_GPIO_INILIZE?GPIO
  +--> ?PR?PULSERINIT?FIXEDPULSER
  +--> ?CO?STEP_MOTOR
  +--> ?PR?PRINTF?PRINTF
  +--> ?PR?_PRINTSTRING1?USART1

?PR?PULSERINIT?FIXEDPULSER                       -----    -----      -----    -----      02A4H    0002H
  +--> ?PR?_GPIO_INILIZE?GPIO

?PR?PRINTF?PRINTF                                0021H.1  0001H.1    0012H    0005H      034EH    0030H
  +--> ?PR?PUTCHAR?PUTCHAR

?PR?_BLINK?LED                                   -----    -----      -----    -----      028CH    0001H
  +--> ?PR?OPEN_BOARD_LED?LED
  +--> ?PR?_DELAY_MS?DELAY
  +--> ?PR?CLOSE_BOARD_LED?LED

?PR?_SETCURRENTCOORDINATE?TASK                   -----    -----      -----    -----      028CH    0008H

*** NEW ROOT ***************************************************

?PR?SYSTEMTEST?ABSTASK                           -----    -----      -----    -----      -----    -----
  +--> ?PR?_DRAWCIRCLE?ABSTASK

?PR?_DRAWCIRCLE?ABSTASK                          -----    -----      -----    -----      02D4H    001AH
  +--> ?CO?ABSTASK
  +--> ?PR?PRINTF?PRINTF
  +--> ?PR?_PRINTSTRING1?USART1
  +--> ?PR?SIN?SIN
  +--> ?PR?_SETTARGETCOORDINATE?TASK
  +--> ?PR?WAITINGSYSTEM?ABSTASK
  +--> ?PR?STARTSYSTEM?TASK
  +--> ?PR?RESETSYSTEM?ABSTASK

?PR?SIN?SIN                                      0021H.1  0000H.1    -----    -----      02EEH    0004H

?PR?_SETTARGETCOORDINATE?TASK                    -----    -----      -----    -----      02EEH    0008H

?PR?WAITINGSYSTEM?ABSTASK                        -----    -----      -----    -----      -----    -----
  +--> ?PR?GETSYSTEMSTATE?TASK

?PR?STARTSYSTEM?TASK                             -----    -----      -----    -----      -----    -----
BL51 BANKED LINKER/LOCATER V6.00                                                      07/28/2017  08:56:32  PAGE 8


  +--> ?PR?SETSTEPMOTORDIS?TASK
  +--> ?PR?_OPEN_STEPMOTOR?STEP_MOTOR

?PR?SETSTEPMOTORDIS?TASK                         -----    -----      -----    -----      02EEH    0060H
  +--> ?PR?_GETWIRELENGTH?TASK
  +--> ?CO?TASK
  +--> ?PR?PRINTF?PRINTF
  +--> ?PR?_FABS?FABS
  +--> ?PR?_SETSTEPMOTORDIVERSION?STEP_MOTOR
  +--> ?PR?_GETPULSERCOUNT?TASK
  +--> ?PR?_TWOPOINTDISTANCE?TASK
  +--> ?PR?_PRINTSTRING1?USART1
  +--> ?PR?_SETSTEPMOTORWITHPULSE?STEP_MOTOR

?PR?_GETWIRELENGTH?TASK                          -----    -----      -----    -----      034EH    000DH
  +--> ?PR?_POW?POW
  +--> ?PR?SQRT?SQRT

?PR?_POW?POW                                     -----    -----      -----    -----      035BH    000AH
  +--> ?PR?LOG?LOG
  +--> ?PR?EXP?EXP

?PR?LOG?LOG                                      0021H.1  0000H.1    -----    -----      0365H    0004H

?PR?SQRT?SQRT                                    -----    -----      -----    -----      035EH    0004H

?PR?_SETSTEPMOTORDIVERSION?STEP_MOTOR            0021H.1  0000H.1    -----    -----      -----    -----

?PR?_GETPULSERCOUNT?TASK                         -----    -----      -----    -----      034EH    0004H

?PR?_TWOPOINTDISTANCE?TASK                       -----    -----      -----    -----      034EH    0010H
  +--> ?PR?SQRT?SQRT

?PR?_SETSTEPMOTORWITHPULSE?STEP_MOTOR            -----    -----      -----    -----      034EH    0007H
  +--> ?PR?_SETPULSE?FIXEDPULSER

?PR?_SETPULSE?FIXEDPULSER                        -----    -----      -----    -----      0355H    000BH

?PR?_OPEN_STEPMOTOR?STEP_MOTOR                   -----    -----      -----    -----      -----    -----
  +--> ?PR?_OPENPULSER?FIXEDPULSER

?PR?RESETSYSTEM?ABSTASK                          -----    -----      -----    -----      -----    -----
  +--> ?PR?_SETTARGETCOORDINATE?TASK
  +--> ?PR?WAITINGSYSTEM?ABSTASK
  +--> ?PR?STARTSYSTEM?TASK

*** NEW ROOT ***************************************************

?PR?LEFTSTEPMOTORSTATEUPDATE?ABSTASK             -----    -----      -----    -----      -----    -----
  +--> ?PR?_GETPULSERSTATE?FIXEDPULSER
  +--> ?PR?_SETSTEPMOTORSTATE?STEP_MOTOR

*** NEW ROOT ***************************************************

?PR?RIGHTSTEPMOTORSTATEUPDATE?ABSTASK            -----    -----      -----    -----      -----    -----
  +--> ?PR?_GETPULSERSTATE?FIXEDPULSER
  +--> ?PR?_SETSTEPMOTORSTATE?STEP_MOTOR
BL51 BANKED LINKER/LOCATER V6.00                                                      07/28/2017  08:56:32  PAGE 9



*** NEW ROOT ***************************************************

?PR?SYSTEMSTATEUPDATE?ABSTASK                    -----    -----      -----    -----      -----    -----
  +--> ?PR?_GETSTEPMOTORSTATE?STEP_MOTOR
  +--> ?PR?_SETSYSTEMSTATE?TASK

*** NEW ROOT ***************************************************

?PR?PULSER_1INT?FIXEDPULSER                      -----    -----      -----    -----      -----    -----
  +--> ?PR?_CLOSEPULSER?FIXEDPULSER

*** NEW ROOT ***************************************************

?PR?PULSER_2INT?FIXEDPULSER                      -----    -----      -----    -----      -----    -----
  +--> ?PR?_CLOSEPULSER?FIXEDPULSER

*** NEW ROOT ***************************************************

?C_C51STARTUP                                    -----    -----      -----    -----      -----    -----
  +--> ?C_INITSEG



SYMBOL TABLE OF MODULE:  悬挂运动控制系统 (ABSTASK)

  VALUE           TYPE          NAME
  ----------------------------------

  -------         MODULE        ABSTASK
  C:0000H         SYMBOL        _ICE_DUMMY_
  D:0080H         PUBLIC        P0
  D:0090H         PUBLIC        P1
  C:523DH         PUBLIC        waitingSystem
  D:00A0H         PUBLIC        P2
  D:00B0H         PUBLIC        P3
  D:00C0H         PUBLIC        P4
  D:00C8H         PUBLIC        P5
  D:00E8H         PUBLIC        P6
  C:2D6EH         PUBLIC        _drawCircle
  D:00F8H         PUBLIC        P7
  D:00A8H         PUBLIC        IE
  C:4610H         PUBLIC        drawLoopSrtLine
  C:4E01H         PUBLIC        systemStateUpdate
  D:00B8H         PUBLIC        IP
  X:0386H         SYMBOL        g_StepMotorCurrentWireLen
  X:038EH         SYMBOL        g_StepMotorTargetWireLen
  D:00D8H         PUBLIC        CCON
  C:473EH         PUBLIC        _systemRight
  C:4CE8H         PUBLIC        resetSystem
  D:0098H         PUBLIC        SCON
  D:0088H         PUBLIC        TCON
  C:46DCH         PUBLIC        _systemLeft
  C:3B77H         PUBLIC        drawLine
  X:0396H         SYMBOL        g_CurrentCoordinate
  D:00F0H         PUBLIC        B
  C:4FF6H         PUBLIC        rightStepMotorStateUpdate
BL51 BANKED LINKER/LOCATER V6.00                                                      07/28/2017  08:56:32  PAGE 10


  X:039EH         SYMBOL        g_TargetCoordinate
  C:48FEH         PUBLIC        _systemDown
  C:4A33H         PUBLIC        taskStart
  X:03A6H         PUBLIC        initialX
  D:00E0H         PUBLIC        ACC
  X:03AAH         PUBLIC        initialY
  C:51D3H         PUBLIC        systemTest
  C:4FD8H         PUBLIC        leftStepMotorStateUpdate
  X:03AEH         PUBLIC        str
  X:03C8H         SYMBOL        g_MotionSystemInfo
  X:03E1H         PUBLIC        currentCodnat
  C:4BE4H         PUBLIC        drawLoopRectangle
  C:48ACH         PUBLIC        _systemUp
  D:00D0H         PUBLIC        PSW
  -------         PROC          TASKSTART
  C:4A33H         LINE#         25
  C:4A33H         LINE#         27
  C:4A36H         LINE#         28
  C:4A3BH         LINE#         29
  C:4A60H         LINE#         30
  C:4A65H         LINE#         31
  C:4A6AH         LINE#         32
  C:4A6FH         LINE#         33
  C:4A74H         LINE#         34
  -------         ENDPROC       TASKSTART
  -------         PROC          WAITINGSYSTEM
  -------         DO            
  C:523DH         SYMBOL        wait
  -------         ENDDO         
  C:523DH         LINE#         37
  C:523DH         LINE#         38
  C:523DH         LINE#         39
  C:523DH         LINE#         40
  C:5243H         LINE#         41
  C:5243H         LINE#         42
  C:524DH         LINE#         43
  C:524FH         LINE#         44
  C:524FH         LINE#         45
  -------         ENDPROC       WAITINGSYSTEM
  -------         PROC          RESETSYSTEM
  C:4CE8H         LINE#         47
  C:4CE8H         LINE#         48
  C:4CE8H         LINE#         49
  C:4D0DH         LINE#         50
  C:4D10H         LINE#         51
  -------         ENDPROC       RESETSYSTEM
  -------         PROC          _SYSTEMUP
  X:058BH         SYMBOL        dis
  C:48ACH         LINE#         56
  C:48B2H         LINE#         57
  C:48B2H         LINE#         58
  C:48C2H         LINE#         59
  C:48F8H         LINE#         60
  C:48FBH         LINE#         61
  -------         ENDPROC       _SYSTEMUP
  -------         PROC          _SYSTEMDOWN
  X:058FH         SYMBOL        dis
BL51 BANKED LINKER/LOCATER V6.00                                                      07/28/2017  08:56:32  PAGE 11


  C:48FEH         LINE#         64
  C:4904H         LINE#         65
  C:4904H         LINE#         66
  C:4914H         LINE#         67
  C:494AH         LINE#         68
  C:494DH         LINE#         69
  -------         ENDPROC       _SYSTEMDOWN
  -------         PROC          _SYSTEMLEFT
  X:0593H         SYMBOL        dis
  C:46DCH         LINE#         72
  C:46E2H         LINE#         73
  C:46E2H         LINE#         74
  C:46F2H         LINE#         75
  C:4738H         LINE#         76
  C:473BH         LINE#         77
  -------         ENDPROC       _SYSTEMLEFT
  -------         PROC          _SYSTEMRIGHT
  X:0597H         SYMBOL        dis
  C:473EH         LINE#         80
  C:4744H         LINE#         81
  C:4744H         LINE#         82
  C:4754H         LINE#         83
  C:479AH         LINE#         84
  C:479DH         LINE#         85
  -------         ENDPROC       _SYSTEMRIGHT
  -------         PROC          DRAWLOOPSRTLINE
  -------         DO            
  X:059BH         SYMBOL        i
  -------         ENDDO         
  C:4610H         LINE#         89
  C:4610H         LINE#         90
  C:4610H         LINE#         91
  C:4617H         LINE#         92
  C:4617H         LINE#         93
  C:4617H         LINE#         94
  C:461EH         LINE#         95
  C:461EH         LINE#         96
  C:4629H         LINE#         97
  C:4646H         LINE#         98
  C:465CH         LINE#         99
  C:465CH         LINE#         100
  C:4667H         LINE#         101
  -------         ENDPROC       DRAWLOOPSRTLINE
  -------         PROC          DRAWLOOPRECTANGLE
  -------         DO            
  X:05A9H         SYMBOL        length
  -------         ENDDO         
  C:4BE4H         LINE#         105
  C:4BE4H         LINE#         106
  C:4BE4H         LINE#         107
  C:4BEAH         LINE#         108
  C:4BEAH         LINE#         109
  C:4BEAH         LINE#         110
  C:4BF6H         LINE#         111
  C:4C02H         LINE#         112
  C:4C0EH         LINE#         113
  C:4C1AH         LINE#         114
BL51 BANKED LINKER/LOCATER V6.00                                                      07/28/2017  08:56:32  PAGE 12


  -------         ENDPROC       DRAWLOOPRECTANGLE
  -------         PROC          DRAWLINE
  -------         DO            
  X:037EH         SYMBOL        x
  X:0382H         SYMBOL        y
  X:059DH         SYMBOL        tmp
  -------         ENDDO         
  C:3B77H         LINE#         117
  C:3B77H         LINE#         118
  C:3B77H         LINE#         120
  C:3B7EH         LINE#         121
  C:3B84H         LINE#         122
  C:3B84H         LINE#         123
  C:3BC3H         LINE#         124
  C:3BCCH         LINE#         125
  C:3BEAH         LINE#         126
  C:3C07H         LINE#         128
  C:3C2CH         LINE#         129
  C:3C2FH         LINE#         130
  C:3C32H         LINE#         133
  C:3C54H         LINE#         135
  -------         ENDPROC       DRAWLINE
  -------         PROC          _DRAWCIRCLE
  X:02D4H         SYMBOL        x
  X:02D8H         SYMBOL        y
  -------         DO            
  X:02DCH         SYMBOL        tmp
  X:02DEH         SYMBOL        X
  X:02E2H         SYMBOL        Y
  X:02E6H         SYMBOL        subdivide
  X:02EAH         SYMBOL        angle
  -------         ENDDO         
  C:2D6EH         LINE#         140
  C:2D74H         LINE#         141
  C:2D74H         LINE#         142
  C:2D7BH         LINE#         143
  C:2D8FH         LINE#         144
  C:2DA3H         LINE#         145
  C:2DADH         LINE#         146
  C:2DB7H         LINE#         149
  C:2DE0H         LINE#         150
  C:2DE0H         LINE#         151
  C:2E2EH         LINE#         152
  C:2E37H         LINE#         154
  C:2E7EH         LINE#         155
  C:2EBBH         LINE#         156
  C:2EF8H         LINE#         157
  C:2F1DH         LINE#         158
  C:2F20H         LINE#         159
  C:2F23H         LINE#         162
  C:2F37H         LINE#         163
  -------         ENDPROC       _DRAWCIRCLE
  -------         PROC          SYSTEMTEST
  C:51D3H         LINE#         168
  C:51D3H         LINE#         170
  C:51D3H         LINE#         171
  C:51D3H         LINE#         172
BL51 BANKED LINKER/LOCATER V6.00                                                      07/28/2017  08:56:32  PAGE 13


  C:51E8H         LINE#         174
  -------         ENDPROC       SYSTEMTEST
  -------         PROC          LEFTSTEPMOTORSTATEUPDATE
  C:4FD8H         LINE#         179
  C:4FD8H         LINE#         181
  C:4FD8H         LINE#         182
  C:4FD8H         LINE#         183
  C:4FDFH         LINE#         184
  C:4FDFH         LINE#         185
  C:4FE1H         LINE#         188
  C:4FE3H         LINE#         190
  C:4FE3H         LINE#         191
  C:4FEAH         LINE#         194
  C:4FEAH         LINE#         195
  C:4FF4H         LINE#         196
  -------         ENDPROC       LEFTSTEPMOTORSTATEUPDATE
  -------         PROC          RIGHTSTEPMOTORSTATEUPDATE
  C:4FF6H         LINE#         198
  C:4FF6H         LINE#         200
  C:4FF6H         LINE#         201
  C:4FF6H         LINE#         202
  C:4FFDH         LINE#         203
  C:4FFDH         LINE#         204
  C:4FFFH         LINE#         206
  C:5001H         LINE#         208
  C:5001H         LINE#         209
  C:5008H         LINE#         211
  C:5008H         LINE#         212
  C:5012H         LINE#         213
  -------         ENDPROC       RIGHTSTEPMOTORSTATEUPDATE
  -------         PROC          SYSTEMSTATEUPDATE
  C:4E01H         LINE#         215
  C:4E01H         LINE#         217
  C:4E01H         LINE#         218
  C:4E01H         LINE#         219
  C:4E11H         LINE#         220
  C:4E11H         LINE#         221
  C:4E13H         LINE#         223
  C:4E15H         LINE#         225
  C:4E15H         LINE#         227
  C:4E1AH         LINE#         229
  C:4E1AH         LINE#         230
  C:4E24H         LINE#         232
  -------         ENDPROC       SYSTEMSTATEUPDATE
  -------         ENDMOD        ABSTASK

  -------         MODULE        TASK
  C:0000H         SYMBOL        _ICE_DUMMY_
  D:0080H         PUBLIC        P0
  D:0090H         PUBLIC        P1
  D:00A0H         PUBLIC        P2
  D:00B0H         PUBLIC        P3
  D:00C0H         PUBLIC        P4
  D:00C8H         PUBLIC        P5
  D:00E8H         PUBLIC        P6
  D:00F8H         PUBLIC        P7
  D:00A8H         PUBLIC        IE
BL51 BANKED LINKER/LOCATER V6.00                                                      07/28/2017  08:56:32  PAGE 14


  D:00B8H         PUBLIC        IP
  C:3DE6H         SYMBOL        _twoPointDistance
  X:0425H         SYMBOL        g_StepMotorCurrentWireLen
  X:042DH         SYMBOL        g_StepMotorTargetWireLen
  C:194DH         SYMBOL        setStepMotorDis
  D:00D8H         PUBLIC        CCON
  D:0098H         PUBLIC        SCON
  D:0088H         PUBLIC        TCON
  C:53B3H         PUBLIC        getCurrentCoordinate
  C:4ABDH         PUBLIC        startSystem
  X:0435H         SYMBOL        g_CurrentCoordinate
  D:00F0H         PUBLIC        B
  C:38AFH         SYMBOL        _getWireLength
  X:043DH         SYMBOL        g_TargetCoordinate
  C:50C4H         PUBLIC        _setCurrentCoordinate
  D:00E0H         PUBLIC        ACC
  C:50E0H         PUBLIC        _setTargetCoordinate
  C:4C27H         SYMBOL        _getPulserCount
  C:53BAH         PUBLIC        getSystemState
  C:52F7H         PUBLIC        stopSystem
  X:0445H         SYMBOL        g_MotionSystemInfo
  C:53C0H         PUBLIC        _setSystemState
  C:49E9H         PUBLIC        MotionSystem_Init
  D:00D0H         PUBLIC        PSW
  -------         PROC          GETSYSTEMSTATE
  C:53BAH         LINE#         42
  C:53BAH         LINE#         43
  C:53BAH         LINE#         44
  C:53BFH         LINE#         45
  -------         ENDPROC       GETSYSTEMSTATE
  -------         PROC          _SETSYSTEMSTATE
  D:0007H         SYMBOL        state
  C:53C0H         LINE#         46
  C:53C0H         LINE#         47
  C:53C0H         LINE#         48
  C:53C5H         LINE#         49
  -------         ENDPROC       _SETSYSTEMSTATE
  -------         PROC          STARTSYSTEM
  C:4ABDH         LINE#         74
  C:4ABDH         LINE#         75
  C:4ABDH         LINE#         76
  C:4AC3H         LINE#         78
  C:4AC6H         LINE#         80
  C:4ACBH         LINE#         81
  C:4AD0H         LINE#         84
  C:4AE4H         LINE#         85
  C:4AF8H         LINE#         87
  C:4AF9H         LINE#         88
  -------         ENDPROC       STARTSYSTEM
  -------         PROC          STOPSYSTEM
  C:52F7H         LINE#         97
  C:52F7H         LINE#         98
  C:52F7H         LINE#         99
  C:52FCH         LINE#         100
  C:5301H         LINE#         101
  C:5306H         LINE#         102
  C:5307H         LINE#         103
BL51 BANKED LINKER/LOCATER V6.00                                                      07/28/2017  08:56:32  PAGE 15


  -------         ENDPROC       STOPSYSTEM
  -------         PROC          _SETCURRENTCOORDINATE
  D:0004H         SYMBOL        x
  X:0290H         SYMBOL        y
  C:50C4H         LINE#         104
  C:50C4H         LINE#         105
  C:50C4H         LINE#         106
  C:50CAH         LINE#         107
  C:50DEH         LINE#         108
  C:50DFH         LINE#         109
  -------         ENDPROC       _SETCURRENTCOORDINATE
  -------         PROC          _SETTARGETCOORDINATE
  D:0004H         SYMBOL        x
  X:02F2H         SYMBOL        y
  C:50E0H         LINE#         119
  C:50E0H         LINE#         120
  C:50E0H         LINE#         121
  C:50E6H         LINE#         122
  C:50FAH         LINE#         124
  C:50FBH         LINE#         126
  -------         ENDPROC       _SETTARGETCOORDINATE
  -------         PROC          GETCURRENTCOORDINATE
  C:53B3H         LINE#         135
  C:53B3H         LINE#         136
  C:53B3H         LINE#         138
  C:53B9H         LINE#         139
  -------         ENDPROC       GETCURRENTCOORDINATE
  -------         PROC          MOTIONSYSTEM_INIT
  C:49E9H         LINE#         141
  C:49E9H         LINE#         142
  C:49E9H         LINE#         144
  C:4A0EH         LINE#         145
  -------         ENDPROC       MOTIONSYSTEM_INIT
  -------         PROC          L?0024
  -------         ENDPROC       L?0024
  -------         PROC          _GETWIRELENGTH
  D:0003H         SYMBOL        wire
  X:034FH         SYMBOL        x
  X:0353H         SYMBOL        y
  -------         DO            
  X:0357H         SYMBOL        Length
  -------         ENDDO         
  C:38AFH         LINE#         151
  C:38B1H         LINE#         152
  C:38B1H         LINE#         153
  C:38BBH         LINE#         154
  C:38C1H         LINE#         155
  C:38C1H         LINE#         157
  C:3913H         LINE#         162
  C:3915H         LINE#         164
  C:3915H         LINE#         166
  C:3998H         LINE#         171
  C:3998H         LINE#         172
  C:39A6H         LINE#         174
  -------         ENDPROC       _GETWIRELENGTH
  -------         PROC          _TWOPOINTDISTANCE
  X:034EH         SYMBOL        x1
BL51 BANKED LINKER/LOCATER V6.00                                                      07/28/2017  08:56:32  PAGE 16


  X:0352H         SYMBOL        y1
  X:0356H         SYMBOL        x2
  X:035AH         SYMBOL        y2
  C:3DE6H         LINE#         176
  C:3DECH         LINE#         177
  C:3DECH         LINE#         178
  C:3EA4H         LINE#         179
  -------         ENDPROC       _TWOPOINTDISTANCE
  -------         PROC          L?0025
  -------         ENDPROC       L?0025
  -------         PROC          _GETPULSERCOUNT
  X:034EH         SYMBOL        distance
  C:4C27H         LINE#         181
  C:4C2DH         LINE#         182
  C:4C2DH         LINE#         183
  C:4C53H         LINE#         184
  -------         ENDPROC       _GETPULSERCOUNT
  -------         PROC          SETSTEPMOTORDIS
  -------         DO            
  X:02EEH         SYMBOL        str
  X:0320H         SYMBOL        a
  X:0322H         SYMBOL        rightMotorPulse
  X:0326H         SYMBOL        leftMotorPulse
  X:032AH         SYMBOL        D_leftWireLength
  X:032EH         SYMBOL        D_rightWireLength
  X:0332H         SYMBOL        currentLeftWireLength
  X:0336H         SYMBOL        currentRightWireLength
  X:033AH         SYMBOL        targetLeftWireLength
  X:033EH         SYMBOL        targetRightWireLength
  X:0342H         SYMBOL        K
  X:0346H         SYMBOL        rightStepMotorSpeed
  X:0348H         SYMBOL        leftStepMotorSpeed
  X:034AH         SYMBOL        distance
  -------         ENDDO         
  C:194DH         LINE#         189
  C:194DH         LINE#         190
  C:194DH         LINE#         192
  C:1954H         LINE#         212
  C:1974H         LINE#         213
  C:19A7H         LINE#         214
  C:19D2H         LINE#         216
  C:19FDH         LINE#         223
  C:1A1DH         LINE#         224
  C:1A50H         LINE#         225
  C:1A7BH         LINE#         227
  C:1AA6H         LINE#         234
  C:1ACEH         LINE#         235
  C:1AF6H         LINE#         236
  C:1B21H         LINE#         238
  C:1B4CH         LINE#         246
  C:1B6DH         LINE#         247
  C:1B6DH         LINE#         248
  C:1B6FH         LINE#         250
  C:1B71H         LINE#         252
  C:1B71H         LINE#         253
  C:1B78H         LINE#         255
  C:1B78H         LINE#         257
BL51 BANKED LINKER/LOCATER V6.00                                                      07/28/2017  08:56:32  PAGE 17


  C:1B99H         LINE#         258
  C:1B99H         LINE#         259
  C:1B9BH         LINE#         261
  C:1B9DH         LINE#         263
  C:1B9DH         LINE#         264
  C:1BA4H         LINE#         266
  C:1BA4H         LINE#         270
  C:1BB3H         LINE#         272
  C:1BC2H         LINE#         274
  C:1C15H         LINE#         294
  C:1C5AH         LINE#         295
  C:1C85H         LINE#         297
  C:1CB0H         LINE#         299
  C:1CDBH         LINE#         300
  C:1CE4H         LINE#         303
  C:1D08H         LINE#         305
  C:1D10H         LINE#         306
  C:1D10H         LINE#         307
  C:1D1AH         LINE#         308
  C:1D42H         LINE#         309
  C:1D44H         LINE#         311
  C:1D44H         LINE#         312
  C:1D4EH         LINE#         313
  C:1D4EH         LINE#         314
  C:1D74H         LINE#         315
  C:1D7DH         LINE#         316
  C:1DA3H         LINE#         317
  C:1DACH         LINE#         319
  C:1DD4H         LINE#         320
  C:1DFCH         LINE#         347
  C:1DFDH         LINE#         348
  -------         ENDPROC       SETSTEPMOTORDIS
  -------         ENDMOD        TASK

  -------         MODULE        SETUP
  C:0000H         SYMBOL        _ICE_DUMMY_
  D:0080H         PUBLIC        P0
  D:0090H         PUBLIC        P1
  D:00A0H         PUBLIC        P2
  D:00B0H         PUBLIC        P3
  D:00C0H         PUBLIC        P4
  D:00C8H         PUBLIC        P5
  D:00E8H         PUBLIC        P6
  C:4C54H         PUBLIC        _UART1_init
  D:00F8H         PUBLIC        P7
  D:00A8H         PUBLIC        IE
  D:00B8H         PUBLIC        IP
  X:045EH         SYMBOL        g_StepMotorCurrentWireLen
  X:0466H         SYMBOL        g_StepMotorTargetWireLen
  D:00D8H         PUBLIC        CCON
  D:0098H         PUBLIC        SCON
  C:5201H         PUBLIC        setup
  D:0088H         PUBLIC        TCON
  X:046EH         SYMBOL        g_CurrentCoordinate
  D:00F0H         PUBLIC        B
  C:53F4H         PUBLIC        test
  X:0476H         SYMBOL        g_TargetCoordinate
BL51 BANKED LINKER/LOCATER V6.00                                                      07/28/2017  08:56:32  PAGE 18


  D:00E0H         PUBLIC        ACC
  X:047EH         SYMBOL        g_MotionSystemInfo
  D:00D0H         PUBLIC        PSW
  -------         PROC          _UART1_INIT
  D:0004H         SYMBOL        BandRate
  -------         DO            
  X:028CH         SYMBOL        COMx_InitStructure
  -------         ENDDO         
  C:4C54H         LINE#         36
  C:4C54H         LINE#         37
  C:4C54H         LINE#         39
  C:4C5AH         LINE#         40
  C:4C5EH         LINE#         41
  C:4C62H         LINE#         42
  C:4C68H         LINE#         43
  C:4C6BH         LINE#         44
  C:4C6EH         LINE#         45
  C:4C70H         LINE#         46
  C:4C73H         LINE#         47
  C:4C75H         LINE#         48
  C:4C80H         LINE#         49
  -------         ENDPROC       _UART1_INIT
  -------         PROC          TEST
  C:53F4H         LINE#         51
  C:53F4H         LINE#         52
  C:53F4H         LINE#         54
  -------         ENDPROC       TEST
  -------         PROC          SETUP
  C:5201H         LINE#         55
  C:5201H         LINE#         56
  C:5201H         LINE#         58
  C:520CH         LINE#         59
  C:520FH         LINE#         60
  C:5212H         LINE#         61
  -------         ENDPROC       SETUP
  -------         ENDMOD        SETUP

  -------         MODULE        MODE
  C:0000H         SYMBOL        _ICE_DUMMY_
  C:53F5H         PUBLIC        mode1
  C:53F6H         PUBLIC        mode2
  C:53F7H         PUBLIC        mode3
  C:53F8H         PUBLIC        mode4
  C:53F9H         PUBLIC        modeLauncher
  -------         PROC          MODE1
  C:53F5H         LINE#         2
  C:53F5H         LINE#         3
  C:53F5H         LINE#         5
  -------         ENDPROC       MODE1
  -------         PROC          MODE2
  C:53F6H         LINE#         7
  C:53F6H         LINE#         8
  C:53F6H         LINE#         10
  -------         ENDPROC       MODE2
  -------         PROC          MODE3
  C:53F7H         LINE#         13
  C:53F7H         LINE#         14
BL51 BANKED LINKER/LOCATER V6.00                                                      07/28/2017  08:56:32  PAGE 19


  C:53F7H         LINE#         16
  -------         ENDPROC       MODE3
  -------         PROC          MODE4
  C:53F8H         LINE#         18
  C:53F8H         LINE#         19
  C:53F8H         LINE#         21
  -------         ENDPROC       MODE4
  -------         PROC          MODELAUNCHER
  C:53F9H         LINE#         22
  C:53F9H         LINE#         23
  C:53F9H         LINE#         25
  -------         ENDPROC       MODELAUNCHER
  -------         ENDMOD        MODE

  -------         MODULE        DIRECTION
  C:0000H         SYMBOL        _ICE_DUMMY_
  D:0080H         PUBLIC        P0
  D:0090H         PUBLIC        P1
  D:00A0H         PUBLIC        P2
  D:00B0H         PUBLIC        P3
  D:00C0H         PUBLIC        P4
  D:00C8H         PUBLIC        P5
  D:00E8H         PUBLIC        P6
  D:00F8H         PUBLIC        P7
  D:00A8H         PUBLIC        IE
  D:00B8H         PUBLIC        IP
  X:0497H         SYMBOL        g_StepMotorCurrentWireLen
  X:049FH         SYMBOL        g_StepMotorTargetWireLen
  D:00D8H         PUBLIC        CCON
  D:0098H         PUBLIC        SCON
  D:0088H         PUBLIC        TCON
  X:04A7H         SYMBOL        g_CurrentCoordinate
  D:00F0H         PUBLIC        B
  X:04AFH         SYMBOL        g_TargetCoordinate
  D:00E0H         PUBLIC        ACC
  X:04B7H         SYMBOL        g_MotionSystemInfo
  D:00D0H         PUBLIC        PSW
  -------         ENDMOD        DIRECTION

  -------         MODULE        ?RTX51_TINY_KERNAL
  C:52AFH         SEGMENT       ?RTX?TASKENT?S
  I:0017H         SEGMENT       ?RTX?TASKSP?S
  I:0024H         SEGMENT       ?RTX?TASKSTATE?S
  C:261BH         SEGMENT       ?RTX?CODE
  C:2667H         PUBLIC        ?RTX?SET_ISR
  D:000CH         PUBLIC        ?RTX_CURRENTTASK
  D:0007H         PUBLIC        ?RTX_NEXTID
  C:267DH         PUBLIC        ?RTX_NEXTTASK
  N:00FFH         PUBLIC        ?RTX_RAMTOP
  C:52AFH         PUBLIC        ?RTX_TASKENTRY
  C:2731H         PUBLIC        ?RTX_TASKIDX
  I:0017H         PUBLIC        ?RTX_TASKSP
  I:0024H         PUBLIC        ?RTX_TASKSTATUS
  C:26F8H         PUBLIC        MAIN
  C:2668H         PUBLIC        OS_SWITCH_TASK
  C:266FH         SYMBOL        ?C0001
  C:2679H         SYMBOL        ?C0003
BL51 BANKED LINKER/LOCATER V6.00                                                      07/28/2017  08:56:32  PAGE 20


  C:267EH         SYMBOL        ?C0005
  C:2698H         SYMBOL        ?C0007
  C:269AH         SYMBOL        ?C0009
  C:26A4H         SYMBOL        ?C0011
  C:26D1H         SYMBOL        ?C0012
  C:26B7H         SYMBOL        ?C0013
  C:26BCH         SYMBOL        ?C0015
  C:26C7H         SYMBOL        ?C0016
  N:0000H         SYMBOL        ?RTX51_TINY_KERNAL
  N:F63CH         SYMBOL        ?RTX_CLOCK
  N:0008H         SYMBOL        ?RTX_REGISTERBANK
  D:000AH         SYMBOL        ?RTX_SAVEACC
  D:000BH         SYMBOL        ?RTX_SAVEPSW
  C:261BH         SYMBOL        ?RTX_STACKERROR
  D:00E0H         SYMBOL        ACC
  D:00F0H         SYMBOL        B
  N:0005H         SYMBOL        B_ACTIVE
  N:0007H         SYMBOL        B_IVL
  N:0007H         SYMBOL        B_RDY
  N:0004H         SYMBOL        B_READY
  N:0006H         SYMBOL        B_ROBIN
  N:0002H         SYMBOL        B_SIGNAL
  N:0003H         SYMBOL        B_TIMEOUT
  N:0000H         SYMBOL        B_WAITSIG
  N:0001H         SYMBOL        B_WAITTIM
  C:2645H         SYMBOL        CHECKSTACK
  N:0000H         SYMBOL        CODE_BANKING
  N:0000H         SYMBOL        CPU_IDLE_CODE
  D:0083H         SYMBOL        DPH
  D:0082H         SYMBOL        DPL
  B:00A8H.7       SYMBOL        EA
  B:00A8H.4       SYMBOL        ES
  B:00A8H.1       SYMBOL        ET0
  B:00A8H.3       SYMBOL        ET1
  B:00A8H.0       SYMBOL        EX0
  B:00A8H.2       SYMBOL        EX1
  N:0014H         SYMBOL        FREE_STACK
  C:261FH         SYMBOL        HW_TIMER
  D:00A8H         SYMBOL        IE
  B:0088H.1       SYMBOL        IE0
  B:0088H.3       SYMBOL        IE1
  N:09C4H         SYMBOL        INT_CLOCK
  N:0001H         SYMBOL        INT_REGBANK
  B:0088H.0       SYMBOL        IT0
  B:0088H.2       SYMBOL        IT1
  N:0020H         SYMBOL        K_ACTIVE
  N:0080H         SYMBOL        K_IVL
  N:0080H         SYMBOL        K_RDY
  N:0010H         SYMBOL        K_READY
  N:0040H         SYMBOL        K_ROBIN
  N:0001H         SYMBOL        K_SIG
  N:0002H         SYMBOL        K_TMO
  N:0000H         SYMBOL        LONG_USR_INTR
  C:2701H         SYMBOL        MAIN1
  C:270BH         SYMBOL        MAIN1X
  C:2706H         SYMBOL        MAIN2
  C:26EEH         SYMBOL        NOEVENT
BL51 BANKED LINKER/LOCATER V6.00                                                      07/28/2017  08:56:32  PAGE 21


  C:2661H         SYMBOL        NOTIMEOUT
  C:265FH         SYMBOL        NOWAITTIMEOUT
  C:2668H         SYMBOL        OS_SWITCH_TASK1
  D:0087H         SYMBOL        PCON
  D:00D0H         SYMBOL        PSW
  N:00FFH         SYMBOL        RAMTOP
  N:0080H         SYMBOL        RDY_EVENT
  C:26E2H         SYMBOL        SIGNALOFF
  C:26EEH         SYMBOL        SIGNALON
  N:0004H         SYMBOL        SIG_EVENT
  D:0081H         SYMBOL        SP
  I:0025H         SYMBOL        TASKSTATE
  D:0088H         SYMBOL        TCON
  B:0088H.5       SYMBOL        TF0
  B:0088H.7       SYMBOL        TF1
  D:008CH         SYMBOL        TH0
  D:008DH         SYMBOL        TH1
  C:26EAH         SYMBOL        TIMEOUTON
  C:2620H         SYMBOL        TIMERINT
  C:2651H         SYMBOL        TIMERLOOP
  I:0024H         SYMBOL        TIMERVAL
  N:0000H         SYMBOL        TIMESHARING
  D:008AH         SYMBOL        TL0
  D:008BH         SYMBOL        TL1
  D:0089H         SYMBOL        TMOD
  N:0008H         SYMBOL        TMO_EVENT
  B:0088H.4       SYMBOL        TR0
  B:0088H.6       SYMBOL        TR1
  C:000BH         LINE#         271
  C:261BH         LINE#         279
  C:261FH         LINE#         282
  C:2620H         LINE#         299
  C:2623H         LINE#         301
  C:2626H         LINE#         302
  C:2629H         LINE#         303
  C:262BH         LINE#         305
  C:262DH         LINE#         306
  C:262FH         LINE#         307
  C:2631H         LINE#         308
  C:2633H         LINE#         309
  C:2635H         LINE#         310
  C:2637H         LINE#         311
  C:2639H         LINE#         312
  C:263BH         LINE#         316
  C:263CH         LINE#         317
  C:263EH         LINE#         318
  C:263FH         LINE#         319
  C:2640H         LINE#         320
  C:2643H         LINE#         321
  C:2645H         LINE#         322
  C:2646H         LINE#         323
  C:2648H         LINE#         324
  C:264BH         LINE#         325
  C:264DH         LINE#         329
  C:264FH         LINE#         330
  C:2651H         LINE#         331
  C:2652H         LINE#         332
BL51 BANKED LINKER/LOCATER V6.00                                                      07/28/2017  08:56:32  PAGE 22


  C:2653H         LINE#         333
  C:2654H         LINE#         334
  C:2656H         LINE#         335
  C:2658H         LINE#         336
  C:2659H         LINE#         337
  C:265CH         LINE#         338
  C:265EH         LINE#         339
  C:265FH         LINE#         340
  C:2661H         LINE#         341
  C:2662H         LINE#         342
  C:2664H         LINE#         344
  C:2665H         LINE#         345
  C:2667H         LINE#         354
  C:2668H         LINE#         426
  C:266AH         LINE#         427
  C:266BH         LINE#         429
  C:266CH         LINE#         430
  C:266EH         LINE#         431
  C:266FH         LINE#         434
  C:2670H         LINE#         435
  C:2671H         LINE#         436
  C:2672H         LINE#         444
  C:2675H         LINE#         445
  C:2677H         LINE#         446
  C:2679H         LINE#         449
  C:267AH         LINE#         450
  C:267DH         LINE#         458
  C:267EH         LINE#         462
  C:2680H         LINE#         463
  C:2681H         LINE#         464
  C:2682H         LINE#         465
  C:2684H         LINE#         468
  C:2686H         LINE#         470
  C:2688H         LINE#         471
  C:268AH         LINE#         472
  C:268BH         LINE#         473
  C:268CH         LINE#         474
  C:268DH         LINE#         476
  C:268FH         LINE#         478
  C:2690H         LINE#         479
  C:2691H         LINE#         480
  C:2693H         LINE#         481
  C:2696H         LINE#         482
  C:2698H         LINE#         484
  C:2699H         LINE#         485
  C:269AH         LINE#         490
  C:269BH         LINE#         491
  C:269CH         LINE#         492
  C:269EH         LINE#         496
  C:269FH         LINE#         497
  C:26A0H         LINE#         498
  C:26A2H         LINE#         499
  C:26A4H         LINE#         505
  C:26A6H         LINE#         506
  C:26A7H         LINE#         507
  C:26A8H         LINE#         508
  C:26AAH         LINE#         510
BL51 BANKED LINKER/LOCATER V6.00                                                      07/28/2017  08:56:32  PAGE 23


  C:26ACH         LINE#         511
  C:26AEH         LINE#         512
  C:26AFH         LINE#         513
  C:26B0H         LINE#         516
  C:26B2H         LINE#         517
  C:26B5H         LINE#         518
  C:26B7H         LINE#         520
  C:26B8H         LINE#         522
  C:26B9H         LINE#         523
  C:26BAH         LINE#         524
  C:26BBH         LINE#         525
  C:26BCH         LINE#         529
  C:26BEH         LINE#         530
  C:26BFH         LINE#         531
  C:26C1H         LINE#         535
  C:26C3H         LINE#         536
  C:26C4H         LINE#         537
  C:26C5H         LINE#         539
  C:26C7H         LINE#         543
  C:26C9H         LINE#         544
  C:26CBH         LINE#         545
  C:26CCH         LINE#         546
  C:26CDH         LINE#         548
  C:26CFH         LINE#         549
  C:26D1H         LINE#         559
  C:26D3H         LINE#         560
  C:26D4H         LINE#         561
  C:26D6H         LINE#         562
  C:26D7H         LINE#         563
  C:26D9H         LINE#         564
  C:26DBH         LINE#         565
  C:26DCH         LINE#         571
  C:26DFH         LINE#         572
  C:26E2H         LINE#         576
  C:26E4H         LINE#         577
  C:26E7H         LINE#         578
  C:26EAH         LINE#         580
  C:26ECH         LINE#         581
  C:26EEH         LINE#         583
  C:26F0H         LINE#         584
  C:26F1H         LINE#         585
  C:26F3H         LINE#         587
  C:26F5H         LINE#         588
  C:26F7H         LINE#         601
  C:26F8H         LINE#         642
  C:26FAH         LINE#         643
  C:26FCH         LINE#         644
  C:26FEH         LINE#         645
  C:2700H         LINE#         646
  C:2701H         LINE#         647
  C:2702H         LINE#         648
  C:2704H         LINE#         649
  C:2706H         LINE#         650
  C:2708H         LINE#         651
  C:2709H         LINE#         652
  C:270BH         LINE#         653
  C:270CH         LINE#         654
BL51 BANKED LINKER/LOCATER V6.00                                                      07/28/2017  08:56:32  PAGE 24


  C:270DH         LINE#         655
  C:270EH         LINE#         656
  C:270FH         LINE#         657
  C:2711H         LINE#         658
  C:2713H         LINE#         659
  C:2715H         LINE#         660
  C:2718H         LINE#         661
  C:271AH         LINE#         662
  C:271BH         LINE#         663
  C:271DH         LINE#         664
  C:271EH         LINE#         665
  C:271FH         LINE#         666
  C:2721H         LINE#         670
  C:2724H         LINE#         671
  C:2727H         LINE#         672
  C:272AH         LINE#         673
  C:272CH         LINE#         674
  C:272EH         LINE#         675
  C:2730H         LINE#         676
  -------         ENDMOD        ?RTX51_TINY_KERNAL

  -------         MODULE        FILTER
  C:0000H         SYMBOL        _ICE_DUMMY_
  D:0080H         PUBLIC        P0
  D:0090H         PUBLIC        P1
  D:00A0H         PUBLIC        P2
  D:00B0H         PUBLIC        P3
  D:00C0H         PUBLIC        P4
  D:00C8H         PUBLIC        P5
  D:00E8H         PUBLIC        P6
  D:00F8H         PUBLIC        P7
  C:33ECH         PUBLIC        _filter
  D:00A8H         PUBLIC        IE
  D:00B8H         PUBLIC        IP
  D:00D8H         PUBLIC        CCON
  D:0098H         PUBLIC        SCON
  D:0088H         PUBLIC        TCON
  D:00F0H         PUBLIC        B
  D:00E0H         PUBLIC        ACC
  D:00D0H         PUBLIC        PSW
  -------         PROC          _FILTER
  D:0001H         SYMBOL        ary
  X:0547H         SYMBOL        num
  X:0548H         SYMBOL        MaxValue
  X:054AH         SYMBOL        MinValue
  -------         DO            
  X:054CH         SYMBOL        angleDataloopTemp2
  X:054EH         SYMBOL        finalData
  X:0550H         SYMBOL        maxValue
  X:0552H         SYMBOL        minValue
  -------         ENDDO         
  C:33ECH         LINE#         2
  C:33F1H         LINE#         3
  C:33F1H         LINE#         5
  C:33F8H         LINE#         6
  C:3407H         LINE#         7
  C:3416H         LINE#         8
BL51 BANKED LINKER/LOCATER V6.00                                                      07/28/2017  08:56:32  PAGE 25


  C:3438H         LINE#         9
  C:3438H         LINE#         10
  C:3454H         LINE#         11
  C:3454H         LINE#         12
  C:3471H         LINE#         13
  C:3471H         LINE#         14
  C:3493H         LINE#         15
  C:3493H         LINE#         16
  C:34B0H         LINE#         17
  C:34B0H         LINE#         18
  C:34D2H         LINE#         19
  C:34E6H         LINE#         20
  C:350BH         LINE#         21
  C:3521H         LINE#         22
  C:3521H         LINE#         23
  -------         ENDPROC       _FILTER
  -------         ENDMOD        FILTER

  -------         MODULE        DATASCOPE_DP
  C:0000H         SYMBOL        _ICE_DUMMY_
  D:0080H         PUBLIC        P0
  D:0090H         PUBLIC        P1
  D:00A0H         PUBLIC        P2
  D:00B0H         PUBLIC        P3
  D:00C0H         PUBLIC        P4
  D:00C8H         PUBLIC        P5
  D:00E8H         PUBLIC        P6
  D:00F8H         PUBLIC        P7
  X:04D0H         PUBLIC        DataScope_OutPut_Buffer
  D:00A8H         PUBLIC        IE
  D:00B8H         PUBLIC        IP
  D:00D8H         PUBLIC        CCON
  C:4B72H         PUBLIC        _sendScopeData
  D:0098H         PUBLIC        SCON
  D:0088H         PUBLIC        TCON
  D:00F0H         PUBLIC        B
  C:3FFDH         PUBLIC        _Float2Byte
  D:00E0H         PUBLIC        ACC
  C:40A7H         PUBLIC        _DataScope_Data_Generate
  C:3522H         PUBLIC        _DataScope_Get_Channel_Data
  D:00D0H         PUBLIC        PSW
  -------         PROC          _FLOAT2BYTE
  D:0001H         SYMBOL        target
  X:0557H         SYMBOL        buf
  X:055AH         SYMBOL        beg
  -------         DO            
  X:055BH         SYMBOL        point
  -------         ENDDO         
  C:3FFDH         LINE#         26
  C:3FFDH         LINE#         27
  C:3FFDH         LINE#         29
  C:4008H         LINE#         30
  C:4026H         LINE#         31
  C:4052H         LINE#         32
  C:407EH         LINE#         33
  -------         ENDPROC       _FLOAT2BYTE
  -------         PROC          _SENDSCOPEDATA
BL51 BANKED LINKER/LOCATER V6.00                                                      07/28/2017  08:56:32  PAGE 26


  D:0004H         SYMBOL        Data
  X:0570H         SYMBOL        channel
  -------         DO            
  X:0571H         SYMBOL        a
  -------         ENDDO         
  C:4B72H         LINE#         43
  C:4B72H         LINE#         44
  C:4B72H         LINE#         47
  C:4B7DH         LINE#         49
  C:4B93H         LINE#         50
  C:4B93H         LINE#         51
  C:4BA2H         LINE#         52
  C:4BAAH         LINE#         54
  -------         ENDPROC       _SENDSCOPEDATA
  -------         PROC          _DATASCOPE_GET_CHANNEL_DATA
  X:0572H         SYMBOL        Data
  X:0576H         SYMBOL        Channel
  C:3522H         LINE#         60
  C:3528H         LINE#         61
  C:3528H         LINE#         62
  C:353BH         LINE#         63
  C:353BH         LINE#         65
  C:353BH         LINE#         67
  C:353BH         LINE#         68
  C:3571H         LINE#         69
  C:3571H         LINE#         70
  C:3571H         LINE#         71
  C:3584H         LINE#         72
  C:3587H         LINE#         73
  C:3587H         LINE#         74
  C:359BH         LINE#         75
  C:359EH         LINE#         76
  C:359EH         LINE#         77
  C:35B2H         LINE#         78
  C:35B5H         LINE#         79
  C:35B5H         LINE#         80
  C:35C9H         LINE#         81
  C:35CCH         LINE#         82
  C:35CCH         LINE#         83
  C:35E0H         LINE#         84
  C:35E2H         LINE#         85
  C:35E2H         LINE#         86
  C:35F6H         LINE#         87
  C:35F8H         LINE#         88
  C:35F8H         LINE#         89
  C:360CH         LINE#         90
  C:360EH         LINE#         91
  C:360EH         LINE#         92
  C:3622H         LINE#         93
  C:3624H         LINE#         94
  C:3624H         LINE#         95
  C:3638H         LINE#         96
  C:363AH         LINE#         97
  C:363AH         LINE#         98
  C:3655H         LINE#         99
  C:3655H         LINE#         100
  C:3655H         LINE#         101
BL51 BANKED LINKER/LOCATER V6.00                                                      07/28/2017  08:56:32  PAGE 27


  C:3655H         LINE#         102
  -------         ENDPROC       _DATASCOPE_GET_CHANNEL_DATA
  -------         PROC          _DATASCOPE_DATA_GENERATE
  D:0007H         SYMBOL        Channel_Number
  C:40A7H         LINE#         107
  C:40A7H         LINE#         108
  C:40A7H         LINE#         109
  C:40B0H         LINE#         110
  C:40B0H         LINE#         111
  C:40B3H         LINE#         112
  C:40B3H         LINE#         114
  C:40B3H         LINE#         115
  C:40B9H         LINE#         116
  C:40EFH         LINE#         117
  C:40EFH         LINE#         118
  C:40EFH         LINE#         119
  C:40F5H         LINE#         120
  C:40F8H         LINE#         121
  C:40F8H         LINE#         122
  C:40F8H         LINE#         123
  C:40FEH         LINE#         124
  C:4101H         LINE#         125
  C:4101H         LINE#         126
  C:4101H         LINE#         127
  C:4107H         LINE#         128
  C:410AH         LINE#         129
  C:410AH         LINE#         130
  C:410AH         LINE#         131
  C:4110H         LINE#         132
  C:4113H         LINE#         133
  C:4113H         LINE#         134
  C:4113H         LINE#         135
  C:4119H         LINE#         136
  C:411CH         LINE#         137
  C:411CH         LINE#         138
  C:411CH         LINE#         139
  C:4122H         LINE#         140
  C:4125H         LINE#         141
  C:4125H         LINE#         142
  C:4125H         LINE#         143
  C:412BH         LINE#         144
  C:412EH         LINE#         145
  C:412EH         LINE#         146
  C:412EH         LINE#         147
  C:4134H         LINE#         148
  C:4137H         LINE#         149
  C:4137H         LINE#         150
  C:4137H         LINE#         151
  C:413DH         LINE#         152
  C:4140H         LINE#         153
  C:4140H         LINE#         154
  C:4140H         LINE#         155
  C:4146H         LINE#         156
  C:4149H         LINE#         157
  C:4149H         LINE#         158
  C:4149H         LINE#         159
  C:4149H         LINE#         160
BL51 BANKED LINKER/LOCATER V6.00                                                      07/28/2017  08:56:32  PAGE 28


  C:414BH         LINE#         161
  -------         ENDPROC       _DATASCOPE_DATA_GENERATE
  -------         ENDMOD        DATASCOPE_DP

  -------         MODULE        STORAGE
  C:0000H         SYMBOL        _ICE_DUMMY_
  D:0080H         PUBLIC        P0
  D:0090H         PUBLIC        P1
  D:00A0H         PUBLIC        P2
  D:00B0H         PUBLIC        P3
  D:00C0H         PUBLIC        P4
  D:00C8H         PUBLIC        P5
  D:00E8H         PUBLIC        P6
  D:00F8H         PUBLIC        P7
  D:00A8H         PUBLIC        IE
  D:00B8H         PUBLIC        IP
  D:00D8H         PUBLIC        CCON
  C:52C1H         PUBLIC        _writeData
  D:0098H         PUBLIC        SCON
  D:0088H         PUBLIC        TCON
  D:00F0H         PUBLIC        B
  D:00E0H         PUBLIC        ACC
  D:00D0H         PUBLIC        PSW
  -------         PROC          _WRITEDATA
  X:0577H         SYMBOL        add
  X:0579H         SYMBOL        Data
  C:52C1H         LINE#         3
  C:52D2H         LINE#         4
  C:52D2H         LINE#         6
  -------         ENDPROC       _WRITEDATA
  -------         ENDMOD        STORAGE

  -------         MODULE        BUTTON
  C:0000H         SYMBOL        _ICE_DUMMY_
  D:0080H         PUBLIC        P0
  D:0090H         PUBLIC        P1
  D:00A0H         PUBLIC        P2
  D:00B0H         PUBLIC        P3
  D:00C0H         PUBLIC        P4
  D:00C8H         PUBLIC        P5
  D:00E8H         PUBLIC        P6
  D:00F8H         PUBLIC        P7
  D:00A8H         PUBLIC        IE
  D:00B8H         PUBLIC        IP
  D:00D8H         PUBLIC        CCON
  C:4801H         PUBLIC        buttonScan
  B:0022H.2       SYMBOL        BUTTON1_bit
  B:0022H.3       SYMBOL        BUTTON2_bit
  B:0022H.4       SYMBOL        BUTTON3_bit
  B:0022H.5       SYMBOL        BUTTON4_bit
  D:0098H         PUBLIC        SCON
  B:00A0H.3       PUBLIC        P23
  D:0088H         PUBLIC        TCON
  B:00A0H.4       PUBLIC        P24
  B:00A0H.5       PUBLIC        P25
  B:00A0H.6       PUBLIC        P26
  D:00F0H         PUBLIC        B
BL51 BANKED LINKER/LOCATER V6.00                                                      07/28/2017  08:56:32  PAGE 29


  C:5050H         PUBLIC        _getButtonState
  D:00E0H         PUBLIC        ACC
  C:4F5CH         PUBLIC        Button_config
  C:5383H         SYMBOL        _digitalRead
  D:00D0H         PUBLIC        PSW
  -------         PROC          BUTTON_CONFIG
  -------         DO            
  X:059FH         SYMBOL        GPIO_InitStructure
  -------         ENDDO         
  C:4F5CH         LINE#         25
  C:4F5CH         LINE#         26
  C:4F5CH         LINE#         28
  C:4F62H         LINE#         29
  C:4F67H         LINE#         30
  C:4F72H         LINE#         31
  C:4F74H         LINE#         32
  C:4F76H         LINE#         33
  C:4F78H         LINE#         34
  C:4F7AH         LINE#         35
  -------         ENDPROC       BUTTON_CONFIG
  -------         PROC          _DIGITALREAD
  D:0006H         SYMBOL        pin
  C:5383H         LINE#         43
  C:5383H         LINE#         44
  C:5383H         LINE#         45
  C:5387H         LINE#         46
  C:5387H         LINE#         47
  C:538CH         LINE#         48
  C:538CH         LINE#         49
  -------         ENDPROC       _DIGITALREAD
  -------         PROC          _GETBUTTONSTATE
  D:0007H         SYMBOL        BUTTON_data
  C:5050H         LINE#         61
  C:5050H         LINE#         62
  C:5050H         LINE#         63
  C:5061H         LINE#         64
  C:5061H         LINE#         65
  C:5061H         LINE#         66
  C:5064H         LINE#         67
  C:5064H         LINE#         68
  C:5064H         LINE#         69
  C:5067H         LINE#         70
  C:5067H         LINE#         71
  C:5067H         LINE#         72
  C:506AH         LINE#         73
  C:506AH         LINE#         74
  C:506AH         LINE#         75
  C:506CH         LINE#         76
  C:506CH         LINE#         77
  C:506CH         LINE#         78
  -------         ENDPROC       _GETBUTTONSTATE
  -------         PROC          BUTTONSCAN
  C:4801H         LINE#         88
  C:4801H         LINE#         89
  C:4801H         LINE#         90
  C:480CH         LINE#         91
  C:480CH         LINE#         92
BL51 BANKED LINKER/LOCATER V6.00                                                      07/28/2017  08:56:32  PAGE 30


  C:4816H         LINE#         93
  C:4816H         LINE#         97
  C:4818H         LINE#         98
  C:4818H         LINE#         99
  C:481AH         LINE#         101
  C:481AH         LINE#         102
  C:481CH         LINE#         103
  C:481CH         LINE#         104
  C:4827H         LINE#         105
  C:4827H         LINE#         106
  C:482AH         LINE#         107
  C:482AH         LINE#         111
  C:482CH         LINE#         112
  C:482CH         LINE#         113
  C:482EH         LINE#         115
  C:482EH         LINE#         116
  C:4830H         LINE#         117
  C:4830H         LINE#         118
  C:483BH         LINE#         119
  C:483BH         LINE#         120
  C:483EH         LINE#         121
  C:483EH         LINE#         125
  C:4840H         LINE#         127
  C:4840H         LINE#         128
  C:4842H         LINE#         130
  C:4842H         LINE#         131
  C:4844H         LINE#         132
  C:4844H         LINE#         133
  C:484FH         LINE#         134
  C:484FH         LINE#         135
  C:4852H         LINE#         136
  C:4852H         LINE#         140
  C:4854H         LINE#         142
  C:4854H         LINE#         143
  C:4855H         LINE#         145
  C:4855H         LINE#         146
  C:4857H         LINE#         147
  C:4857H         LINE#         148
  -------         ENDPROC       BUTTONSCAN
  -------         ENDMOD        BUTTON

  -------         MODULE        LED
  C:0000H         SYMBOL        _ICE_DUMMY_
  D:0080H         PUBLIC        P0
  D:0090H         PUBLIC        P1
  D:00A0H         PUBLIC        P2
  D:00B0H         PUBLIC        P3
  D:00C0H         PUBLIC        P4
  D:00C8H         PUBLIC        P5
  B:0023H.0       SYMBOL        Board_LED_State
  D:00E8H         PUBLIC        P6
  D:00F8H         PUBLIC        P7
  D:00A8H         PUBLIC        IE
  C:4EB8H         PUBLIC        _blink
  C:4EDAH         PUBLIC        Board_LED_Init
  D:00B8H         PUBLIC        IP
  C:53E9H         PUBLIC        close_Board_LED
BL51 BANKED LINKER/LOCATER V6.00                                                      07/28/2017  08:56:32  PAGE 31


  D:00D8H         PUBLIC        CCON
  D:0098H         PUBLIC        SCON
  D:0088H         PUBLIC        TCON
  C:53E4H         PUBLIC        open_Board_LED
  B:00C8H.5       PUBLIC        P55
  D:00F0H         PUBLIC        B
  D:00E0H         PUBLIC        ACC
  C:53EEH         PUBLIC        getBoard_LED_State
  C:53C6H         PUBLIC        _Board_LED_PWM
  D:00D0H         PUBLIC        PSW
  -------         PROC          BOARD_LED_INIT
  -------         DO            
  X:028CH         SYMBOL        GPIO_InitStructure
  -------         ENDDO         
  C:4EDAH         LINE#         11
  C:4EDAH         LINE#         12
  C:4EDAH         LINE#         14
  C:4EE0H         LINE#         15
  C:4EE5H         LINE#         16
  C:4EF0H         LINE#         17
  C:4EF9H         LINE#         18
  C:4EFAH         LINE#         19
  -------         ENDPROC       BOARD_LED_INIT
  -------         PROC          OPEN_BOARD_LED
  C:53E4H         LINE#         20
  C:53E4H         LINE#         21
  C:53E4H         LINE#         22
  C:53E6H         LINE#         23
  C:53E8H         LINE#         24
  -------         ENDPROC       OPEN_BOARD_LED
  -------         PROC          CLOSE_BOARD_LED
  C:53E9H         LINE#         25
  C:53E9H         LINE#         26
  C:53E9H         LINE#         27
  C:53EBH         LINE#         28
  C:53EDH         LINE#         30
  -------         ENDPROC       CLOSE_BOARD_LED
  -------         PROC          _BLINK
  X:028CH         SYMBOL        time
  C:4EB8H         LINE#         31
  C:4EBDH         LINE#         32
  C:4EBDH         LINE#         33
  C:4EC7H         LINE#         34
  C:4EC7H         LINE#         35
  C:4ECAH         LINE#         36
  C:4ECFH         LINE#         37
  C:4ED2H         LINE#         38
  C:4ED7H         LINE#         40
  C:4ED9H         LINE#         41
  -------         ENDPROC       _BLINK
  -------         PROC          GETBOARD_LED_STATE
  C:53EEH         LINE#         42
  C:53EEH         LINE#         43
  C:53EEH         LINE#         44
  C:53F0H         LINE#         45
  -------         ENDPROC       GETBOARD_LED_STATE
  -------         PROC          _BOARD_LED_PWM
BL51 BANKED LINKER/LOCATER V6.00                                                      07/28/2017  08:56:32  PAGE 32


  X:05AAH         SYMBOL        luminance
  C:53C6H         LINE#         46
  C:53CBH         LINE#         47
  C:53CBH         LINE#         48
  C:53CBH         LINE#         49
  C:53CBH         LINE#         52
  C:53CBH         LINE#         54
  -------         ENDPROC       _BOARD_LED_PWM
  -------         ENDMOD        LED

  -------         MODULE        STEP_MOTOR
  C:0000H         SYMBOL        _ICE_DUMMY_
  D:0080H         PUBLIC        P0
  D:0090H         PUBLIC        P1
  D:00A0H         PUBLIC        P2
  D:00B0H         PUBLIC        P3
  D:00C0H         PUBLIC        P4
  D:00C8H         PUBLIC        P5
  D:00E8H         PUBLIC        P6
  C:534BH         PUBLIC        _setStepMotorState
  D:00F8H         PUBLIC        P7
  C:4677H         PUBLIC        _setStepMotorWithAngle
  D:00A8H         PUBLIC        IE
  B:00A0H.6       PUBLIC        StepMotor_1_LockControl
  B:00A0H.4       PUBLIC        StepMotor_2_LockControl
  D:00B8H         PUBLIC        IP
  X:04FAH         SYMBOL        g_stepMotor
  D:00D8H         PUBLIC        CCON
  C:506DH         PUBLIC        _close_StepMotor
  C:4BABH         PUBLIC        _setStepMotorWithRound
  C:4E26H         PUBLIC        _setStepMotorWithPulse
  D:0098H         PUBLIC        SCON
  D:0088H         PUBLIC        TCON
[...]
  C:4DB3H         LINE#         250
  C:4DB3H         LINE#         251
  C:4DB3H         LINE#         252
  C:4DC2H         LINE#         253
  C:4DCFH         LINE#         255
  C:4DD5H         LINE#         256
  C:4DD5H         LINE#         257
  C:4DD7H         LINE#         258
  C:4DD9H         LINE#         259
  C:4DD9H         LINE#         260
  -------         ENDPROC       _TX1_WRITE2BUFF
  -------         PROC          _TX2_WRITE2BUFF
  D:0007H         SYMBOL        dat
  C:4D3BH         LINE#         262
  C:4D3BH         LINE#         263
  C:4D3BH         LINE#         264
  C:4D4AH         LINE#         265
  C:4D57H         LINE#         267
  C:4D5DH         LINE#         268
  C:4D5DH         LINE#         269
  C:4D5FH         LINE#         270
  C:4D62H         LINE#         271
  C:4D62H         LINE#         272
  -------         ENDPROC       _TX2_WRITE2BUFF
  -------         PROC          _TX3_WRITE2BUFF
  D:0007H         SYMBOL        dat
  C:4D63H         LINE#         274
  C:4D63H         LINE#         275
  C:4D63H         LINE#         276
  C:4D72H         LINE#         277
  C:4D7FH         LINE#         279
  C:4D85H         LINE#         280
  C:4D85H         LINE#         281
  C:4D87H         LINE#         282
  C:4D8AH         LINE#         283
  C:4D8AH         LINE#         284
  -------         ENDPROC       _TX3_WRITE2BUFF
  -------         PROC          _TX4_WRITE2BUFF
  D:0007H         SYMBOL        dat
  C:4D8BH         LINE#         286
  C:4D8BH         LINE#         287
  C:4D8BH         LINE#         288
  C:4D9AH         LINE#         289
  C:4DA7H         LINE#         291
  C:4DADH         LINE#         292
  C:4DADH         LINE#         293
BL51 BANKED LINKER/LOCATER V6.00                                                      07/28/2017  08:56:32  PAGE 67


  C:4DAFH         LINE#         294
  C:4DB2H         LINE#         295
  C:4DB2H         LINE#         296
  -------         ENDPROC       _TX4_WRITE2BUFF
  -------         PROC          _PRINTSTRING1
  D:0001H         SYMBOL        puts
  C:51EAH         LINE#         298
  C:51EAH         LINE#         299
  C:51EAH         LINE#         300
  C:51ECH         LINE#         301
  C:51FEH         LINE#         302
  C:5200H         LINE#         303
  -------         ENDPROC       _PRINTSTRING1
  -------         PROC          _PRINTSTRING2
  D:0001H         SYMBOL        puts
  C:5276H         LINE#         305
  C:5276H         LINE#         306
  C:5276H         LINE#         307
  C:5288H         LINE#         308
  -------         ENDPROC       _PRINTSTRING2
  -------         PROC          _PRINTSTRING3
  D:0001H         SYMBOL        puts
  C:5289H         LINE#         310
  C:5289H         LINE#         311
  C:5289H         LINE#         312
  C:529BH         LINE#         313
  -------         ENDPROC       _PRINTSTRING3
  -------         PROC          _PRINTSTRING4
  D:0001H         SYMBOL        puts
  C:529CH         LINE#         315
  C:529CH         LINE#         316
  C:529CH         LINE#         317
  C:52AEH         LINE#         318
  -------         ENDPROC       _PRINTSTRING4
  -------         PROC          UART1_INT
  C:449BH         LINE#         325
  C:44AAH         LINE#         327
  C:44ADH         LINE#         328
  C:44ADH         LINE#         329
  C:44AFH         LINE#         330
  C:44B5H         LINE#         331
  C:44B5H         LINE#         332
  C:44C0H         LINE#         333
  C:44D4H         LINE#         334
  C:44DAH         LINE#         335
  C:44DAH         LINE#         336
  C:44DAH         LINE#         338
  C:44DDH         LINE#         339
  C:44DDH         LINE#         340
  C:44DFH         LINE#         341
  C:44ECH         LINE#         342
  C:44ECH         LINE#         343
  C:44F9H         LINE#         344
  C:4506H         LINE#         345
  C:4508H         LINE#         346
  C:450DH         LINE#         347
  C:450DH         LINE#         348
BL51 BANKED LINKER/LOCATER V6.00                                                      07/28/2017  08:56:32  PAGE 68


  -------         ENDPROC       UART1_INT
  -------         PROC          UART2_INT
  C:430CH         LINE#         351
  C:431BH         LINE#         353
  C:4320H         LINE#         354
  C:4320H         LINE#         355
  C:4323H         LINE#         356
  C:4329H         LINE#         357
  C:4329H         LINE#         358
  C:4334H         LINE#         359
  C:4348H         LINE#         360
  C:434EH         LINE#         361
  C:434EH         LINE#         362
  C:434EH         LINE#         364
  C:4353H         LINE#         365
  C:4353H         LINE#         366
  C:4356H         LINE#         367
  C:4363H         LINE#         368
  C:4363H         LINE#         369
  C:4370H         LINE#         370
  C:437DH         LINE#         371
  C:437FH         LINE#         372
  C:4384H         LINE#         373
  C:4384H         LINE#         375
  -------         ENDPROC       UART2_INT
  -------         PROC          UART3_INT
  C:4391H         LINE#         379
  C:43A0H         LINE#         381
  C:43A5H         LINE#         382
  C:43A5H         LINE#         383
  C:43A8H         LINE#         384
  C:43AEH         LINE#         385
  C:43AEH         LINE#         386
  C:43B9H         LINE#         387
  C:43CDH         LINE#         388
  C:43D3H         LINE#         389
  C:43D3H         LINE#         390
  C:43D3H         LINE#         392
  C:43D8H         LINE#         393
  C:43D8H         LINE#         394
  C:43DBH         LINE#         395
  C:43E8H         LINE#         396
  C:43E8H         LINE#         397
  C:43F5H         LINE#         398
  C:4402H         LINE#         399
  C:4404H         LINE#         400
  C:4409H         LINE#         401
  C:4409H         LINE#         403
  -------         ENDPROC       UART3_INT
  -------         PROC          UART4_INT
  C:4416H         LINE#         407
  C:4425H         LINE#         409
  C:442AH         LINE#         410
  C:442AH         LINE#         411
  C:442DH         LINE#         412
  C:4433H         LINE#         413
  C:4433H         LINE#         414
BL51 BANKED LINKER/LOCATER V6.00                                                      07/28/2017  08:56:32  PAGE 69


  C:443EH         LINE#         415
  C:4452H         LINE#         416
  C:4458H         LINE#         417
  C:4458H         LINE#         418
  C:4458H         LINE#         420
  C:445DH         LINE#         421
  C:445DH         LINE#         422
  C:4460H         LINE#         423
  C:446DH         LINE#         424
  C:446DH         LINE#         425
  C:447AH         LINE#         426
  C:4487H         LINE#         427
  C:4489H         LINE#         428
  C:448EH         LINE#         429
  C:448EH         LINE#         431
  -------         ENDPROC       UART4_INT
  -------         ENDMOD        USART1

  -------         MODULE        ?C?FPADD
  C:0807H         PUBLIC        ?C?FPADD
  C:0803H         PUBLIC        ?C?FPSUB
  -------         ENDMOD        ?C?FPADD

  -------         MODULE        ?C?FPMUL
  C:08F8H         PUBLIC        ?C?FPMUL
  -------         ENDMOD        ?C?FPMUL

  -------         MODULE        ?C?FPDIV
  C:0A01H         PUBLIC        ?C?FPDIV
  -------         ENDMOD        ?C?FPDIV

  -------         MODULE        ?C?FPCMP
  C:0AA0H         PUBLIC        ?C?FPCMP
  C:0A9EH         PUBLIC        ?C?FPCMP3
  -------         ENDMOD        ?C?FPCMP

  -------         MODULE        ?C?FCAST
  C:0B15H         PUBLIC        ?C?FCASTC
  C:0B10H         PUBLIC        ?C?FCASTI
  C:0B0BH         PUBLIC        ?C?FCASTL
  -------         ENDMOD        ?C?FCAST

  -------         MODULE        ?C?CASTF
  C:0B49H         PUBLIC        ?C?CASTF
  -------         ENDMOD        ?C?CASTF

  -------         MODULE        PRINTF
  X:034EH         PUBLIC        ?_PRINTF?BYTE
  X:034EH         PUBLIC        ?_SPRINTF?BYTE
  C:1E69H         PUBLIC        _PRINTF
  C:1E63H         PUBLIC        _SPRINTF
  -------         ENDMOD        PRINTF

  -------         MODULE        FABS
  C:5376H         PUBLIC        _FABS
  -------         ENDMOD        FABS

BL51 BANKED LINKER/LOCATER V6.00                                                      07/28/2017  08:56:32  PAGE 70


  -------         MODULE        SQRT
  C:3F55H         PUBLIC        _SQRT
  -------         ENDMOD        SQRT

  -------         MODULE        SIN
  C:3146H         PUBLIC        _COS
  C:315CH         PUBLIC        _SIN
  C:3198H         PUBLIC        _TAN
  -------         ENDMOD        SIN

  -------         MODULE        POW
  X:035BH         PUBLIC        ?_pow?BYTE
  C:3286H         PUBLIC        _pow
  -------         ENDMOD        POW

  -------         MODULE        ?C?CHKFLOAT
  C:0BCAH         PUBLIC        ?C?CHKFLOAT
  -------         ENDMOD        ?C?CHKFLOAT

  -------         MODULE        ?C?FPNEG
  C:0BE4H         PUBLIC        ?C?FPNEG
  -------         ENDMOD        ?C?FPNEG

  -------         MODULE        ?C?FPROUND
  C:0BF5H         PUBLIC        ?C?FPROUND
  -------         ENDMOD        ?C?FPROUND

  -------         MODULE        ?C?FPCONVERT
  C:0C32H         PUBLIC        ?C?FPCONVERT
  -------         ENDMOD        ?C?FPCONVERT

  -------         MODULE        EXP
  C:421EH         PUBLIC        _EXP
  -------         ENDMOD        EXP

  -------         MODULE        LOG
  C:368AH         PUBLIC        _LOG
  C:3686H         PUBLIC        _LOG10
  -------         ENDMOD        LOG

  -------         MODULE        ?C?FTNPWR
  C:0DB4H         PUBLIC        ?C?FTNPWR
  -------         ENDMOD        ?C?FTNPWR

  -------         MODULE        ?C?COPY
  C:0EC4H         PUBLIC        ?C?COPY
  -------         ENDMOD        ?C?COPY

  -------         MODULE        ?C?CLDPTR
  C:0EEAH         PUBLIC        ?C?CLDPTR
  -------         ENDMOD        ?C?CLDPTR

  -------         MODULE        ?C?CLDOPTR
  C:0F03H         PUBLIC        ?C?CLDOPTR
  -------         ENDMOD        ?C?CLDOPTR

  -------         MODULE        ?C?CSTPTR
BL51 BANKED LINKER/LOCATER V6.00                                                      07/28/2017  08:56:32  PAGE 71


  C:0F30H         PUBLIC        ?C?CSTPTR
  -------         ENDMOD        ?C?CSTPTR

  -------         MODULE        ?C?CSTOPTR
  C:0F42H         PUBLIC        ?C?CSTOPTR
  -------         ENDMOD        ?C?CSTOPTR

  -------         MODULE        ?C?IMUL
  C:0F64H         PUBLIC        ?C?IMUL
  -------         ENDMOD        ?C?IMUL

  -------         MODULE        ?C?UIDIV
  C:0F76H         PUBLIC        ?C?UIDIV
  -------         ENDMOD        ?C?UIDIV

  -------         MODULE        ?C?IILDX
  C:0FCBH         PUBLIC        ?C?IILDX
  -------         ENDMOD        ?C?IILDX

  -------         MODULE        ?C?ILDOPTR
  C:0FE1H         PUBLIC        ?C?ILDOPTR
  -------         ENDMOD        ?C?ILDOPTR

  -------         MODULE        ?C?LMUL
  C:1019H         PUBLIC        ?C?LMUL
  -------         ENDMOD        ?C?LMUL

  -------         MODULE        ?C?ULDIV
  C:10A4H         PUBLIC        ?C?ULDIV
  -------         ENDMOD        ?C?ULDIV

  -------         MODULE        ?C?SLDIV
  C:4A79H         PUBLIC        ?C?SLDIV
  -------         ENDMOD        ?C?SLDIV

  -------         MODULE        ?C?LNEG
  C:1136H         PUBLIC        ?C?LNEG
  -------         ENDMOD        ?C?LNEG

  -------         MODULE        ?C?ULCMP
  C:1144H         PUBLIC        ?C?ULCMP
  -------         ENDMOD        ?C?ULCMP

  -------         MODULE        ?C?ULSHR
  C:1155H         PUBLIC        ?C?ULSHR
  -------         ENDMOD        ?C?ULSHR

  -------         MODULE        ?C?LLDXDATA
  C:1168H         PUBLIC        ?C?LLDXDATA
  -------         ENDMOD        ?C?LLDXDATA

  -------         MODULE        ?C?LLDCODE
  C:1174H         PUBLIC        ?C?LLDCODE
  -------         ENDMOD        ?C?LLDCODE

  -------         MODULE        ?C?LLDXDATA0
  C:1184H         PUBLIC        ?C?LLDXDATA0
BL51 BANKED LINKER/LOCATER V6.00                                                      07/28/2017  08:56:32  PAGE 72


  -------         ENDMOD        ?C?LLDXDATA0

  -------         MODULE        ?C?LLDCODE0
  C:1190H         PUBLIC        ?C?LLDCODE0
  -------         ENDMOD        ?C?LLDCODE0

  -------         MODULE        ?C?LLDOPTR0
  C:11A0H         PUBLIC        ?C?LLDOPTR0
  -------         ENDMOD        ?C?LLDOPTR0

  -------         MODULE        ?C?LSTXDATA
  C:11D0H         PUBLIC        ?C?LSTXDATA
  -------         ENDMOD        ?C?LSTXDATA

  -------         MODULE        ?C?LSTKXDATA
  C:11DCH         PUBLIC        ?C?LSTKXDATA
  -------         ENDMOD        ?C?LSTKXDATA

  -------         MODULE        ?C?PLDIXDATA
  C:120DH         PUBLIC        ?C?PLDIXDATA
  -------         ENDMOD        ?C?PLDIXDATA

  -------         MODULE        ?C?PSTXDATA
  C:1224H         PUBLIC        ?C?PSTXDATA
  -------         ENDMOD        ?C?PSTXDATA

  -------         MODULE        ?C?CCASE
  C:122DH         PUBLIC        ?C?CCASE
  -------         ENDMOD        ?C?CCASE

  -------         MODULE        PUTCHAR
  C:4DDAH         PUBLIC        _PUTCHAR
  -------         ENDMOD        PUTCHAR

  -------         MODULE        ?C?LLDIDATA0
  C:1253H         PUBLIC        ?C?LLDIDATA0
  -------         ENDMOD        ?C?LLDIDATA0

  -------         MODULE        ?C?LLDPDATA0
  C:1260H         PUBLIC        ?C?LLDPDATA0
  -------         ENDMOD        ?C?LLDPDATA0

*** WARNING L16: UNCALLED SEGMENT, IGNORED FOR OVERLAY PROCESS
    SEGMENT: ?PR?DRAWLOOPSRTLINE?ABSTASK

*** WARNING L16: UNCALLED SEGMENT, IGNORED FOR OVERLAY PROCESS
    SEGMENT: ?PR?DRAWLOOPRECTANGLE?ABSTASK

*** WARNING L16: UNCALLED SEGMENT, IGNORED FOR OVERLAY PROCESS
    SEGMENT: ?PR?DRAWLINE?ABSTASK

*** WARNING L16: UNCALLED SEGMENT, IGNORED FOR OVERLAY PROCESS
    SEGMENT: ?PR?STOPSYSTEM?TASK

*** WARNING L16: UNCALLED SEGMENT, IGNORED FOR OVERLAY PROCESS
    SEGMENT: ?PR?TEST?SETUP

BL51 BANKED LINKER/LOCATER V6.00                                                      07/28/2017  08:56:32  PAGE 73


*** WARNING L16: UNCALLED SEGMENT, IGNORED FOR OVERLAY PROCESS
    SEGMENT: ?PR?MODE1?MODE

*** WARNING L16: UNCALLED SEGMENT, IGNORED FOR OVERLAY PROCESS
    SEGMENT: ?PR?MODE2?MODE

*** WARNING L16: UNCALLED SEGMENT, IGNORED FOR OVERLAY PROCESS
    SEGMENT: ?PR?MODE3?MODE

*** WARNING L16: UNCALLED SEGMENT, IGNORED FOR OVERLAY PROCESS
    SEGMENT: ?PR?MODE4?MODE

*** WARNING L16: UNCALLED SEGMENT, IGNORED FOR OVERLAY PROCESS
    SEGMENT: ?PR?MODELAUNCHER?MODE

*** WARNING L16: UNCALLED SEGMENT, IGNORED FOR OVERLAY PROCESS
    SEGMENT: ?PR?_FILTER?FILTER

*** WARNING L16: UNCALLED SEGMENT, IGNORED FOR OVERLAY PROCESS
    SEGMENT: ?PR?_SENDSCOPEDATA?DATASCOPE_DP

*** WARNING L16: UNCALLED SEGMENT, IGNORED FOR OVERLAY PROCESS
    SEGMENT: ?PR?_WRITEDATA?STORAGE

*** WARNING L16: UNCALLED SEGMENT, IGNORED FOR OVERLAY PROCESS
    SEGMENT: ?PR?BUTTON_CONFIG?BUTTON

*** WARNING L16: UNCALLED SEGMENT, IGNORED FOR OVERLAY PROCESS
    SEGMENT: ?PR?_GETBUTTONSTATE?BUTTON

*** WARNING L16: UNCALLED SEGMENT, IGNORED FOR OVERLAY PROCESS
    SEGMENT: ?PR?BUTTONSCAN?BUTTON

*** WARNING L16: UNCALLED SEGMENT, IGNORED FOR OVERLAY PROCESS
    SEGMENT: ?PR?GETBOARD_LED_STATE?LED

*** WARNING L16: UNCALLED SEGMENT, IGNORED FOR OVERLAY PROCESS
    SEGMENT: ?PR?_BOARD_LED_PWM?LED

*** WARNING L16: UNCALLED SEGMENT, IGNORED FOR OVERLAY PROCESS
    SEGMENT: ?PR?_SETSTEPMOTORWITHDISTANCE?STEP_MOTOR

*** WARNING L16: UNCALLED SEGMENT, IGNORED FOR OVERLAY PROCESS
    SEGMENT: ?PR?_SETSTEPMOTORWITHROUND?STEP_MOTOR

*** WARNING L16: UNCALLED SEGMENT, IGNORED FOR OVERLAY PROCESS
    SEGMENT: ?PR?_FREESTEPMOTOR?STEP_MOTOR

*** WARNING L16: UNCALLED SEGMENT, IGNORED FOR OVERLAY PROCESS
    SEGMENT: ?PR?_LOCKSTEPMOTOR?STEP_MOTOR

*** WARNING L16: UNCALLED SEGMENT, IGNORED FOR OVERLAY PROCESS
    SEGMENT: ?PR?_LCD_CLR_ROW?LCD5510_V2

*** WARNING L16: UNCALLED SEGMENT, IGNORED FOR OVERLAY PROCESS
    SEGMENT: ?PR?_LCD_PRINTS?LCD5510_V2

BL51 BANKED LINKER/LOCATER V6.00                                                      07/28/2017  08:56:32  PAGE 74


*** WARNING L16: UNCALLED SEGMENT, IGNORED FOR OVERLAY PROCESS
    SEGMENT: ?PR?_LCD_PRINTSL?LCD5510_V2

*** WARNING L16: UNCALLED SEGMENT, IGNORED FOR OVERLAY PROCESS
    SEGMENT: ?PR?LCD5510_INIT?LCD5510_V2

*** WARNING L16: UNCALLED SEGMENT, IGNORED FOR OVERLAY PROCESS
    SEGMENT: ?PR?_SETPINSTATE?GPIO

*** WARNING L16: UNCALLED SEGMENT, IGNORED FOR OVERLAY PROCESS
    SEGMENT: ?PR?_SET_PWM_PERIOD?STC15_PWM

*** WARNING L16: UNCALLED SEGMENT, IGNORED FOR OVERLAY PROCESS
    SEGMENT: ?PR?_GET_PWM_PERIOD?STC15_PWM

*** WARNING L16: UNCALLED SEGMENT, IGNORED FOR OVERLAY PROCESS
    SEGMENT: ?PR?_SET_PWM_DUTY?STC15_PWM

*** WARNING L16: UNCALLED SEGMENT, IGNORED FOR OVERLAY PROCESS
    SEGMENT: ?PR?_GET_PWM_N_DUTY?STC15_PWM

*** WARNING L16: UNCALLED SEGMENT, IGNORED FOR OVERLAY PROCESS
    SEGMENT: ?PR?_SETPWM_DIV?STC15_PWM

*** WARNING L16: UNCALLED SEGMENT, IGNORED FOR OVERLAY PROCESS
    SEGMENT: ?PR?_GETPWM_DIV?STC15_PWM

*** WARNING L16: UNCALLED SEGMENT, IGNORED FOR OVERLAY PROCESS
    SEGMENT: ?PR?OPEN_PWM_ALL?STC15_PWM

*** WARNING L16: UNCALLED SEGMENT, IGNORED FOR OVERLAY PROCESS
    SEGMENT: ?PR?CLOSE_PWM_ALL?STC15_PWM

*** WARNING L16: UNCALLED SEGMENT, IGNORED FOR OVERLAY PROCESS
    SEGMENT: ?PR?_OPEN_PWM_N?STC15_PWM

*** WARNING L16: UNCALLED SEGMENT, IGNORED FOR OVERLAY PROCESS
    SEGMENT: ?PR?_CLOSE_PWM_N?STC15_PWM

*** WARNING L16: UNCALLED SEGMENT, IGNORED FOR OVERLAY PROCESS
    SEGMENT: ?PR?_GET_PWM_N_STATE?STC15_PWM

*** WARNING L16: UNCALLED SEGMENT, IGNORED FOR OVERLAY PROCESS
    SEGMENT: ?PR?_PWM_INILIZE?STC15_PWM

*** WARNING L16: UNCALLED SEGMENT, IGNORED FOR OVERLAY PROCESS
    SEGMENT: ?PR?_SETTIMEOUT?TIMER

*** WARNING L16: UNCALLED SEGMENT, IGNORED FOR OVERLAY PROCESS
    SEGMENT: ?PR?_GETTIMEROUT?TIMER

*** WARNING L16: UNCALLED SEGMENT, IGNORED FOR OVERLAY PROCESS
    SEGMENT: ?PR?_SETTIMERHERTZ?TIMER

*** WARNING L16: UNCALLED SEGMENT, IGNORED FOR OVERLAY PROCESS
    SEGMENT: ?PR?_GETTIMERHERTZ?TIMER

BL51 BANKED LINKER/LOCATER V6.00                                                      07/28/2017  08:56:32  PAGE 75


*** WARNING L16: UNCALLED SEGMENT, IGNORED FOR OVERLAY PROCESS
    SEGMENT: ?PR?_STOPTIMER?TIMER

*** WARNING L16: UNCALLED SEGMENT, IGNORED FOR OVERLAY PROCESS
    SEGMENT: ?PR?_ISSTOPPED?TIMER

*** WARNING L16: UNCALLED SEGMENT, IGNORED FOR OVERLAY PROCESS
    SEGMENT: ?PR?_ONRESTARTTIMER?TIMER

*** WARNING L16: UNCALLED SEGMENT, IGNORED FOR OVERLAY PROCESS
    SEGMENT: ?PR?GETMICROS?TIMER

*** WARNING L16: UNCALLED SEGMENT, IGNORED FOR OVERLAY PROCESS
    SEGMENT: ?PR?GETMILLIS?TIMER

*** WARNING L16: UNCALLED SEGMENT, IGNORED FOR OVERLAY PROCESS
    SEGMENT: ?PR?GETSECONDS?TIMER

*** WARNING L16: UNCALLED SEGMENT, IGNORED FOR OVERLAY PROCESS
    SEGMENT: ?PR?GETMINUTES?TIMER

*** WARNING L16: UNCALLED SEGMENT, IGNORED FOR OVERLAY PROCESS
    SEGMENT: ?PR?GETHOURS?TIMER

*** WARNING L16: UNCALLED SEGMENT, IGNORED FOR OVERLAY PROCESS
    SEGMENT: ?PR?GETDAYS?TIMER

*** WARNING L16: UNCALLED SEGMENT, IGNORED FOR OVERLAY PROCESS
    SEGMENT: ?PR?_PRINTSTRING2?USART1

*** WARNING L16: UNCALLED SEGMENT, IGNORED FOR OVERLAY PROCESS
    SEGMENT: ?PR?_PRINTSTRING3?USART1

*** WARNING L16: UNCALLED SEGMENT, IGNORED FOR OVERLAY PROCESS
    SEGMENT: ?PR?_PRINTSTRING4?USART1

*** WARNING L15: MULTIPLE CALL TO SEGMENT
    SEGMENT: ?PR?PRINTF?PRINTF
    CALLER1: ?PR?TASKSTART?ABSTASK
    CALLER2: ?PR?SYSTEMTEST?ABSTASK

******************************************************************************
* RESTRICTED VERSION WITH FFFFH BYTE CODE SIZE LIMIT; USED: 353AH BYTE (20%) *
******************************************************************************

Program Size: data=54.2 xdata=1452 code=19474
LINK/LOCATE RUN COMPLETE.  56 WARNING(S),  0 ERROR(S)
