BL51 BANKED LINKER/LOCATER V6.00                                                        07/20/2017  17:01:24  PAGE 1


BL51 BANKED LINKER/LOCATER V6.00, INVOKED BY:
C:\KEIL_V5\C51\BIN\BL51.EXE .\absTask.obj, .\task.obj, .\setup.obj, .\mode.obj, .\Conf_tny.obj, .\PID.obj, .\FILTER.obj,
>>  .\DataScope_DP.obj, .\storage.obj, .\BUTTON.obj, .\LED.obj, .\MOTOR.obj, .\SERVO.obj, .\STEP_MOTOR.obj, .\RELAY.obj,
>>  .\ANGLE.obj, .\LCD1602.obj, .\74HC595.obj, .\LCD5510_V2.obj, .\fixedPulser.obj, .\ADC.obj, .\delay.obj, .\GPIO.obj, 
>> .\PCA.obj, .\stc15_pwm.obj, .\timer.obj, .\USART1.obj, .\stc15_eeprom.obj TO 悬挂运动控制系统 RTX51TINY RAMSIZE (256)
>> 


MEMORY MODEL: LARGE WITH FLOATING POINT ARITHMETIC


INPUT MODULES INCLUDED:
  .\absTask.obj (ABSTASK)
  .\task.obj (TASK)
  .\setup.obj (SETUP)
  .\mode.obj (MODE)
  .\Conf_tny.obj (?RTX51_TINY_KERNAL)
  .\PID.obj (PID)
  .\FILTER.obj (FILTER)
  .\DataScope_DP.obj (DATASCOPE_DP)
  .\storage.obj (STORAGE)
  .\BUTTON.obj (BUTTON)
  .\LED.obj (LED)
  .\MOTOR.obj (MOTOR)
  .\SERVO.obj (SERVO)
  .\STEP_MOTOR.obj (STEP_MOTOR)
  .\RELAY.obj (RELAY)
  .\ANGLE.obj (ANGLE)
  .\LCD1602.obj (LCD1602)
  .\74HC595.obj (74HC595)
  .\LCD5510_V2.obj (LCD5510_V2)
  .\fixedPulser.obj (FIXEDPULSER)
  .\ADC.obj (ADC)
  .\delay.obj (DELAY)
  .\GPIO.obj (GPIO)
  .\PCA.obj (PCA)
  .\stc15_pwm.obj (STC15_PWM)
  .\timer.obj (TIMER)
  .\USART1.obj (USART1)
  .\stc15_eeprom.obj (STC15_EEPROM)
  C:\KEIL_V5\C51\LIB\C51FPL.LIB (?C?FPADD)
  C:\KEIL_V5\C51\LIB\C51FPL.LIB (?C?FPMUL)
  C:\KEIL_V5\C51\LIB\C51FPL.LIB (?C?FPDIV)
  C:\KEIL_V5\C51\LIB\C51FPL.LIB (?C?FPCMP)
  C:\KEIL_V5\C51\LIB\C51FPL.LIB (?C?FCAST)
  C:\KEIL_V5\C51\LIB\C51FPL.LIB (?C?CASTF)
  C:\KEIL_V5\C51\LIB\C51FPL.LIB (SQRT)
  C:\KEIL_V5\C51\LIB\C51FPL.LIB (POW)
  C:\KEIL_V5\C51\LIB\C51FPL.LIB (?C?FPGETOPN)
  C:\KEIL_V5\C51\LIB\C51FPL.LIB (?C?CHKFLOAT)
  C:\KEIL_V5\C51\LIB\C51FPL.LIB (?C?FPNEG)
  C:\KEIL_V5\C51\LIB\C51FPL.LIB (EXP)
  C:\KEIL_V5\C51\LIB\C51FPL.LIB (LOG)
  C:\KEIL_V5\C51\LIB\C51FPL.LIB (?C?FPSERIES)
  C:\KEIL_V5\C51\LIB\C51L.LIB (?C_STARTUP)
  C:\KEIL_V5\C51\LIB\C51L.LIB (?C?CLDPTR)
  C:\KEIL_V5\C51\LIB\C51L.LIB (?C?CLDOPTR)
  C:\KEIL_V5\C51\LIB\C51L.LIB (?C?CSTPTR)
BL51 BANKED LINKER/LOCATER V6.00                                                      07/20/2017  17:01:24  PAGE 2


  C:\KEIL_V5\C51\LIB\C51L.LIB (?C?CSTOPTR)
  C:\KEIL_V5\C51\LIB\C51L.LIB (?C?IMUL)
  C:\KEIL_V5\C51\LIB\C51L.LIB (?C?UIDIV)
  C:\KEIL_V5\C51\LIB\C51L.LIB (?C?IILDX)
  C:\KEIL_V5\C51\LIB\C51L.LIB (?C?ILDOPTR)
  C:\KEIL_V5\C51\LIB\C51L.LIB (?C?LMUL)
  C:\KEIL_V5\C51\LIB\C51L.LIB (?C?ULDIV)
  C:\KEIL_V5\C51\LIB\C51L.LIB (?C?SLDIV)
  C:\KEIL_V5\C51\LIB\C51L.LIB (?C?LNEG)
  C:\KEIL_V5\C51\LIB\C51L.LIB (?C?ULCMP)
  C:\KEIL_V5\C51\LIB\C51L.LIB (?C?ULSHR)
  C:\KEIL_V5\C51\LIB\C51L.LIB (?C?LLDXDATA)
  C:\KEIL_V5\C51\LIB\C51L.LIB (?C?LLDCODE)
  C:\KEIL_V5\C51\LIB\C51L.LIB (?C?LLDXDATA0)
  C:\KEIL_V5\C51\LIB\C51L.LIB (?C?LLDCODE0)
  C:\KEIL_V5\C51\LIB\C51L.LIB (?C?LLDOPTR0)
  C:\KEIL_V5\C51\LIB\C51L.LIB (?C?LLDIXDATA)
  C:\KEIL_V5\C51\LIB\C51L.LIB (?C?LSTXDATA)
  C:\KEIL_V5\C51\LIB\C51L.LIB (?C?LSTKXDATA)
  C:\KEIL_V5\C51\LIB\C51L.LIB (?C_INIT)
  C:\KEIL_V5\C51\LIB\C51L.LIB (?C?LLDIDATA0)
  C:\KEIL_V5\C51\LIB\C51L.LIB (?C?LLDPDATA0)


TASK TABLE OF MODULE:  悬挂运动控制系统 (ABSTASK)

TASKID   PRIORITY   REG-BANK   SEGMENT NAME
-------------------------------------------
0        0          0          ?PR?TASKSTART?ABSTASK



LINK MAP OF MODULE:  悬挂运动控制系统 (ABSTASK)


            TYPE    BASE      LENGTH    RELOCATION   SEGMENT NAME
            -----------------------------------------------------

            * * * * * * *   D A T A   M E M O R Y   * * * * * * *
            REG     0000H     0008H     ABSOLUTE     "REG BANK 0"
            DATA    0008H     0006H     ABSOLUTE     
            IDATA   000EH     0002H     UNIT         ?RTX?TASKSTATE?S
            IDATA   0010H     0001H     UNIT         ?RTX?TASKSP?S
                    0011H     000FH                  *** GAP ***
            BIT     0020H.0   0000H.4   UNIT         ?BI?BUTTON
            BIT     0020H.4   0000H.3   UNIT         ?BI?PCA
            BIT     0020H.7   0000H.1   UNIT         ?RTX?BITS
            BIT     0021H.0   0000H.1   UNIT         ?BI?LED
            BIT     0021H.1   0000H.1   UNIT         ?BI?GETANGLE?ANGLE
            BIT     0021H.2   0000H.1   UNIT         ?BI?_SETPINSTATE?GPIO
            BIT     0021H.3   0000H.1   UNIT         ?BI?LOG?LOG
                    0021H.4   0000H.4                *** GAP ***
            IDATA   0022H     0001H     UNIT         ?STACK

            * * * * * * *  X D A T A   M E M O R Y  * * * * * * *
            XDATA   0000H     028CH     UNIT         ?XD?USART1
            XDATA   028CH     0072H     UNIT         ?XD?PID
BL51 BANKED LINKER/LOCATER V6.00                                                      07/20/2017  17:01:24  PAGE 3


            XDATA   02FEH     004AH     UNIT         ?XD?SERVO
            XDATA   0348H     003CH     UNIT         ?XD?STC15_PWM
            XDATA   0384H     0031H     UNIT         ?XD?ABSTASK
            XDATA   03B5H     0031H     UNIT         ?XD?TASK
            XDATA   03E6H     002AH     UNIT         ?XD?DATASCOPE_DP
            XDATA   0410H     0021H     UNIT         ?XD?_INIT_STR_MOTOR?SERVO
            XDATA   0431H     001FH     UNIT         ?XD?FIXEDPULSER
            XDATA   0450H     001FH     UNIT         _XDATA_GROUP_
            XDATA   046FH     001CH     UNIT         ?XD?STEP_MOTOR
            XDATA   048BH     0016H     UNIT         ?XD?TIMER
            XDATA   04A1H     0015H     UNIT         ?XD?GETANGLE?ANGLE
            XDATA   04B6H     0015H     UNIT         ?XD?PCA
            XDATA   04CBH     0012H     UNIT         ?XD?DC_MOTOR_CONFIG?MOTOR
            XDATA   04DDH     0010H     UNIT         ?XD?_FILTER?FILTER
            XDATA   04EDH     000DH     UNIT         ?XD?_PID_CONFIG?PID
            XDATA   04FAH     000AH     UNIT         ?XD?_FLOAT2BYTE?DATASCOPE_DP
            XDATA   0504H     000AH     UNIT         ?XD?_POW?POW
            XDATA   050EH     0009H     UNIT         ?XD?_SET_STR_ANGLE?SERVO
            XDATA   0517H     0008H     UNIT         ?XD?_SETTARGETCOORDINATE?TASK
            XDATA   051FH     0008H     UNIT         ?XD?ANGLE
            XDATA   0527H     0007H     UNIT         ?XD?_SETPULSE?FIXEDPULSER
            XDATA   052EH     0007H     UNIT         ?XD?_EEPROM_READ_N?STC15_EEPROM
            XDATA   0535H     0007H     UNIT         ?XD?_EEPROM_WRITE_N?STC15_EEPROM
            XDATA   053CH     0006H     UNIT         ?XD?_SENDSCOPEDATA?DATASCOPE_DP
            XDATA   0542H     0006H     UNIT         ?XD?_SETSTEPMOTORWITHANGLE?STEP_MOTOR
            XDATA   0548H     0006H     UNIT         ?XD?_ADC_CONFIG?ANGLE
            XDATA   054EH     0005H     UNIT         ?XD?_SETPARAMETERINFERIORLIMIT?PID
            XDATA   0553H     0005H     UNIT         ?XD?_SETPARAMETERUPPERLIMIT?PID
            XDATA   0558H     0005H     UNIT         ?XD?_SETACTUALPARAMETER?PID
            XDATA   055DH     0005H     UNIT         ?XD?_SETKI?PID
            XDATA   0562H     0005H     UNIT         ?XD?_SETKP?PID
            XDATA   0567H     0005H     UNIT         ?XD?_SETKD?PID
            XDATA   056CH     0005H     UNIT         ?XD?_SETPARAMETER?PID
            XDATA   0571H     0005H     UNIT         ?XD?_DATASCOPE_GET_CHANNEL_DATA?DATASCOPE_DP
            XDATA   0576H     0005H     UNIT         ?XD?_WRITEDATA?STORAGE
            XDATA   057BH     0005H     UNIT         ?XD?_SETDC_MOTORSPEED?MOTOR
            XDATA   0580H     0005H     UNIT         ?XD?_LCD_PRINTS?LCD5510_V2
            XDATA   0585H     0005H     UNIT         ?XD?_LCD_PRINTSL?LCD5510_V2
            XDATA   058AH     0004H     UNIT         ?XD?MOTOR
            XDATA   058EH     0004H     UNIT         ?XD?_HC595_INIT?74HC595
            XDATA   0592H     0004H     UNIT         ?XD?SQRT?SQRT
            XDATA   0596H     0004H     UNIT         ?XD?LOG?LOG
            XDATA   059AH     0003H     UNIT         ?XD?RELAY
            XDATA   059DH     0003H     UNIT         ?XD?_LCD1602_WRITE_WORD?LCD1602
            XDATA   05A0H     0003H     UNIT         ?XD?_PCA_INIT?PCA
            XDATA   05A3H     0003H     UNIT         ?XD?_PWMOUTPUT?PCA
            XDATA   05A6H     0002H     UNIT         ?XD?SETUP
            XDATA   05A8H     0002H     UNIT         ?XD?BUTTON_CONFIG?BUTTON
            XDATA   05AAH     0002H     UNIT         ?XD?LCD5510_INIT?LCD5510_V2
            XDATA   05ACH     0002H     UNIT         ?XD?_SET_PWM_PERIOD?STC15_PWM
            XDATA   05AEH     0001H     UNIT         ?XD?_SETWIRELENGTH?TASK
            XDATA   05AFH     0001H     UNIT         ?XD?_PID?PID
            XDATA   05B0H     0001H     UNIT         ?XD?_BOARD_LED_PWM?LED
            XDATA   05B1H     0001H     UNIT         ?XD?_OPEN_DC_MOTOR?MOTOR
            XDATA   05B2H     0001H     UNIT         ?XD?_CLOSE_DC_MOTOR?MOTOR
            XDATA   05B3H     0001H     UNIT         ?XD?_OPEN_STR?SERVO
            XDATA   05B4H     0001H     UNIT         ?XD?_CLOSE_STR?SERVO
BL51 BANKED LINKER/LOCATER V6.00                                                      07/20/2017  17:01:24  PAGE 4


            XDATA   05B5H     0001H     UNIT         ?XD?_SETSTEPMOTORWITHROUND?STEP_MOTOR
            XDATA   05B6H     0001H     UNIT         ?XD?_SETSTEPMOTORDIVERSION?STEP_MOTOR
            XDATA   05B7H     0001H     UNIT         ?XD?_CLOSE_STEPMOTOR?STEP_MOTOR
            XDATA   05B8H     0001H     UNIT         ?XD?_OPEN_STEPMOTOR?STEP_MOTOR
            XDATA   05B9H     0001H     UNIT         ?XD?_FREESTEPMOTOR?STEP_MOTOR
            XDATA   05BAH     0001H     UNIT         ?XD?_LOCKSTEPMOTOR?STEP_MOTOR
            XDATA   05BBH     0001H     UNIT         ?XD?_LCD1602_WRITE_CHAR?LCD1602
            XDATA   05BCH     0001H     UNIT         ?XD?_LCD1602_WRITE_COM?LCD1602
            XDATA   05BDH     0001H     UNIT         ?XD?_HC595SENDDATA?74HC595
            XDATA   05BEH     0001H     UNIT         ?XD?_OPENPULSER?FIXEDPULSER
            XDATA   05BFH     0001H     UNIT         ?XD?_CLOSEPULSER?FIXEDPULSER

            * * * * * * *   C O D E   M E M O R Y   * * * * * * *
            CODE    0000H     0003H     ABSOLUTE     
                    0003H     0008H                  *** GAP ***
            CODE    000BH     0003H     ABSOLUTE     
                    000EH     000DH                  *** GAP ***
            CODE    001BH     0003H     ABSOLUTE     
                    001EH     0005H                  *** GAP ***
            CODE    0023H     0003H     ABSOLUTE     
                    0026H     0005H                  *** GAP ***
            CODE    002BH     0003H     ABSOLUTE     
                    002EH     000DH                  *** GAP ***
            CODE    003BH     0003H     ABSOLUTE     
                    003EH     0005H                  *** GAP ***
            CODE    0043H     0003H     ABSOLUTE     
                    0046H     0045H                  *** GAP ***
            CODE    008BH     0003H     ABSOLUTE     
                    008EH     0005H                  *** GAP ***
            CODE    0093H     0003H     ABSOLUTE     
                    0096H     0005H                  *** GAP ***
            CODE    009BH     0003H     ABSOLUTE     
                    009EH     0005H                  *** GAP ***
            CODE    00A3H     0003H     ABSOLUTE     
                    00A6H     000DH                  *** GAP ***
            CODE    00B3H     0003H     ABSOLUTE     
                    00B6H     074AH                  *** GAP ***
            CODE    0800H     07B4H     UNIT         ?C?LIB_CODE
            CODE    0FB4H     06E0H     UNIT         ?PR?_USART_CONFIGURATION?USART1
            CODE    1694H     039AH     UNIT         ?PR?_PWM_INILIZE?STC15_PWM
            CODE    1A2EH     025EH     UNIT         ?CO?LCD5510_V2
            CODE    1C8CH     0233H     UNIT         ?PR?_TIMER_INILIZE?TIMER
            CODE    1EBFH     01DAH     UNIT         ?PR?_PID?PID
            CODE    2099H     01D4H     UNIT         ?PR?_INIT_STR_MOTOR?SERVO
            CODE    226DH     01C4H     UNIT         ?PR?_GPIO_INILIZE?GPIO
            CODE    2431H     019FH     UNIT         ?PR?_PCA_INIT?PCA
            CODE    25D0H     0172H     UNIT         ?RTX?CODE
            CODE    2742H     0166H     UNIT         ?PR?_POW?POW
            CODE    28A8H     013DH     UNIT         ?PR?_PWMOUTPUT?PCA
            CODE    29E5H     0136H     UNIT         ?PR?_FILTER?FILTER
            CODE    2B1BH     0134H     UNIT         ?PR?_DATASCOPE_GET_CHANNEL_DATA?DATASCOPE_DP
            CODE    2C4FH     0131H     UNIT         ?PR?_PID_CONFIG?PID
            CODE    2D80H     0129H     UNIT         ?PR?LOG?LOG
            CODE    2EA9H     0116H     UNIT         ?PR?_SET_STR_ANGLE?SERVO
            CODE    2FBFH     010FH     UNIT         ?PR?_SET_PWM_DUTY?STC15_PWM
            CODE    30CEH     00F0H     UNIT         ?PR?_SETWIRELENGTH?TASK
            CODE    31BEH     00BAH     UNIT         ?PR?PWM_ROUTINE?FIXEDPULSER
BL51 BANKED LINKER/LOCATER V6.00                                                      07/20/2017  17:01:24  PAGE 5


            CODE    3278H     00B1H     UNIT         ?CO?TIMER
            CODE    3329H     00AEH     UNIT         ?PR?_PWMN_UPDATE?PCA
            CODE    33D7H     00ACH     UNIT         ?PR?SQRT?SQRT
            CODE    3483H     00AAH     UNIT         ?PR?_FLOAT2BYTE?DATASCOPE_DP
            CODE    352DH     00A9H     UNIT         ?PR?TIMERINIT?TIMER
            CODE    35D6H     00A5H     UNIT         ?PR?_DATASCOPE_DATA_GENERATE?DATASCOPE_DP
            CODE    367BH     00A3H     UNIT         ?PR?PCA_HANDLER?PCA
            CODE    371EH     00A2H     UNIT         ?C_INITSEG
            CODE    37C0H     009EH     UNIT         ?PR?_SETSTEPMOTORWITHANGLE?STEP_MOTOR
            CODE    385EH     009DH     UNIT         ?PR?PULSERINIT?FIXEDPULSER
            CODE    38FBH     009AH     UNIT         ?PR?_PWM_SET_T12_PERIOD?STC15_PWM
            CODE    3995H     009AH     UNIT         ?PR?EXP?EXP
            CODE    3A2FH     0092H     UNIT         ?PR?_SETDC_MOTORSPEED?MOTOR
            CODE    3AC1H     008CH     UNIT         ?C_C51STARTUP
            CODE    3B4DH     008AH     UNIT         ?PR?TIMER4_INT?TIMER
            CODE    3BD7H     0085H     UNIT         ?PR?UART2_INT?USART1
            CODE    3C5CH     0085H     UNIT         ?PR?UART3_INT?USART1
            CODE    3CE1H     0085H     UNIT         ?PR?UART4_INT?USART1
            CODE    3D66H     007FH     UNIT         ?PR?UART1_INT?USART1
            CODE    3DE5H     007AH     UNIT         ?PR?GETANGLE?ANGLE
            CODE    3E5FH     006BH     UNIT         ?PR?DC_MOTOR_CONFIG?MOTOR
            CODE    3ECAH     0061H     UNIT         ?PR?_SET_PWM_PERIOD?STC15_PWM
            CODE    3F2BH     005EH     UNIT         ?PR?_GET_ADC10BITRESULT?ADC
            CODE    3F89H     0058H     UNIT         ?PR?_SETPULSE?FIXEDPULSER
            CODE    3FE1H     0057H     UNIT         ?PR?BUTTONSCAN?BUTTON
            CODE    4038H     0054H     UNIT         ?PR?_STEPMOTOR_INIT?STEP_MOTOR
            CODE    408CH     0053H     UNIT         ?PR?_ADC_INILIZE?ADC
            CODE    40DFH     004EH     UNIT         ?PR?SETUP?SETUP
            CODE    412DH     004BH     UNIT         ?PR?_LCD_PRINTSL?LCD5510_V2
            CODE    4178H     0049H     UNIT         ?CO?SETUP
            CODE    41C1H     0048H     UNIT         ?PR?TIMER3_INT?TIMER
            CODE    4209H     0047H     UNIT         ?PR?TIMER1_ISR?TIMER
            CODE    4250H     0044H     UNIT         ?C?LDIV
            CODE    4294H     0043H     UNIT         ?PR?LCD5510_INIT?LCD5510_V2
            CODE    42D7H     003FH     UNIT         ?PR?_EEPROM_READ_N?STC15_EEPROM
            CODE    4316H     003FH     UNIT         ?PR?_EEPROM_WRITE_N?STC15_EEPROM
            CODE    4355H     003DH     UNIT         ?PR?_LCD_PRINTC?LCD5510_V2
            CODE    4392H     003BH     UNIT         ?PR?_LCD_PRINTS?LCD5510_V2
            CODE    43CDH     0039H     UNIT         ?PR?_SENDSCOPEDATA?DATASCOPE_DP
            CODE    4406H     002FH     UNIT         ?PR?_SETSTEPMOTORWITHROUND?STEP_MOTOR
            CODE    4435H     002FH     UNIT         ?PR?_LCD1602_WRITE_WORD?LCD1602
            CODE    4464H     002CH     UNIT         ?PR?_UART1_INIT?SETUP
            CODE    4490H     0028H     UNIT         ?PR?BOARD_LED_INIT?LED
            CODE    44B8H     0028H     UNIT         ?PR?_OPEN_PWM_N?STC15_PWM
            CODE    44E0H     0028H     UNIT         ?PR?_TX2_WRITE2BUFF?USART1
            CODE    4508H     0028H     UNIT         ?PR?_TX3_WRITE2BUFF?USART1
            CODE    4530H     0028H     UNIT         ?PR?_TX4_WRITE2BUFF?USART1
            CODE    4558H     0027H     UNIT         ?PR?_TX1_WRITE2BUFF?USART1
            CODE    457FH     0026H     UNIT         ?PR?_SETTARGETCOORDINATE?TASK
            CODE    45A5H     0025H     UNIT         ?PR?_CLOSE_PWM_N?STC15_PWM
            CODE    45CAH     0025H     UNIT         ?PR?_SETTIMEOUT?TIMER
            CODE    45EFH     0022H     UNIT         ?PR?_BLINK?LED
            CODE    4611H     0021H     UNIT         ?PR?_SETPARAMETERINFERIORLIMIT?PID
            CODE    4632H     0021H     UNIT         ?PR?_SETPARAMETERUPPERLIMIT?PID
            CODE    4653H     0021H     UNIT         ?PR?_SETACTUALPARAMETER?PID
            CODE    4674H     0021H     UNIT         ?PR?_SETKI?PID
            CODE    4695H     0021H     UNIT         ?PR?_SETKP?PID
BL51 BANKED LINKER/LOCATER V6.00                                                      07/20/2017  17:01:24  PAGE 6


            CODE    46B6H     0021H     UNIT         ?PR?_SETKD?PID
            CODE    46D7H     0021H     UNIT         ?PR?_SETPARAMETER?PID
            CODE    46F8H     0021H     UNIT         ?PR?LCD_CLR_SCR?LCD5510_V2
            CODE    4719H     0020H     UNIT         ?PR?_OPEN_STR?SERVO
            CODE    4739H     0020H     UNIT         ?PR?_LCD_WRITE_BYTE?LCD5510_V2
            CODE    4759H     0020H     UNIT         ?PR?_OPENPULSER?FIXEDPULSER
            CODE    4779H     0020H     UNIT         ?PR?_CLOSEPULSER?FIXEDPULSER
            CODE    4799H     0020H     UNIT         ?PR?_RESTARTTIMER?TIMER
            CODE    47B9H     0020H     UNIT         ?PR?_EEPROM_SECTORERASE?STC15_EEPROM
            CODE    47D9H     001FH     UNIT         ?PR?BUTTON_CONFIG?BUTTON
            CODE    47F8H     001FH     UNIT         ?PR?_CLOSE_STR?SERVO
            CODE    4817H     001FH     UNIT         ?PR?_ISEXPIREDTIMER?TIMER
            CODE    4836H     001FH     UNIT         ?PR?_ISSTOPPED?TIMER
            CODE    4855H     001EH     UNIT         ?PR?_OPEN_DC_MOTOR?MOTOR
            CODE    4873H     001EH     UNIT         ?PR?LCD1602_GPIO_CONFIG?LCD1602
            CODE    4891H     001DH     UNIT         ?PR?_GETBUTTONSTATE?BUTTON
            CODE    48AEH     001DH     UNIT         ?PR?_CLOSE_DC_MOTOR?MOTOR
            CODE    48CBH     001DH     UNIT         ?PR?_OPEN_STEPMOTOR?STEP_MOTOR
            CODE    48E8H     001DH     UNIT         ?PR?LCD1602_INIT?LCD1602
            CODE    4905H     001DH     UNIT         ?PR?_ISACTIVETIMER?TIMER
            CODE    4922H     001CH     UNIT         ?PR?_CLOSE_STEPMOTOR?STEP_MOTOR
            CODE    493EH     001CH     UNIT         ?PR?_ADC_CONFIG?ANGLE
            CODE    495AH     001CH     UNIT         ?PR?_LCD1602_WRITE_CHAR?LCD1602
            CODE    4976H     001CH     UNIT         ?PR?_LCD1602_WRITE_COM?LCD1602
            CODE    4992H     001CH     UNIT         ?PR?_SETTIMERHERTZ?TIMER
            CODE    49AEH     001AH     UNIT         ?PR?_GETWIRELENGTH?TASK
            CODE    49C8H     001AH     UNIT         ?PR?_GETPARAMETER?PID
            CODE    49E2H     001AH     UNIT         ?PR?_GETERR?PID
            CODE    49FCH     001AH     UNIT         ?PR?_GETERRLAST?PID
            CODE    4A16H     001AH     UNIT         ?PR?_GETKP?PID
            CODE    4A30H     001AH     UNIT         ?PR?_GETKI?PID
            CODE    4A4AH     001AH     UNIT         ?PR?_GETKD?PID
            CODE    4A64H     001AH     UNIT         ?PR?_GETOUTPUT?PID
            CODE    4A7EH     001AH     UNIT         ?PR?_GETINTEGRAL?PID
            CODE    4A98H     001AH     UNIT         ?PR?_READ_STR_ANGLE?SERVO
            CODE    4AB2H     001AH     UNIT         ?PR?_GET_PWM_PERIOD?STC15_PWM
            CODE    4ACCH     001AH     UNIT         ?PR?_GET_PWM_N_DUTY?STC15_PWM
            CODE    4AE6H     001AH     UNIT         ?PR?_GETTIMEROUT?TIMER
            CODE    4B00H     001AH     UNIT         ?PR?_GETTIMERHERTZ?TIMER
            CODE    4B1AH     0019H     UNIT         ?PR?_HC595_INIT?74HC595
            CODE    4B33H     0019H     UNIT         ?PR?_STOPTIMER?TIMER
            CODE    4B4CH     0018H     UNIT         ?PR?_PWM_SET_PERIOD?STC15_PWM
            CODE    4B64H     0017H     UNIT         ?PR?_PRINTSTRING1?USART1
            CODE    4B7BH     0014H     UNIT         ?PR?_LCD_POS_BYTE?LCD5510_V2
            CODE    4B8FH     0013H     UNIT         ?PR?_LCD_CLR_ROW?LCD5510_V2
            CODE    4BA2H     0013H     UNIT         ?PR?_PRINTSTRING2?USART1
            CODE    4BB5H     0013H     UNIT         ?PR?_PRINTSTRING3?USART1
            CODE    4BC8H     0013H     UNIT         ?PR?_PRINTSTRING4?USART1
            CODE    4BDBH     0012H     UNIT         ?PR?_OPENPID?PID
            CODE    4BEDH     0012H     UNIT         ?PR?_WRITEDATA?STORAGE
            CODE    4BFFH     0012H     UNIT         ?PR?_GETPULSERSTATE?FIXEDPULSER
            CODE    4C11H     0012H     UNIT         ?PR?_GET_PWM_N_STATE?STC15_PWM
            CODE    4C23H     0011H     UNIT         ?PR?_CLOSEPID?PID
            CODE    4C34H     0011H     UNIT         ?PR?_GETSTEPMOTORSTATE?STEP_MOTOR
            CODE    4C45H     0011H     UNIT         ?PR?_HC595SENDDATA?74HC595
            CODE    4C56H     0011H     UNIT         ?PR?_SETPWM_DIV?STC15_PWM
            CODE    4C67H     0011H     UNIT         ?PR?_GETPWM_DIV?STC15_PWM
BL51 BANKED LINKER/LOCATER V6.00                                                      07/20/2017  17:01:24  PAGE 7


            CODE    4C78H     0010H     UNIT         ?PR?_GETDC_MOTORSTATE?MOTOR
            CODE    4C88H     0010H     UNIT         ?PR?_DELAY_MS?DELAY
            CODE    4C98H     000FH     UNIT         ?PR?_SETRELAY?RELAY
            CODE    4CA7H     000EH     UNIT         ?PR?_UNSETRELAY?RELAY
            CODE    4CB5H     000EH     UNIT         ?PR?_ONRESTARTTIMER?TIMER
            CODE    4CC3H     000EH     UNIT         ?PR?DISABLEEEPROM?STC15_EEPROM
            CODE    4CD1H     000CH     UNIT         ?PR?ISSYETEMRUNNING?TASK
            CODE    4CDDH     000CH     UNIT         ?PR?_ADC_POWERCONTROL?ADC
            CODE    4CE9H     000BH     UNIT         ?PR?ISSYSTEMSTOP?TASK
            CODE    4CF4H     000AH     UNIT         ?PR?_DIGITALREAD?BUTTON
            CODE    4CFEH     000AH     UNIT         ?PR?OPEN_PWM_ALL?STC15_PWM
            CODE    4D08H     000AH     UNIT         ?PR?CLOSE_PWM_ALL?STC15_PWM
            CODE    4D12H     0009H     UNIT         ?PR?GETMICROS?TIMER
            CODE    4D1BH     0009H     UNIT         ?PR?GETMILLIS?TIMER
            CODE    4D24H     0008H     UNIT         ?PR?TASKSTART?ABSTASK
            CODE    4D2CH     0007H     UNIT         ?PR?GETCURRENTCOORDINATE?TASK
            CODE    4D33H     0007H     UNIT         ?PR?_SETSTEPMOTORDIVERSION?STEP_MOTOR
            CODE    4D3AH     0007H     UNIT         ?PR?_FREESTEPMOTOR?STEP_MOTOR
            CODE    4D41H     0007H     UNIT         ?PR?_LOCKSTEPMOTOR?STEP_MOTOR
            CODE    4D48H     0006H     UNIT         ?PR?STOPSYSTEM?TASK
            CODE    4D4EH     0006H     UNIT         ?PR?_BOARD_LED_PWM?LED
            CODE    4D54H     0006H     UNIT         ?PR?GETSECONDS?TIMER
            CODE    4D5AH     0006H     UNIT         ?PR?GETMINUTES?TIMER
            CODE    4D60H     0006H     UNIT         ?PR?GETHOURS?TIMER
            CODE    4D66H     0006H     UNIT         ?PR?GETDAYS?TIMER
            CODE    4D6CH     0005H     UNIT         ?PR?OPEN_BOARD_LED?LED
            CODE    4D71H     0005H     UNIT         ?PR?CLOSE_BOARD_LED?LED
            CODE    4D76H     0004H     UNIT         ?PR?ADC_INT?ADC
            CODE    4D7AH     0003H     UNIT         ?PR?GETBOARD_LED_STATE?LED
            CODE    4D7DH     0003H     UNIT         ?PR?_SETPINSTATE?GPIO
            CODE    4D80H     0002H     UNIT         ?RTX?TASKENT?S
            CODE    4D82H     0001H     UNIT         ?PR?STARTSYSTEM?TASK
            CODE    4D83H     0001H     UNIT         ?PR?SETSTEPMOTORANGLE?TASK
            CODE    4D84H     0001H     UNIT         ?PR?TEST?SETUP
            CODE    4D85H     0001H     UNIT         ?PR?MODE1?MODE
            CODE    4D86H     0001H     UNIT         ?PR?MODE2?MODE
            CODE    4D87H     0001H     UNIT         ?PR?MODE3?MODE
            CODE    4D88H     0001H     UNIT         ?PR?MODE4?MODE
            CODE    4D89H     0001H     UNIT         ?PR?MODELAUNCHER?MODE
            CODE    4D8AH     0001H     UNIT         ?PR?RELAY_INIT?RELAY



OVERLAY MAP OF MODULE:   悬挂运动控制系统 (ABSTASK)


SEGMENT                                            XDATA_GROUP
  +--> CALLED SEGMENT                            START    LENGTH
----------------------------------------------------------------
?PR?TASKSTART?ABSTASK                            -----    -----
  +--> ?PR?SETUP?SETUP
  +--> ?PR?_BLINK?LED

?PR?SETUP?SETUP                                  -----    -----
  +--> ?PR?_UART1_INIT?SETUP
  +--> ?PR?TIMERINIT?TIMER
  +--> ?PR?BOARD_LED_INIT?LED
BL51 BANKED LINKER/LOCATER V6.00                                                      07/20/2017  17:01:24  PAGE 8


  +--> ?PR?_STEPMOTOR_INIT?STEP_MOTOR
  +--> ?PR?TEST?SETUP

?PR?_UART1_INIT?SETUP                            0450H    000DH
  +--> ?PR?_USART_CONFIGURATION?USART1

?PR?_USART_CONFIGURATION?USART1                  045DH    0009H

?PR?TIMERINIT?TIMER                              0450H    0011H
  +--> ?PR?_TIMER_INILIZE?TIMER
  +--> ?CO?TIMER
  +--> ?PR?_PRINTSTRING1?USART1

?PR?_PRINTSTRING1?USART1                         -----    -----
  +--> ?PR?_TX1_WRITE2BUFF?USART1

?PR?BOARD_LED_INIT?LED                           0450H    0002H
  +--> ?PR?_GPIO_INILIZE?GPIO
  +--> ?PR?OPEN_BOARD_LED?LED
  +--> ?PR?_DELAY_MS?DELAY
  +--> ?PR?CLOSE_BOARD_LED?LED

?PR?_STEPMOTOR_INIT?STEP_MOTOR                   0450H    0008H
  +--> ?PR?PULSERINIT?FIXEDPULSER

?PR?PULSERINIT?FIXEDPULSER                       0458H    0012H
  +--> ?PR?_GPIO_INILIZE?GPIO
  +--> ?PR?_SET_PWM_DUTY?STC15_PWM
  +--> ?PR?_PWM_INILIZE?STC15_PWM
  +--> ?PR?_SETPWM_DIV?STC15_PWM

?PR?_SET_PWM_DUTY?STC15_PWM                      046AH    0005H
  +--> ?PR?_PWM_SET_T12_PERIOD?STC15_PWM

?PR?_PWM_INILIZE?STC15_PWM                       046AH    0002H

?PR?_BLINK?LED                                   0450H    0001H
  +--> ?PR?OPEN_BOARD_LED?LED
  +--> ?PR?_DELAY_MS?DELAY
  +--> ?PR?CLOSE_BOARD_LED?LED

*** NEW ROOT ***************************************************

?PR?PWM_ROUTINE?FIXEDPULSER                      -----    -----
  +--> ?PR?_CLOSE_PWM_N?STC15_PWM

*** NEW ROOT ***************************************************

?C_C51STARTUP                                    -----    -----
  +--> ?C_INITSEG

?C_INITSEG                                       -----    -----
  +--> ?CO?SETUP



SYMBOL TABLE OF MODULE:  悬挂运动控制系统 (ABSTASK)
BL51 BANKED LINKER/LOCATER V6.00                                                      07/20/2017  17:01:24  PAGE 9



  VALUE           TYPE          NAME
  ----------------------------------

  -------         MODULE        ABSTASK
  C:0000H         SYMBOL        _ICE_DUMMY_
  D:0080H         PUBLIC        P0
  D:0090H         PUBLIC        P1
  D:00A0H         PUBLIC        P2
  D:00B0H         PUBLIC        P3
  D:00C0H         PUBLIC        P4
  D:00C8H         PUBLIC        P5
  D:00E8H         PUBLIC        P6
  D:00F8H         PUBLIC        P7
  D:00A8H         PUBLIC        IE
  D:00B8H         PUBLIC        IP
  D:00D8H         PUBLIC        CCON
  D:0098H         PUBLIC        SCON
  D:0088H         PUBLIC        TCON
  X:0384H         SYMBOL        g_StepMotorWireLen
  X:038CH         SYMBOL        g_CurrentCoordinate
  D:00F0H         PUBLIC        B
  X:0394H         SYMBOL        g_TargetCoordinate
  C:4D24H         PUBLIC        taskStart
  D:00E0H         PUBLIC        ACC
  X:039CH         SYMBOL        g_MotionSystemInfo
  D:00D0H         PUBLIC        PSW
  -------         PROC          TASKSTART
  C:4D24H         LINE#         13
  C:4D24H         LINE#         15
  C:4D27H         LINE#         16
  -------         ENDPROC       TASKSTART
  -------         ENDMOD        ABSTASK

  -------         MODULE        TASK
  C:0000H         SYMBOL        _ICE_DUMMY_
  D:0080H         PUBLIC        P0
  D:0090H         PUBLIC        P1
  D:00A0H         PUBLIC        P2
  D:00B0H         PUBLIC        P3
  D:00C0H         PUBLIC        P4
  D:00C8H         PUBLIC        P5
  D:00E8H         PUBLIC        P6
  D:00F8H         PUBLIC        P7
  D:00A8H         PUBLIC        IE
  C:4CE9H         PUBLIC        isSystemStop
  D:00B8H         PUBLIC        IP
  D:00D8H         PUBLIC        CCON
  D:0098H         PUBLIC        SCON
  D:0088H         PUBLIC        TCON
  X:03B5H         SYMBOL        g_StepMotorWireLen
  C:4D2CH         PUBLIC        getCurrentCoordinate
  C:4D82H         PUBLIC        startSystem
  C:4CD1H         PUBLIC        isSyetemRunning
  X:03BDH         SYMBOL        g_CurrentCoordinate
  D:00F0H         PUBLIC        B
  C:49AEH         SYMBOL        _getWireLength
BL51 BANKED LINKER/LOCATER V6.00                                                      07/20/2017  17:01:24  PAGE 10


  X:03C5H         SYMBOL        g_TargetCoordinate
  D:00E0H         PUBLIC        ACC
  C:457FH         PUBLIC        _setTargetCoordinate
  C:30CEH         SYMBOL        _setWireLength
  C:4D48H         PUBLIC        stopSystem
  X:03CDH         SYMBOL        g_MotionSystemInfo
  C:4D83H         SYMBOL        setStepMotorAngle
  D:00D0H         PUBLIC        PSW
  -------         PROC          ISSYETEMRUNNING
  C:4CD1H         LINE#         78
  C:4CD1H         LINE#         79
  C:4CD1H         LINE#         80
  C:4CDCH         LINE#         81
  -------         ENDPROC       ISSYETEMRUNNING
  -------         PROC          ISSYSTEMSTOP
  C:4CE9H         LINE#         90
  C:4CE9H         LINE#         91
  C:4CE9H         LINE#         92
  C:4CF3H         LINE#         93
  -------         ENDPROC       ISSYSTEMSTOP
  -------         PROC          STARTSYSTEM
  C:4D82H         LINE#         102
  C:4D82H         LINE#         103
  C:4D82H         LINE#         105
  -------         ENDPROC       STARTSYSTEM
  -------         PROC          STOPSYSTEM
  C:4D48H         LINE#         114
  C:4D48H         LINE#         115
  C:4D48H         LINE#         116
  C:4D4DH         LINE#         117
  -------         ENDPROC       STOPSYSTEM
  -------         PROC          _SETTARGETCOORDINATE
  D:0004H         SYMBOL        x
  X:051BH         SYMBOL        y
  C:457FH         LINE#         128
  C:457FH         LINE#         129
  C:457FH         LINE#         130
  C:4585H         LINE#         131
  C:4599H         LINE#         132
  C:459EH         LINE#         133
  C:45A3H         LINE#         135
  C:45A4H         LINE#         137
  -------         ENDPROC       _SETTARGETCOORDINATE
  -------         PROC          GETCURRENTCOORDINATE
  C:4D2CH         LINE#         146
  C:4D2CH         LINE#         147
  C:4D2CH         LINE#         149
  C:4D32H         LINE#         150
  -------         ENDPROC       GETCURRENTCOORDINATE
  -------         PROC          _SETWIRELENGTH
  X:05AEH         SYMBOL        wire
  C:30CEH         LINE#         162
  C:30D3H         LINE#         163
  C:30D3H         LINE#         164
  C:30D8H         LINE#         165
  C:30D8H         LINE#         167
  C:312AH         LINE#         170
BL51 BANKED LINKER/LOCATER V6.00                                                      07/20/2017  17:01:24  PAGE 11


  C:312CH         LINE#         172
  C:312CH         LINE#         174
  C:31BDH         LINE#         177
  C:31BDH         LINE#         178
  -------         ENDPROC       _SETWIRELENGTH
  -------         PROC          _GETWIRELENGTH
  D:0007H         SYMBOL        wire
  C:49AEH         LINE#         179
  C:49AEH         LINE#         180
  C:49AEH         LINE#         181
  C:49C7H         LINE#         182
  -------         ENDPROC       _GETWIRELENGTH
  -------         PROC          SETSTEPMOTORANGLE
  C:4D83H         LINE#         184
  C:4D83H         LINE#         185
  C:4D83H         LINE#         187
  -------         ENDPROC       SETSTEPMOTORANGLE
  -------         ENDMOD        TASK

  -------         MODULE        SETUP
  C:0000H         SYMBOL        _ICE_DUMMY_
  D:0080H         PUBLIC        P0
  D:0090H         PUBLIC        P1
  D:00A0H         PUBLIC        P2
  D:00B0H         PUBLIC        P3
  D:00C0H         PUBLIC        P4
  D:00C8H         PUBLIC        P5
  D:00E8H         PUBLIC        P6
  C:4464H         PUBLIC        _UART1_init
  D:00F8H         PUBLIC        P7
  X:05A6H         PUBLIC        str1
  D:00A8H         PUBLIC        IE
  D:00B8H         PUBLIC        IP
  D:00D8H         PUBLIC        CCON
  D:0098H         PUBLIC        SCON
  C:40DFH         PUBLIC        setup
  D:0088H         PUBLIC        TCON
  D:00F0H         PUBLIC        B
  C:4D84H         PUBLIC        test
  D:00E0H         PUBLIC        ACC
  D:00D0H         PUBLIC        PSW
  -------         PROC          _UART1_INIT
  D:0004H         SYMBOL        BandRate
  -------         DO            
  X:0450H         SYMBOL        COMx_InitStructure
  -------         ENDDO         
  C:4464H         LINE#         39
  C:4464H         LINE#         40
  C:4464H         LINE#         42
  C:446AH         LINE#         43
  C:446EH         LINE#         44
  C:4472H         LINE#         45
  C:4478H         LINE#         46
  C:447BH         LINE#         47
  C:447EH         LINE#         48
  C:4480H         LINE#         49
  C:4483H         LINE#         50
BL51 BANKED LINKER/LOCATER V6.00                                                      07/20/2017  17:01:24  PAGE 12


  C:4485H         LINE#         51
  -------         ENDPROC       _UART1_INIT
  -------         PROC          TEST
  C:4D84H         LINE#         54
  C:4D84H         LINE#         55
  C:4D84H         LINE#         57
  -------         ENDPROC       TEST
  -------         PROC          SETUP
  C:40DFH         LINE#         58
  C:40DFH         LINE#         59
  C:40DFH         LINE#         61
  C:40EAH         LINE#         62
  C:40EDH         LINE#         63
  C:40F0H         LINE#         65
  C:410DH         LINE#         66
  C:412AH         LINE#         67
  -------         ENDPROC       SETUP
  -------         ENDMOD        SETUP

  -------         MODULE        MODE
  C:0000H         SYMBOL        _ICE_DUMMY_
  C:4D85H         PUBLIC        mode1
  C:4D86H         PUBLIC        mode2
  C:4D87H         PUBLIC        mode3
  C:4D88H         PUBLIC        mode4
  C:4D89H         PUBLIC        modeLauncher
  -------         PROC          MODE1
  C:4D85H         LINE#         2
  C:4D85H         LINE#         3
  C:4D85H         LINE#         5
  -------         ENDPROC       MODE1
  -------         PROC          MODE2
  C:4D86H         LINE#         7
  C:4D86H         LINE#         8
  C:4D86H         LINE#         10
  -------         ENDPROC       MODE2
  -------         PROC          MODE3
  C:4D87H         LINE#         13
  C:4D87H         LINE#         14
  C:4D87H         LINE#         16
  -------         ENDPROC       MODE3
  -------         PROC          MODE4
  C:4D88H         LINE#         18
  C:4D88H         LINE#         19
  C:4D88H         LINE#         21
  -------         ENDPROC       MODE4
  -------         PROC          MODELAUNCHER
  C:4D89H         LINE#         22
  C:4D89H         LINE#         23
  C:4D89H         LINE#         25
  -------         ENDPROC       MODELAUNCHER
  -------         ENDMOD        MODE

  -------         MODULE        ?RTX51_TINY_KERNAL
  C:4D80H         SEGMENT       ?RTX?TASKENT?S
  I:0010H         SEGMENT       ?RTX?TASKSP?S
  I:000EH         SEGMENT       ?RTX?TASKSTATE?S
BL51 BANKED LINKER/LOCATER V6.00                                                      07/20/2017  17:01:24  PAGE 13


  B:0020H.7       SEGMENT       ?RTX?BITS
  C:25D0H         SEGMENT       ?RTX?CODE
  C:261FH         PUBLIC        ?RTX?SET_ISR
  D:000CH         PUBLIC        ?RTX_CURRENTTASK
  D:0007H         PUBLIC        ?RTX_NEXTID
  C:2662H         PUBLIC        ?RTX_NEXTTASK
  N:00FFH         PUBLIC        ?RTX_RAMTOP
  C:4D80H         PUBLIC        ?RTX_TASKENTRY
  C:2741H         PUBLIC        ?RTX_TASKIDX
  I:0010H         PUBLIC        ?RTX_TASKSP
  I:000EH         PUBLIC        ?RTX_TASKSTATUS
  C:2705H         PUBLIC        MAIN
  C:264BH         PUBLIC        OS_SWITCH_TASK
  C:2654H         SYMBOL        ?C0001
  C:265EH         SYMBOL        ?C0003
  C:2663H         SYMBOL        ?C0005
  C:267DH         SYMBOL        ?C0007
  C:267FH         SYMBOL        ?C0009
  C:2689H         SYMBOL        ?C0011
  C:26B6H         SYMBOL        ?C0012
  C:269CH         SYMBOL        ?C0013
  C:26A1H         SYMBOL        ?C0015
  C:26ACH         SYMBOL        ?C0016
  N:0000H         SYMBOL        ?RTX51_TINY_KERNAL
  N:F63CH         SYMBOL        ?RTX_CLOCK
  N:0008H         SYMBOL        ?RTX_REGISTERBANK
  D:000DH         SYMBOL        ?RTX_ROBINTIME
  D:000AH         SYMBOL        ?RTX_SAVEACC
  D:000BH         SYMBOL        ?RTX_SAVEPSW
  C:25D0H         SYMBOL        ?RTX_STACKERROR
  C:2623H         SYMBOL        ?RTX_TASKSWITCHING
  B:0020H.7       SYMBOL        ?RTX_TS_DELAY
  D:00E0H         SYMBOL        ACC
  D:00F0H         SYMBOL        B
  N:0005H         SYMBOL        B_ACTIVE
  N:0007H         SYMBOL        B_IVL
  N:0007H         SYMBOL        B_RDY
  N:0004H         SYMBOL        B_READY
  N:0006H         SYMBOL        B_ROBIN
  N:0002H         SYMBOL        B_SIGNAL
  N:0003H         SYMBOL        B_TIMEOUT
  N:0000H         SYMBOL        B_WAITSIG
  N:0001H         SYMBOL        B_WAITTIM
  C:2620H         SYMBOL        CHECKROBINTIME
  C:25FAH         SYMBOL        CHECKSTACK
  N:0000H         SYMBOL        CODE_BANKING
  N:0000H         SYMBOL        CPU_IDLE_CODE
  D:0083H         SYMBOL        DPH
  D:0082H         SYMBOL        DPL
  B:00A8H.7       SYMBOL        EA
  B:00A8H.4       SYMBOL        ES
  B:00A8H.1       SYMBOL        ET0
  B:00A8H.3       SYMBOL        ET1
  B:00A8H.0       SYMBOL        EX0
  B:00A8H.2       SYMBOL        EX1
  N:0014H         SYMBOL        FREE_STACK
  C:25D4H         SYMBOL        HW_TIMER
BL51 BANKED LINKER/LOCATER V6.00                                                      07/20/2017  17:01:24  PAGE 14


  D:00A8H         SYMBOL        IE
  B:0088H.1       SYMBOL        IE0
  B:0088H.3       SYMBOL        IE1
  N:09C4H         SYMBOL        INT_CLOCK
  N:0001H         SYMBOL        INT_REGBANK
  B:0088H.0       SYMBOL        IT0
  B:0088H.2       SYMBOL        IT1
  N:0020H         SYMBOL        K_ACTIVE
  N:0080H         SYMBOL        K_IVL
  N:0080H         SYMBOL        K_RDY
  N:0010H         SYMBOL        K_READY
  N:0040H         SYMBOL        K_ROBIN
  N:0001H         SYMBOL        K_SIG
  N:0002H         SYMBOL        K_TMO
  N:0000H         SYMBOL        LONG_USR_INTR
  C:270EH         SYMBOL        MAIN1
  C:2718H         SYMBOL        MAIN1X
  C:2713H         SYMBOL        MAIN2
  C:26D9H         SYMBOL        NOEVENT
  C:261FH         SYMBOL        NOROBINTIMEOUT
  C:2616H         SYMBOL        NOTIMEOUT
  C:2614H         SYMBOL        NOWAITTIMEOUT
  C:264BH         SYMBOL        OS_SWITCH_TASK1
  D:0087H         SYMBOL        PCON
  D:00D0H         SYMBOL        PSW
  N:00FFH         SYMBOL        RAMTOP
  N:0080H         SYMBOL        RDY_EVENT
  C:26E5H         SYMBOL        ROBINON
  C:26CDH         SYMBOL        SIGNALOFF
  C:26D9H         SYMBOL        SIGNALON
  N:0004H         SYMBOL        SIG_EVENT
  D:0081H         SYMBOL        SP
  I:000FH         SYMBOL        TASKSTATE
  D:0088H         SYMBOL        TCON
  B:0088H.5       SYMBOL        TF0
  B:0088H.7       SYMBOL        TF1
  D:008CH         SYMBOL        TH0
  D:008DH         SYMBOL        TH1
  C:26D5H         SYMBOL        TIMEOUTON
  C:25D5H         SYMBOL        TIMERINT
  C:2606H         SYMBOL        TIMERLOOP
  I:000EH         SYMBOL        TIMERVAL
  N:000AH         SYMBOL        TIMESHARING
  D:008AH         SYMBOL        TL0
  D:008BH         SYMBOL        TL1
  D:0089H         SYMBOL        TMOD
  N:0008H         SYMBOL        TMO_EVENT
  B:0088H.4       SYMBOL        TR0
  B:0088H.6       SYMBOL        TR1
  C:000BH         LINE#         271
  C:25D0H         LINE#         279
  C:25D4H         LINE#         282
  C:25D5H         LINE#         299
  C:25D8H         LINE#         301
  C:25DBH         LINE#         302
  C:25DEH         LINE#         303
  C:25E0H         LINE#         305
BL51 BANKED LINKER/LOCATER V6.00                                                      07/20/2017  17:01:24  PAGE 15


  C:25E2H         LINE#         306
  C:25E4H         LINE#         307
  C:25E6H         LINE#         308
  C:25E8H         LINE#         309
  C:25EAH         LINE#         310
  C:25ECH         LINE#         311
  C:25EEH         LINE#         312
  C:25F0H         LINE#         316
  C:25F1H         LINE#         317
  C:25F3H         LINE#         318
  C:25F4H         LINE#         319
  C:25F5H         LINE#         320
  C:25F8H         LINE#         321
  C:25FAH         LINE#         322
  C:25FBH         LINE#         323
  C:25FDH         LINE#         324
  C:2600H         LINE#         325
  C:2602H         LINE#         329
  C:2604H         LINE#         330
  C:2606H         LINE#         331
  C:2607H         LINE#         332
  C:2608H         LINE#         333
  C:2609H         LINE#         334
  C:260BH         LINE#         335
  C:260DH         LINE#         336
  C:260EH         LINE#         337
  C:2611H         LINE#         338
  C:2613H         LINE#         339
  C:2614H         LINE#         340
  C:2616H         LINE#         341
  C:2617H         LINE#         342
  C:2619H         LINE#         344
  C:261AH         LINE#         345
  C:261CH         LINE#         360
  C:261FH         LINE#         366
  C:2620H         LINE#         367
  C:2623H         LINE#         370
  C:2625H         LINE#         371
  C:2627H         LINE#         372
  C:2629H         LINE#         373
  C:262BH         LINE#         374
  C:262DH         LINE#         375
  C:262FH         LINE#         376
  C:2631H         LINE#         377
  C:2633H         LINE#         378
  C:2635H         LINE#         379
  C:2637H         LINE#         380
  C:2639H         LINE#         381
  C:263BH         LINE#         382
  C:263DH         LINE#         387
  C:263FH         LINE#         388
  C:2640H         LINE#         389
  C:2642H         LINE#         390
  C:2643H         LINE#         391
  C:2645H         LINE#         392
  C:2647H         LINE#         393
  C:2648H         LINE#         394
BL51 BANKED LINKER/LOCATER V6.00                                                      07/20/2017  17:01:24  PAGE 16


  C:2649H         LINE#         395
  C:264BH         LINE#         424
  C:264DH         LINE#         426
  C:264FH         LINE#         427
  C:2650H         LINE#         429
  C:2651H         LINE#         430
  C:2653H         LINE#         431
  C:2654H         LINE#         434
  C:2655H         LINE#         435
  C:2656H         LINE#         436
  C:2657H         LINE#         444
  C:265AH         LINE#         445
  C:265CH         LINE#         446
  C:265EH         LINE#         449
  C:265FH         LINE#         450
  C:2662H         LINE#         458
  C:2663H         LINE#         462
  C:2665H         LINE#         463
  C:2666H         LINE#         464
  C:2667H         LINE#         465
  C:2669H         LINE#         468
  C:266BH         LINE#         470
  C:266DH         LINE#         471
  C:266FH         LINE#         472
  C:2670H         LINE#         473
  C:2671H         LINE#         474
  C:2672H         LINE#         476
  C:2674H         LINE#         478
  C:2675H         LINE#         479
  C:2676H         LINE#         480
  C:2678H         LINE#         481
  C:267BH         LINE#         482
  C:267DH         LINE#         484
  C:267EH         LINE#         485
  C:267FH         LINE#         490
  C:2680H         LINE#         491
  C:2681H         LINE#         492
  C:2683H         LINE#         496
  C:2684H         LINE#         497
  C:2685H         LINE#         498
  C:2687H         LINE#         499
  C:2689H         LINE#         505
  C:268BH         LINE#         506
  C:268CH         LINE#         507
  C:268DH         LINE#         508
  C:268FH         LINE#         510
  C:2691H         LINE#         511
  C:2693H         LINE#         512
  C:2694H         LINE#         513
  C:2695H         LINE#         516
  C:2697H         LINE#         517
  C:269AH         LINE#         518
  C:269CH         LINE#         520
  C:269DH         LINE#         522
  C:269EH         LINE#         523
  C:269FH         LINE#         524
  C:26A0H         LINE#         525
BL51 BANKED LINKER/LOCATER V6.00                                                      07/20/2017  17:01:24  PAGE 17


  C:26A1H         LINE#         529
  C:26A3H         LINE#         530
  C:26A4H         LINE#         531
  C:26A6H         LINE#         535
  C:26A8H         LINE#         536
  C:26A9H         LINE#         537
  C:26AAH         LINE#         539
  C:26ACH         LINE#         543
  C:26AEH         LINE#         544
  C:26B0H         LINE#         545
  C:26B1H         LINE#         546
  C:26B2H         LINE#         548
  C:26B4H         LINE#         549
  C:26B6H         LINE#         555
  C:26B9H         LINE#         559
  C:26BBH         LINE#         560
  C:26BCH         LINE#         561
  C:26BEH         LINE#         562
  C:26BFH         LINE#         563
  C:26C1H         LINE#         564
  C:26C3H         LINE#         565
  C:26C4H         LINE#         567
  C:26C7H         LINE#         571
  C:26CAH         LINE#         572
  C:26CDH         LINE#         576
  C:26CFH         LINE#         577
  C:26D2H         LINE#         578
  C:26D5H         LINE#         580
  C:26D7H         LINE#         581
  C:26D9H         LINE#         583
  C:26DBH         LINE#         584
  C:26DCH         LINE#         585
  C:26DEH         LINE#         587
  C:26E0H         LINE#         588
  C:26E2H         LINE#         594
  C:26E4H         LINE#         595
  C:26E5H         LINE#         608
  C:26E6H         LINE#         609
  C:26E8H         LINE#         614
  C:26EAH         LINE#         615
  C:26ECH         LINE#         616
  C:26EEH         LINE#         617
  C:26F0H         LINE#         618
  C:26F2H         LINE#         619
  C:26F4H         LINE#         620
  C:26F6H         LINE#         621
  C:26F8H         LINE#         622
  C:26FAH         LINE#         623
  C:26FCH         LINE#         624
  C:26FEH         LINE#         625
  C:2700H         LINE#         626
  C:2702H         LINE#         627
  C:2704H         LINE#         628
  C:2705H         LINE#         642
  C:2707H         LINE#         643
  C:2709H         LINE#         644
  C:270BH         LINE#         645
BL51 BANKED LINKER/LOCATER V6.00                                                      07/20/2017  17:01:24  PAGE 18


  C:270DH         LINE#         646
  C:270EH         LINE#         647
  C:270FH         LINE#         648
  C:2711H         LINE#         649
  C:2713H         LINE#         650
  C:2715H         LINE#         651
  C:2716H         LINE#         652
  C:2718H         LINE#         653
  C:2719H         LINE#         654
  C:271AH         LINE#         655
  C:271BH         LINE#         656
  C:271CH         LINE#         657
  C:271EH         LINE#         658
  C:2720H         LINE#         659
  C:2722H         LINE#         660
  C:2725H         LINE#         661
  C:2727H         LINE#         662
  C:2728H         LINE#         663
  C:272AH         LINE#         664
  C:272BH         LINE#         665
  C:272CH         LINE#         666
  C:272EH         LINE#         668
  C:2731H         LINE#         670
  C:2734H         LINE#         671
  C:2737H         LINE#         672
  C:273AH         LINE#         673
  C:273CH         LINE#         674
  C:273EH         LINE#         675
  C:2740H         LINE#         676
  -------         ENDMOD        ?RTX51_TINY_KERNAL

  -------         MODULE        PID
  C:0000H         SYMBOL        _ICE_DUMMY_
  D:0080H         PUBLIC        P0
  D:0090H         PUBLIC        P1
  D:00A0H         PUBLIC        P2
  C:4674H         PUBLIC        _setKi
  D:00B0H         PUBLIC        P3
  C:49FCH         PUBLIC        _getErrLast
  D:00C0H         PUBLIC        P4
  D:00C8H         PUBLIC        P5
  D:00E8H         PUBLIC        P6
  D:00F8H         PUBLIC        P7
  C:4632H         PUBLIC        _setParameterUpperLimit
  C:4695H         PUBLIC        _setKp
  D:00A8H         PUBLIC        IE
  C:4BDBH         PUBLIC        _openPID
  D:00B8H         PUBLIC        IP
  D:00D8H         PUBLIC        CCON
  D:0098H         PUBLIC        SCON
  D:0088H         PUBLIC        TCON
  C:2C4FH         PUBLIC        _PID_config
  C:4611H         PUBLIC        _setParameterInferiorLimit
  D:00F0H         PUBLIC        B
  D:00E0H         PUBLIC        ACC
  C:4653H         PUBLIC        _setActualParameter
  C:4A64H         PUBLIC        _getOutput
BL51 BANKED LINKER/LOCATER V6.00                                                      07/20/2017  17:01:24  PAGE 19


  C:1EBFH         PUBLIC        _PID
  X:028CH         SYMBOL        g_pid_n_info
  C:49C8H         PUBLIC        _getParameter
  C:49E2H         PUBLIC        _getErr
  C:4A4AH         PUBLIC        _getKd
  C:46D7H         PUBLIC        _setParameter
  C:4A30H         PUBLIC        _getKi
  C:4C23H         PUBLIC        _closePID
  D:00D0H         PUBLIC        PSW
  C:4A7EH         PUBLIC        _getIntegral
  C:4A16H         PUBLIC        _getKp
  C:46B6H         PUBLIC        _setKd
  -------         PROC          _PID_CONFIG
  D:0003H         SYMBOL        PID_N
  X:04EEH         SYMBOL        kp
  X:04F2H         SYMBOL        ki
  X:04F6H         SYMBOL        kd
  C:2C4FH         LINE#         49
  C:2C51H         LINE#         50
  C:2C51H         LINE#         51
  C:2C66H         LINE#         52
  C:2C7BH         LINE#         53
  C:2C90H         LINE#         54
  C:2CA5H         LINE#         55
  C:2CC4H         LINE#         56
  C:2CE3H         LINE#         57
  C:2D02H         LINE#         58
  C:2D2CH         LINE#         59
  C:2D56H         LINE#         60
  -------         ENDPROC       _PID_CONFIG
  -------         PROC          _OPENPID
  D:0007H         SYMBOL        PID_N
  C:4BDBH         LINE#         70
  C:4BDBH         LINE#         71
  C:4BDBH         LINE#         72
  C:4BECH         LINE#         74
  -------         ENDPROC       _OPENPID
  -------         PROC          _CLOSEPID
  D:0007H         SYMBOL        PID_N
  C:4C23H         LINE#         83
  C:4C23H         LINE#         84
  C:4C23H         LINE#         85
  C:4C33H         LINE#         88
  -------         ENDPROC       _CLOSEPID
  -------         PROC          _PID
  X:05AFH         SYMBOL        PID_N
  C:1EBFH         LINE#         97
  C:1EC4H         LINE#         98
  C:1EC4H         LINE#         101
  C:1ED7H         LINE#         102
  C:1ED7H         LINE#         104
  C:1F25H         LINE#         120
  C:1F68H         LINE#         123
  C:206DH         LINE#         126
  C:2097H         LINE#         129
  C:2098H         LINE#         130
  C:2098H         LINE#         132
BL51 BANKED LINKER/LOCATER V6.00                                                      07/20/2017  17:01:24  PAGE 20


  -------         ENDPROC       _PID
  -------         PROC          _SETPARAMETERINFERIORLIMIT
  D:0003H         SYMBOL        PID_N
  X:054FH         SYMBOL        value
  C:4611H         LINE#         142
  C:4613H         LINE#         143
  C:4613H         LINE#         144
  -------         ENDPROC       _SETPARAMETERINFERIORLIMIT
  -------         PROC          _SETPARAMETERUPPERLIMIT
  D:0003H         SYMBOL        PID_N
  X:0554H         SYMBOL        value
  C:4632H         LINE#         156
  C:4634H         LINE#         157
  C:4634H         LINE#         158
  -------         ENDPROC       _SETPARAMETERUPPERLIMIT
  -------         PROC          _SETACTUALPARAMETER
  D:0003H         SYMBOL        PID_N
  X:0559H         SYMBOL        value
  C:4653H         LINE#         171
  C:4655H         LINE#         172
  C:4655H         LINE#         173
  -------         ENDPROC       _SETACTUALPARAMETER
  -------         PROC          _SETKI
  D:0003H         SYMBOL        PID_N
  X:055EH         SYMBOL        value
  C:4674H         LINE#         186
  C:4676H         LINE#         187
  C:4676H         LINE#         188
  -------         ENDPROC       _SETKI
  -------         PROC          _SETKP
  D:0003H         SYMBOL        PID_N
  X:0563H         SYMBOL        value
  C:4695H         LINE#         200
  C:4697H         LINE#         201
  C:4697H         LINE#         202
  -------         ENDPROC       _SETKP
  -------         PROC          _SETKD
  D:0003H         SYMBOL        PID_N
  X:0568H         SYMBOL        value
  C:46B6H         LINE#         214
  C:46B8H         LINE#         215
  C:46B8H         LINE#         216
  -------         ENDPROC       _SETKD
  -------         PROC          _SETPARAMETER
  D:0003H         SYMBOL        PID_N
  X:056DH         SYMBOL        value
  C:46D7H         LINE#         228
  C:46D9H         LINE#         229
  C:46D9H         LINE#         230
  -------         ENDPROC       _SETPARAMETER
  -------         PROC          _GETPARAMETER
  D:0007H         SYMBOL        PID_N
  C:49C8H         LINE#         242
  C:49C8H         LINE#         243
  C:49C8H         LINE#         244
  C:49E1H         LINE#         245
  -------         ENDPROC       _GETPARAMETER
BL51 BANKED LINKER/LOCATER V6.00                                                      07/20/2017  17:01:24  PAGE 21


  -------         PROC          _GETERR
  D:0007H         SYMBOL        PID_N
  C:49E2H         LINE#         255
  C:49E2H         LINE#         256
  C:49E2H         LINE#         257
  C:49FBH         LINE#         258
  -------         ENDPROC       _GETERR
  -------         PROC          _GETERRLAST
  D:0007H         SYMBOL        PID_N
  C:49FCH         LINE#         268
  C:49FCH         LINE#         269
  C:49FCH         LINE#         270
  C:4A15H         LINE#         271
  -------         ENDPROC       _GETERRLAST
  -------         PROC          _GETKP
  D:0007H         SYMBOL        PID_N
  C:4A16H         LINE#         280
  C:4A16H         LINE#         281
  C:4A16H         LINE#         282
  C:4A2FH         LINE#         283
  -------         ENDPROC       _GETKP
  -------         PROC          _GETKI
  D:0007H         SYMBOL        PID_N
  C:4A30H         LINE#         293
  C:4A30H         LINE#         294
  C:4A30H         LINE#         295
  C:4A49H         LINE#         296
  -------         ENDPROC       _GETKI
  -------         PROC          _GETKD
  D:0007H         SYMBOL        PID_N
  C:4A4AH         LINE#         306
  C:4A4AH         LINE#         307
  C:4A4AH         LINE#         308
  C:4A63H         LINE#         309
  -------         ENDPROC       _GETKD
  -------         PROC          _GETOUTPUT
  D:0007H         SYMBOL        PID_N
  C:4A64H         LINE#         319
  C:4A64H         LINE#         320
  C:4A64H         LINE#         321
  C:4A7DH         LINE#         322
  -------         ENDPROC       _GETOUTPUT
  -------         PROC          _GETINTEGRAL
  D:0007H         SYMBOL        PID_N
  C:4A7EH         LINE#         332
  C:4A7EH         LINE#         333
  C:4A7EH         LINE#         334
  C:4A97H         LINE#         335
  -------         ENDPROC       _GETINTEGRAL
  -------         ENDMOD        PID

  -------         MODULE        FILTER
  C:0000H         SYMBOL        _ICE_DUMMY_
  D:0080H         PUBLIC        P0
  D:0090H         PUBLIC        P1
  D:00A0H         PUBLIC        P2
  D:00B0H         PUBLIC        P3
BL51 BANKED LINKER/LOCATER V6.00                                                      07/20/2017  17:01:24  PAGE 22


  D:00C0H         PUBLIC        P4
  D:00C8H         PUBLIC        P5
  D:00E8H         PUBLIC        P6
  D:00F8H         PUBLIC        P7
  C:29E5H         PUBLIC        _filter
  D:00A8H         PUBLIC        IE
  D:00B8H         PUBLIC        IP
  D:00D8H         PUBLIC        CCON
  D:0098H         PUBLIC        SCON
  D:0088H         PUBLIC        TCON
  D:00F0H         PUBLIC        B
  D:00E0H         PUBLIC        ACC
  D:00D0H         PUBLIC        PSW
  -------         PROC          _FILTER
  D:0001H         SYMBOL        ary
  X:04E0H         SYMBOL        num
  X:04E1H         SYMBOL        MaxValue
  X:04E3H         SYMBOL        MinValue
  -------         DO            
  X:04E5H         SYMBOL        angleDataloopTemp2
  X:04E7H         SYMBOL        finalData
  X:04E9H         SYMBOL        maxValue
  X:04EBH         SYMBOL        minValue
  -------         ENDDO         
  C:29E5H         LINE#         2
  C:29EAH         LINE#         3
  C:29EAH         LINE#         5
  C:29F1H         LINE#         6
  C:2A00H         LINE#         7
  C:2A0FH         LINE#         8
  C:2A31H         LINE#         9
  C:2A31H         LINE#         10
  C:2A4DH         LINE#         11
  C:2A4DH         LINE#         12
  C:2A6AH         LINE#         13
  C:2A6AH         LINE#         14
  C:2A8CH         LINE#         15
  C:2A8CH         LINE#         16
  C:2AA9H         LINE#         17
  C:2AA9H         LINE#         18
  C:2ACBH         LINE#         19
  C:2ADFH         LINE#         20
  C:2B04H         LINE#         21
  C:2B1AH         LINE#         22
  C:2B1AH         LINE#         23
  -------         ENDPROC       _FILTER
  -------         ENDMOD        FILTER

  -------         MODULE        DATASCOPE_DP
  C:0000H         SYMBOL        _ICE_DUMMY_
  D:0080H         PUBLIC        P0
  D:0090H         PUBLIC        P1
  D:00A0H         PUBLIC        P2
  D:00B0H         PUBLIC        P3
  D:00C0H         PUBLIC        P4
  D:00C8H         PUBLIC        P5
  D:00E8H         PUBLIC        P6
BL51 BANKED LINKER/LOCATER V6.00                                                      07/20/2017  17:01:24  PAGE 23


  D:00F8H         PUBLIC        P7
  X:03E6H         PUBLIC        DataScope_OutPut_Buffer
  D:00A8H         PUBLIC        IE
  D:00B8H         PUBLIC        IP
  D:00D8H         PUBLIC        CCON
  C:43CDH         PUBLIC        _sendScopeData
  D:0098H         PUBLIC        SCON
  D:0088H         PUBLIC        TCON
  D:00F0H         PUBLIC        B
  C:3483H         PUBLIC        _Float2Byte
  D:00E0H         PUBLIC        ACC
  C:35D6H         PUBLIC        _DataScope_Data_Generate
  C:2B1BH         PUBLIC        _DataScope_Get_Channel_Data
  D:00D0H         PUBLIC        PSW
  -------         PROC          _FLOAT2BYTE
  D:0001H         SYMBOL        target
  X:04FDH         SYMBOL        buf
  X:0500H         SYMBOL        beg
  -------         DO            
  X:0501H         SYMBOL        point
  -------         ENDDO         
  C:3483H         LINE#         26
  C:3483H         LINE#         27
  C:3483H         LINE#         29
  C:348EH         LINE#         30
  C:34ACH         LINE#         31
  C:34D8H         LINE#         32
  C:3504H         LINE#         33
  -------         ENDPROC       _FLOAT2BYTE
  -------         PROC          _SENDSCOPEDATA
  D:0004H         SYMBOL        Data
  X:0540H         SYMBOL        channel
  -------         DO            
  X:0541H         SYMBOL        a
  -------         ENDDO         
  C:43CDH         LINE#         43
  C:43CDH         LINE#         44
  C:43CDH         LINE#         47
  C:43D8H         LINE#         49
  C:43EEH         LINE#         50
  C:43EEH         LINE#         51
  C:43FDH         LINE#         52
  C:4405H         LINE#         54
  -------         ENDPROC       _SENDSCOPEDATA
  -------         PROC          _DATASCOPE_GET_CHANNEL_DATA
  X:0571H         SYMBOL        Data
  X:0575H         SYMBOL        Channel
  C:2B1BH         LINE#         60
  C:2B21H         LINE#         61
  C:2B21H         LINE#         62
  C:2B34H         LINE#         63
  C:2B34H         LINE#         65
  C:2B34H         LINE#         67
  C:2B34H         LINE#         68
  C:2B6AH         LINE#         69
  C:2B6AH         LINE#         70
  C:2B6AH         LINE#         71
BL51 BANKED LINKER/LOCATER V6.00                                                      07/20/2017  17:01:24  PAGE 24


  C:2B7DH         LINE#         72
  C:2B80H         LINE#         73
  C:2B80H         LINE#         74
  C:2B94H         LINE#         75
  C:2B97H         LINE#         76
  C:2B97H         LINE#         77
  C:2BABH         LINE#         78
  C:2BAEH         LINE#         79
  C:2BAEH         LINE#         80
  C:2BC2H         LINE#         81
  C:2BC5H         LINE#         82
  C:2BC5H         LINE#         83
  C:2BD9H         LINE#         84
  C:2BDBH         LINE#         85
  C:2BDBH         LINE#         86
  C:2BEFH         LINE#         87
  C:2BF1H         LINE#         88
  C:2BF1H         LINE#         89
  C:2C05H         LINE#         90
  C:2C07H         LINE#         91
  C:2C07H         LINE#         92
  C:2C1BH         LINE#         93
  C:2C1DH         LINE#         94
  C:2C1DH         LINE#         95
  C:2C31H         LINE#         96
  C:2C33H         LINE#         97
  C:2C33H         LINE#         98
  C:2C4EH         LINE#         99
  C:2C4EH         LINE#         100
  C:2C4EH         LINE#         101
  C:2C4EH         LINE#         102
  -------         ENDPROC       _DATASCOPE_GET_CHANNEL_DATA
  -------         PROC          _DATASCOPE_DATA_GENERATE
  D:0007H         SYMBOL        Channel_Number
  C:35D6H         LINE#         107
  C:35D6H         LINE#         108
  C:35D6H         LINE#         109
  C:35DFH         LINE#         110
  C:35DFH         LINE#         111
  C:35E2H         LINE#         112
  C:35E2H         LINE#         114
  C:35E2H         LINE#         115
  C:35E8H         LINE#         116
  C:361EH         LINE#         117
  C:361EH         LINE#         118
  C:361EH         LINE#         119
  C:3624H         LINE#         120
  C:3627H         LINE#         121
  C:3627H         LINE#         122
  C:3627H         LINE#         123
  C:362DH         LINE#         124
  C:3630H         LINE#         125
  C:3630H         LINE#         126
  C:3630H         LINE#         127
  C:3636H         LINE#         128
  C:3639H         LINE#         129
  C:3639H         LINE#         130
BL51 BANKED LINKER/LOCATER V6.00                                                      07/20/2017  17:01:24  PAGE 25


  C:3639H         LINE#         131
  C:363FH         LINE#         132
  C:3642H         LINE#         133
  C:3642H         LINE#         134
  C:3642H         LINE#         135
  C:3648H         LINE#         136
  C:364BH         LINE#         137
  C:364BH         LINE#         138
  C:364BH         LINE#         139
  C:3651H         LINE#         140
  C:3654H         LINE#         141
  C:3654H         LINE#         142
  C:3654H         LINE#         143
  C:365AH         LINE#         144
  C:365DH         LINE#         145
  C:365DH         LINE#         146
  C:365DH         LINE#         147
  C:3663H         LINE#         148
  C:3666H         LINE#         149
  C:3666H         LINE#         150
  C:3666H         LINE#         151
  C:366CH         LINE#         152
  C:366FH         LINE#         153
  C:366FH         LINE#         154
  C:366FH         LINE#         155
  C:3675H         LINE#         156
  C:3678H         LINE#         157
  C:3678H         LINE#         158
  C:3678H         LINE#         159
  C:3678H         LINE#         160
  C:367AH         LINE#         161
  -------         ENDPROC       _DATASCOPE_DATA_GENERATE
  -------         ENDMOD        DATASCOPE_DP

  -------         MODULE        STORAGE
  C:0000H         SYMBOL        _ICE_DUMMY_
  D:0080H         PUBLIC        P0
  D:0090H         PUBLIC        P1
  D:00A0H         PUBLIC        P2
  D:00B0H         PUBLIC        P3
  D:00C0H         PUBLIC        P4
  D:00C8H         PUBLIC        P5
  D:00E8H         PUBLIC        P6
  D:00F8H         PUBLIC        P7
  D:00A8H         PUBLIC        IE
  D:00B8H         PUBLIC        IP
  D:00D8H         PUBLIC        CCON
  C:4BEDH         PUBLIC        _writeData
  D:0098H         PUBLIC        SCON
  D:0088H         PUBLIC        TCON
  D:00F0H         PUBLIC        B
  D:00E0H         PUBLIC        ACC
  D:00D0H         PUBLIC        PSW
  -------         PROC          _WRITEDATA
  X:0576H         SYMBOL        add
  X:0578H         SYMBOL        Data
  C:4BEDH         LINE#         3
BL51 BANKED LINKER/LOCATER V6.00                                                      07/20/2017  17:01:24  PAGE 26


  C:4BFEH         LINE#         4
  C:4BFEH         LINE#         6
  -------         ENDPROC       _WRITEDATA
  -------         ENDMOD        STORAGE

  -------         MODULE        BUTTON
  C:0000H         SYMBOL        _ICE_DUMMY_
  D:0080H         PUBLIC        P0
  D:0090H         PUBLIC        P1
  D:00A0H         PUBLIC        P2
  D:00B0H         PUBLIC        P3
  D:00C0H         PUBLIC        P4
  D:00C8H         PUBLIC        P5
  D:00E8H         PUBLIC        P6
  D:00F8H         PUBLIC        P7
  D:00A8H         PUBLIC        IE
  D:00B8H         PUBLIC        IP
  D:00D8H         PUBLIC        CCON
  C:3FE1H         PUBLIC        buttonScan
  B:0020H.0       SYMBOL        BUTTON1_bit
  B:0020H.1       SYMBOL        BUTTON2_bit
  B:0020H.2       SYMBOL        BUTTON3_bit
  B:0020H.3       SYMBOL        BUTTON4_bit
  D:0098H         PUBLIC        SCON
  B:00A0H.3       PUBLIC        P23
  D:0088H         PUBLIC        TCON
  B:00A0H.4       PUBLIC        P24
  B:00A0H.5       PUBLIC        P25
  B:00A0H.6       PUBLIC        P26
  D:00F0H         PUBLIC        B
  C:4891H         PUBLIC        _getButtonState
  D:00E0H         PUBLIC        ACC
  C:47D9H         PUBLIC        Button_config
  C:4CF4H         SYMBOL        _digitalRead
  D:00D0H         PUBLIC        PSW
  -------         PROC          BUTTON_CONFIG
  -------         DO            
  X:05A8H         SYMBOL        GPIO_InitStructure
  -------         ENDDO         
  C:47D9H         LINE#         25
  C:47D9H         LINE#         26
  C:47D9H         LINE#         28
  C:47DFH         LINE#         29
  C:47E4H         LINE#         30
  C:47EFH         LINE#         31
  C:47F1H         LINE#         32
  C:47F3H         LINE#         33
  C:47F5H         LINE#         34
  C:47F7H         LINE#         35
  -------         ENDPROC       BUTTON_CONFIG
  -------         PROC          _DIGITALREAD
  D:0006H         SYMBOL        pin
  C:4CF4H         LINE#         43
  C:4CF4H         LINE#         44
  C:4CF4H         LINE#         45
  C:4CF8H         LINE#         46
  C:4CF8H         LINE#         47
BL51 BANKED LINKER/LOCATER V6.00                                                      07/20/2017  17:01:24  PAGE 27


  C:4CFDH         LINE#         48
  C:4CFDH         LINE#         49
  -------         ENDPROC       _DIGITALREAD
  -------         PROC          _GETBUTTONSTATE
  D:0007H         SYMBOL        BUTTON_data
  C:4891H         LINE#         61
  C:4891H         LINE#         62
  C:4891H         LINE#         63
  C:48A2H         LINE#         64
  C:48A2H         LINE#         65
  C:48A2H         LINE#         66
  C:48A5H         LINE#         67
  C:48A5H         LINE#         68
  C:48A5H         LINE#         69
  C:48A8H         LINE#         70
  C:48A8H         LINE#         71
  C:48A8H         LINE#         72
  C:48ABH         LINE#         73
  C:48ABH         LINE#         74
  C:48ABH         LINE#         75
  C:48ADH         LINE#         76
  C:48ADH         LINE#         77
  C:48ADH         LINE#         78
  -------         ENDPROC       _GETBUTTONSTATE
  -------         PROC          BUTTONSCAN
  C:3FE1H         LINE#         88
  C:3FE1H         LINE#         89
  C:3FE1H         LINE#         90
  C:3FECH         LINE#         91
  C:3FECH         LINE#         92
  C:3FF6H         LINE#         93
  C:3FF6H         LINE#         97
  C:3FF8H         LINE#         98
  C:3FF8H         LINE#         99
  C:3FFAH         LINE#         101
  C:3FFAH         LINE#         102
  C:3FFCH         LINE#         103
  C:3FFCH         LINE#         104
  C:4007H         LINE#         105
  C:4007H         LINE#         106
  C:400AH         LINE#         107
  C:400AH         LINE#         111
  C:400CH         LINE#         112
  C:400CH         LINE#         113
  C:400EH         LINE#         115
  C:400EH         LINE#         116
  C:4010H         LINE#         117
  C:4010H         LINE#         118
  C:401BH         LINE#         119
  C:401BH         LINE#         120
  C:401EH         LINE#         121
  C:401EH         LINE#         125
  C:4020H         LINE#         127
  C:4020H         LINE#         128
  C:4022H         LINE#         130
  C:4022H         LINE#         131
  C:4024H         LINE#         132
BL51 BANKED LINKER/LOCATER V6.00                                                      07/20/2017  17:01:24  PAGE 28


  C:4024H         LINE#         133
  C:402FH         LINE#         134
  C:402FH         LINE#         135
  C:4032H         LINE#         136
  C:4032H         LINE#         140
  C:4034H         LINE#         142
  C:4034H         LINE#         143
  C:4035H         LINE#         145
  C:4035H         LINE#         146
  C:4037H         LINE#         147
  C:4037H         LINE#         148
  -------         ENDPROC       BUTTONSCAN
  -------         ENDMOD        BUTTON

  -------         MODULE        LED
  C:0000H         SYMBOL        _ICE_DUMMY_
  D:0080H         PUBLIC        P0
  D:0090H         PUBLIC        P1
  D:00A0H         PUBLIC        P2
  D:00B0H         PUBLIC        P3
  D:00C0H         PUBLIC        P4
  D:00C8H         PUBLIC        P5
  B:0021H.0       SYMBOL        Board_LED_State
  D:00E8H         PUBLIC        P6
  D:00F8H         PUBLIC        P7
  D:00A8H         PUBLIC        IE
  C:45EFH         PUBLIC        _blink
  C:4490H         PUBLIC        Board_LED_Init
  D:00B8H         PUBLIC        IP
  C:4D71H         PUBLIC        close_Board_LED
  D:00D8H         PUBLIC        CCON
  D:0098H         PUBLIC        SCON
  D:0088H         PUBLIC        TCON
  C:4D6CH         PUBLIC        open_Board_LED
  B:00C8H.5       PUBLIC        P55
  D:00F0H         PUBLIC        B
  D:00E0H         PUBLIC        ACC
  C:4D7AH         PUBLIC        getBoard_LED_State
  C:4D4EH         PUBLIC        _Board_LED_PWM
  D:00D0H         PUBLIC        PSW
  -------         PROC          BOARD_LED_INIT
  -------         DO            
  X:0450H         SYMBOL        GPIO_InitStructure
  -------         ENDDO         
  C:4490H         LINE#         8
  C:4490H         LINE#         9
  C:4490H         LINE#         11
  C:4496H         LINE#         12
  C:449BH         LINE#         13
  C:44A6H         LINE#         14
  C:44A9H         LINE#         15
  C:44AEH         LINE#         16
  C:44B1H         LINE#         17
  C:44B6H         LINE#         18
  C:44B7H         LINE#         19
  -------         ENDPROC       BOARD_LED_INIT
  -------         PROC          OPEN_BOARD_LED
BL51 BANKED LINKER/LOCATER V6.00                                                      07/20/2017  17:01:24  PAGE 29


  C:4D6CH         LINE#         20
  C:4D6CH         LINE#         21
  C:4D6CH         LINE#         22
  C:4D6EH         LINE#         23
  C:4D70H         LINE#         24
  -------         ENDPROC       OPEN_BOARD_LED
  -------         PROC          CLOSE_BOARD_LED
  C:4D71H         LINE#         25
  C:4D71H         LINE#         26
  C:4D71H         LINE#         27
  C:4D73H         LINE#         28
  C:4D75H         LINE#         30
  -------         ENDPROC       CLOSE_BOARD_LED
  -------         PROC          _BLINK
  X:0450H         SYMBOL        time
  C:45EFH         LINE#         31
  C:45F4H         LINE#         32
  C:45F4H         LINE#         33
  C:45FEH         LINE#         34
  C:45FEH         LINE#         35
  C:4601H         LINE#         36
  C:4606H         LINE#         37
  C:4609H         LINE#         38
  C:460EH         LINE#         40
  C:4610H         LINE#         41
  -------         ENDPROC       _BLINK
  -------         PROC          GETBOARD_LED_STATE
  C:4D7AH         LINE#         42
  C:4D7AH         LINE#         43
  C:4D7AH         LINE#         44
  C:4D7CH         LINE#         45
  -------         ENDPROC       GETBOARD_LED_STATE
  -------         PROC          _BOARD_LED_PWM
  X:05B0H         SYMBOL        luminance
  C:4D4EH         LINE#         46
  C:4D53H         LINE#         47
  C:4D53H         LINE#         48
  C:4D53H         LINE#         49
  C:4D53H         LINE#         52
  C:4D53H         LINE#         54
  -------         ENDPROC       _BOARD_LED_PWM
  -------         ENDMOD        LED

  -------         MODULE        MOTOR
  C:0000H         SYMBOL        _ICE_DUMMY_
  D:0080H         PUBLIC        P0
  D:0090H         PUBLIC        P1
  D:00A0H         PUBLIC        P2
  D:00B0H         PUBLIC        P3
  D:00C0H         PUBLIC        P4
  D:00C8H         PUBLIC        P5
  D:00E8H         PUBLIC        P6
  D:00F8H         PUBLIC        P7
  D:00BAH         PUBLIC        P_SW2
  D:00A8H         PUBLIC        IE
  C:4855H         PUBLIC        _open_DC_Motor
  D:00B8H         PUBLIC        IP
BL51 BANKED LINKER/LOCATER V6.00                                                      07/20/2017  17:01:24  PAGE 30


  D:00D8H         PUBLIC        CCON
  B:00A0H.2       PUBLIC        P22
  D:0098H         PUBLIC        SCON
  B:00A0H.3       PUBLIC        P23
  D:0088H         PUBLIC        TCON
  C:3A2FH         PUBLIC        _setDC_MotorSpeed
  D:00F0H         PUBLIC        B
  X:058AH         SYMBOL        g_DC_Motor
  C:4C78H         PUBLIC        _getDC_MotorState
  D:00E0H         PUBLIC        ACC
  C:3E5FH         PUBLIC        DC_MOTOR_config
  C:48AEH         PUBLIC        _close_DC_Motor
  D:00D0H         PUBLIC        PSW
  -------         PROC          _SETDC_MOTORSPEED
  X:057BH         SYMBOL        motor
  X:057CH         SYMBOL        speed
  C:3A2FH         LINE#         38
  C:3A34H         LINE#         39
  C:3A34H         LINE#         41
  C:3A4FH         LINE#         42
  C:3A4FH         LINE#         43
  C:3A59H         LINE#         44
  C:3A59H         LINE#         45
  C:3A74H         LINE#         46
  C:3A74H         LINE#         48
  C:3A7EH         LINE#         49
  C:3A7EH         LINE#         52
  C:3A9EH         LINE#         53
  C:3AC0H         LINE#         54
  -------         ENDPROC       _SETDC_MOTORSPEED
  -------         PROC          _OPEN_DC_MOTOR
  X:05B1H         SYMBOL        motor
  C:4855H         LINE#         55
  C:485AH         LINE#         56
  C:485AH         LINE#         57
  C:4860H         LINE#         58
  C:4872H         LINE#         59
  -------         ENDPROC       _OPEN_DC_MOTOR
  -------         PROC          _CLOSE_DC_MOTOR
  X:05B2H         SYMBOL        motor
  C:48AEH         LINE#         60
  C:48B3H         LINE#         61
  C:48B3H         LINE#         62
  C:48B9H         LINE#         63
  C:48CAH         LINE#         67
  -------         ENDPROC       _CLOSE_DC_MOTOR
  -------         PROC          _GETDC_MOTORSTATE
  D:0007H         SYMBOL        motor
  C:4C78H         LINE#         68
  C:4C78H         LINE#         69
  C:4C78H         LINE#         70
  C:4C87H         LINE#         72
  -------         ENDPROC       _GETDC_MOTORSTATE
  -------         PROC          DC_MOTOR_CONFIG
  -------         DO            
  X:04CBH         SYMBOL        GPIO_InitStructure
  X:04CDH         SYMBOL        PWM_InitStructure
BL51 BANKED LINKER/LOCATER V6.00                                                      07/20/2017  17:01:24  PAGE 31


  -------         ENDDO         
  C:3E5FH         LINE#         80
  C:3E5FH         LINE#         81
  C:3E5FH         LINE#         85
  C:3E64H         LINE#         88
  C:3E68H         LINE#         89
  C:3E73H         LINE#         93
  C:3E79H         LINE#         94
  C:3E84H         LINE#         95
  C:3E86H         LINE#         96
  C:3E88H         LINE#         99
  C:3E8BH         LINE#         100
  C:3E90H         LINE#         101
  C:3E92H         LINE#         102
  C:3E94H         LINE#         103
  C:3E97H         LINE#         104
  C:3E9AH         LINE#         105
  C:3E9CH         LINE#         106
  C:3E9EH         LINE#         107
  C:3EA0H         LINE#         108
  C:3EA2H         LINE#         109
  C:3EA4H         LINE#         110
  C:3EA6H         LINE#         111
  C:3EA8H         LINE#         112
  C:3EAAH         LINE#         113
  C:3EACH         LINE#         114
  C:3EAEH         LINE#         115
  C:3EB0H         LINE#         116
  C:3EBBH         LINE#         117
  C:3EC6H         LINE#         119
  C:3EC9H         LINE#         122
  -------         ENDPROC       DC_MOTOR_CONFIG
  -------         ENDMOD        MOTOR

  -------         MODULE        SERVO
  C:0000H         SYMBOL        _ICE_DUMMY_
  D:0080H         PUBLIC        P0
  D:0090H         PUBLIC        P1
  D:00A0H         PUBLIC        P2
  D:00B0H         PUBLIC        P3
  D:00C0H         PUBLIC        P4
  D:00C8H         PUBLIC        P5
  D:00E8H         PUBLIC        P6
  D:00F8H         PUBLIC        P7
  D:00BAH         PUBLIC        P_SW2
  D:00A8H         PUBLIC        IE
  C:4719H         PUBLIC        _open_STR
  C:2EA9H         PUBLIC        _set_STR_angle
  D:00B8H         PUBLIC        IP
  D:00D8H         PUBLIC        CCON
  C:2099H         PUBLIC        _Init_Str_Motor
  D:0098H         PUBLIC        SCON
  D:0088H         PUBLIC        TCON
  B:00B0H.7       PUBLIC        P37
  D:00F0H         PUBLIC        B
  D:00E0H         PUBLIC        ACC
  C:4A98H         PUBLIC        _read_STR_angle
BL51 BANKED LINKER/LOCATER V6.00                                                      07/20/2017  17:01:24  PAGE 32


  X:02FEH         SYMBOL        str_motor
  C:47F8H         PUBLIC        _close_STR
  D:00D0H         PUBLIC        PSW
  -------         PROC          _INIT_STR_MOTOR
  X:0410H         SYMBOL        MOTOR
  X:0411H         SYMBOL        pl
  X:0415H         SYMBOL        ph
  X:0419H         SYMBOL        ma
  X:041DH         SYMBOL        n
  -------         DO            
[...]
  D:00B0H         PUBLIC        P3
  C:4CC3H         PUBLIC        DisableEEPROM
  D:00C0H         PUBLIC        P4
  D:00C8H         PUBLIC        P5
  D:00C6H         PUBLIC        ISP_TRIG
  B:00A8H.7       PUBLIC        EA
  D:00E8H         PUBLIC        P6
  D:00F8H         PUBLIC        P7
  D:00A8H         PUBLIC        IE
  C:47B9H         PUBLIC        _EEPROM_SectorErase
  C:42D7H         PUBLIC        _EEPROM_read_n
  D:00B8H         PUBLIC        IP
  D:00C5H         PUBLIC        ISP_CMD
  D:00D8H         PUBLIC        CCON
  C:4316H         PUBLIC        _EEPROM_write_n
  D:00C3H         PUBLIC        ISP_ADDRH
  D:0098H         PUBLIC        SCON
  D:0088H         PUBLIC        TCON
  D:00C4H         PUBLIC        ISP_ADDRL
  D:00F0H         PUBLIC        B
  D:00E0H         PUBLIC        ACC
  D:00C7H         PUBLIC        ISP_CONTR
  D:00C2H         PUBLIC        ISP_DATA
  D:00D0H         PUBLIC        PSW
  -------         PROC          DISABLEEEPROM
  C:4CC3H         LINE#         30
  C:4CC3H         LINE#         31
  C:4CC3H         LINE#         32
  C:4CC6H         LINE#         33
  C:4CC8H         LINE#         34
  C:4CCAH         LINE#         35
  C:4CCDH         LINE#         36
  C:4CD0H         LINE#         37
  -------         ENDPROC       DISABLEEEPROM
  -------         PROC          _EEPROM_READ_N
  D:0004H         SYMBOL        EE_address
  D:0001H         SYMBOL        DataAddress
  X:0533H         SYMBOL        number
  C:42D7H         LINE#         49
  C:42DBH         LINE#         50
  C:42DBH         LINE#         51
  C:42DDH         LINE#         52
  C:42E0H         LINE#         53
  C:42E3H         LINE#         55
  C:42E3H         LINE#         56
  C:42E6H         LINE#         57
BL51 BANKED LINKER/LOCATER V6.00                                                      07/20/2017  17:01:24  PAGE 83


  C:42EAH         LINE#         58
  C:42F0H         LINE#         61
  C:42F1H         LINE#         62
  C:42F6H         LINE#         63
  C:42FBH         LINE#         64
  C:4302H         LINE#         65
  C:4310H         LINE#         67
  C:4313H         LINE#         68
  C:4315H         LINE#         69
  -------         ENDPROC       _EEPROM_READ_N
  -------         PROC          _EEPROM_SECTORERASE
  D:0004H         SYMBOL        EE_address
  C:47B9H         LINE#         80
  C:47BDH         LINE#         81
  C:47BDH         LINE#         82
  C:47BFH         LINE#         85
  C:47C2H         LINE#         86
  C:47C6H         LINE#         87
  C:47C9H         LINE#         88
  C:47CCH         LINE#         89
  C:47D2H         LINE#         90
  C:47D3H         LINE#         91
  C:47D6H         LINE#         92
  C:47D8H         LINE#         93
  -------         ENDPROC       _EEPROM_SECTORERASE
  -------         PROC          _EEPROM_WRITE_N
  D:0004H         SYMBOL        EE_address
  D:0001H         SYMBOL        DataAddress
  X:053AH         SYMBOL        number
  C:4316H         LINE#         104
  C:431AH         LINE#         105
  C:431AH         LINE#         106
  C:431CH         LINE#         108
  C:431FH         LINE#         109
  C:4322H         LINE#         111
  C:4322H         LINE#         112
  C:4325H         LINE#         113
  C:4329H         LINE#         114
  C:432EH         LINE#         115
  C:4334H         LINE#         116
  C:4335H         LINE#         117
  C:433AH         LINE#         118
  C:4341H         LINE#         119
  C:434FH         LINE#         121
  C:4352H         LINE#         122
  C:4354H         LINE#         123
  -------         ENDPROC       _EEPROM_WRITE_N
  -------         ENDMOD        STC15_EEPROM

  -------         MODULE        ?C?FPADD
  C:0807H         PUBLIC        ?C?FPADD
  C:0803H         PUBLIC        ?C?FPSUB
  -------         ENDMOD        ?C?FPADD

  -------         MODULE        ?C?FPMUL
  C:08F8H         PUBLIC        ?C?FPMUL
  -------         ENDMOD        ?C?FPMUL
BL51 BANKED LINKER/LOCATER V6.00                                                      07/20/2017  17:01:24  PAGE 84



  -------         MODULE        ?C?FPDIV
  C:0A01H         PUBLIC        ?C?FPDIV
  -------         ENDMOD        ?C?FPDIV

  -------         MODULE        ?C?FPCMP
  C:0AA0H         PUBLIC        ?C?FPCMP
  C:0A9EH         PUBLIC        ?C?FPCMP3
  -------         ENDMOD        ?C?FPCMP

  -------         MODULE        ?C?FCAST
  C:0B15H         PUBLIC        ?C?FCASTC
  C:0B10H         PUBLIC        ?C?FCASTI
  C:0B0BH         PUBLIC        ?C?FCASTL
  -------         ENDMOD        ?C?FCAST

  -------         MODULE        ?C?CASTF
  C:0B49H         PUBLIC        ?C?CASTF
  -------         ENDMOD        ?C?CASTF

  -------         MODULE        SQRT
  C:33DBH         PUBLIC        _SQRT
  -------         ENDMOD        SQRT

  -------         MODULE        POW
  X:0504H         PUBLIC        ?_pow?BYTE
  C:2742H         PUBLIC        _pow
  -------         ENDMOD        POW

  -------         MODULE        ?C?CHKFLOAT
  C:0BCAH         PUBLIC        ?C?CHKFLOAT
  -------         ENDMOD        ?C?CHKFLOAT

  -------         MODULE        ?C?FPNEG
  C:0BE4H         PUBLIC        ?C?FPNEG
  -------         ENDMOD        ?C?FPNEG

  -------         MODULE        EXP
  C:39CDH         PUBLIC        _EXP
  -------         ENDMOD        EXP

  -------         MODULE        LOG
  C:2DB4H         PUBLIC        _LOG
  C:2DB0H         PUBLIC        _LOG10
  -------         ENDMOD        LOG

  -------         MODULE        ?C?CLDPTR
  C:0C42H         PUBLIC        ?C?CLDPTR
  -------         ENDMOD        ?C?CLDPTR

  -------         MODULE        ?C?CLDOPTR
  C:0C5BH         PUBLIC        ?C?CLDOPTR
  -------         ENDMOD        ?C?CLDOPTR

  -------         MODULE        ?C?CSTPTR
  C:0C88H         PUBLIC        ?C?CSTPTR
  -------         ENDMOD        ?C?CSTPTR
BL51 BANKED LINKER/LOCATER V6.00                                                      07/20/2017  17:01:24  PAGE 85



  -------         MODULE        ?C?CSTOPTR
  C:0C9AH         PUBLIC        ?C?CSTOPTR
  -------         ENDMOD        ?C?CSTOPTR

  -------         MODULE        ?C?IMUL
  C:0CBCH         PUBLIC        ?C?IMUL
  -------         ENDMOD        ?C?IMUL

  -------         MODULE        ?C?UIDIV
  C:0CCEH         PUBLIC        ?C?UIDIV
  -------         ENDMOD        ?C?UIDIV

  -------         MODULE        ?C?IILDX
  C:0D23H         PUBLIC        ?C?IILDX
  -------         ENDMOD        ?C?IILDX

  -------         MODULE        ?C?ILDOPTR
  C:0D39H         PUBLIC        ?C?ILDOPTR
  -------         ENDMOD        ?C?ILDOPTR

  -------         MODULE        ?C?LMUL
  C:0D71H         PUBLIC        ?C?LMUL
  -------         ENDMOD        ?C?LMUL

  -------         MODULE        ?C?ULDIV
  C:0DFCH         PUBLIC        ?C?ULDIV
  -------         ENDMOD        ?C?ULDIV

  -------         MODULE        ?C?SLDIV
  C:4250H         PUBLIC        ?C?SLDIV
  -------         ENDMOD        ?C?SLDIV

  -------         MODULE        ?C?LNEG
  C:0E8EH         PUBLIC        ?C?LNEG
  -------         ENDMOD        ?C?LNEG

  -------         MODULE        ?C?ULCMP
  C:0E9CH         PUBLIC        ?C?ULCMP
  -------         ENDMOD        ?C?ULCMP

  -------         MODULE        ?C?ULSHR
  C:0EADH         PUBLIC        ?C?ULSHR
  -------         ENDMOD        ?C?ULSHR

  -------         MODULE        ?C?LLDXDATA
  C:0EC0H         PUBLIC        ?C?LLDXDATA
  -------         ENDMOD        ?C?LLDXDATA

  -------         MODULE        ?C?LLDCODE
  C:0ECCH         PUBLIC        ?C?LLDCODE
  -------         ENDMOD        ?C?LLDCODE

  -------         MODULE        ?C?LLDXDATA0
  C:0EDCH         PUBLIC        ?C?LLDXDATA0
  -------         ENDMOD        ?C?LLDXDATA0

BL51 BANKED LINKER/LOCATER V6.00                                                      07/20/2017  17:01:24  PAGE 86


  -------         MODULE        ?C?LLDCODE0
  C:0EE8H         PUBLIC        ?C?LLDCODE0
  -------         ENDMOD        ?C?LLDCODE0

  -------         MODULE        ?C?LLDOPTR0
  C:0EF8H         PUBLIC        ?C?LLDOPTR0
  -------         ENDMOD        ?C?LLDOPTR0

  -------         MODULE        ?C?LLDIXDATA
  C:0F31H         PUBLIC        ?C?LLDIXDATA
  C:0F28H         PUBLIC        ?C?LLDIXDATA1
  C:0F2AH         PUBLIC        ?C?LLDIXDATA8
  -------         ENDMOD        ?C?LLDIXDATA

  -------         MODULE        ?C?LSTXDATA
  C:0F5DH         PUBLIC        ?C?LSTXDATA
  -------         ENDMOD        ?C?LSTXDATA

  -------         MODULE        ?C?LSTKXDATA
  C:0F69H         PUBLIC        ?C?LSTKXDATA
  -------         ENDMOD        ?C?LSTKXDATA

  -------         MODULE        ?C?LLDIDATA0
  C:0F9AH         PUBLIC        ?C?LLDIDATA0
  -------         ENDMOD        ?C?LLDIDATA0

  -------         MODULE        ?C?LLDPDATA0
  C:0FA7H         PUBLIC        ?C?LLDPDATA0
  -------         ENDMOD        ?C?LLDPDATA0

*** WARNING L16: UNCALLED SEGMENT, IGNORED FOR OVERLAY PROCESS
    SEGMENT: ?PR?ISSYETEMRUNNING?TASK

*** WARNING L16: UNCALLED SEGMENT, IGNORED FOR OVERLAY PROCESS
    SEGMENT: ?PR?ISSYSTEMSTOP?TASK

*** WARNING L16: UNCALLED SEGMENT, IGNORED FOR OVERLAY PROCESS
    SEGMENT: ?PR?STARTSYSTEM?TASK

*** WARNING L16: UNCALLED SEGMENT, IGNORED FOR OVERLAY PROCESS
    SEGMENT: ?PR?STOPSYSTEM?TASK

*** WARNING L16: UNCALLED SEGMENT, IGNORED FOR OVERLAY PROCESS
    SEGMENT: ?PR?_SETTARGETCOORDINATE?TASK

*** WARNING L16: UNCALLED SEGMENT, IGNORED FOR OVERLAY PROCESS
    SEGMENT: ?PR?GETCURRENTCOORDINATE?TASK

*** WARNING L16: UNCALLED SEGMENT, IGNORED FOR OVERLAY PROCESS
    SEGMENT: ?PR?_GETWIRELENGTH?TASK

*** WARNING L16: UNCALLED SEGMENT, IGNORED FOR OVERLAY PROCESS
    SEGMENT: ?PR?SETSTEPMOTORANGLE?TASK

*** WARNING L16: UNCALLED SEGMENT, IGNORED FOR OVERLAY PROCESS
    SEGMENT: ?PR?MODE1?MODE

BL51 BANKED LINKER/LOCATER V6.00                                                      07/20/2017  17:01:24  PAGE 87


*** WARNING L16: UNCALLED SEGMENT, IGNORED FOR OVERLAY PROCESS
    SEGMENT: ?PR?MODE2?MODE

*** WARNING L16: UNCALLED SEGMENT, IGNORED FOR OVERLAY PROCESS
    SEGMENT: ?PR?MODE3?MODE

*** WARNING L16: UNCALLED SEGMENT, IGNORED FOR OVERLAY PROCESS
    SEGMENT: ?PR?MODE4?MODE

*** WARNING L16: UNCALLED SEGMENT, IGNORED FOR OVERLAY PROCESS
    SEGMENT: ?PR?MODELAUNCHER?MODE

*** WARNING L16: UNCALLED SEGMENT, IGNORED FOR OVERLAY PROCESS
    SEGMENT: ?PR?_PID_CONFIG?PID

*** WARNING L16: UNCALLED SEGMENT, IGNORED FOR OVERLAY PROCESS
    SEGMENT: ?PR?_OPENPID?PID

*** WARNING L16: UNCALLED SEGMENT, IGNORED FOR OVERLAY PROCESS
    SEGMENT: ?PR?_CLOSEPID?PID

*** WARNING L16: UNCALLED SEGMENT, IGNORED FOR OVERLAY PROCESS
    SEGMENT: ?PR?_PID?PID

*** WARNING L16: UNCALLED SEGMENT, IGNORED FOR OVERLAY PROCESS
    SEGMENT: ?PR?_SETPARAMETERINFERIORLIMIT?PID

*** WARNING L16: UNCALLED SEGMENT, IGNORED FOR OVERLAY PROCESS
    SEGMENT: ?PR?_SETPARAMETERUPPERLIMIT?PID

*** WARNING L16: UNCALLED SEGMENT, IGNORED FOR OVERLAY PROCESS
    SEGMENT: ?PR?_SETACTUALPARAMETER?PID

*** WARNING L16: UNCALLED SEGMENT, IGNORED FOR OVERLAY PROCESS
    SEGMENT: ?PR?_SETKI?PID

*** WARNING L16: UNCALLED SEGMENT, IGNORED FOR OVERLAY PROCESS
    SEGMENT: ?PR?_SETKP?PID

*** WARNING L16: UNCALLED SEGMENT, IGNORED FOR OVERLAY PROCESS
    SEGMENT: ?PR?_SETKD?PID

*** WARNING L16: UNCALLED SEGMENT, IGNORED FOR OVERLAY PROCESS
    SEGMENT: ?PR?_SETPARAMETER?PID

*** WARNING L16: UNCALLED SEGMENT, IGNORED FOR OVERLAY PROCESS
    SEGMENT: ?PR?_GETPARAMETER?PID

*** WARNING L16: UNCALLED SEGMENT, IGNORED FOR OVERLAY PROCESS
    SEGMENT: ?PR?_GETERR?PID

*** WARNING L16: UNCALLED SEGMENT, IGNORED FOR OVERLAY PROCESS
    SEGMENT: ?PR?_GETERRLAST?PID

*** WARNING L16: UNCALLED SEGMENT, IGNORED FOR OVERLAY PROCESS
    SEGMENT: ?PR?_GETKP?PID

BL51 BANKED LINKER/LOCATER V6.00                                                      07/20/2017  17:01:24  PAGE 88


*** WARNING L16: UNCALLED SEGMENT, IGNORED FOR OVERLAY PROCESS
    SEGMENT: ?PR?_GETKI?PID

*** WARNING L16: UNCALLED SEGMENT, IGNORED FOR OVERLAY PROCESS
    SEGMENT: ?PR?_GETKD?PID

*** WARNING L16: UNCALLED SEGMENT, IGNORED FOR OVERLAY PROCESS
    SEGMENT: ?PR?_GETOUTPUT?PID

*** WARNING L16: UNCALLED SEGMENT, IGNORED FOR OVERLAY PROCESS
    SEGMENT: ?PR?_GETINTEGRAL?PID

*** WARNING L16: UNCALLED SEGMENT, IGNORED FOR OVERLAY PROCESS
    SEGMENT: ?PR?_SENDSCOPEDATA?DATASCOPE_DP

*** WARNING L16: UNCALLED SEGMENT, IGNORED FOR OVERLAY PROCESS
    SEGMENT: ?PR?_WRITEDATA?STORAGE

*** WARNING L16: UNCALLED SEGMENT, IGNORED FOR OVERLAY PROCESS
    SEGMENT: ?PR?BUTTON_CONFIG?BUTTON

*** WARNING L16: UNCALLED SEGMENT, IGNORED FOR OVERLAY PROCESS
    SEGMENT: ?PR?_GETBUTTONSTATE?BUTTON

*** WARNING L16: UNCALLED SEGMENT, IGNORED FOR OVERLAY PROCESS
    SEGMENT: ?PR?BUTTONSCAN?BUTTON

*** WARNING L16: UNCALLED SEGMENT, IGNORED FOR OVERLAY PROCESS
    SEGMENT: ?PR?GETBOARD_LED_STATE?LED

*** WARNING L16: UNCALLED SEGMENT, IGNORED FOR OVERLAY PROCESS
    SEGMENT: ?PR?_BOARD_LED_PWM?LED

*** WARNING L16: UNCALLED SEGMENT, IGNORED FOR OVERLAY PROCESS
    SEGMENT: ?PR?_SETDC_MOTORSPEED?MOTOR

*** WARNING L16: UNCALLED SEGMENT, IGNORED FOR OVERLAY PROCESS
    SEGMENT: ?PR?_OPEN_DC_MOTOR?MOTOR

*** WARNING L16: UNCALLED SEGMENT, IGNORED FOR OVERLAY PROCESS
    SEGMENT: ?PR?_CLOSE_DC_MOTOR?MOTOR

*** WARNING L16: UNCALLED SEGMENT, IGNORED FOR OVERLAY PROCESS
    SEGMENT: ?PR?_GETDC_MOTORSTATE?MOTOR

*** WARNING L16: UNCALLED SEGMENT, IGNORED FOR OVERLAY PROCESS
    SEGMENT: ?PR?DC_MOTOR_CONFIG?MOTOR

*** WARNING L16: UNCALLED SEGMENT, IGNORED FOR OVERLAY PROCESS
    SEGMENT: ?PR?_INIT_STR_MOTOR?SERVO

*** WARNING L16: UNCALLED SEGMENT, IGNORED FOR OVERLAY PROCESS
    SEGMENT: ?PR?_SET_STR_ANGLE?SERVO

*** WARNING L16: UNCALLED SEGMENT, IGNORED FOR OVERLAY PROCESS
    SEGMENT: ?PR?_READ_STR_ANGLE?SERVO

BL51 BANKED LINKER/LOCATER V6.00                                                      07/20/2017  17:01:24  PAGE 89


*** WARNING L16: UNCALLED SEGMENT, IGNORED FOR OVERLAY PROCESS
    SEGMENT: ?PR?_OPEN_STR?SERVO

*** WARNING L16: UNCALLED SEGMENT, IGNORED FOR OVERLAY PROCESS
    SEGMENT: ?PR?_CLOSE_STR?SERVO

*** WARNING L16: UNCALLED SEGMENT, IGNORED FOR OVERLAY PROCESS
    SEGMENT: ?PR?_SETSTEPMOTORWITHROUND?STEP_MOTOR

*** WARNING L16: UNCALLED SEGMENT, IGNORED FOR OVERLAY PROCESS
    SEGMENT: ?PR?_GETSTEPMOTORSTATE?STEP_MOTOR

*** WARNING L16: UNCALLED SEGMENT, IGNORED FOR OVERLAY PROCESS
    SEGMENT: ?PR?_SETSTEPMOTORDIVERSION?STEP_MOTOR

*** WARNING L16: UNCALLED SEGMENT, IGNORED FOR OVERLAY PROCESS
    SEGMENT: ?PR?_CLOSE_STEPMOTOR?STEP_MOTOR

*** WARNING L16: UNCALLED SEGMENT, IGNORED FOR OVERLAY PROCESS
    SEGMENT: ?PR?_OPEN_STEPMOTOR?STEP_MOTOR

*** WARNING L16: UNCALLED SEGMENT, IGNORED FOR OVERLAY PROCESS
    SEGMENT: ?PR?_FREESTEPMOTOR?STEP_MOTOR

*** WARNING L16: UNCALLED SEGMENT, IGNORED FOR OVERLAY PROCESS
    SEGMENT: ?PR?_LOCKSTEPMOTOR?STEP_MOTOR

*** WARNING L16: UNCALLED SEGMENT, IGNORED FOR OVERLAY PROCESS
    SEGMENT: ?PR?_SETRELAY?RELAY

*** WARNING L16: UNCALLED SEGMENT, IGNORED FOR OVERLAY PROCESS
    SEGMENT: ?PR?_UNSETRELAY?RELAY

*** WARNING L16: UNCALLED SEGMENT, IGNORED FOR OVERLAY PROCESS
    SEGMENT: ?PR?RELAY_INIT?RELAY

*** WARNING L16: UNCALLED SEGMENT, IGNORED FOR OVERLAY PROCESS
    SEGMENT: ?PR?_ADC_CONFIG?ANGLE

*** WARNING L16: UNCALLED SEGMENT, IGNORED FOR OVERLAY PROCESS
    SEGMENT: ?PR?GETANGLE?ANGLE

*** WARNING L16: UNCALLED SEGMENT, IGNORED FOR OVERLAY PROCESS
    SEGMENT: ?PR?_LCD1602_WRITE_WORD?LCD1602

*** WARNING L16: UNCALLED SEGMENT, IGNORED FOR OVERLAY PROCESS
    SEGMENT: ?PR?LCD1602_INIT?LCD1602

*** WARNING L16: UNCALLED SEGMENT, IGNORED FOR OVERLAY PROCESS
    SEGMENT: ?PR?_HC595_INIT?74HC595

*** WARNING L16: UNCALLED SEGMENT, IGNORED FOR OVERLAY PROCESS
    SEGMENT: ?PR?_HC595SENDDATA?74HC595

*** WARNING L16: UNCALLED SEGMENT, IGNORED FOR OVERLAY PROCESS
    SEGMENT: ?PR?_LCD_CLR_ROW?LCD5510_V2

BL51 BANKED LINKER/LOCATER V6.00                                                      07/20/2017  17:01:24  PAGE 90


*** WARNING L16: UNCALLED SEGMENT, IGNORED FOR OVERLAY PROCESS
    SEGMENT: ?PR?_LCD_PRINTS?LCD5510_V2

*** WARNING L16: UNCALLED SEGMENT, IGNORED FOR OVERLAY PROCESS
    SEGMENT: ?PR?_LCD_PRINTSL?LCD5510_V2

*** WARNING L16: UNCALLED SEGMENT, IGNORED FOR OVERLAY PROCESS
    SEGMENT: ?PR?LCD5510_INIT?LCD5510_V2

*** WARNING L16: UNCALLED SEGMENT, IGNORED FOR OVERLAY PROCESS
    SEGMENT: ?PR?_GETPULSERSTATE?FIXEDPULSER

*** WARNING L16: UNCALLED SEGMENT, IGNORED FOR OVERLAY PROCESS
    SEGMENT: ?PR?_ADC_POWERCONTROL?ADC

*** WARNING L16: UNCALLED SEGMENT, IGNORED FOR OVERLAY PROCESS
    SEGMENT: ?PR?_SETPINSTATE?GPIO

*** WARNING L16: UNCALLED SEGMENT, IGNORED FOR OVERLAY PROCESS
    SEGMENT: ?PR?_PWMN_UPDATE?PCA

*** WARNING L16: UNCALLED SEGMENT, IGNORED FOR OVERLAY PROCESS
    SEGMENT: ?PR?_PCA_INIT?PCA

*** WARNING L16: UNCALLED SEGMENT, IGNORED FOR OVERLAY PROCESS
    SEGMENT: ?PR?_PWMOUTPUT?PCA

*** WARNING L16: UNCALLED SEGMENT, IGNORED FOR OVERLAY PROCESS
    SEGMENT: ?PR?_GET_PWM_PERIOD?STC15_PWM

*** WARNING L16: UNCALLED SEGMENT, IGNORED FOR OVERLAY PROCESS
    SEGMENT: ?PR?_GET_PWM_N_DUTY?STC15_PWM

*** WARNING L16: UNCALLED SEGMENT, IGNORED FOR OVERLAY PROCESS
    SEGMENT: ?PR?_GETPWM_DIV?STC15_PWM

*** WARNING L16: UNCALLED SEGMENT, IGNORED FOR OVERLAY PROCESS
    SEGMENT: ?PR?OPEN_PWM_ALL?STC15_PWM

*** WARNING L16: UNCALLED SEGMENT, IGNORED FOR OVERLAY PROCESS
    SEGMENT: ?PR?CLOSE_PWM_ALL?STC15_PWM

*** WARNING L16: UNCALLED SEGMENT, IGNORED FOR OVERLAY PROCESS
    SEGMENT: ?PR?_GET_PWM_N_STATE?STC15_PWM

*** WARNING L16: UNCALLED SEGMENT, IGNORED FOR OVERLAY PROCESS
    SEGMENT: ?PR?_SETTIMEOUT?TIMER

*** WARNING L16: UNCALLED SEGMENT, IGNORED FOR OVERLAY PROCESS
    SEGMENT: ?PR?_GETTIMEROUT?TIMER

*** WARNING L16: UNCALLED SEGMENT, IGNORED FOR OVERLAY PROCESS
    SEGMENT: ?PR?_SETTIMERHERTZ?TIMER

*** WARNING L16: UNCALLED SEGMENT, IGNORED FOR OVERLAY PROCESS
    SEGMENT: ?PR?_GETTIMERHERTZ?TIMER

BL51 BANKED LINKER/LOCATER V6.00                                                      07/20/2017  17:01:24  PAGE 91


*** WARNING L16: UNCALLED SEGMENT, IGNORED FOR OVERLAY PROCESS
    SEGMENT: ?PR?_STOPTIMER?TIMER

*** WARNING L16: UNCALLED SEGMENT, IGNORED FOR OVERLAY PROCESS
    SEGMENT: ?PR?_ISSTOPPED?TIMER

*** WARNING L16: UNCALLED SEGMENT, IGNORED FOR OVERLAY PROCESS
    SEGMENT: ?PR?_ONRESTARTTIMER?TIMER

*** WARNING L16: UNCALLED SEGMENT, IGNORED FOR OVERLAY PROCESS
    SEGMENT: ?PR?GETMICROS?TIMER

*** WARNING L16: UNCALLED SEGMENT, IGNORED FOR OVERLAY PROCESS
    SEGMENT: ?PR?GETMILLIS?TIMER

*** WARNING L16: UNCALLED SEGMENT, IGNORED FOR OVERLAY PROCESS
    SEGMENT: ?PR?GETSECONDS?TIMER

*** WARNING L16: UNCALLED SEGMENT, IGNORED FOR OVERLAY PROCESS
    SEGMENT: ?PR?GETMINUTES?TIMER

*** WARNING L16: UNCALLED SEGMENT, IGNORED FOR OVERLAY PROCESS
    SEGMENT: ?PR?GETHOURS?TIMER

*** WARNING L16: UNCALLED SEGMENT, IGNORED FOR OVERLAY PROCESS
    SEGMENT: ?PR?GETDAYS?TIMER

*** WARNING L16: UNCALLED SEGMENT, IGNORED FOR OVERLAY PROCESS
    SEGMENT: ?PR?_PRINTSTRING2?USART1

*** WARNING L16: UNCALLED SEGMENT, IGNORED FOR OVERLAY PROCESS
    SEGMENT: ?PR?_PRINTSTRING3?USART1

*** WARNING L16: UNCALLED SEGMENT, IGNORED FOR OVERLAY PROCESS
    SEGMENT: ?PR?_PRINTSTRING4?USART1

*** WARNING L16: UNCALLED SEGMENT, IGNORED FOR OVERLAY PROCESS
    SEGMENT: ?PR?_EEPROM_READ_N?STC15_EEPROM

*** WARNING L16: UNCALLED SEGMENT, IGNORED FOR OVERLAY PROCESS
    SEGMENT: ?PR?_EEPROM_SECTORERASE?STC15_EEPROM

*** WARNING L16: UNCALLED SEGMENT, IGNORED FOR OVERLAY PROCESS
    SEGMENT: ?PR?_EEPROM_WRITE_N?STC15_EEPROM

******************************************************************************
* RESTRICTED VERSION WITH FFFFH BYTE CODE SIZE LIMIT; USED: 3950H BYTE (22%) *
******************************************************************************

Program Size: data=19.4 xdata=1472 code=17839
LINK/LOCATE RUN COMPLETE.  100 WARNING(S),  0 ERROR(S)
