BL51 BANKED LINKER/LOCATER V6.00                                                        07/20/2017  10:03:44  PAGE 1


BL51 BANKED LINKER/LOCATER V6.00, INVOKED BY:
C:\KEIL_V5\C51\BIN\BL51.EXE .\absTask.obj, .\task.obj, .\setup.obj, .\mode.obj, .\Conf_tny.obj, .\PID.obj, .\FILTER.obj,
>>  .\DataScope_DP.obj, .\storage.obj, .\BUTTON.obj, .\LED.obj, .\MOTOR.obj, .\SERVO.obj, .\STEP_MOTOR.obj, .\RELAY.obj,
>>  .\ANGLE.obj, .\LCD1602.obj, .\74HC595.obj, .\LCD5510_V2.obj, .\fixedPulser.obj, .\ADC.obj, .\delay.obj, .\GPIO.obj, 
>> .\PCA.obj, .\stc15_pwm.obj, .\timer.obj, .\USART1.obj, .\stc15_eeprom.obj TO 悬挂运动控制系统 RTX51TINY RAMSIZE (256)
>> 


MEMORY MODEL: LARGE WITH FLOATING POINT ARITHMETIC


INPUT MODULES INCLUDED:
  .\absTask.obj (ABSTASK)
  .\task.obj (TASK)
  .\setup.obj (SETUP)
  .\mode.obj (MODE)
  .\Conf_tny.obj (?RTX51_TINY_KERNAL)
  .\PID.obj (PID)
  .\FILTER.obj (FILTER)
  .\DataScope_DP.obj (DATASCOPE_DP)
  .\storage.obj (STORAGE)
  .\BUTTON.obj (BUTTON)
  .\LED.obj (LED)
  .\MOTOR.obj (MOTOR)
  .\SERVO.obj (SERVO)
  .\STEP_MOTOR.obj (STEP_MOTOR)
  .\RELAY.obj (RELAY)
  .\ANGLE.obj (ANGLE)
  .\LCD1602.obj (LCD1602)
  .\74HC595.obj (74HC595)
  .\LCD5510_V2.obj (LCD5510_V2)
  .\fixedPulser.obj (FIXEDPULSER)
  .\ADC.obj (ADC)
  .\delay.obj (DELAY)
  .\GPIO.obj (GPIO)
  .\PCA.obj (PCA)
  .\stc15_pwm.obj (STC15_PWM)
  .\timer.obj (TIMER)
  .\USART1.obj (USART1)
  .\stc15_eeprom.obj (STC15_EEPROM)
  C:\KEIL_V5\C51\LIB\C51FPL.LIB (?C?FPADD)
  C:\KEIL_V5\C51\LIB\C51FPL.LIB (?C?FPMUL)
  C:\KEIL_V5\C51\LIB\C51FPL.LIB (?C?FPDIV)
  C:\KEIL_V5\C51\LIB\C51FPL.LIB (?C?FPCMP)
  C:\KEIL_V5\C51\LIB\C51FPL.LIB (?C?FCAST)
  C:\KEIL_V5\C51\LIB\C51FPL.LIB (?C?CASTF)
  C:\KEIL_V5\C51\LIB\C51FPL.LIB (?C?FPGETOPN)
  C:\KEIL_V5\C51\LIB\C51L.LIB (?C_STARTUP)
  C:\KEIL_V5\C51\LIB\C51L.LIB (?C?CLDPTR)
  C:\KEIL_V5\C51\LIB\C51L.LIB (?C?CLDOPTR)
  C:\KEIL_V5\C51\LIB\C51L.LIB (?C?CSTPTR)
  C:\KEIL_V5\C51\LIB\C51L.LIB (?C?CSTOPTR)
  C:\KEIL_V5\C51\LIB\C51L.LIB (?C?IMUL)
  C:\KEIL_V5\C51\LIB\C51L.LIB (?C?UIDIV)
  C:\KEIL_V5\C51\LIB\C51L.LIB (?C?IILDX)
  C:\KEIL_V5\C51\LIB\C51L.LIB (?C?ILDOPTR)
  C:\KEIL_V5\C51\LIB\C51L.LIB (?C?LMUL)
  C:\KEIL_V5\C51\LIB\C51L.LIB (?C?ULDIV)
BL51 BANKED LINKER/LOCATER V6.00                                                      07/20/2017  10:03:44  PAGE 2


  C:\KEIL_V5\C51\LIB\C51L.LIB (?C?SLDIV)
  C:\KEIL_V5\C51\LIB\C51L.LIB (?C?LNEG)
  C:\KEIL_V5\C51\LIB\C51L.LIB (?C?ULCMP)
  C:\KEIL_V5\C51\LIB\C51L.LIB (?C?ULSHR)
  C:\KEIL_V5\C51\LIB\C51L.LIB (?C?LLDOPTR0)
  C:\KEIL_V5\C51\LIB\C51L.LIB (?C?LLDIXDATA)
  C:\KEIL_V5\C51\LIB\C51L.LIB (?C?LSTXDATA)
  C:\KEIL_V5\C51\LIB\C51L.LIB (?C?LSTKXDATA)
  C:\KEIL_V5\C51\LIB\C51L.LIB (?C_INIT)
  C:\KEIL_V5\C51\LIB\C51L.LIB (?C?LLDIDATA0)
  C:\KEIL_V5\C51\LIB\C51L.LIB (?C?LLDXDATA0)
  C:\KEIL_V5\C51\LIB\C51L.LIB (?C?LLDPDATA0)
  C:\KEIL_V5\C51\LIB\C51L.LIB (?C?LLDCODE0)


TASK TABLE OF MODULE:  悬挂运动控制系统 (ABSTASK)

TASKID   PRIORITY   REG-BANK   SEGMENT NAME
-------------------------------------------
0        0          0          ?PR?TASKSTART?ABSTASK



LINK MAP OF MODULE:  悬挂运动控制系统 (ABSTASK)


            TYPE    BASE      LENGTH    RELOCATION   SEGMENT NAME
            -----------------------------------------------------

            * * * * * * *   D A T A   M E M O R Y   * * * * * * *
            REG     0000H     0008H     ABSOLUTE     "REG BANK 0"
            DATA    0008H     0006H     ABSOLUTE     
            IDATA   000EH     0002H     UNIT         ?RTX?TASKSTATE?S
            IDATA   0010H     0001H     UNIT         ?RTX?TASKSP?S
                    0011H     000FH                  *** GAP ***
            BIT     0020H.0   0000H.4   UNIT         ?BI?BUTTON
            BIT     0020H.4   0000H.3   UNIT         ?BI?PCA
            BIT     0020H.7   0000H.1   UNIT         ?RTX?BITS
            BIT     0021H.0   0000H.1   UNIT         ?BI?LED
            BIT     0021H.1   0000H.1   UNIT         ?BI?GETANGLE?ANGLE
            BIT     0021H.2   0000H.1   UNIT         ?BI?_SETPINSTATE?GPIO
                    0021H.3   0000H.5                *** GAP ***
            IDATA   0022H     0001H     UNIT         ?STACK

            * * * * * * *  X D A T A   M E M O R Y  * * * * * * *
            XDATA   0000H     028CH     UNIT         ?XD?USART1
            XDATA   028CH     0072H     UNIT         ?XD?PID
            XDATA   02FEH     004AH     UNIT         ?XD?SERVO
            XDATA   0348H     003CH     UNIT         ?XD?STC15_PWM
            XDATA   0384H     002AH     UNIT         ?XD?DATASCOPE_DP
            XDATA   03AEH     0021H     UNIT         ?XD?_INIT_STR_MOTOR?SERVO
            XDATA   03CFH     001FH     UNIT         ?XD?FIXEDPULSER
            XDATA   03EEH     001CH     UNIT         ?XD?STEP_MOTOR
            XDATA   040AH     0016H     UNIT         ?XD?TIMER
            XDATA   0420H     0016H     UNIT         _XDATA_GROUP_
            XDATA   0436H     0015H     UNIT         ?XD?GETANGLE?ANGLE
            XDATA   044BH     0015H     UNIT         ?XD?PCA
BL51 BANKED LINKER/LOCATER V6.00                                                      07/20/2017  10:03:44  PAGE 3


            XDATA   0460H     0012H     UNIT         ?XD?DC_MOTOR_CONFIG?MOTOR
            XDATA   0472H     0012H     UNIT         ?XD?PULSERINIT?FIXEDPULSER
            XDATA   0484H     0010H     UNIT         ?XD?_FILTER?FILTER
            XDATA   0494H     000DH     UNIT         ?XD?_PID_CONFIG?PID
            XDATA   04A1H     000AH     UNIT         ?XD?_FLOAT2BYTE?DATASCOPE_DP
            XDATA   04ABH     0009H     UNIT         ?XD?_SET_STR_ANGLE?SERVO
            XDATA   04B4H     0008H     UNIT         ?XD?_STEPMOTOR_INIT?STEP_MOTOR
            XDATA   04BCH     0008H     UNIT         ?XD?ANGLE
            XDATA   04C4H     0007H     UNIT         ?XD?_SETPULSE?FIXEDPULSER
            XDATA   04CBH     0007H     UNIT         ?XD?_EEPROM_READ_N?STC15_EEPROM
            XDATA   04D2H     0007H     UNIT         ?XD?_EEPROM_WRITE_N?STC15_EEPROM
            XDATA   04D9H     0006H     UNIT         ?XD?_SENDSCOPEDATA?DATASCOPE_DP
            XDATA   04DFH     0006H     UNIT         ?XD?_SETSTEPMOTORWITHANGLE?STEP_MOTOR
            XDATA   04E5H     0005H     UNIT         ?XD?_SETPARAMETERINFERIORLIMIT?PID
            XDATA   04EAH     0005H     UNIT         ?XD?_SETPARAMETERUPPERLIMIT?PID
            XDATA   04EFH     0005H     UNIT         ?XD?_SETACTUALPARAMETER?PID
            XDATA   04F4H     0005H     UNIT         ?XD?_SETKI?PID
            XDATA   04F9H     0005H     UNIT         ?XD?_SETKP?PID
            XDATA   04FEH     0005H     UNIT         ?XD?_SETKD?PID
            XDATA   0503H     0005H     UNIT         ?XD?_SETPARAMETER?PID
            XDATA   0508H     0005H     UNIT         ?XD?_DATASCOPE_GET_CHANNEL_DATA?DATASCOPE_DP
            XDATA   050DH     0005H     UNIT         ?XD?_WRITEDATA?STORAGE
            XDATA   0512H     0005H     UNIT         ?XD?_SETDC_MOTORSPEED?MOTOR
            XDATA   0517H     0005H     UNIT         ?XD?_LCD_PRINTS?LCD5510_V2
            XDATA   051CH     0005H     UNIT         ?XD?_LCD_PRINTSL?LCD5510_V2
            XDATA   0521H     0005H     UNIT         ?XD?_SET_PWM_DUTY?STC15_PWM
            XDATA   0526H     0004H     UNIT         ?XD?MOTOR
            XDATA   052AH     0004H     UNIT         ?XD?_HC595_INIT?74HC595
            XDATA   052EH     0003H     UNIT         ?XD?RELAY
            XDATA   0531H     0003H     UNIT         ?XD?_LCD1602_WRITE_WORD?LCD1602
            XDATA   0534H     0003H     UNIT         ?XD?_PCA_INIT?PCA
            XDATA   0537H     0003H     UNIT         ?XD?_PWMOUTPUT?PCA
            XDATA   053AH     0002H     UNIT         ?XD?SETUP
            XDATA   053CH     0002H     UNIT         ?XD?LCD5510_INIT?LCD5510_V2
            XDATA   053EH     0002H     UNIT         ?XD?_PWM_INILIZE?STC15_PWM
            XDATA   0540H     0002H     UNIT         ?XD?_SET_PWM_PERIOD?STC15_PWM
            XDATA   0542H     0001H     UNIT         ?XD?_PID?PID
            XDATA   0543H     0001H     UNIT         ?XD?_BOARD_LED_PWM?LED
            XDATA   0544H     0001H     UNIT         ?XD?_OPEN_DC_MOTOR?MOTOR
            XDATA   0545H     0001H     UNIT         ?XD?_CLOSE_DC_MOTOR?MOTOR
            XDATA   0546H     0001H     UNIT         ?XD?_OPEN_STR?SERVO
            XDATA   0547H     0001H     UNIT         ?XD?_CLOSE_STR?SERVO
            XDATA   0548H     0001H     UNIT         ?XD?_SETSTEPMOTORWITHROUND?STEP_MOTOR
            XDATA   0549H     0001H     UNIT         ?XD?_SETSTEPMOTORDIVERSION?STEP_MOTOR
            XDATA   054AH     0001H     UNIT         ?XD?_CLOSE_STEPMOTOR?STEP_MOTOR
            XDATA   054BH     0001H     UNIT         ?XD?_OPEN_STEPMOTOR?STEP_MOTOR
            XDATA   054CH     0001H     UNIT         ?XD?_FREESTEPMOTOR?STEP_MOTOR
            XDATA   054DH     0001H     UNIT         ?XD?_LOCKSTEPMOTOR?STEP_MOTOR
            XDATA   054EH     0001H     UNIT         ?XD?_LCD1602_WRITE_CHAR?LCD1602
            XDATA   054FH     0001H     UNIT         ?XD?_LCD1602_WRITE_COM?LCD1602
            XDATA   0550H     0001H     UNIT         ?XD?_HC595SENDDATA?74HC595
            XDATA   0551H     0001H     UNIT         ?XD?_OPENPULSER?FIXEDPULSER
            XDATA   0552H     0001H     UNIT         ?XD?_CLOSEPULSER?FIXEDPULSER

            * * * * * * *   C O D E   M E M O R Y   * * * * * * *
            CODE    0000H     0003H     ABSOLUTE     
                    0003H     0008H                  *** GAP ***
BL51 BANKED LINKER/LOCATER V6.00                                                      07/20/2017  10:03:44  PAGE 4


            CODE    000BH     0003H     ABSOLUTE     
                    000EH     000DH                  *** GAP ***
            CODE    001BH     0003H     ABSOLUTE     
                    001EH     0005H                  *** GAP ***
            CODE    0023H     0003H     ABSOLUTE     
                    0026H     0005H                  *** GAP ***
            CODE    002BH     0003H     ABSOLUTE     
                    002EH     000DH                  *** GAP ***
            CODE    003BH     0003H     ABSOLUTE     
                    003EH     0005H                  *** GAP ***
            CODE    0043H     0003H     ABSOLUTE     
                    0046H     0045H                  *** GAP ***
            CODE    008BH     0003H     ABSOLUTE     
                    008EH     0005H                  *** GAP ***
            CODE    0093H     0003H     ABSOLUTE     
                    0096H     0005H                  *** GAP ***
            CODE    009BH     0003H     ABSOLUTE     
                    009EH     0005H                  *** GAP ***
            CODE    00A3H     0003H     ABSOLUTE     
                    00A6H     000DH                  *** GAP ***
            CODE    00B3H     0003H     ABSOLUTE     
                    00B6H     074AH                  *** GAP ***
            CODE    0800H     0720H     UNIT         ?C?LIB_CODE
            CODE    0F20H     06E0H     UNIT         ?PR?_USART_CONFIGURATION?USART1
            CODE    1600H     039AH     UNIT         ?PR?_PWM_INILIZE?STC15_PWM
            CODE    199AH     025EH     UNIT         ?CO?LCD5510_V2
            CODE    1BF8H     0233H     UNIT         ?PR?_TIMER_INILIZE?TIMER
            CODE    1E2BH     01DAH     UNIT         ?PR?_PID?PID
            CODE    2005H     01D4H     UNIT         ?PR?_INIT_STR_MOTOR?SERVO
            CODE    21D9H     01C4H     UNIT         ?PR?_GPIO_INILIZE?GPIO
            CODE    239DH     019FH     UNIT         ?PR?_PCA_INIT?PCA
            CODE    253CH     0172H     UNIT         ?RTX?CODE
            CODE    26AEH     013DH     UNIT         ?PR?_PWMOUTPUT?PCA
            CODE    27EBH     0136H     UNIT         ?PR?_FILTER?FILTER
            CODE    2921H     0134H     UNIT         ?PR?_DATASCOPE_GET_CHANNEL_DATA?DATASCOPE_DP
            CODE    2A55H     0131H     UNIT         ?PR?_PID_CONFIG?PID
            CODE    2B86H     0116H     UNIT         ?PR?_SET_STR_ANGLE?SERVO
            CODE    2C9CH     010FH     UNIT         ?PR?_SET_PWM_DUTY?STC15_PWM
            CODE    2DABH     00BAH     UNIT         ?PR?PWM_ROUTINE?FIXEDPULSER
            CODE    2E65H     00B1H     UNIT         ?CO?TIMER
            CODE    2F16H     00AEH     UNIT         ?PR?_PWMN_UPDATE?PCA
            CODE    2FC4H     00AAH     UNIT         ?PR?_FLOAT2BYTE?DATASCOPE_DP
            CODE    306EH     00A9H     UNIT         ?PR?TIMERINIT?TIMER
            CODE    3117H     00A5H     UNIT         ?PR?_DATASCOPE_DATA_GENERATE?DATASCOPE_DP
            CODE    31BCH     00A3H     UNIT         ?PR?PCA_HANDLER?PCA
            CODE    325FH     00A2H     UNIT         ?C_INITSEG
            CODE    3301H     009EH     UNIT         ?PR?_SETSTEPMOTORWITHANGLE?STEP_MOTOR
            CODE    339FH     009AH     UNIT         ?PR?_PWM_SET_T12_PERIOD?STC15_PWM
            CODE    3439H     0092H     UNIT         ?PR?_SETDC_MOTORSPEED?MOTOR
            CODE    34CBH     008CH     UNIT         ?C_C51STARTUP
            CODE    3557H     008AH     UNIT         ?PR?TIMER4_INT?TIMER
            CODE    35E1H     0085H     UNIT         ?PR?UART2_INT?USART1
            CODE    3666H     0085H     UNIT         ?PR?UART3_INT?USART1
            CODE    36EBH     0085H     UNIT         ?PR?UART4_INT?USART1
            CODE    3770H     007FH     UNIT         ?PR?UART1_INT?USART1
            CODE    37EFH     007AH     UNIT         ?PR?GETANGLE?ANGLE
            CODE    3869H     006BH     UNIT         ?PR?DC_MOTOR_CONFIG?MOTOR
BL51 BANKED LINKER/LOCATER V6.00                                                      07/20/2017  10:03:44  PAGE 5


            CODE    38D4H     0069H     UNIT         ?PR?PULSERINIT?FIXEDPULSER
            CODE    393DH     0061H     UNIT         ?PR?_SET_PWM_PERIOD?STC15_PWM
            CODE    399EH     005EH     UNIT         ?PR?_GET_ADC10BITRESULT?ADC
            CODE    39FCH     0058H     UNIT         ?PR?_SETPULSE?FIXEDPULSER
            CODE    3A54H     0057H     UNIT         ?PR?BUTTONSCAN?BUTTON
            CODE    3AABH     0054H     UNIT         ?PR?_STEPMOTOR_INIT?STEP_MOTOR
            CODE    3AFFH     0053H     UNIT         ?PR?_ADC_INILIZE?ADC
            CODE    3B52H     004BH     UNIT         ?PR?_LCD_PRINTSL?LCD5510_V2
            CODE    3B9DH     0049H     UNIT         ?CO?SETUP
            CODE    3BE6H     0048H     UNIT         ?PR?TIMER3_INT?TIMER
            CODE    3C2EH     0047H     UNIT         ?PR?TIMER1_ISR?TIMER
            CODE    3C75H     0044H     UNIT         ?C?LDIV
            CODE    3CB9H     0043H     UNIT         ?PR?LCD5510_INIT?LCD5510_V2
            CODE    3CFCH     003FH     UNIT         ?PR?_EEPROM_READ_N?STC15_EEPROM
            CODE    3D3BH     003FH     UNIT         ?PR?_EEPROM_WRITE_N?STC15_EEPROM
            CODE    3D7AH     003DH     UNIT         ?PR?_LCD_PRINTC?LCD5510_V2
            CODE    3DB7H     003BH     UNIT         ?PR?_LCD_PRINTS?LCD5510_V2
            CODE    3DF2H     0039H     UNIT         ?PR?_SENDSCOPEDATA?DATASCOPE_DP
            CODE    3E2BH     002FH     UNIT         ?PR?_SETSTEPMOTORWITHROUND?STEP_MOTOR
            CODE    3E5AH     002FH     UNIT         ?PR?_LCD1602_WRITE_WORD?LCD1602
            CODE    3E89H     002CH     UNIT         ?PR?_UART1_INIT?SETUP
            CODE    3EB5H     0028H     UNIT         ?PR?BOARD_LED_INIT?LED
            CODE    3EDDH     0028H     UNIT         ?PR?_OPEN_PWM_N?STC15_PWM
            CODE    3F05H     0028H     UNIT         ?PR?_TX2_WRITE2BUFF?USART1
            CODE    3F2DH     0028H     UNIT         ?PR?_TX3_WRITE2BUFF?USART1
            CODE    3F55H     0028H     UNIT         ?PR?_TX4_WRITE2BUFF?USART1
            CODE    3F7DH     0027H     UNIT         ?PR?_TX1_WRITE2BUFF?USART1
            CODE    3FA4H     0025H     UNIT         ?PR?_CLOSE_PWM_N?STC15_PWM
            CODE    3FC9H     0025H     UNIT         ?PR?_SETTIMEOUT?TIMER
            CODE    3FEEH     0022H     UNIT         ?PR?_BLINK?LED
            CODE    4010H     0021H     UNIT         ?PR?_SETPARAMETERINFERIORLIMIT?PID
            CODE    4031H     0021H     UNIT         ?PR?_SETPARAMETERUPPERLIMIT?PID
            CODE    4052H     0021H     UNIT         ?PR?_SETACTUALPARAMETER?PID
            CODE    4073H     0021H     UNIT         ?PR?_SETKI?PID
            CODE    4094H     0021H     UNIT         ?PR?_SETKP?PID
            CODE    40B5H     0021H     UNIT         ?PR?_SETKD?PID
            CODE    40D6H     0021H     UNIT         ?PR?_SETPARAMETER?PID
            CODE    40F7H     0021H     UNIT         ?PR?LCD_CLR_SCR?LCD5510_V2
            CODE    4118H     0020H     UNIT         ?PR?_OPEN_STR?SERVO
            CODE    4138H     0020H     UNIT         ?PR?_LCD_WRITE_BYTE?LCD5510_V2
            CODE    4158H     0020H     UNIT         ?PR?_OPENPULSER?FIXEDPULSER
            CODE    4178H     0020H     UNIT         ?PR?_CLOSEPULSER?FIXEDPULSER
            CODE    4198H     0020H     UNIT         ?PR?_RESTARTTIMER?TIMER
            CODE    41B8H     0020H     UNIT         ?PR?_EEPROM_SECTORERASE?STC15_EEPROM
            CODE    41D8H     001FH     UNIT         ?PR?BUTTON_CONFIG?BUTTON
            CODE    41F7H     001FH     UNIT         ?PR?_CLOSE_STR?SERVO
            CODE    4216H     001FH     UNIT         ?PR?_ISEXPIREDTIMER?TIMER
            CODE    4235H     001FH     UNIT         ?PR?_ISSTOPPED?TIMER
            CODE    4254H     001EH     UNIT         ?PR?SETUP?SETUP
            CODE    4272H     001EH     UNIT         ?PR?_OPEN_DC_MOTOR?MOTOR
            CODE    4290H     001EH     UNIT         ?PR?LCD1602_GPIO_CONFIG?LCD1602
            CODE    42AEH     001DH     UNIT         ?PR?_GETBUTTONSTATE?BUTTON
            CODE    42CBH     001DH     UNIT         ?PR?_CLOSE_DC_MOTOR?MOTOR
            CODE    42E8H     001DH     UNIT         ?PR?_OPEN_STEPMOTOR?STEP_MOTOR
            CODE    4305H     001DH     UNIT         ?PR?LCD1602_INIT?LCD1602
            CODE    4322H     001DH     UNIT         ?PR?_ISACTIVETIMER?TIMER
            CODE    433FH     001CH     UNIT         ?PR?_CLOSE_STEPMOTOR?STEP_MOTOR
BL51 BANKED LINKER/LOCATER V6.00                                                      07/20/2017  10:03:44  PAGE 6


            CODE    435BH     001CH     UNIT         ?PR?_ADC_CONFIG?ANGLE
            CODE    4377H     001CH     UNIT         ?PR?_LCD1602_WRITE_CHAR?LCD1602
            CODE    4393H     001CH     UNIT         ?PR?_LCD1602_WRITE_COM?LCD1602
            CODE    43AFH     001CH     UNIT         ?PR?_SETTIMERHERTZ?TIMER
            CODE    43CBH     001AH     UNIT         ?PR?_GETPARAMETER?PID
            CODE    43E5H     001AH     UNIT         ?PR?_GETERR?PID
            CODE    43FFH     001AH     UNIT         ?PR?_GETERRLAST?PID
            CODE    4419H     001AH     UNIT         ?PR?_GETKP?PID
            CODE    4433H     001AH     UNIT         ?PR?_GETKI?PID
            CODE    444DH     001AH     UNIT         ?PR?_GETKD?PID
            CODE    4467H     001AH     UNIT         ?PR?_GETOUTPUT?PID
            CODE    4481H     001AH     UNIT         ?PR?_GETINTEGRAL?PID
            CODE    449BH     001AH     UNIT         ?PR?_READ_STR_ANGLE?SERVO
            CODE    44B5H     001AH     UNIT         ?PR?_GET_PWM_PERIOD?STC15_PWM
            CODE    44CFH     001AH     UNIT         ?PR?_GET_PWM_N_DUTY?STC15_PWM
            CODE    44E9H     001AH     UNIT         ?PR?_GETTIMEROUT?TIMER
            CODE    4503H     001AH     UNIT         ?PR?_GETTIMERHERTZ?TIMER
            CODE    451DH     0019H     UNIT         ?PR?_HC595_INIT?74HC595
            CODE    4536H     0019H     UNIT         ?PR?_STOPTIMER?TIMER
            CODE    454FH     0018H     UNIT         ?PR?_PWM_SET_PERIOD?STC15_PWM
            CODE    4567H     0017H     UNIT         ?PR?_PRINTSTRING1?USART1
            CODE    457EH     0014H     UNIT         ?PR?_LCD_POS_BYTE?LCD5510_V2
            CODE    4592H     0013H     UNIT         ?PR?_LCD_CLR_ROW?LCD5510_V2
            CODE    45A5H     0013H     UNIT         ?PR?_PRINTSTRING2?USART1
            CODE    45B8H     0013H     UNIT         ?PR?_PRINTSTRING3?USART1
            CODE    45CBH     0013H     UNIT         ?PR?_PRINTSTRING4?USART1
            CODE    45DEH     0012H     UNIT         ?PR?_OPENPID?PID
            CODE    45F0H     0012H     UNIT         ?PR?_WRITEDATA?STORAGE
            CODE    4602H     0012H     UNIT         ?PR?_GETPULSERSTATE?FIXEDPULSER
            CODE    4614H     0012H     UNIT         ?PR?_GET_PWM_N_STATE?STC15_PWM
            CODE    4626H     0011H     UNIT         ?PR?_CLOSEPID?PID
            CODE    4637H     0011H     UNIT         ?PR?_GETSTEPMOTORSTATE?STEP_MOTOR
            CODE    4648H     0011H     UNIT         ?PR?_HC595SENDDATA?74HC595
            CODE    4659H     0011H     UNIT         ?PR?_SETPWM_DIV?STC15_PWM
            CODE    466AH     0011H     UNIT         ?PR?_GETPWM_DIV?STC15_PWM
            CODE    467BH     0010H     UNIT         ?PR?_GETDC_MOTORSTATE?MOTOR
            CODE    468BH     0010H     UNIT         ?PR?_DELAY_MS?DELAY
            CODE    469BH     000FH     UNIT         ?PR?_SETRELAY?RELAY
            CODE    46AAH     000EH     UNIT         ?PR?_UNSETRELAY?RELAY
            CODE    46B8H     000EH     UNIT         ?PR?_ONRESTARTTIMER?TIMER
            CODE    46C6H     000EH     UNIT         ?PR?DISABLEEEPROM?STC15_EEPROM
            CODE    46D4H     000CH     UNIT         ?PR?_ADC_POWERCONTROL?ADC
            CODE    46E0H     000AH     UNIT         ?PR?_DIGITALREAD?BUTTON
            CODE    46EAH     000AH     UNIT         ?PR?OPEN_PWM_ALL?STC15_PWM
            CODE    46F4H     000AH     UNIT         ?PR?CLOSE_PWM_ALL?STC15_PWM
            CODE    46FEH     0009H     UNIT         ?PR?GETMICROS?TIMER
            CODE    4707H     0009H     UNIT         ?PR?GETMILLIS?TIMER
            CODE    4710H     0008H     UNIT         ?PR?TASKSTART?ABSTASK
            CODE    4718H     0007H     UNIT         ?PR?_SETSTEPMOTORDIVERSION?STEP_MOTOR
            CODE    471FH     0007H     UNIT         ?PR?_FREESTEPMOTOR?STEP_MOTOR
            CODE    4726H     0007H     UNIT         ?PR?_LOCKSTEPMOTOR?STEP_MOTOR
            CODE    472DH     0006H     UNIT         ?PR?_BOARD_LED_PWM?LED
            CODE    4733H     0006H     UNIT         ?PR?GETSECONDS?TIMER
            CODE    4739H     0006H     UNIT         ?PR?GETMINUTES?TIMER
            CODE    473FH     0006H     UNIT         ?PR?GETHOURS?TIMER
            CODE    4745H     0006H     UNIT         ?PR?GETDAYS?TIMER
            CODE    474BH     0005H     UNIT         ?PR?OPEN_BOARD_LED?LED
BL51 BANKED LINKER/LOCATER V6.00                                                      07/20/2017  10:03:44  PAGE 7


            CODE    4750H     0005H     UNIT         ?PR?CLOSE_BOARD_LED?LED
            CODE    4755H     0004H     UNIT         ?PR?ADC_INT?ADC
            CODE    4759H     0003H     UNIT         ?PR?GETBOARD_LED_STATE?LED
            CODE    475CH     0003H     UNIT         ?PR?_SETPINSTATE?GPIO
            CODE    475FH     0002H     UNIT         ?RTX?TASKENT?S
            CODE    4761H     0001H     UNIT         ?PR?TEST?SETUP
            CODE    4762H     0001H     UNIT         ?PR?MODE1?MODE
            CODE    4763H     0001H     UNIT         ?PR?MODE2?MODE
            CODE    4764H     0001H     UNIT         ?PR?MODE3?MODE
            CODE    4765H     0001H     UNIT         ?PR?MODE4?MODE
            CODE    4766H     0001H     UNIT         ?PR?MODELAUNCHER?MODE
            CODE    4767H     0001H     UNIT         ?PR?RELAY_INIT?RELAY



OVERLAY MAP OF MODULE:   悬挂运动控制系统 (ABSTASK)


SEGMENT                                            XDATA_GROUP
  +--> CALLED SEGMENT                            START    LENGTH
----------------------------------------------------------------
?PR?TASKSTART?ABSTASK                            -----    -----
  +--> ?PR?SETUP?SETUP
  +--> ?PR?_BLINK?LED

?PR?SETUP?SETUP                                  -----    -----
  +--> ?PR?_UART1_INIT?SETUP
  +--> ?PR?TIMERINIT?TIMER
  +--> ?PR?BOARD_LED_INIT?LED
  +--> ?PR?BUTTON_CONFIG?BUTTON
  +--> ?PR?_ADC_CONFIG?ANGLE
  +--> ?PR?TEST?SETUP

?PR?_UART1_INIT?SETUP                            0420H    000DH
  +--> ?PR?_USART_CONFIGURATION?USART1

?PR?_USART_CONFIGURATION?USART1                  042DH    0009H

?PR?TIMERINIT?TIMER                              0420H    0011H
  +--> ?PR?_TIMER_INILIZE?TIMER
  +--> ?CO?TIMER
  +--> ?PR?_PRINTSTRING1?USART1

?PR?_PRINTSTRING1?USART1                         -----    -----
  +--> ?PR?_TX1_WRITE2BUFF?USART1

?PR?BOARD_LED_INIT?LED                           0420H    0002H
  +--> ?PR?_GPIO_INILIZE?GPIO
  +--> ?PR?OPEN_BOARD_LED?LED
  +--> ?PR?_DELAY_MS?DELAY
  +--> ?PR?CLOSE_BOARD_LED?LED

?PR?BUTTON_CONFIG?BUTTON                         0420H    0002H
  +--> ?PR?_GPIO_INILIZE?GPIO

?PR?_ADC_CONFIG?ANGLE                            0420H    0006H
  +--> ?PR?_ADC_INILIZE?ADC
BL51 BANKED LINKER/LOCATER V6.00                                                      07/20/2017  10:03:44  PAGE 8



?PR?_BLINK?LED                                   0420H    0001H
  +--> ?PR?OPEN_BOARD_LED?LED
  +--> ?PR?_DELAY_MS?DELAY
  +--> ?PR?CLOSE_BOARD_LED?LED

*** NEW ROOT ***************************************************

?PR?PWM_ROUTINE?FIXEDPULSER                      -----    -----
  +--> ?PR?_CLOSE_PWM_N?STC15_PWM

*** NEW ROOT ***************************************************

?C_C51STARTUP                                    -----    -----
  +--> ?C_INITSEG

?C_INITSEG                                       -----    -----
  +--> ?CO?SETUP



SYMBOL TABLE OF MODULE:  悬挂运动控制系统 (ABSTASK)

  VALUE           TYPE          NAME
  ----------------------------------

  -------         MODULE        ABSTASK
  C:0000H         SYMBOL        _ICE_DUMMY_
  D:0080H         PUBLIC        P0
  D:0090H         PUBLIC        P1
  D:00A0H         PUBLIC        P2
  D:00B0H         PUBLIC        P3
  D:00C0H         PUBLIC        P4
  D:00C8H         PUBLIC        P5
  D:00E8H         PUBLIC        P6
  D:00F8H         PUBLIC        P7
  D:00A8H         PUBLIC        IE
  D:00B8H         PUBLIC        IP
  D:00D8H         PUBLIC        CCON
  D:0098H         PUBLIC        SCON
  D:0088H         PUBLIC        TCON
  D:00F0H         PUBLIC        B
  C:4710H         PUBLIC        taskStart
  D:00E0H         PUBLIC        ACC
  D:00D0H         PUBLIC        PSW
  -------         PROC          TASKSTART
  C:4710H         LINE#         13
  C:4710H         LINE#         15
  C:4713H         LINE#         16
  -------         ENDPROC       TASKSTART
  -------         ENDMOD        ABSTASK

  -------         MODULE        TASK
  C:0000H         SYMBOL        _ICE_DUMMY_
  D:0080H         PUBLIC        P0
  D:0090H         PUBLIC        P1
  D:00A0H         PUBLIC        P2
BL51 BANKED LINKER/LOCATER V6.00                                                      07/20/2017  10:03:44  PAGE 9


  D:00B0H         PUBLIC        P3
  D:00C0H         PUBLIC        P4
  D:00C8H         PUBLIC        P5
  D:00E8H         PUBLIC        P6
  D:00F8H         PUBLIC        P7
  D:00A8H         PUBLIC        IE
  D:00B8H         PUBLIC        IP
  D:00D8H         PUBLIC        CCON
  D:0098H         PUBLIC        SCON
  D:0088H         PUBLIC        TCON
  D:00F0H         PUBLIC        B
  D:00E0H         PUBLIC        ACC
  D:00D0H         PUBLIC        PSW
  -------         ENDMOD        TASK

  -------         MODULE        SETUP
  C:0000H         SYMBOL        _ICE_DUMMY_
  D:0080H         PUBLIC        P0
  D:0090H         PUBLIC        P1
  D:00A0H         PUBLIC        P2
  D:00B0H         PUBLIC        P3
  D:00C0H         PUBLIC        P4
  D:00C8H         PUBLIC        P5
  D:00E8H         PUBLIC        P6
  C:3E89H         PUBLIC        _UART1_init
  D:00F8H         PUBLIC        P7
  X:053AH         PUBLIC        str1
  D:00A8H         PUBLIC        IE
  D:00B8H         PUBLIC        IP
  D:00D8H         PUBLIC        CCON
  D:0098H         PUBLIC        SCON
  C:4254H         PUBLIC        setup
  D:0088H         PUBLIC        TCON
  D:00F0H         PUBLIC        B
  C:4761H         PUBLIC        test
  D:00E0H         PUBLIC        ACC
  D:00D0H         PUBLIC        PSW
  -------         PROC          _UART1_INIT
  D:0004H         SYMBOL        BandRate
  -------         DO            
  X:0420H         SYMBOL        COMx_InitStructure
  -------         ENDDO         
  C:3E89H         LINE#         39
  C:3E89H         LINE#         40
  C:3E89H         LINE#         42
  C:3E8FH         LINE#         43
  C:3E93H         LINE#         44
  C:3E97H         LINE#         45
  C:3E9DH         LINE#         46
  C:3EA0H         LINE#         47
  C:3EA3H         LINE#         48
  C:3EA5H         LINE#         49
  C:3EA8H         LINE#         50
  C:3EAAH         LINE#         51
  -------         ENDPROC       _UART1_INIT
  -------         PROC          TEST
  C:4761H         LINE#         54
BL51 BANKED LINKER/LOCATER V6.00                                                      07/20/2017  10:03:44  PAGE 10


  C:4761H         LINE#         55
  C:4761H         LINE#         57
  -------         ENDPROC       TEST
  -------         PROC          SETUP
  C:4254H         LINE#         58
  C:4254H         LINE#         59
  C:4254H         LINE#         61
  C:425FH         LINE#         62
  C:4262H         LINE#         63
  C:4265H         LINE#         64
  C:4268H         LINE#         65
  C:426FH         LINE#         66
  -------         ENDPROC       SETUP
  -------         ENDMOD        SETUP

  -------         MODULE        MODE
  C:0000H         SYMBOL        _ICE_DUMMY_
  C:4762H         PUBLIC        mode1
  C:4763H         PUBLIC        mode2
  C:4764H         PUBLIC        mode3
  C:4765H         PUBLIC        mode4
  C:4766H         PUBLIC        modeLauncher
  -------         PROC          MODE1
  C:4762H         LINE#         2
  C:4762H         LINE#         3
  C:4762H         LINE#         5
  -------         ENDPROC       MODE1
  -------         PROC          MODE2
  C:4763H         LINE#         7
  C:4763H         LINE#         8
  C:4763H         LINE#         10
  -------         ENDPROC       MODE2
  -------         PROC          MODE3
  C:4764H         LINE#         13
  C:4764H         LINE#         14
  C:4764H         LINE#         16
  -------         ENDPROC       MODE3
  -------         PROC          MODE4
  C:4765H         LINE#         18
  C:4765H         LINE#         19
  C:4765H         LINE#         21
  -------         ENDPROC       MODE4
  -------         PROC          MODELAUNCHER
  C:4766H         LINE#         22
  C:4766H         LINE#         23
  C:4766H         LINE#         25
  -------         ENDPROC       MODELAUNCHER
  -------         ENDMOD        MODE

  -------         MODULE        ?RTX51_TINY_KERNAL
  C:475FH         SEGMENT       ?RTX?TASKENT?S
  I:0010H         SEGMENT       ?RTX?TASKSP?S
  I:000EH         SEGMENT       ?RTX?TASKSTATE?S
  B:0020H.7       SEGMENT       ?RTX?BITS
  C:253CH         SEGMENT       ?RTX?CODE
  C:258BH         PUBLIC        ?RTX?SET_ISR
  D:000CH         PUBLIC        ?RTX_CURRENTTASK
BL51 BANKED LINKER/LOCATER V6.00                                                      07/20/2017  10:03:44  PAGE 11


  D:0007H         PUBLIC        ?RTX_NEXTID
  C:25CEH         PUBLIC        ?RTX_NEXTTASK
  N:00FFH         PUBLIC        ?RTX_RAMTOP
  C:475FH         PUBLIC        ?RTX_TASKENTRY
  C:26ADH         PUBLIC        ?RTX_TASKIDX
  I:0010H         PUBLIC        ?RTX_TASKSP
  I:000EH         PUBLIC        ?RTX_TASKSTATUS
  C:2671H         PUBLIC        MAIN
  C:25B7H         PUBLIC        OS_SWITCH_TASK
  C:25C0H         SYMBOL        ?C0001
  C:25CAH         SYMBOL        ?C0003
  C:25CFH         SYMBOL        ?C0005
  C:25E9H         SYMBOL        ?C0007
  C:25EBH         SYMBOL        ?C0009
  C:25F5H         SYMBOL        ?C0011
  C:2622H         SYMBOL        ?C0012
  C:2608H         SYMBOL        ?C0013
  C:260DH         SYMBOL        ?C0015
  C:2618H         SYMBOL        ?C0016
  N:0000H         SYMBOL        ?RTX51_TINY_KERNAL
  N:F63CH         SYMBOL        ?RTX_CLOCK
  N:0008H         SYMBOL        ?RTX_REGISTERBANK
  D:000DH         SYMBOL        ?RTX_ROBINTIME
  D:000AH         SYMBOL        ?RTX_SAVEACC
  D:000BH         SYMBOL        ?RTX_SAVEPSW
  C:253CH         SYMBOL        ?RTX_STACKERROR
  C:258FH         SYMBOL        ?RTX_TASKSWITCHING
  B:0020H.7       SYMBOL        ?RTX_TS_DELAY
  D:00E0H         SYMBOL        ACC
  D:00F0H         SYMBOL        B
  N:0005H         SYMBOL        B_ACTIVE
  N:0007H         SYMBOL        B_IVL
  N:0007H         SYMBOL        B_RDY
  N:0004H         SYMBOL        B_READY
  N:0006H         SYMBOL        B_ROBIN
  N:0002H         SYMBOL        B_SIGNAL
  N:0003H         SYMBOL        B_TIMEOUT
  N:0000H         SYMBOL        B_WAITSIG
  N:0001H         SYMBOL        B_WAITTIM
  C:258CH         SYMBOL        CHECKROBINTIME
  C:2566H         SYMBOL        CHECKSTACK
  N:0000H         SYMBOL        CODE_BANKING
  N:0000H         SYMBOL        CPU_IDLE_CODE
  D:0083H         SYMBOL        DPH
  D:0082H         SYMBOL        DPL
  B:00A8H.7       SYMBOL        EA
  B:00A8H.4       SYMBOL        ES
  B:00A8H.1       SYMBOL        ET0
  B:00A8H.3       SYMBOL        ET1
  B:00A8H.0       SYMBOL        EX0
  B:00A8H.2       SYMBOL        EX1
  N:0014H         SYMBOL        FREE_STACK
  C:2540H         SYMBOL        HW_TIMER
  D:00A8H         SYMBOL        IE
  B:0088H.1       SYMBOL        IE0
  B:0088H.3       SYMBOL        IE1
  N:09C4H         SYMBOL        INT_CLOCK
BL51 BANKED LINKER/LOCATER V6.00                                                      07/20/2017  10:03:44  PAGE 12


  N:0001H         SYMBOL        INT_REGBANK
  B:0088H.0       SYMBOL        IT0
  B:0088H.2       SYMBOL        IT1
  N:0020H         SYMBOL        K_ACTIVE
  N:0080H         SYMBOL        K_IVL
  N:0080H         SYMBOL        K_RDY
  N:0010H         SYMBOL        K_READY
  N:0040H         SYMBOL        K_ROBIN
  N:0001H         SYMBOL        K_SIG
  N:0002H         SYMBOL        K_TMO
  N:0000H         SYMBOL        LONG_USR_INTR
  C:267AH         SYMBOL        MAIN1
  C:2684H         SYMBOL        MAIN1X
  C:267FH         SYMBOL        MAIN2
  C:2645H         SYMBOL        NOEVENT
  C:258BH         SYMBOL        NOROBINTIMEOUT
  C:2582H         SYMBOL        NOTIMEOUT
  C:2580H         SYMBOL        NOWAITTIMEOUT
  C:25B7H         SYMBOL        OS_SWITCH_TASK1
  D:0087H         SYMBOL        PCON
  D:00D0H         SYMBOL        PSW
  N:00FFH         SYMBOL        RAMTOP
  N:0080H         SYMBOL        RDY_EVENT
  C:2651H         SYMBOL        ROBINON
  C:2639H         SYMBOL        SIGNALOFF
  C:2645H         SYMBOL        SIGNALON
  N:0004H         SYMBOL        SIG_EVENT
  D:0081H         SYMBOL        SP
  I:000FH         SYMBOL        TASKSTATE
  D:0088H         SYMBOL        TCON
  B:0088H.5       SYMBOL        TF0
  B:0088H.7       SYMBOL        TF1
  D:008CH         SYMBOL        TH0
  D:008DH         SYMBOL        TH1
  C:2641H         SYMBOL        TIMEOUTON
  C:2541H         SYMBOL        TIMERINT
  C:2572H         SYMBOL        TIMERLOOP
  I:000EH         SYMBOL        TIMERVAL
  N:000AH         SYMBOL        TIMESHARING
  D:008AH         SYMBOL        TL0
  D:008BH         SYMBOL        TL1
  D:0089H         SYMBOL        TMOD
  N:0008H         SYMBOL        TMO_EVENT
  B:0088H.4       SYMBOL        TR0
  B:0088H.6       SYMBOL        TR1
  C:000BH         LINE#         271
  C:253CH         LINE#         279
  C:2540H         LINE#         282
  C:2541H         LINE#         299
  C:2544H         LINE#         301
  C:2547H         LINE#         302
  C:254AH         LINE#         303
  C:254CH         LINE#         305
  C:254EH         LINE#         306
  C:2550H         LINE#         307
  C:2552H         LINE#         308
  C:2554H         LINE#         309
BL51 BANKED LINKER/LOCATER V6.00                                                      07/20/2017  10:03:44  PAGE 13


  C:2556H         LINE#         310
  C:2558H         LINE#         311
  C:255AH         LINE#         312
  C:255CH         LINE#         316
  C:255DH         LINE#         317
  C:255FH         LINE#         318
  C:2560H         LINE#         319
  C:2561H         LINE#         320
  C:2564H         LINE#         321
  C:2566H         LINE#         322
  C:2567H         LINE#         323
  C:2569H         LINE#         324
  C:256CH         LINE#         325
  C:256EH         LINE#         329
  C:2570H         LINE#         330
  C:2572H         LINE#         331
  C:2573H         LINE#         332
  C:2574H         LINE#         333
  C:2575H         LINE#         334
  C:2577H         LINE#         335
  C:2579H         LINE#         336
  C:257AH         LINE#         337
  C:257DH         LINE#         338
  C:257FH         LINE#         339
  C:2580H         LINE#         340
  C:2582H         LINE#         341
  C:2583H         LINE#         342
  C:2585H         LINE#         344
  C:2586H         LINE#         345
  C:2588H         LINE#         360
  C:258BH         LINE#         366
  C:258CH         LINE#         367
  C:258FH         LINE#         370
  C:2591H         LINE#         371
  C:2593H         LINE#         372
  C:2595H         LINE#         373
  C:2597H         LINE#         374
  C:2599H         LINE#         375
  C:259BH         LINE#         376
  C:259DH         LINE#         377
  C:259FH         LINE#         378
  C:25A1H         LINE#         379
  C:25A3H         LINE#         380
  C:25A5H         LINE#         381
  C:25A7H         LINE#         382
  C:25A9H         LINE#         387
  C:25ABH         LINE#         388
  C:25ACH         LINE#         389
  C:25AEH         LINE#         390
  C:25AFH         LINE#         391
  C:25B1H         LINE#         392
  C:25B3H         LINE#         393
  C:25B4H         LINE#         394
  C:25B5H         LINE#         395
  C:25B7H         LINE#         424
  C:25B9H         LINE#         426
  C:25BBH         LINE#         427
BL51 BANKED LINKER/LOCATER V6.00                                                      07/20/2017  10:03:44  PAGE 14


  C:25BCH         LINE#         429
  C:25BDH         LINE#         430
  C:25BFH         LINE#         431
  C:25C0H         LINE#         434
  C:25C1H         LINE#         435
  C:25C2H         LINE#         436
  C:25C3H         LINE#         444
  C:25C6H         LINE#         445
  C:25C8H         LINE#         446
  C:25CAH         LINE#         449
  C:25CBH         LINE#         450
  C:25CEH         LINE#         458
  C:25CFH         LINE#         462
  C:25D1H         LINE#         463
  C:25D2H         LINE#         464
  C:25D3H         LINE#         465
  C:25D5H         LINE#         468
  C:25D7H         LINE#         470
  C:25D9H         LINE#         471
  C:25DBH         LINE#         472
  C:25DCH         LINE#         473
  C:25DDH         LINE#         474
  C:25DEH         LINE#         476
  C:25E0H         LINE#         478
  C:25E1H         LINE#         479
  C:25E2H         LINE#         480
  C:25E4H         LINE#         481
  C:25E7H         LINE#         482
  C:25E9H         LINE#         484
  C:25EAH         LINE#         485
  C:25EBH         LINE#         490
  C:25ECH         LINE#         491
  C:25EDH         LINE#         492
  C:25EFH         LINE#         496
  C:25F0H         LINE#         497
  C:25F1H         LINE#         498
  C:25F3H         LINE#         499
  C:25F5H         LINE#         505
  C:25F7H         LINE#         506
  C:25F8H         LINE#         507
  C:25F9H         LINE#         508
  C:25FBH         LINE#         510
  C:25FDH         LINE#         511
  C:25FFH         LINE#         512
  C:2600H         LINE#         513
  C:2601H         LINE#         516
  C:2603H         LINE#         517
  C:2606H         LINE#         518
  C:2608H         LINE#         520
  C:2609H         LINE#         522
  C:260AH         LINE#         523
  C:260BH         LINE#         524
  C:260CH         LINE#         525
  C:260DH         LINE#         529
  C:260FH         LINE#         530
  C:2610H         LINE#         531
  C:2612H         LINE#         535
BL51 BANKED LINKER/LOCATER V6.00                                                      07/20/2017  10:03:44  PAGE 15


  C:2614H         LINE#         536
  C:2615H         LINE#         537
  C:2616H         LINE#         539
  C:2618H         LINE#         543
  C:261AH         LINE#         544
  C:261CH         LINE#         545
  C:261DH         LINE#         546
  C:261EH         LINE#         548
  C:2620H         LINE#         549
  C:2622H         LINE#         555
  C:2625H         LINE#         559
  C:2627H         LINE#         560
  C:2628H         LINE#         561
  C:262AH         LINE#         562
  C:262BH         LINE#         563
  C:262DH         LINE#         564
  C:262FH         LINE#         565
  C:2630H         LINE#         567
  C:2633H         LINE#         571
  C:2636H         LINE#         572
  C:2639H         LINE#         576
  C:263BH         LINE#         577
  C:263EH         LINE#         578
  C:2641H         LINE#         580
  C:2643H         LINE#         581
  C:2645H         LINE#         583
  C:2647H         LINE#         584
  C:2648H         LINE#         585
  C:264AH         LINE#         587
  C:264CH         LINE#         588
  C:264EH         LINE#         594
  C:2650H         LINE#         595
  C:2651H         LINE#         608
  C:2652H         LINE#         609
  C:2654H         LINE#         614
  C:2656H         LINE#         615
  C:2658H         LINE#         616
  C:265AH         LINE#         617
  C:265CH         LINE#         618
  C:265EH         LINE#         619
  C:2660H         LINE#         620
  C:2662H         LINE#         621
  C:2664H         LINE#         622
  C:2666H         LINE#         623
  C:2668H         LINE#         624
  C:266AH         LINE#         625
  C:266CH         LINE#         626
  C:266EH         LINE#         627
  C:2670H         LINE#         628
  C:2671H         LINE#         642
  C:2673H         LINE#         643
  C:2675H         LINE#         644
  C:2677H         LINE#         645
  C:2679H         LINE#         646
  C:267AH         LINE#         647
  C:267BH         LINE#         648
  C:267DH         LINE#         649
BL51 BANKED LINKER/LOCATER V6.00                                                      07/20/2017  10:03:44  PAGE 16


  C:267FH         LINE#         650
  C:2681H         LINE#         651
  C:2682H         LINE#         652
  C:2684H         LINE#         653
  C:2685H         LINE#         654
  C:2686H         LINE#         655
  C:2687H         LINE#         656
  C:2688H         LINE#         657
  C:268AH         LINE#         658
  C:268CH         LINE#         659
  C:268EH         LINE#         660
  C:2691H         LINE#         661
  C:2693H         LINE#         662
  C:2694H         LINE#         663
  C:2696H         LINE#         664
  C:2697H         LINE#         665
  C:2698H         LINE#         666
  C:269AH         LINE#         668
  C:269DH         LINE#         670
  C:26A0H         LINE#         671
  C:26A3H         LINE#         672
  C:26A6H         LINE#         673
  C:26A8H         LINE#         674
  C:26AAH         LINE#         675
  C:26ACH         LINE#         676
  -------         ENDMOD        ?RTX51_TINY_KERNAL

  -------         MODULE        PID
  C:0000H         SYMBOL        _ICE_DUMMY_
  D:0080H         PUBLIC        P0
  D:0090H         PUBLIC        P1
  D:00A0H         PUBLIC        P2
  C:4073H         PUBLIC        _setKi
  D:00B0H         PUBLIC        P3
  C:43FFH         PUBLIC        _getErrLast
  D:00C0H         PUBLIC        P4
  D:00C8H         PUBLIC        P5
  D:00E8H         PUBLIC        P6
  D:00F8H         PUBLIC        P7
  C:4031H         PUBLIC        _setParameterUpperLimit
  C:4094H         PUBLIC        _setKp
  D:00A8H         PUBLIC        IE
  C:45DEH         PUBLIC        _openPID
  D:00B8H         PUBLIC        IP
  D:00D8H         PUBLIC        CCON
  D:0098H         PUBLIC        SCON
  D:0088H         PUBLIC        TCON
  C:2A55H         PUBLIC        _PID_config
  C:4010H         PUBLIC        _setParameterInferiorLimit
  D:00F0H         PUBLIC        B
  D:00E0H         PUBLIC        ACC
  C:4052H         PUBLIC        _setActualParameter
  C:4467H         PUBLIC        _getOutput
  C:1E2BH         PUBLIC        _PID
  X:028CH         SYMBOL        g_pid_n_info
  C:43CBH         PUBLIC        _getParameter
  C:43E5H         PUBLIC        _getErr
BL51 BANKED LINKER/LOCATER V6.00                                                      07/20/2017  10:03:44  PAGE 17


  C:444DH         PUBLIC        _getKd
  C:40D6H         PUBLIC        _setParameter
  C:4433H         PUBLIC        _getKi
  C:4626H         PUBLIC        _closePID
  D:00D0H         PUBLIC        PSW
  C:4481H         PUBLIC        _getIntegral
  C:4419H         PUBLIC        _getKp
  C:40B5H         PUBLIC        _setKd
  -------         PROC          _PID_CONFIG
  D:0003H         SYMBOL        PID_N
  X:0495H         SYMBOL        kp
  X:0499H         SYMBOL        ki
  X:049DH         SYMBOL        kd
  C:2A55H         LINE#         49
  C:2A57H         LINE#         50
  C:2A57H         LINE#         51
  C:2A6CH         LINE#         52
  C:2A81H         LINE#         53
  C:2A96H         LINE#         54
  C:2AABH         LINE#         55
  C:2ACAH         LINE#         56
  C:2AE9H         LINE#         57
  C:2B08H         LINE#         58
  C:2B32H         LINE#         59
  C:2B5CH         LINE#         60
  -------         ENDPROC       _PID_CONFIG
  -------         PROC          _OPENPID
  D:0007H         SYMBOL        PID_N
  C:45DEH         LINE#         70
  C:45DEH         LINE#         71
  C:45DEH         LINE#         72
  C:45EFH         LINE#         74
  -------         ENDPROC       _OPENPID
  -------         PROC          _CLOSEPID
  D:0007H         SYMBOL        PID_N
  C:4626H         LINE#         83
  C:4626H         LINE#         84
  C:4626H         LINE#         85
  C:4636H         LINE#         88
  -------         ENDPROC       _CLOSEPID
  -------         PROC          _PID
  X:0542H         SYMBOL        PID_N
  C:1E2BH         LINE#         97
  C:1E30H         LINE#         98
  C:1E30H         LINE#         101
  C:1E43H         LINE#         102
  C:1E43H         LINE#         104
  C:1E91H         LINE#         120
  C:1ED4H         LINE#         123
  C:1FD9H         LINE#         126
  C:2003H         LINE#         129
  C:2004H         LINE#         130
  C:2004H         LINE#         132
  -------         ENDPROC       _PID
  -------         PROC          _SETPARAMETERINFERIORLIMIT
  D:0003H         SYMBOL        PID_N
  X:04E6H         SYMBOL        value
BL51 BANKED LINKER/LOCATER V6.00                                                      07/20/2017  10:03:44  PAGE 18


  C:4010H         LINE#         142
  C:4012H         LINE#         143
  C:4012H         LINE#         144
  -------         ENDPROC       _SETPARAMETERINFERIORLIMIT
  -------         PROC          _SETPARAMETERUPPERLIMIT
  D:0003H         SYMBOL        PID_N
  X:04EBH         SYMBOL        value
  C:4031H         LINE#         156
  C:4033H         LINE#         157
  C:4033H         LINE#         158
  -------         ENDPROC       _SETPARAMETERUPPERLIMIT
  -------         PROC          _SETACTUALPARAMETER
  D:0003H         SYMBOL        PID_N
  X:04F0H         SYMBOL        value
  C:4052H         LINE#         171
  C:4054H         LINE#         172
  C:4054H         LINE#         173
  -------         ENDPROC       _SETACTUALPARAMETER
  -------         PROC          _SETKI
  D:0003H         SYMBOL        PID_N
  X:04F5H         SYMBOL        value
  C:4073H         LINE#         186
  C:4075H         LINE#         187
  C:4075H         LINE#         188
  -------         ENDPROC       _SETKI
  -------         PROC          _SETKP
  D:0003H         SYMBOL        PID_N
  X:04FAH         SYMBOL        value
  C:4094H         LINE#         200
  C:4096H         LINE#         201
  C:4096H         LINE#         202
  -------         ENDPROC       _SETKP
  -------         PROC          _SETKD
  D:0003H         SYMBOL        PID_N
  X:04FFH         SYMBOL        value
  C:40B5H         LINE#         214
  C:40B7H         LINE#         215
  C:40B7H         LINE#         216
  -------         ENDPROC       _SETKD
  -------         PROC          _SETPARAMETER
  D:0003H         SYMBOL        PID_N
  X:0504H         SYMBOL        value
  C:40D6H         LINE#         228
  C:40D8H         LINE#         229
  C:40D8H         LINE#         230
  -------         ENDPROC       _SETPARAMETER
  -------         PROC          _GETPARAMETER
  D:0007H         SYMBOL        PID_N
  C:43CBH         LINE#         242
  C:43CBH         LINE#         243
  C:43CBH         LINE#         244
  C:43E4H         LINE#         245
  -------         ENDPROC       _GETPARAMETER
  -------         PROC          _GETERR
  D:0007H         SYMBOL        PID_N
  C:43E5H         LINE#         255
  C:43E5H         LINE#         256
BL51 BANKED LINKER/LOCATER V6.00                                                      07/20/2017  10:03:44  PAGE 19


  C:43E5H         LINE#         257
  C:43FEH         LINE#         258
  -------         ENDPROC       _GETERR
  -------         PROC          _GETERRLAST
  D:0007H         SYMBOL        PID_N
  C:43FFH         LINE#         268
  C:43FFH         LINE#         269
  C:43FFH         LINE#         270
  C:4418H         LINE#         271
  -------         ENDPROC       _GETERRLAST
  -------         PROC          _GETKP
  D:0007H         SYMBOL        PID_N
  C:4419H         LINE#         280
  C:4419H         LINE#         281
  C:4419H         LINE#         282
  C:4432H         LINE#         283
  -------         ENDPROC       _GETKP
  -------         PROC          _GETKI
  D:0007H         SYMBOL        PID_N
  C:4433H         LINE#         293
  C:4433H         LINE#         294
  C:4433H         LINE#         295
  C:444CH         LINE#         296
  -------         ENDPROC       _GETKI
  -------         PROC          _GETKD
  D:0007H         SYMBOL        PID_N
  C:444DH         LINE#         306
  C:444DH         LINE#         307
  C:444DH         LINE#         308
  C:4466H         LINE#         309
  -------         ENDPROC       _GETKD
  -------         PROC          _GETOUTPUT
  D:0007H         SYMBOL        PID_N
  C:4467H         LINE#         319
  C:4467H         LINE#         320
  C:4467H         LINE#         321
  C:4480H         LINE#         322
  -------         ENDPROC       _GETOUTPUT
  -------         PROC          _GETINTEGRAL
  D:0007H         SYMBOL        PID_N
  C:4481H         LINE#         332
  C:4481H         LINE#         333
  C:4481H         LINE#         334
  C:449AH         LINE#         335
  -------         ENDPROC       _GETINTEGRAL
  -------         ENDMOD        PID

  -------         MODULE        FILTER
  C:0000H         SYMBOL        _ICE_DUMMY_
  D:0080H         PUBLIC        P0
  D:0090H         PUBLIC        P1
  D:00A0H         PUBLIC        P2
  D:00B0H         PUBLIC        P3
  D:00C0H         PUBLIC        P4
  D:00C8H         PUBLIC        P5
  D:00E8H         PUBLIC        P6
  D:00F8H         PUBLIC        P7
BL51 BANKED LINKER/LOCATER V6.00                                                      07/20/2017  10:03:44  PAGE 20


  C:27EBH         PUBLIC        _filter
  D:00A8H         PUBLIC        IE
  D:00B8H         PUBLIC        IP
  D:00D8H         PUBLIC        CCON
  D:0098H         PUBLIC        SCON
  D:0088H         PUBLIC        TCON
  D:00F0H         PUBLIC        B
  D:00E0H         PUBLIC        ACC
  D:00D0H         PUBLIC        PSW
  -------         PROC          _FILTER
  D:0001H         SYMBOL        ary
  X:0487H         SYMBOL        num
  X:0488H         SYMBOL        MaxValue
  X:048AH         SYMBOL        MinValue
  -------         DO            
  X:048CH         SYMBOL        angleDataloopTemp2
  X:048EH         SYMBOL        finalData
  X:0490H         SYMBOL        maxValue
  X:0492H         SYMBOL        minValue
  -------         ENDDO         
  C:27EBH         LINE#         2
  C:27F0H         LINE#         3
  C:27F0H         LINE#         5
  C:27F7H         LINE#         6
  C:2806H         LINE#         7
  C:2815H         LINE#         8
  C:2837H         LINE#         9
  C:2837H         LINE#         10
  C:2853H         LINE#         11
  C:2853H         LINE#         12
  C:2870H         LINE#         13
  C:2870H         LINE#         14
  C:2892H         LINE#         15
  C:2892H         LINE#         16
  C:28AFH         LINE#         17
  C:28AFH         LINE#         18
  C:28D1H         LINE#         19
  C:28E5H         LINE#         20
  C:290AH         LINE#         21
  C:2920H         LINE#         22
  C:2920H         LINE#         23
  -------         ENDPROC       _FILTER
  -------         ENDMOD        FILTER

  -------         MODULE        DATASCOPE_DP
  C:0000H         SYMBOL        _ICE_DUMMY_
  D:0080H         PUBLIC        P0
  D:0090H         PUBLIC        P1
  D:00A0H         PUBLIC        P2
  D:00B0H         PUBLIC        P3
  D:00C0H         PUBLIC        P4
  D:00C8H         PUBLIC        P5
  D:00E8H         PUBLIC        P6
  D:00F8H         PUBLIC        P7
  X:0384H         PUBLIC        DataScope_OutPut_Buffer
  D:00A8H         PUBLIC        IE
  D:00B8H         PUBLIC        IP
BL51 BANKED LINKER/LOCATER V6.00                                                      07/20/2017  10:03:44  PAGE 21


  D:00D8H         PUBLIC        CCON
  C:3DF2H         PUBLIC        _sendScopeData
  D:0098H         PUBLIC        SCON
  D:0088H         PUBLIC        TCON
  D:00F0H         PUBLIC        B
  C:2FC4H         PUBLIC        _Float2Byte
  D:00E0H         PUBLIC        ACC
  C:3117H         PUBLIC        _DataScope_Data_Generate
  C:2921H         PUBLIC        _DataScope_Get_Channel_Data
  D:00D0H         PUBLIC        PSW
  -------         PROC          _FLOAT2BYTE
  D:0001H         SYMBOL        target
  X:04A4H         SYMBOL        buf
  X:04A7H         SYMBOL        beg
  -------         DO            
  X:04A8H         SYMBOL        point
  -------         ENDDO         
  C:2FC4H         LINE#         26
  C:2FC4H         LINE#         27
  C:2FC4H         LINE#         29
  C:2FCFH         LINE#         30
  C:2FEDH         LINE#         31
  C:3019H         LINE#         32
  C:3045H         LINE#         33
  -------         ENDPROC       _FLOAT2BYTE
  -------         PROC          _SENDSCOPEDATA
  D:0004H         SYMBOL        Data
  X:04DDH         SYMBOL        channel
  -------         DO            
  X:04DEH         SYMBOL        a
  -------         ENDDO         
  C:3DF2H         LINE#         43
  C:3DF2H         LINE#         44
  C:3DF2H         LINE#         47
  C:3DFDH         LINE#         49
  C:3E13H         LINE#         50
  C:3E13H         LINE#         51
  C:3E22H         LINE#         52
  C:3E2AH         LINE#         54
  -------         ENDPROC       _SENDSCOPEDATA
  -------         PROC          _DATASCOPE_GET_CHANNEL_DATA
  X:0508H         SYMBOL        Data
  X:050CH         SYMBOL        Channel
  C:2921H         LINE#         60
  C:2927H         LINE#         61
  C:2927H         LINE#         62
  C:293AH         LINE#         63
  C:293AH         LINE#         65
  C:293AH         LINE#         67
  C:293AH         LINE#         68
  C:2970H         LINE#         69
  C:2970H         LINE#         70
  C:2970H         LINE#         71
  C:2983H         LINE#         72
  C:2986H         LINE#         73
  C:2986H         LINE#         74
  C:299AH         LINE#         75
BL51 BANKED LINKER/LOCATER V6.00                                                      07/20/2017  10:03:44  PAGE 22


  C:299DH         LINE#         76
  C:299DH         LINE#         77
  C:29B1H         LINE#         78
  C:29B4H         LINE#         79
  C:29B4H         LINE#         80
  C:29C8H         LINE#         81
  C:29CBH         LINE#         82
  C:29CBH         LINE#         83
  C:29DFH         LINE#         84
  C:29E1H         LINE#         85
  C:29E1H         LINE#         86
  C:29F5H         LINE#         87
  C:29F7H         LINE#         88
  C:29F7H         LINE#         89
  C:2A0BH         LINE#         90
  C:2A0DH         LINE#         91
  C:2A0DH         LINE#         92
  C:2A21H         LINE#         93
  C:2A23H         LINE#         94
  C:2A23H         LINE#         95
  C:2A37H         LINE#         96
  C:2A39H         LINE#         97
  C:2A39H         LINE#         98
  C:2A54H         LINE#         99
  C:2A54H         LINE#         100
  C:2A54H         LINE#         101
  C:2A54H         LINE#         102
  -------         ENDPROC       _DATASCOPE_GET_CHANNEL_DATA
  -------         PROC          _DATASCOPE_DATA_GENERATE
  D:0007H         SYMBOL        Channel_Number
  C:3117H         LINE#         107
  C:3117H         LINE#         108
  C:3117H         LINE#         109
  C:3120H         LINE#         110
  C:3120H         LINE#         111
  C:3123H         LINE#         112
  C:3123H         LINE#         114
  C:3123H         LINE#         115
  C:3129H         LINE#         116
  C:315FH         LINE#         117
  C:315FH         LINE#         118
  C:315FH         LINE#         119
  C:3165H         LINE#         120
  C:3168H         LINE#         121
  C:3168H         LINE#         122
  C:3168H         LINE#         123
  C:316EH         LINE#         124
  C:3171H         LINE#         125
  C:3171H         LINE#         126
  C:3171H         LINE#         127
  C:3177H         LINE#         128
  C:317AH         LINE#         129
  C:317AH         LINE#         130
  C:317AH         LINE#         131
  C:3180H         LINE#         132
  C:3183H         LINE#         133
  C:3183H         LINE#         134
BL51 BANKED LINKER/LOCATER V6.00                                                      07/20/2017  10:03:44  PAGE 23


  C:3183H         LINE#         135
  C:3189H         LINE#         136
  C:318CH         LINE#         137
  C:318CH         LINE#         138
  C:318CH         LINE#         139
  C:3192H         LINE#         140
  C:3195H         LINE#         141
  C:3195H         LINE#         142
  C:3195H         LINE#         143
  C:319BH         LINE#         144
  C:319EH         LINE#         145
  C:319EH         LINE#         146
  C:319EH         LINE#         147
  C:31A4H         LINE#         148
  C:31A7H         LINE#         149
  C:31A7H         LINE#         150
  C:31A7H         LINE#         151
  C:31ADH         LINE#         152
  C:31B0H         LINE#         153
  C:31B0H         LINE#         154
  C:31B0H         LINE#         155
  C:31B6H         LINE#         156
  C:31B9H         LINE#         157
  C:31B9H         LINE#         158
  C:31B9H         LINE#         159
  C:31B9H         LINE#         160
  C:31BBH         LINE#         161
  -------         ENDPROC       _DATASCOPE_DATA_GENERATE
  -------         ENDMOD        DATASCOPE_DP

  -------         MODULE        STORAGE
  C:0000H         SYMBOL        _ICE_DUMMY_
  D:0080H         PUBLIC        P0
  D:0090H         PUBLIC        P1
  D:00A0H         PUBLIC        P2
  D:00B0H         PUBLIC        P3
  D:00C0H         PUBLIC        P4
  D:00C8H         PUBLIC        P5
  D:00E8H         PUBLIC        P6
  D:00F8H         PUBLIC        P7
  D:00A8H         PUBLIC        IE
  D:00B8H         PUBLIC        IP
  D:00D8H         PUBLIC        CCON
  C:45F0H         PUBLIC        _writeData
  D:0098H         PUBLIC        SCON
  D:0088H         PUBLIC        TCON
  D:00F0H         PUBLIC        B
  D:00E0H         PUBLIC        ACC
  D:00D0H         PUBLIC        PSW
  -------         PROC          _WRITEDATA
  X:050DH         SYMBOL        add
  X:050FH         SYMBOL        Data
  C:45F0H         LINE#         3
  C:4601H         LINE#         4
  C:4601H         LINE#         6
  -------         ENDPROC       _WRITEDATA
  -------         ENDMOD        STORAGE
BL51 BANKED LINKER/LOCATER V6.00                                                      07/20/2017  10:03:44  PAGE 24



  -------         MODULE        BUTTON
  C:0000H         SYMBOL        _ICE_DUMMY_
  D:0080H         PUBLIC        P0
  D:0090H         PUBLIC        P1
  D:00A0H         PUBLIC        P2
  D:00B0H         PUBLIC        P3
  D:00C0H         PUBLIC        P4
  D:00C8H         PUBLIC        P5
  D:00E8H         PUBLIC        P6
  D:00F8H         PUBLIC        P7
  D:00A8H         PUBLIC        IE
  D:00B8H         PUBLIC        IP
  D:00D8H         PUBLIC        CCON
  C:3A54H         PUBLIC        buttonScan
  B:0020H.0       SYMBOL        BUTTON1_bit
  B:0020H.1       SYMBOL        BUTTON2_bit
  B:0020H.2       SYMBOL        BUTTON3_bit
  B:0020H.3       SYMBOL        BUTTON4_bit
  D:0098H         PUBLIC        SCON
  B:00A0H.3       PUBLIC        P23
  D:0088H         PUBLIC        TCON
  B:00A0H.4       PUBLIC        P24
  B:00A0H.5       PUBLIC        P25
  B:00A0H.6       PUBLIC        P26
  D:00F0H         PUBLIC        B
  C:42AEH         PUBLIC        _getButtonState
  D:00E0H         PUBLIC        ACC
  C:41D8H         PUBLIC        Button_config
  C:46E0H         SYMBOL        _digitalRead
  D:00D0H         PUBLIC        PSW
  -------         PROC          BUTTON_CONFIG
  -------         DO            
  X:0420H         SYMBOL        GPIO_InitStructure
  -------         ENDDO         
  C:41D8H         LINE#         25
  C:41D8H         LINE#         26
  C:41D8H         LINE#         28
  C:41DEH         LINE#         29
  C:41E3H         LINE#         30
  C:41EEH         LINE#         31
  C:41F0H         LINE#         32
  C:41F2H         LINE#         33
  C:41F4H         LINE#         34
  C:41F6H         LINE#         35
  -------         ENDPROC       BUTTON_CONFIG
  -------         PROC          _DIGITALREAD
  D:0006H         SYMBOL        pin
  C:46E0H         LINE#         43
  C:46E0H         LINE#         44
  C:46E0H         LINE#         45
  C:46E4H         LINE#         46
  C:46E4H         LINE#         47
  C:46E9H         LINE#         48
  C:46E9H         LINE#         49
  -------         ENDPROC       _DIGITALREAD
  -------         PROC          _GETBUTTONSTATE
BL51 BANKED LINKER/LOCATER V6.00                                                      07/20/2017  10:03:44  PAGE 25


  D:0007H         SYMBOL        BUTTON_data
  C:42AEH         LINE#         61
  C:42AEH         LINE#         62
  C:42AEH         LINE#         63
  C:42BFH         LINE#         64
  C:42BFH         LINE#         65
  C:42BFH         LINE#         66
  C:42C2H         LINE#         67
  C:42C2H         LINE#         68
  C:42C2H         LINE#         69
  C:42C5H         LINE#         70
  C:42C5H         LINE#         71
  C:42C5H         LINE#         72
  C:42C8H         LINE#         73
  C:42C8H         LINE#         74
  C:42C8H         LINE#         75
  C:42CAH         LINE#         76
  C:42CAH         LINE#         77
  C:42CAH         LINE#         78
  -------         ENDPROC       _GETBUTTONSTATE
  -------         PROC          BUTTONSCAN
  C:3A54H         LINE#         88
  C:3A54H         LINE#         89
  C:3A54H         LINE#         90
  C:3A5FH         LINE#         91
  C:3A5FH         LINE#         92
  C:3A69H         LINE#         93
  C:3A69H         LINE#         97
  C:3A6BH         LINE#         98
  C:3A6BH         LINE#         99
  C:3A6DH         LINE#         101
  C:3A6DH         LINE#         102
  C:3A6FH         LINE#         103
  C:3A6FH         LINE#         104
  C:3A7AH         LINE#         105
  C:3A7AH         LINE#         106
  C:3A7DH         LINE#         107
  C:3A7DH         LINE#         111
  C:3A7FH         LINE#         112
  C:3A7FH         LINE#         113
  C:3A81H         LINE#         115
  C:3A81H         LINE#         116
  C:3A83H         LINE#         117
  C:3A83H         LINE#         118
  C:3A8EH         LINE#         119
  C:3A8EH         LINE#         120
  C:3A91H         LINE#         121
  C:3A91H         LINE#         125
  C:3A93H         LINE#         127
  C:3A93H         LINE#         128
  C:3A95H         LINE#         130
  C:3A95H         LINE#         131
  C:3A97H         LINE#         132
  C:3A97H         LINE#         133
  C:3AA2H         LINE#         134
  C:3AA2H         LINE#         135
  C:3AA5H         LINE#         136
BL51 BANKED LINKER/LOCATER V6.00                                                      07/20/2017  10:03:44  PAGE 26


  C:3AA5H         LINE#         140
  C:3AA7H         LINE#         142
  C:3AA7H         LINE#         143
  C:3AA8H         LINE#         145
  C:3AA8H         LINE#         146
  C:3AAAH         LINE#         147
  C:3AAAH         LINE#         148
  -------         ENDPROC       BUTTONSCAN
  -------         ENDMOD        BUTTON

  -------         MODULE        LED
  C:0000H         SYMBOL        _ICE_DUMMY_
  D:0080H         PUBLIC        P0
  D:0090H         PUBLIC        P1
  D:00A0H         PUBLIC        P2
  D:00B0H         PUBLIC        P3
  D:00C0H         PUBLIC        P4
  D:00C8H         PUBLIC        P5
  B:0021H.0       SYMBOL        Board_LED_State
  D:00E8H         PUBLIC        P6
  D:00F8H         PUBLIC        P7
  D:00A8H         PUBLIC        IE
  C:3FEEH         PUBLIC        _blink
  C:3EB5H         PUBLIC        Board_LED_Init
  D:00B8H         PUBLIC        IP
  C:4750H         PUBLIC        close_Board_LED
  D:00D8H         PUBLIC        CCON
  D:0098H         PUBLIC        SCON
  D:0088H         PUBLIC        TCON
  C:474BH         PUBLIC        open_Board_LED
  B:00C8H.5       PUBLIC        P55
  D:00F0H         PUBLIC        B
  D:00E0H         PUBLIC        ACC
  C:4759H         PUBLIC        getBoard_LED_State
  C:472DH         PUBLIC        _Board_LED_PWM
  D:00D0H         PUBLIC        PSW
  -------         PROC          BOARD_LED_INIT
  -------         DO            
  X:0420H         SYMBOL        GPIO_InitStructure
  -------         ENDDO         
  C:3EB5H         LINE#         8
  C:3EB5H         LINE#         9
  C:3EB5H         LINE#         11
  C:3EBBH         LINE#         12
  C:3EC0H         LINE#         13
  C:3ECBH         LINE#         14
  C:3ECEH         LINE#         15
  C:3ED3H         LINE#         16
  C:3ED6H         LINE#         17
  C:3EDBH         LINE#         18
  C:3EDCH         LINE#         19
  -------         ENDPROC       BOARD_LED_INIT
  -------         PROC          OPEN_BOARD_LED
  C:474BH         LINE#         20
  C:474BH         LINE#         21
  C:474BH         LINE#         22
  C:474DH         LINE#         23
BL51 BANKED LINKER/LOCATER V6.00                                                      07/20/2017  10:03:44  PAGE 27


  C:474FH         LINE#         24
  -------         ENDPROC       OPEN_BOARD_LED
  -------         PROC          CLOSE_BOARD_LED
  C:4750H         LINE#         25
  C:4750H         LINE#         26
  C:4750H         LINE#         27
  C:4752H         LINE#         28
  C:4754H         LINE#         30
  -------         ENDPROC       CLOSE_BOARD_LED
  -------         PROC          _BLINK
  X:0420H         SYMBOL        time
  C:3FEEH         LINE#         31
  C:3FF3H         LINE#         32
  C:3FF3H         LINE#         33
  C:3FFDH         LINE#         34
  C:3FFDH         LINE#         35
  C:4000H         LINE#         36
  C:4005H         LINE#         37
  C:4008H         LINE#         38
  C:400DH         LINE#         40
  C:400FH         LINE#         41
  -------         ENDPROC       _BLINK
  -------         PROC          GETBOARD_LED_STATE
  C:4759H         LINE#         42
  C:4759H         LINE#         43
  C:4759H         LINE#         44
  C:475BH         LINE#         45
  -------         ENDPROC       GETBOARD_LED_STATE
  -------         PROC          _BOARD_LED_PWM
  X:0543H         SYMBOL        luminance
  C:472DH         LINE#         46
  C:4732H         LINE#         47
  C:4732H         LINE#         48
  C:4732H         LINE#         49
  C:4732H         LINE#         52
  C:4732H         LINE#         54
  -------         ENDPROC       _BOARD_LED_PWM
  -------         ENDMOD        LED

  -------         MODULE        MOTOR
  C:0000H         SYMBOL        _ICE_DUMMY_
  D:0080H         PUBLIC        P0
  D:0090H         PUBLIC        P1
  D:00A0H         PUBLIC        P2
  D:00B0H         PUBLIC        P3
  D:00C0H         PUBLIC        P4
  D:00C8H         PUBLIC        P5
  D:00E8H         PUBLIC        P6
  D:00F8H         PUBLIC        P7
  D:00BAH         PUBLIC        P_SW2
  D:00A8H         PUBLIC        IE
  C:4272H         PUBLIC        _open_DC_Motor
  D:00B8H         PUBLIC        IP
  D:00D8H         PUBLIC        CCON
  B:00A0H.2       PUBLIC        P22
  D:0098H         PUBLIC        SCON
  B:00A0H.3       PUBLIC        P23
BL51 BANKED LINKER/LOCATER V6.00                                                      07/20/2017  10:03:44  PAGE 28


  D:0088H         PUBLIC        TCON
  C:3439H         PUBLIC        _setDC_MotorSpeed
  D:00F0H         PUBLIC        B
  X:0526H         SYMBOL        g_DC_Motor
  C:467BH         PUBLIC        _getDC_MotorState
  D:00E0H         PUBLIC        ACC
  C:3869H         PUBLIC        DC_MOTOR_config
  C:42CBH         PUBLIC        _close_DC_Motor
  D:00D0H         PUBLIC        PSW
  -------         PROC          _SETDC_MOTORSPEED
  X:0512H         SYMBOL        motor
  X:0513H         SYMBOL        speed
  C:3439H         LINE#         38
  C:343EH         LINE#         39
  C:343EH         LINE#         41
  C:3459H         LINE#         42
  C:3459H         LINE#         43
  C:3463H         LINE#         44
  C:3463H         LINE#         45
  C:347EH         LINE#         46
  C:347EH         LINE#         48
  C:3488H         LINE#         49
  C:3488H         LINE#         52
  C:34A8H         LINE#         53
  C:34CAH         LINE#         54
  -------         ENDPROC       _SETDC_MOTORSPEED
  -------         PROC          _OPEN_DC_MOTOR
  X:0544H         SYMBOL        motor
  C:4272H         LINE#         55
  C:4277H         LINE#         56
  C:4277H         LINE#         57
  C:427DH         LINE#         58
  C:428FH         LINE#         59
  -------         ENDPROC       _OPEN_DC_MOTOR
  -------         PROC          _CLOSE_DC_MOTOR
  X:0545H         SYMBOL        motor
  C:42CBH         LINE#         60
  C:42D0H         LINE#         61
  C:42D0H         LINE#         62
  C:42D6H         LINE#         63
  C:42E7H         LINE#         67
  -------         ENDPROC       _CLOSE_DC_MOTOR
  -------         PROC          _GETDC_MOTORSTATE
  D:0007H         SYMBOL        motor
  C:467BH         LINE#         68
  C:467BH         LINE#         69
  C:467BH         LINE#         70
  C:468AH         LINE#         72
  -------         ENDPROC       _GETDC_MOTORSTATE
  -------         PROC          DC_MOTOR_CONFIG
  -------         DO            
  X:0460H         SYMBOL        GPIO_InitStructure
  X:0462H         SYMBOL        PWM_InitStructure
  -------         ENDDO         
  C:3869H         LINE#         80
  C:3869H         LINE#         81
  C:3869H         LINE#         85
BL51 BANKED LINKER/LOCATER V6.00                                                      07/20/2017  10:03:44  PAGE 29


  C:386EH         LINE#         88
  C:3872H         LINE#         89
  C:387DH         LINE#         93
  C:3883H         LINE#         94
  C:388EH         LINE#         95
  C:3890H         LINE#         96
  C:3892H         LINE#         99
  C:3895H         LINE#         100
  C:389AH         LINE#         101
  C:389CH         LINE#         102
  C:389EH         LINE#         103
  C:38A1H         LINE#         104
  C:38A4H         LINE#         105
  C:38A6H         LINE#         106
  C:38A8H         LINE#         107
  C:38AAH         LINE#         108
  C:38ACH         LINE#         109
  C:38AEH         LINE#         110
  C:38B0H         LINE#         111
  C:38B2H         LINE#         112
  C:38B4H         LINE#         113
  C:38B6H         LINE#         114
  C:38B8H         LINE#         115
  C:38BAH         LINE#         116
  C:38C5H         LINE#         117
  C:38D0H         LINE#         119
  C:38D3H         LINE#         122
  -------         ENDPROC       DC_MOTOR_CONFIG
  -------         ENDMOD        MOTOR

  -------         MODULE        SERVO
  C:0000H         SYMBOL        _ICE_DUMMY_
  D:0080H         PUBLIC        P0
  D:0090H         PUBLIC        P1
  D:00A0H         PUBLIC        P2
  D:00B0H         PUBLIC        P3
  D:00C0H         PUBLIC        P4
  D:00C8H         PUBLIC        P5
  D:00E8H         PUBLIC        P6
  D:00F8H         PUBLIC        P7
  D:00BAH         PUBLIC        P_SW2
  D:00A8H         PUBLIC        IE
  C:4118H         PUBLIC        _open_STR
  C:2B86H         PUBLIC        _set_STR_angle
  D:00B8H         PUBLIC        IP
  D:00D8H         PUBLIC        CCON
  C:2005H         PUBLIC        _Init_Str_Motor
  D:0098H         PUBLIC        SCON
  D:0088H         PUBLIC        TCON
  B:00B0H.7       PUBLIC        P37
  D:00F0H         PUBLIC        B
  D:00E0H         PUBLIC        ACC
  C:449BH         PUBLIC        _read_STR_angle
  X:02FEH         SYMBOL        str_motor
  C:41F7H         PUBLIC        _close_STR
  D:00D0H         PUBLIC        PSW
  -------         PROC          _INIT_STR_MOTOR
BL51 BANKED LINKER/LOCATER V6.00                                                      07/20/2017  10:03:44  PAGE 30


  X:03AEH         SYMBOL        MOTOR
  X:03AFH         SYMBOL        pl
  X:03B3H         SYMBOL        ph
  X:03B7H         SYMBOL        ma
  X:03BBH         SYMBOL        n
  -------         DO            
  X:03BDH         SYMBOL        GPIO_InitStructure
  X:03BFH         SYMBOL        PWM_InitStructure
  -------         ENDDO         
  C:2005H         LINE#         43
  C:200AH         LINE#         44
  C:200AH         LINE#         47
  C:200FH         LINE#         48
  C:2013H         LINE#         49
  C:201EH         LINE#         54
  C:2020H         LINE#         56
  C:2023H         LINE#         57
  C:2028H         LINE#         58
  C:202AH         LINE#         59
  C:202CH         LINE#         60
  C:202FH         LINE#         61
  C:2032H         LINE#         62
  C:2034H         LINE#         63
  C:2036H         LINE#         64
  C:2038H         LINE#         65
  C:203AH         LINE#         66
  C:203CH         LINE#         67
  C:2040H         LINE#         68
  C:2043H         LINE#         69
  C:2045H         LINE#         70
  C:2047H         LINE#         71
  C:2049H         LINE#         72
  C:204BH         LINE#         73
  C:2059H         LINE#         75
  C:205CH         LINE#         76
  C:2066H         LINE#         77
  C:2072H         LINE#         78
  C:2095H         LINE#         79
  C:20B4H         LINE#         80
  C:20D3H         LINE#         81
  C:20EEH         LINE#         82
  C:2170H         LINE#         83
  C:21C3H         LINE#         84
  C:21D8H         LINE#         85
  -------         ENDPROC       _INIT_STR_MOTOR
  -------         PROC          _SET_STR_ANGLE
  X:04ABH         SYMBOL        MOTOR
  X:04ACH         SYMBOL        angle
  -------         DO            
  X:04B0H         SYMBOL        str_duty
  -------         ENDDO         
  C:2B86H         LINE#         96
  C:2B8BH         LINE#         97
  C:2B8BH         LINE#         99
  C:2BACH         LINE#         100
  C:2C29H         LINE#         110
  C:2C29H         LINE#         111
BL51 BANKED LINKER/LOCATER V6.00                                                      07/20/2017  10:03:44  PAGE 31


  C:2C52H         LINE#         112
  C:2C6EH         LINE#         113
  C:2C6EH         LINE#         114
  -------         ENDPROC       _SET_STR_ANGLE
  -------         PROC          _READ_STR_ANGLE
  D:0007H         SYMBOL        MOTOR
  C:449BH         LINE#         125
  C:449BH         LINE#         126
  C:449BH         LINE#         127
  C:44B4H         LINE#         128
  -------         ENDPROC       _READ_STR_ANGLE
  -------         PROC          _OPEN_STR
  X:0546H         SYMBOL        MOTOR
  C:4118H         LINE#         129
  C:411DH         LINE#         130
  C:411DH         LINE#         131
  C:4120H         LINE#         132
  C:4136H         LINE#         133
  C:4137H         LINE#         134
  -------         ENDPROC       _OPEN_STR
  -------         PROC          _CLOSE_STR
  X:0547H         SYMBOL        MOTOR
  C:41F7H         LINE#         135
  C:41FCH         LINE#         136
  C:41FCH         LINE#         137
  C:41FFH         LINE#         138
  C:4214H         LINE#         139
  C:4215H         LINE#         140
  -------         ENDPROC       _CLOSE_STR
  -------         ENDMOD        SERVO

  -------         MODULE        STEP_MOTOR
  C:0000H         SYMBOL        _ICE_DUMMY_
  D:0080H         PUBLIC        P0
  D:0090H         PUBLIC        P1
  D:00A0H         PUBLIC        P2
  D:00B0H         PUBLIC        P3
  D:00C0H         PUBLIC        P4
  D:00C8H         PUBLIC        P5
  D:00E8H         PUBLIC        P6
  D:00F8H         PUBLIC        P7
  C:3301H         PUBLIC        _setStepMotorWithAngle
  D:00A8H         PUBLIC        IE
  D:00B8H         PUBLIC        IP
  X:03EEH         SYMBOL        g_stepMotor
  D:00D8H         PUBLIC        CCON
  C:433FH         PUBLIC        _close_StepMotor
  C:3E2BH         PUBLIC        _setStepMotorWithRound
  D:0098H         PUBLIC        SCON
  D:0088H         PUBLIC        TCON
  C:4718H         PUBLIC        _setStepMotorDiversion
  D:00F0H         PUBLIC        B
  D:00E0H         PUBLIC        ACC
  C:42E8H         PUBLIC        _open_StepMotor
  C:3AABH         PUBLIC        _stepMotor_Init
  C:471FH         PUBLIC        _freeStepMotor
  C:4726H         PUBLIC        _lockStepMotor
BL51 BANKED LINKER/LOCATER V6.00                                                      07/20/2017  10:03:44  PAGE 32


  C:4637H         PUBLIC        _getStepMotorState
  D:00D0H         PUBLIC        PSW
  -------         PROC          _SETSTEPMOTORWITHANGLE
  X:04DFH         SYMBOL        motor
  X:04E0H         SYMBOL        angle
  X:04E4H         SYMBOL        speed
  C:3301H         LINE#         44
  C:3306H         LINE#         45
  C:3306H         LINE#         46
  C:339DH         LINE#         48
  C:339EH         LINE#         49
  -------         ENDPROC       _SETSTEPMOTORWITHANGLE
  -------         PROC          _SETSTEPMOTORWITHROUND
  D:0007H         SYMBOL        motor
  D:0004H         SYMBOL        round
  X:0548H         SYMBOL        speed
  C:3E2BH         LINE#         60
  C:3E30H         LINE#         61
  C:3E30H         LINE#         62
  C:3E58H         LINE#         63
  C:3E59H         LINE#         64
  -------         ENDPROC       _SETSTEPMOTORWITHROUND
  -------         PROC          _GETSTEPMOTORSTATE
  D:0007H         SYMBOL        motor
  C:4637H         LINE#         73
  C:4637H         LINE#         74
  C:4637H         LINE#         75
  C:4647H         LINE#         76
  -------         ENDPROC       _GETSTEPMOTORSTATE
  -------         PROC          _SETSTEPMOTORDIVERSION
  X:0549H         SYMBOL        motor
  C:4718H         LINE#         77
[...]
  C:3666H         LINE#         379
  C:3675H         LINE#         381
  C:367AH         LINE#         382
  C:367AH         LINE#         383
  C:367DH         LINE#         384
  C:3683H         LINE#         385
  C:3683H         LINE#         386
  C:368EH         LINE#         387
  C:36A2H         LINE#         388
  C:36A8H         LINE#         389
  C:36A8H         LINE#         390
  C:36A8H         LINE#         392
  C:36ADH         LINE#         393
  C:36ADH         LINE#         394
  C:36B0H         LINE#         395
  C:36BDH         LINE#         396
  C:36BDH         LINE#         397
  C:36CAH         LINE#         398
  C:36D7H         LINE#         399
  C:36D9H         LINE#         400
  C:36DEH         LINE#         401
  C:36DEH         LINE#         403
  -------         ENDPROC       UART3_INT
  -------         PROC          UART4_INT
  C:36EBH         LINE#         407
  C:36FAH         LINE#         409
  C:36FFH         LINE#         410
  C:36FFH         LINE#         411
  C:3702H         LINE#         412
  C:3708H         LINE#         413
  C:3708H         LINE#         414
  C:3713H         LINE#         415
  C:3727H         LINE#         416
  C:372DH         LINE#         417
  C:372DH         LINE#         418
  C:372DH         LINE#         420
  C:3732H         LINE#         421
  C:3732H         LINE#         422
  C:3735H         LINE#         423
  C:3742H         LINE#         424
  C:3742H         LINE#         425
  C:374FH         LINE#         426
  C:375CH         LINE#         427
  C:375EH         LINE#         428
  C:3763H         LINE#         429
  C:3763H         LINE#         431
  -------         ENDPROC       UART4_INT
  -------         ENDMOD        USART1

  -------         MODULE        STC15_EEPROM
  C:0000H         SYMBOL        _ICE_DUMMY_
  D:0080H         PUBLIC        P0
  D:0090H         PUBLIC        P1
  D:00A0H         PUBLIC        P2
BL51 BANKED LINKER/LOCATER V6.00                                                      07/20/2017  10:03:44  PAGE 80


  D:00B0H         PUBLIC        P3
  C:46C6H         PUBLIC        DisableEEPROM
  D:00C0H         PUBLIC        P4
  D:00C8H         PUBLIC        P5
  D:00C6H         PUBLIC        ISP_TRIG
  B:00A8H.7       PUBLIC        EA
  D:00E8H         PUBLIC        P6
  D:00F8H         PUBLIC        P7
  D:00A8H         PUBLIC        IE
  C:41B8H         PUBLIC        _EEPROM_SectorErase
  C:3CFCH         PUBLIC        _EEPROM_read_n
  D:00B8H         PUBLIC        IP
  D:00C5H         PUBLIC        ISP_CMD
  D:00D8H         PUBLIC        CCON
  C:3D3BH         PUBLIC        _EEPROM_write_n
  D:00C3H         PUBLIC        ISP_ADDRH
  D:0098H         PUBLIC        SCON
  D:0088H         PUBLIC        TCON
  D:00C4H         PUBLIC        ISP_ADDRL
  D:00F0H         PUBLIC        B
  D:00E0H         PUBLIC        ACC
  D:00C7H         PUBLIC        ISP_CONTR
  D:00C2H         PUBLIC        ISP_DATA
  D:00D0H         PUBLIC        PSW
  -------         PROC          DISABLEEEPROM
  C:46C6H         LINE#         30
  C:46C6H         LINE#         31
  C:46C6H         LINE#         32
  C:46C9H         LINE#         33
  C:46CBH         LINE#         34
  C:46CDH         LINE#         35
  C:46D0H         LINE#         36
  C:46D3H         LINE#         37
  -------         ENDPROC       DISABLEEEPROM
  -------         PROC          _EEPROM_READ_N
  D:0004H         SYMBOL        EE_address
  D:0001H         SYMBOL        DataAddress
  X:04D0H         SYMBOL        number
  C:3CFCH         LINE#         49
  C:3D00H         LINE#         50
  C:3D00H         LINE#         51
  C:3D02H         LINE#         52
  C:3D05H         LINE#         53
  C:3D08H         LINE#         55
  C:3D08H         LINE#         56
  C:3D0BH         LINE#         57
  C:3D0FH         LINE#         58
  C:3D15H         LINE#         61
  C:3D16H         LINE#         62
  C:3D1BH         LINE#         63
  C:3D20H         LINE#         64
  C:3D27H         LINE#         65
  C:3D35H         LINE#         67
  C:3D38H         LINE#         68
  C:3D3AH         LINE#         69
  -------         ENDPROC       _EEPROM_READ_N
  -------         PROC          _EEPROM_SECTORERASE
BL51 BANKED LINKER/LOCATER V6.00                                                      07/20/2017  10:03:44  PAGE 81


  D:0004H         SYMBOL        EE_address
  C:41B8H         LINE#         80
  C:41BCH         LINE#         81
  C:41BCH         LINE#         82
  C:41BEH         LINE#         85
  C:41C1H         LINE#         86
  C:41C5H         LINE#         87
  C:41C8H         LINE#         88
  C:41CBH         LINE#         89
  C:41D1H         LINE#         90
  C:41D2H         LINE#         91
  C:41D5H         LINE#         92
  C:41D7H         LINE#         93
  -------         ENDPROC       _EEPROM_SECTORERASE
  -------         PROC          _EEPROM_WRITE_N
  D:0004H         SYMBOL        EE_address
  D:0001H         SYMBOL        DataAddress
  X:04D7H         SYMBOL        number
  C:3D3BH         LINE#         104
  C:3D3FH         LINE#         105
  C:3D3FH         LINE#         106
  C:3D41H         LINE#         108
  C:3D44H         LINE#         109
  C:3D47H         LINE#         111
  C:3D47H         LINE#         112
  C:3D4AH         LINE#         113
  C:3D4EH         LINE#         114
  C:3D53H         LINE#         115
  C:3D59H         LINE#         116
  C:3D5AH         LINE#         117
  C:3D5FH         LINE#         118
  C:3D66H         LINE#         119
  C:3D74H         LINE#         121
  C:3D77H         LINE#         122
  C:3D79H         LINE#         123
  -------         ENDPROC       _EEPROM_WRITE_N
  -------         ENDMOD        STC15_EEPROM

  -------         MODULE        ?C?FPADD
  C:0807H         PUBLIC        ?C?FPADD
  C:0803H         PUBLIC        ?C?FPSUB
  -------         ENDMOD        ?C?FPADD

  -------         MODULE        ?C?FPMUL
  C:08F8H         PUBLIC        ?C?FPMUL
  -------         ENDMOD        ?C?FPMUL

  -------         MODULE        ?C?FPDIV
  C:0A01H         PUBLIC        ?C?FPDIV
  -------         ENDMOD        ?C?FPDIV

  -------         MODULE        ?C?FPCMP
  C:0AA0H         PUBLIC        ?C?FPCMP
  C:0A9EH         PUBLIC        ?C?FPCMP3
  -------         ENDMOD        ?C?FPCMP

  -------         MODULE        ?C?FCAST
BL51 BANKED LINKER/LOCATER V6.00                                                      07/20/2017  10:03:44  PAGE 82


  C:0B15H         PUBLIC        ?C?FCASTC
  C:0B10H         PUBLIC        ?C?FCASTI
  C:0B0BH         PUBLIC        ?C?FCASTL
  -------         ENDMOD        ?C?FCAST

  -------         MODULE        ?C?CASTF
  C:0B49H         PUBLIC        ?C?CASTF
  -------         ENDMOD        ?C?CASTF

  -------         MODULE        ?C?CLDPTR
  C:0BCAH         PUBLIC        ?C?CLDPTR
  -------         ENDMOD        ?C?CLDPTR

  -------         MODULE        ?C?CLDOPTR
  C:0BE3H         PUBLIC        ?C?CLDOPTR
  -------         ENDMOD        ?C?CLDOPTR

  -------         MODULE        ?C?CSTPTR
  C:0C10H         PUBLIC        ?C?CSTPTR
  -------         ENDMOD        ?C?CSTPTR

  -------         MODULE        ?C?CSTOPTR
  C:0C22H         PUBLIC        ?C?CSTOPTR
  -------         ENDMOD        ?C?CSTOPTR

  -------         MODULE        ?C?IMUL
  C:0C44H         PUBLIC        ?C?IMUL
  -------         ENDMOD        ?C?IMUL

  -------         MODULE        ?C?UIDIV
  C:0C56H         PUBLIC        ?C?UIDIV
  -------         ENDMOD        ?C?UIDIV

  -------         MODULE        ?C?IILDX
  C:0CABH         PUBLIC        ?C?IILDX
  -------         ENDMOD        ?C?IILDX

  -------         MODULE        ?C?ILDOPTR
  C:0CC1H         PUBLIC        ?C?ILDOPTR
  -------         ENDMOD        ?C?ILDOPTR

  -------         MODULE        ?C?LMUL
  C:0CF9H         PUBLIC        ?C?LMUL
  -------         ENDMOD        ?C?LMUL

  -------         MODULE        ?C?ULDIV
  C:0D84H         PUBLIC        ?C?ULDIV
  -------         ENDMOD        ?C?ULDIV

  -------         MODULE        ?C?SLDIV
  C:3C75H         PUBLIC        ?C?SLDIV
  -------         ENDMOD        ?C?SLDIV

  -------         MODULE        ?C?LNEG
  C:0E16H         PUBLIC        ?C?LNEG
  -------         ENDMOD        ?C?LNEG

BL51 BANKED LINKER/LOCATER V6.00                                                      07/20/2017  10:03:44  PAGE 83


  -------         MODULE        ?C?ULCMP
  C:0E24H         PUBLIC        ?C?ULCMP
  -------         ENDMOD        ?C?ULCMP

  -------         MODULE        ?C?ULSHR
  C:0E35H         PUBLIC        ?C?ULSHR
  -------         ENDMOD        ?C?ULSHR

  -------         MODULE        ?C?LLDOPTR0
  C:0E48H         PUBLIC        ?C?LLDOPTR0
  -------         ENDMOD        ?C?LLDOPTR0

  -------         MODULE        ?C?LLDIXDATA
  C:0E81H         PUBLIC        ?C?LLDIXDATA
  C:0E78H         PUBLIC        ?C?LLDIXDATA1
  C:0E7AH         PUBLIC        ?C?LLDIXDATA8
  -------         ENDMOD        ?C?LLDIXDATA

  -------         MODULE        ?C?LSTXDATA
  C:0EADH         PUBLIC        ?C?LSTXDATA
  -------         ENDMOD        ?C?LSTXDATA

  -------         MODULE        ?C?LSTKXDATA
  C:0EB9H         PUBLIC        ?C?LSTKXDATA
  -------         ENDMOD        ?C?LSTKXDATA

  -------         MODULE        ?C?LLDIDATA0
  C:0EEAH         PUBLIC        ?C?LLDIDATA0
  -------         ENDMOD        ?C?LLDIDATA0

  -------         MODULE        ?C?LLDXDATA0
  C:0EF7H         PUBLIC        ?C?LLDXDATA0
  -------         ENDMOD        ?C?LLDXDATA0

  -------         MODULE        ?C?LLDPDATA0
  C:0F03H         PUBLIC        ?C?LLDPDATA0
  -------         ENDMOD        ?C?LLDPDATA0

  -------         MODULE        ?C?LLDCODE0
  C:0F10H         PUBLIC        ?C?LLDCODE0
  -------         ENDMOD        ?C?LLDCODE0

*** WARNING L16: UNCALLED SEGMENT, IGNORED FOR OVERLAY PROCESS
    SEGMENT: ?PR?MODE1?MODE

*** WARNING L16: UNCALLED SEGMENT, IGNORED FOR OVERLAY PROCESS
    SEGMENT: ?PR?MODE2?MODE

*** WARNING L16: UNCALLED SEGMENT, IGNORED FOR OVERLAY PROCESS
    SEGMENT: ?PR?MODE3?MODE

*** WARNING L16: UNCALLED SEGMENT, IGNORED FOR OVERLAY PROCESS
    SEGMENT: ?PR?MODE4?MODE

*** WARNING L16: UNCALLED SEGMENT, IGNORED FOR OVERLAY PROCESS
    SEGMENT: ?PR?MODELAUNCHER?MODE

BL51 BANKED LINKER/LOCATER V6.00                                                      07/20/2017  10:03:44  PAGE 84


*** WARNING L16: UNCALLED SEGMENT, IGNORED FOR OVERLAY PROCESS
    SEGMENT: ?PR?_PID_CONFIG?PID

*** WARNING L16: UNCALLED SEGMENT, IGNORED FOR OVERLAY PROCESS
    SEGMENT: ?PR?_OPENPID?PID

*** WARNING L16: UNCALLED SEGMENT, IGNORED FOR OVERLAY PROCESS
    SEGMENT: ?PR?_CLOSEPID?PID

*** WARNING L16: UNCALLED SEGMENT, IGNORED FOR OVERLAY PROCESS
    SEGMENT: ?PR?_PID?PID

*** WARNING L16: UNCALLED SEGMENT, IGNORED FOR OVERLAY PROCESS
    SEGMENT: ?PR?_SETPARAMETERINFERIORLIMIT?PID

*** WARNING L16: UNCALLED SEGMENT, IGNORED FOR OVERLAY PROCESS
    SEGMENT: ?PR?_SETPARAMETERUPPERLIMIT?PID

*** WARNING L16: UNCALLED SEGMENT, IGNORED FOR OVERLAY PROCESS
    SEGMENT: ?PR?_SETACTUALPARAMETER?PID

*** WARNING L16: UNCALLED SEGMENT, IGNORED FOR OVERLAY PROCESS
    SEGMENT: ?PR?_SETKI?PID

*** WARNING L16: UNCALLED SEGMENT, IGNORED FOR OVERLAY PROCESS
    SEGMENT: ?PR?_SETKP?PID

*** WARNING L16: UNCALLED SEGMENT, IGNORED FOR OVERLAY PROCESS
    SEGMENT: ?PR?_SETKD?PID

*** WARNING L16: UNCALLED SEGMENT, IGNORED FOR OVERLAY PROCESS
    SEGMENT: ?PR?_SETPARAMETER?PID

*** WARNING L16: UNCALLED SEGMENT, IGNORED FOR OVERLAY PROCESS
    SEGMENT: ?PR?_GETPARAMETER?PID

*** WARNING L16: UNCALLED SEGMENT, IGNORED FOR OVERLAY PROCESS
    SEGMENT: ?PR?_GETERR?PID

*** WARNING L16: UNCALLED SEGMENT, IGNORED FOR OVERLAY PROCESS
    SEGMENT: ?PR?_GETERRLAST?PID

*** WARNING L16: UNCALLED SEGMENT, IGNORED FOR OVERLAY PROCESS
    SEGMENT: ?PR?_GETKP?PID

*** WARNING L16: UNCALLED SEGMENT, IGNORED FOR OVERLAY PROCESS
    SEGMENT: ?PR?_GETKI?PID

*** WARNING L16: UNCALLED SEGMENT, IGNORED FOR OVERLAY PROCESS
    SEGMENT: ?PR?_GETKD?PID

*** WARNING L16: UNCALLED SEGMENT, IGNORED FOR OVERLAY PROCESS
    SEGMENT: ?PR?_GETOUTPUT?PID

*** WARNING L16: UNCALLED SEGMENT, IGNORED FOR OVERLAY PROCESS
    SEGMENT: ?PR?_GETINTEGRAL?PID

BL51 BANKED LINKER/LOCATER V6.00                                                      07/20/2017  10:03:44  PAGE 85


*** WARNING L16: UNCALLED SEGMENT, IGNORED FOR OVERLAY PROCESS
    SEGMENT: ?PR?_SENDSCOPEDATA?DATASCOPE_DP

*** WARNING L16: UNCALLED SEGMENT, IGNORED FOR OVERLAY PROCESS
    SEGMENT: ?PR?_WRITEDATA?STORAGE

*** WARNING L16: UNCALLED SEGMENT, IGNORED FOR OVERLAY PROCESS
    SEGMENT: ?PR?_GETBUTTONSTATE?BUTTON

*** WARNING L16: UNCALLED SEGMENT, IGNORED FOR OVERLAY PROCESS
    SEGMENT: ?PR?BUTTONSCAN?BUTTON

*** WARNING L16: UNCALLED SEGMENT, IGNORED FOR OVERLAY PROCESS
    SEGMENT: ?PR?GETBOARD_LED_STATE?LED

*** WARNING L16: UNCALLED SEGMENT, IGNORED FOR OVERLAY PROCESS
    SEGMENT: ?PR?_BOARD_LED_PWM?LED

*** WARNING L16: UNCALLED SEGMENT, IGNORED FOR OVERLAY PROCESS
    SEGMENT: ?PR?_SETDC_MOTORSPEED?MOTOR

*** WARNING L16: UNCALLED SEGMENT, IGNORED FOR OVERLAY PROCESS
    SEGMENT: ?PR?_OPEN_DC_MOTOR?MOTOR

*** WARNING L16: UNCALLED SEGMENT, IGNORED FOR OVERLAY PROCESS
    SEGMENT: ?PR?_CLOSE_DC_MOTOR?MOTOR

*** WARNING L16: UNCALLED SEGMENT, IGNORED FOR OVERLAY PROCESS
    SEGMENT: ?PR?_GETDC_MOTORSTATE?MOTOR

*** WARNING L16: UNCALLED SEGMENT, IGNORED FOR OVERLAY PROCESS
    SEGMENT: ?PR?DC_MOTOR_CONFIG?MOTOR

*** WARNING L16: UNCALLED SEGMENT, IGNORED FOR OVERLAY PROCESS
    SEGMENT: ?PR?_INIT_STR_MOTOR?SERVO

*** WARNING L16: UNCALLED SEGMENT, IGNORED FOR OVERLAY PROCESS
    SEGMENT: ?PR?_SET_STR_ANGLE?SERVO

*** WARNING L16: UNCALLED SEGMENT, IGNORED FOR OVERLAY PROCESS
    SEGMENT: ?PR?_READ_STR_ANGLE?SERVO

*** WARNING L16: UNCALLED SEGMENT, IGNORED FOR OVERLAY PROCESS
    SEGMENT: ?PR?_OPEN_STR?SERVO

*** WARNING L16: UNCALLED SEGMENT, IGNORED FOR OVERLAY PROCESS
    SEGMENT: ?PR?_CLOSE_STR?SERVO

*** WARNING L16: UNCALLED SEGMENT, IGNORED FOR OVERLAY PROCESS
    SEGMENT: ?PR?_SETSTEPMOTORWITHROUND?STEP_MOTOR

*** WARNING L16: UNCALLED SEGMENT, IGNORED FOR OVERLAY PROCESS
    SEGMENT: ?PR?_GETSTEPMOTORSTATE?STEP_MOTOR

*** WARNING L16: UNCALLED SEGMENT, IGNORED FOR OVERLAY PROCESS
    SEGMENT: ?PR?_SETSTEPMOTORDIVERSION?STEP_MOTOR

BL51 BANKED LINKER/LOCATER V6.00                                                      07/20/2017  10:03:44  PAGE 86


*** WARNING L16: UNCALLED SEGMENT, IGNORED FOR OVERLAY PROCESS
    SEGMENT: ?PR?_CLOSE_STEPMOTOR?STEP_MOTOR

*** WARNING L16: UNCALLED SEGMENT, IGNORED FOR OVERLAY PROCESS
    SEGMENT: ?PR?_OPEN_STEPMOTOR?STEP_MOTOR

*** WARNING L16: UNCALLED SEGMENT, IGNORED FOR OVERLAY PROCESS
    SEGMENT: ?PR?_FREESTEPMOTOR?STEP_MOTOR

*** WARNING L16: UNCALLED SEGMENT, IGNORED FOR OVERLAY PROCESS
    SEGMENT: ?PR?_LOCKSTEPMOTOR?STEP_MOTOR

*** WARNING L16: UNCALLED SEGMENT, IGNORED FOR OVERLAY PROCESS
    SEGMENT: ?PR?_STEPMOTOR_INIT?STEP_MOTOR

*** WARNING L16: UNCALLED SEGMENT, IGNORED FOR OVERLAY PROCESS
    SEGMENT: ?PR?_SETRELAY?RELAY

*** WARNING L16: UNCALLED SEGMENT, IGNORED FOR OVERLAY PROCESS
    SEGMENT: ?PR?_UNSETRELAY?RELAY

*** WARNING L16: UNCALLED SEGMENT, IGNORED FOR OVERLAY PROCESS
    SEGMENT: ?PR?RELAY_INIT?RELAY

*** WARNING L16: UNCALLED SEGMENT, IGNORED FOR OVERLAY PROCESS
    SEGMENT: ?PR?GETANGLE?ANGLE

*** WARNING L16: UNCALLED SEGMENT, IGNORED FOR OVERLAY PROCESS
    SEGMENT: ?PR?_LCD1602_WRITE_WORD?LCD1602

*** WARNING L16: UNCALLED SEGMENT, IGNORED FOR OVERLAY PROCESS
    SEGMENT: ?PR?LCD1602_INIT?LCD1602

*** WARNING L16: UNCALLED SEGMENT, IGNORED FOR OVERLAY PROCESS
    SEGMENT: ?PR?_HC595_INIT?74HC595

*** WARNING L16: UNCALLED SEGMENT, IGNORED FOR OVERLAY PROCESS
    SEGMENT: ?PR?_HC595SENDDATA?74HC595

*** WARNING L16: UNCALLED SEGMENT, IGNORED FOR OVERLAY PROCESS
    SEGMENT: ?PR?_LCD_CLR_ROW?LCD5510_V2

*** WARNING L16: UNCALLED SEGMENT, IGNORED FOR OVERLAY PROCESS
    SEGMENT: ?PR?_LCD_PRINTS?LCD5510_V2

*** WARNING L16: UNCALLED SEGMENT, IGNORED FOR OVERLAY PROCESS
    SEGMENT: ?PR?_LCD_PRINTSL?LCD5510_V2

*** WARNING L16: UNCALLED SEGMENT, IGNORED FOR OVERLAY PROCESS
    SEGMENT: ?PR?LCD5510_INIT?LCD5510_V2

*** WARNING L16: UNCALLED SEGMENT, IGNORED FOR OVERLAY PROCESS
    SEGMENT: ?PR?_GETPULSERSTATE?FIXEDPULSER

*** WARNING L16: UNCALLED SEGMENT, IGNORED FOR OVERLAY PROCESS
    SEGMENT: ?PR?_ADC_POWERCONTROL?ADC

BL51 BANKED LINKER/LOCATER V6.00                                                      07/20/2017  10:03:44  PAGE 87


*** WARNING L16: UNCALLED SEGMENT, IGNORED FOR OVERLAY PROCESS
    SEGMENT: ?PR?_SETPINSTATE?GPIO

*** WARNING L16: UNCALLED SEGMENT, IGNORED FOR OVERLAY PROCESS
    SEGMENT: ?PR?_PWMN_UPDATE?PCA

*** WARNING L16: UNCALLED SEGMENT, IGNORED FOR OVERLAY PROCESS
    SEGMENT: ?PR?_PCA_INIT?PCA

*** WARNING L16: UNCALLED SEGMENT, IGNORED FOR OVERLAY PROCESS
    SEGMENT: ?PR?_PWMOUTPUT?PCA

*** WARNING L16: UNCALLED SEGMENT, IGNORED FOR OVERLAY PROCESS
    SEGMENT: ?PR?_GET_PWM_PERIOD?STC15_PWM

*** WARNING L16: UNCALLED SEGMENT, IGNORED FOR OVERLAY PROCESS
    SEGMENT: ?PR?_GET_PWM_N_DUTY?STC15_PWM

*** WARNING L16: UNCALLED SEGMENT, IGNORED FOR OVERLAY PROCESS
    SEGMENT: ?PR?_GETPWM_DIV?STC15_PWM

*** WARNING L16: UNCALLED SEGMENT, IGNORED FOR OVERLAY PROCESS
    SEGMENT: ?PR?OPEN_PWM_ALL?STC15_PWM

*** WARNING L16: UNCALLED SEGMENT, IGNORED FOR OVERLAY PROCESS
    SEGMENT: ?PR?CLOSE_PWM_ALL?STC15_PWM

*** WARNING L16: UNCALLED SEGMENT, IGNORED FOR OVERLAY PROCESS
    SEGMENT: ?PR?_GET_PWM_N_STATE?STC15_PWM

*** WARNING L16: UNCALLED SEGMENT, IGNORED FOR OVERLAY PROCESS
    SEGMENT: ?PR?_SETTIMEOUT?TIMER

*** WARNING L16: UNCALLED SEGMENT, IGNORED FOR OVERLAY PROCESS
    SEGMENT: ?PR?_GETTIMEROUT?TIMER

*** WARNING L16: UNCALLED SEGMENT, IGNORED FOR OVERLAY PROCESS
    SEGMENT: ?PR?_SETTIMERHERTZ?TIMER

*** WARNING L16: UNCALLED SEGMENT, IGNORED FOR OVERLAY PROCESS
    SEGMENT: ?PR?_GETTIMERHERTZ?TIMER

*** WARNING L16: UNCALLED SEGMENT, IGNORED FOR OVERLAY PROCESS
    SEGMENT: ?PR?_STOPTIMER?TIMER

*** WARNING L16: UNCALLED SEGMENT, IGNORED FOR OVERLAY PROCESS
    SEGMENT: ?PR?_ISSTOPPED?TIMER

*** WARNING L16: UNCALLED SEGMENT, IGNORED FOR OVERLAY PROCESS
    SEGMENT: ?PR?_ONRESTARTTIMER?TIMER

*** WARNING L16: UNCALLED SEGMENT, IGNORED FOR OVERLAY PROCESS
    SEGMENT: ?PR?GETMICROS?TIMER

*** WARNING L16: UNCALLED SEGMENT, IGNORED FOR OVERLAY PROCESS
    SEGMENT: ?PR?GETMILLIS?TIMER

BL51 BANKED LINKER/LOCATER V6.00                                                      07/20/2017  10:03:44  PAGE 88


*** WARNING L16: UNCALLED SEGMENT, IGNORED FOR OVERLAY PROCESS
    SEGMENT: ?PR?GETSECONDS?TIMER

*** WARNING L16: UNCALLED SEGMENT, IGNORED FOR OVERLAY PROCESS
    SEGMENT: ?PR?GETMINUTES?TIMER

*** WARNING L16: UNCALLED SEGMENT, IGNORED FOR OVERLAY PROCESS
    SEGMENT: ?PR?GETHOURS?TIMER

*** WARNING L16: UNCALLED SEGMENT, IGNORED FOR OVERLAY PROCESS
    SEGMENT: ?PR?GETDAYS?TIMER

*** WARNING L16: UNCALLED SEGMENT, IGNORED FOR OVERLAY PROCESS
    SEGMENT: ?PR?_PRINTSTRING2?USART1

*** WARNING L16: UNCALLED SEGMENT, IGNORED FOR OVERLAY PROCESS
    SEGMENT: ?PR?_PRINTSTRING3?USART1

*** WARNING L16: UNCALLED SEGMENT, IGNORED FOR OVERLAY PROCESS
    SEGMENT: ?PR?_PRINTSTRING4?USART1

*** WARNING L16: UNCALLED SEGMENT, IGNORED FOR OVERLAY PROCESS
    SEGMENT: ?PR?_EEPROM_READ_N?STC15_EEPROM

*** WARNING L16: UNCALLED SEGMENT, IGNORED FOR OVERLAY PROCESS
    SEGMENT: ?PR?_EEPROM_SECTORERASE?STC15_EEPROM

*** WARNING L16: UNCALLED SEGMENT, IGNORED FOR OVERLAY PROCESS
    SEGMENT: ?PR?_EEPROM_WRITE_N?STC15_EEPROM

******************************************************************************
* RESTRICTED VERSION WITH FFFFH BYTE CODE SIZE LIMIT; USED: 3796H BYTE (21%) *
******************************************************************************

Program Size: data=19.3 xdata=1363 code=16268
LINK/LOCATE RUN COMPLETE.  91 WARNING(S),  0 ERROR(S)
