BL51 BANKED LINKER/LOCATER V6.00                                                        07/19/2017  22:02:17  PAGE 1


BL51 BANKED LINKER/LOCATER V6.00, INVOKED BY:
C:\KEIL_V5\C51\BIN\BL51.EXE .\absTask.obj, .\task.obj, .\setup.obj, .\mode.obj, .\Conf_tny.obj, .\PID.obj, .\FILTER.obj,
>>  .\DataScope_DP.obj, .\storage.obj, .\BUTTON.obj, .\LED.obj, .\MOTOR.obj, .\SERVO.obj, .\STEP_MOTOR.obj, .\RELAY.obj,
>>  .\ANGLE.obj, .\LCD1602.obj, .\74HC595.obj, .\LCD5510_V2.obj, .\fixedPulser.obj, .\ADC.obj, .\delay.obj, .\GPIO.obj, 
>> .\PCA.obj, .\stc15_pwm.obj, .\timer.obj, .\USART1.obj, .\stc15_eeprom.obj TO 电子大赛程序框架 RTX51TINY RAMSIZE (256)
>> 


MEMORY MODEL: LARGE WITH FLOATING POINT ARITHMETIC


INPUT MODULES INCLUDED:
  .\absTask.obj (ABSTASK)
  .\task.obj (TASK)
  .\setup.obj (SETUP)
  .\mode.obj (MODE)
  .\Conf_tny.obj (?RTX51_TINY_KERNAL)
  .\PID.obj (PID)
  .\FILTER.obj (FILTER)
  .\DataScope_DP.obj (DATASCOPE_DP)
  .\storage.obj (STORAGE)
  .\BUTTON.obj (BUTTON)
  .\LED.obj (LED)
  .\MOTOR.obj (MOTOR)
  .\SERVO.obj (SERVO)
  .\STEP_MOTOR.obj (STEP_MOTOR)
  .\RELAY.obj (RELAY)
  .\ANGLE.obj (ANGLE)
  .\LCD1602.obj (LCD1602)
  .\74HC595.obj (74HC595)
  .\LCD5510_V2.obj (LCD5510_V2)
  .\fixedPulser.obj (FIXEDPULSER)
  .\ADC.obj (ADC)
  .\delay.obj (DELAY)
  .\GPIO.obj (GPIO)
  .\PCA.obj (PCA)
  .\stc15_pwm.obj (STC15_PWM)
  .\timer.obj (TIMER)
  .\USART1.obj (USART1)
  .\stc15_eeprom.obj (STC15_EEPROM)
  C:\KEIL_V5\C51\LIB\RTX51TNY.LIB (?RTX51_TINY_OS_CREATE)
  C:\KEIL_V5\C51\LIB\RTX51TNY.LIB (?RTX51_TINY_OS_DELETE)
  C:\KEIL_V5\C51\LIB\RTX51TNY.LIB (?RTX51_TINY_OS_WAIT)
  C:\KEIL_V5\C51\LIB\C51FPL.LIB (?C?FPADD)
  C:\KEIL_V5\C51\LIB\C51FPL.LIB (?C?FPMUL)
  C:\KEIL_V5\C51\LIB\C51FPL.LIB (?C?FPDIV)
  C:\KEIL_V5\C51\LIB\C51FPL.LIB (?C?FPCMP)
  C:\KEIL_V5\C51\LIB\C51FPL.LIB (?C?FCAST)
  C:\KEIL_V5\C51\LIB\C51FPL.LIB (?C?CASTF)
  C:\KEIL_V5\C51\LIB\C51FPL.LIB (?C?FPGETOPN)
  C:\KEIL_V5\C51\LIB\C51L.LIB (?C_STARTUP)
  C:\KEIL_V5\C51\LIB\C51L.LIB (?C?CLDPTR)
  C:\KEIL_V5\C51\LIB\C51L.LIB (?C?CLDOPTR)
  C:\KEIL_V5\C51\LIB\C51L.LIB (?C?CSTPTR)
  C:\KEIL_V5\C51\LIB\C51L.LIB (?C?CSTOPTR)
  C:\KEIL_V5\C51\LIB\C51L.LIB (?C?IMUL)
  C:\KEIL_V5\C51\LIB\C51L.LIB (?C?UIDIV)
  C:\KEIL_V5\C51\LIB\C51L.LIB (?C?IILDX)
BL51 BANKED LINKER/LOCATER V6.00                                                      07/19/2017  22:02:17  PAGE 2


  C:\KEIL_V5\C51\LIB\C51L.LIB (?C?ILDIX)
  C:\KEIL_V5\C51\LIB\C51L.LIB (?C?ILDOPTR)
  C:\KEIL_V5\C51\LIB\C51L.LIB (?C?LMUL)
  C:\KEIL_V5\C51\LIB\C51L.LIB (?C?ULDIV)
  C:\KEIL_V5\C51\LIB\C51L.LIB (?C?SLDIV)
  C:\KEIL_V5\C51\LIB\C51L.LIB (?C?LNEG)
  C:\KEIL_V5\C51\LIB\C51L.LIB (?C?ULCMP)
  C:\KEIL_V5\C51\LIB\C51L.LIB (?C?ULSHR)
  C:\KEIL_V5\C51\LIB\C51L.LIB (?C?LLDOPTR0)
  C:\KEIL_V5\C51\LIB\C51L.LIB (?C?LLDIXDATA)
  C:\KEIL_V5\C51\LIB\C51L.LIB (?C?LSTXDATA)
  C:\KEIL_V5\C51\LIB\C51L.LIB (?C?LSTKXDATA)
  C:\KEIL_V5\C51\LIB\C51L.LIB (?C_INIT)
  C:\KEIL_V5\C51\LIB\C51L.LIB (?C?LLDIDATA0)
  C:\KEIL_V5\C51\LIB\C51L.LIB (?C?LLDXDATA0)
  C:\KEIL_V5\C51\LIB\C51L.LIB (?C?LLDPDATA0)
  C:\KEIL_V5\C51\LIB\C51L.LIB (?C?LLDCODE0)


TASK TABLE OF MODULE:  电子大赛程序框架 (ABSTASK)

TASKID   PRIORITY   REG-BANK   SEGMENT NAME
-------------------------------------------
0        0          0          ?PR?TASKSTART?ABSTASK
1        0          0          ?PR?TASK1?ABSTASK
2        0          0          ?PR?TASK2?ABSTASK
3        0          0          ?PR?TASK3?ABSTASK
5        0          0          ?PR?TASK5?ABSTASK
7        0          0          ?PR?TASK7?ABSTASK
8        0          0          ?PR?TASK8?ABSTASK
9        0          0          ?PR?TASK9?ABSTASK



LINK MAP OF MODULE:  电子大赛程序框架 (ABSTASK)


            TYPE    BASE      LENGTH    RELOCATION   SEGMENT NAME
            -----------------------------------------------------

            * * * * * * *   D A T A   M E M O R Y   * * * * * * *
            REG     0000H     0008H     ABSOLUTE     "REG BANK 0"
            DATA    0008H     0006H     ABSOLUTE     
            IDATA   000EH     000AH     UNIT         ?RTX?TASKSP?S
                    0018H     0008H                  *** GAP ***
            BIT     0020H.0   0000H.4   UNIT         ?BI?BUTTON
            BIT     0020H.4   0000H.3   UNIT         ?BI?PCA
            BIT     0020H.7   0000H.2   UNIT         _BIT_GROUP_
            BIT     0021H.1   0000H.1   UNIT         ?RTX?BITS
            BIT     0021H.2   0000H.1   UNIT         ?BI?LED
            BIT     0021H.3   0000H.1   UNIT         ?BI?_SETPINSTATE?GPIO
                    0021H.4   0000H.4                *** GAP ***
            IDATA   0022H     0014H     UNIT         ?RTX?TASKSTATE?S
            IDATA   0036H     0001H     UNIT         ?STACK

            * * * * * * *  X D A T A   M E M O R Y  * * * * * * *
            XDATA   0000H     028CH     UNIT         ?XD?USART1
BL51 BANKED LINKER/LOCATER V6.00                                                      07/19/2017  22:02:17  PAGE 3


            XDATA   028CH     00F2H     UNIT         _XDATA_GROUP_
            XDATA   037EH     0072H     UNIT         ?XD?PID
            XDATA   03F0H     004AH     UNIT         ?XD?SERVO
            XDATA   043AH     003CH     UNIT         ?XD?STC15_PWM
            XDATA   0476H     002AH     UNIT         ?XD?DATASCOPE_DP
            XDATA   04A0H     0021H     UNIT         ?XD?_INIT_STR_MOTOR?SERVO
            XDATA   04C1H     001FH     UNIT         ?XD?FIXEDPULSER
            XDATA   04E0H     001CH     UNIT         ?XD?STEP_MOTOR
            XDATA   04FCH     0016H     UNIT         ?XD?TIMER
            XDATA   0512H     0015H     UNIT         ?XD?PCA
            XDATA   0527H     0012H     UNIT         ?XD?DC_MOTOR_CONFIG?MOTOR
            XDATA   0539H     0012H     UNIT         ?XD?PULSERINIT?FIXEDPULSER
            XDATA   054BH     0011H     UNIT         ?XD?TIMERINIT?TIMER
            XDATA   055CH     000DH     UNIT         ?XD?_PID_CONFIG?PID
            XDATA   0569H     0009H     UNIT         ?XD?_SET_STR_ANGLE?SERVO
            XDATA   0572H     0008H     UNIT         ?XD?_STEPMOTOR_INIT?STEP_MOTOR
            XDATA   057AH     0008H     UNIT         ?XD?ANGLE
            XDATA   0582H     0007H     UNIT         ?XD?_SETPULSE?FIXEDPULSER
            XDATA   0589H     0007H     UNIT         ?XD?_EEPROM_READ_N?STC15_EEPROM
            XDATA   0590H     0007H     UNIT         ?XD?_EEPROM_WRITE_N?STC15_EEPROM
            XDATA   0597H     0006H     UNIT         ?XD?_SETSTEPMOTORWITHANGLE?STEP_MOTOR
            XDATA   059DH     0005H     UNIT         ?XD?_SETPARAMETERINFERIORLIMIT?PID
            XDATA   05A2H     0005H     UNIT         ?XD?_SETPARAMETERUPPERLIMIT?PID
            XDATA   05A7H     0005H     UNIT         ?XD?_SETACTUALPARAMETER?PID
            XDATA   05ACH     0005H     UNIT         ?XD?_SETKI?PID
            XDATA   05B1H     0005H     UNIT         ?XD?_SETKP?PID
            XDATA   05B6H     0005H     UNIT         ?XD?_SETKD?PID
            XDATA   05BBH     0005H     UNIT         ?XD?_SETPARAMETER?PID
            XDATA   05C0H     0005H     UNIT         ?XD?_WRITEDATA?STORAGE
            XDATA   05C5H     0005H     UNIT         ?XD?_SETDC_MOTORSPEED?MOTOR
            XDATA   05CAH     0005H     UNIT         ?XD?_SET_PWM_DUTY?STC15_PWM
            XDATA   05CFH     0004H     UNIT         ?XD?ABSTASK
            XDATA   05D3H     0004H     UNIT         ?XD?MOTOR
            XDATA   05D7H     0004H     UNIT         ?XD?_HC595_INIT?74HC595
            XDATA   05DBH     0003H     UNIT         ?XD?RELAY
            XDATA   05DEH     0003H     UNIT         ?XD?_LCD1602_WRITE_WORD?LCD1602
            XDATA   05E1H     0003H     UNIT         ?XD?_PCA_INIT?PCA
            XDATA   05E4H     0003H     UNIT         ?XD?_PWMOUTPUT?PCA
            XDATA   05E7H     0002H     UNIT         ?XD?SETUP
            XDATA   05E9H     0002H     UNIT         ?XD?_PWM_INILIZE?STC15_PWM
            XDATA   05EBH     0002H     UNIT         ?XD?_SET_PWM_PERIOD?STC15_PWM
            XDATA   05EDH     0001H     UNIT         ?XD?_PID?PID
            XDATA   05EEH     0001H     UNIT         ?XD?_BOARD_LED_PWM?LED
            XDATA   05EFH     0001H     UNIT         ?XD?_OPEN_DC_MOTOR?MOTOR
            XDATA   05F0H     0001H     UNIT         ?XD?_CLOSE_DC_MOTOR?MOTOR
            XDATA   05F1H     0001H     UNIT         ?XD?_OPEN_STR?SERVO
            XDATA   05F2H     0001H     UNIT         ?XD?_CLOSE_STR?SERVO
            XDATA   05F3H     0001H     UNIT         ?XD?_SETSTEPMOTORWITHROUND?STEP_MOTOR
            XDATA   05F4H     0001H     UNIT         ?XD?_SETSTEPMOTORDIVERSION?STEP_MOTOR
            XDATA   05F5H     0001H     UNIT         ?XD?_CLOSE_STEPMOTOR?STEP_MOTOR
            XDATA   05F6H     0001H     UNIT         ?XD?_OPEN_STEPMOTOR?STEP_MOTOR
            XDATA   05F7H     0001H     UNIT         ?XD?_FREESTEPMOTOR?STEP_MOTOR
            XDATA   05F8H     0001H     UNIT         ?XD?_LOCKSTEPMOTOR?STEP_MOTOR
            XDATA   05F9H     0001H     UNIT         ?XD?_LCD1602_WRITE_CHAR?LCD1602
            XDATA   05FAH     0001H     UNIT         ?XD?_LCD1602_WRITE_COM?LCD1602
            XDATA   05FBH     0001H     UNIT         ?XD?_HC595SENDDATA?74HC595
            XDATA   05FCH     0001H     UNIT         ?XD?_OPENPULSER?FIXEDPULSER
BL51 BANKED LINKER/LOCATER V6.00                                                      07/19/2017  22:02:17  PAGE 4


            XDATA   05FDH     0001H     UNIT         ?XD?_CLOSEPULSER?FIXEDPULSER

            * * * * * * *   C O D E   M E M O R Y   * * * * * * *
            CODE    0000H     0003H     ABSOLUTE     
                    0003H     0008H                  *** GAP ***
            CODE    000BH     0003H     ABSOLUTE     
                    000EH     000DH                  *** GAP ***
            CODE    001BH     0003H     ABSOLUTE     
                    001EH     0005H                  *** GAP ***
            CODE    0023H     0003H     ABSOLUTE     
                    0026H     0005H                  *** GAP ***
            CODE    002BH     0003H     ABSOLUTE     
                    002EH     000DH                  *** GAP ***
            CODE    003BH     0003H     ABSOLUTE     
                    003EH     0005H                  *** GAP ***
            CODE    0043H     0003H     ABSOLUTE     
                    0046H     0045H                  *** GAP ***
            CODE    008BH     0003H     ABSOLUTE     
                    008EH     0005H                  *** GAP ***
            CODE    0093H     0003H     ABSOLUTE     
                    0096H     0005H                  *** GAP ***
            CODE    009BH     0003H     ABSOLUTE     
                    009EH     0005H                  *** GAP ***
            CODE    00A3H     0003H     ABSOLUTE     
                    00A6H     000DH                  *** GAP ***
            CODE    00B3H     0003H     ABSOLUTE     
                    00B6H     074AH                  *** GAP ***
            CODE    0800H     0736H     UNIT         ?C?LIB_CODE
            CODE    0F36H     06E0H     UNIT         ?PR?_USART_CONFIGURATION?USART1
            CODE    1616H     039AH     UNIT         ?PR?_PWM_INILIZE?STC15_PWM
            CODE    19B0H     02E3H     UNIT         ?RTX?CODE
            CODE    1C93H     025EH     UNIT         ?CO?LCD5510_V2
            CODE    1EF1H     0233H     UNIT         ?PR?_TIMER_INILIZE?TIMER
            CODE    2124H     01DAH     UNIT         ?PR?_PID?PID
            CODE    22FEH     01D4H     UNIT         ?PR?_INIT_STR_MOTOR?SERVO
            CODE    24D2H     01C4H     UNIT         ?PR?_GPIO_INILIZE?GPIO
            CODE    2696H     019FH     UNIT         ?PR?_PCA_INIT?PCA
            CODE    2835H     013DH     UNIT         ?PR?_PWMOUTPUT?PCA
            CODE    2972H     0136H     UNIT         ?PR?_FILTER?FILTER
            CODE    2AA8H     0134H     UNIT         ?PR?_DATASCOPE_GET_CHANNEL_DATA?DATASCOPE_DP
            CODE    2BDCH     0131H     UNIT         ?PR?_PID_CONFIG?PID
            CODE    2D0DH     0116H     UNIT         ?PR?_SET_STR_ANGLE?SERVO
            CODE    2E23H     010FH     UNIT         ?PR?_SET_PWM_DUTY?STC15_PWM
            CODE    2F32H     00BAH     UNIT         ?PR?PWM_ROUTINE?FIXEDPULSER
            CODE    2FECH     00B1H     UNIT         ?CO?TIMER
            CODE    309DH     00AEH     UNIT         ?PR?_PWMN_UPDATE?PCA
            CODE    314BH     00ACH     UNIT         ?C_INITSEG
            CODE    31F7H     00AAH     UNIT         ?PR?_FLOAT2BYTE?DATASCOPE_DP
            CODE    32A1H     00A9H     UNIT         ?PR?TIMERINIT?TIMER
            CODE    334AH     00A5H     UNIT         ?PR?_DATASCOPE_DATA_GENERATE?DATASCOPE_DP
            CODE    33EFH     00A3H     UNIT         ?PR?PCA_HANDLER?PCA
            CODE    3492H     009EH     UNIT         ?PR?_SETSTEPMOTORWITHANGLE?STEP_MOTOR
            CODE    3530H     009AH     UNIT         ?PR?_PWM_SET_T12_PERIOD?STC15_PWM
            CODE    35CAH     0092H     UNIT         ?PR?_SETDC_MOTORSPEED?MOTOR
            CODE    365CH     008CH     UNIT         ?C_C51STARTUP
            CODE    36E8H     008AH     UNIT         ?PR?TIMER4_INT?TIMER
            CODE    3772H     0085H     UNIT         ?PR?UART2_INT?USART1
BL51 BANKED LINKER/LOCATER V6.00                                                      07/19/2017  22:02:17  PAGE 5


            CODE    37F7H     0085H     UNIT         ?PR?UART3_INT?USART1
            CODE    387CH     0085H     UNIT         ?PR?UART4_INT?USART1
            CODE    3901H     007FH     UNIT         ?PR?UART1_INT?USART1
            CODE    3980H     007AH     UNIT         ?PR?GETANGLE?ANGLE
            CODE    39FAH     006FH     UNIT         ?PR?TEST?SETUP
            CODE    3A69H     006BH     UNIT         ?PR?DC_MOTOR_CONFIG?MOTOR
            CODE    3AD4H     0069H     UNIT         ?PR?PULSERINIT?FIXEDPULSER
            CODE    3B3DH     0061H     UNIT         ?PR?_SET_PWM_PERIOD?STC15_PWM
            CODE    3B9EH     005EH     UNIT         ?PR?_GET_ADC10BITRESULT?ADC
            CODE    3BFCH     0058H     UNIT         ?PR?_SETPULSE?FIXEDPULSER
            CODE    3C54H     0057H     UNIT         ?PR?BUTTONSCAN?BUTTON
            CODE    3CABH     0054H     UNIT         ?PR?_STEPMOTOR_INIT?STEP_MOTOR
            CODE    3CFFH     0053H     UNIT         ?PR?_ADC_INILIZE?ADC
            CODE    3D52H     004BH     UNIT         ?PR?_LCD_PRINTSL?LCD5510_V2
            CODE    3D9DH     0049H     UNIT         ?CO?SETUP
            CODE    3DE6H     0048H     UNIT         ?PR?TIMER3_INT?TIMER
            CODE    3E2EH     0047H     UNIT         ?PR?TIMER1_ISR?TIMER
            CODE    3E75H     0044H     UNIT         ?C?LDIV
            CODE    3EB9H     0043H     UNIT         ?PR?LCD5510_INIT?LCD5510_V2
            CODE    3EFCH     003FH     UNIT         ?PR?_EEPROM_READ_N?STC15_EEPROM
            CODE    3F3BH     003FH     UNIT         ?PR?_EEPROM_WRITE_N?STC15_EEPROM
            CODE    3F7AH     003DH     UNIT         ?PR?_LCD_PRINTC?LCD5510_V2
            CODE    3FB7H     003BH     UNIT         ?PR?_LCD_PRINTS?LCD5510_V2
            CODE    3FF2H     0039H     UNIT         ?PR?_SENDSCOPEDATA?DATASCOPE_DP
            CODE    402BH     002FH     UNIT         ?PR?_SETSTEPMOTORWITHROUND?STEP_MOTOR
            CODE    405AH     002FH     UNIT         ?PR?_LCD1602_WRITE_WORD?LCD1602
            CODE    4089H     002CH     UNIT         ?PR?_UART1_INIT?SETUP
            CODE    40B5H     002BH     UNIT         ?PR?TASKSTART?ABSTASK
            CODE    40E0H     0028H     UNIT         ?PR?BOARD_LED_INIT?LED
            CODE    4108H     0028H     UNIT         ?PR?_OPEN_PWM_N?STC15_PWM
            CODE    4130H     0028H     UNIT         ?PR?_TX2_WRITE2BUFF?USART1
            CODE    4158H     0028H     UNIT         ?PR?_TX3_WRITE2BUFF?USART1
            CODE    4180H     0028H     UNIT         ?PR?_TX4_WRITE2BUFF?USART1
            CODE    41A8H     0027H     UNIT         ?PR?_TX1_WRITE2BUFF?USART1
            CODE    41CFH     0025H     UNIT         ?PR?TASK8?ABSTASK
            CODE    41F4H     0025H     UNIT         ?PR?_CLOSE_PWM_N?STC15_PWM
            CODE    4219H     0025H     UNIT         ?PR?_SETTIMEOUT?TIMER
            CODE    423EH     0022H     UNIT         ?PR?_BLINK?LED
            CODE    4260H     0021H     UNIT         ?PR?_SETPARAMETERINFERIORLIMIT?PID
            CODE    4281H     0021H     UNIT         ?PR?_SETPARAMETERUPPERLIMIT?PID
            CODE    42A2H     0021H     UNIT         ?PR?_SETACTUALPARAMETER?PID
            CODE    42C3H     0021H     UNIT         ?PR?_SETKI?PID
            CODE    42E4H     0021H     UNIT         ?PR?_SETKP?PID
            CODE    4305H     0021H     UNIT         ?PR?_SETKD?PID
            CODE    4326H     0021H     UNIT         ?PR?_SETPARAMETER?PID
            CODE    4347H     0021H     UNIT         ?PR?LCD_CLR_SCR?LCD5510_V2
            CODE    4368H     0020H     UNIT         ?PR?_OPEN_STR?SERVO
            CODE    4388H     0020H     UNIT         ?PR?_LCD_WRITE_BYTE?LCD5510_V2
            CODE    43A8H     0020H     UNIT         ?PR?_OPENPULSER?FIXEDPULSER
            CODE    43C8H     0020H     UNIT         ?PR?_CLOSEPULSER?FIXEDPULSER
            CODE    43E8H     0020H     UNIT         ?PR?_RESTARTTIMER?TIMER
            CODE    4408H     0020H     UNIT         ?PR?_EEPROM_SECTORERASE?STC15_EEPROM
            CODE    4428H     001FH     UNIT         ?PR?BUTTON_CONFIG?BUTTON
            CODE    4447H     001FH     UNIT         ?PR?_CLOSE_STR?SERVO
            CODE    4466H     001FH     UNIT         ?PR?_ISEXPIREDTIMER?TIMER
            CODE    4485H     001FH     UNIT         ?PR?_ISSTOPPED?TIMER
            CODE    44A4H     001EH     UNIT         ?PR?_OPEN_DC_MOTOR?MOTOR
BL51 BANKED LINKER/LOCATER V6.00                                                      07/19/2017  22:02:17  PAGE 6


            CODE    44C2H     001EH     UNIT         ?PR?LCD1602_GPIO_CONFIG?LCD1602
            CODE    44E0H     001DH     UNIT         ?PR?SETUP?SETUP
            CODE    44FDH     001DH     UNIT         ?PR?_GETBUTTONSTATE?BUTTON
            CODE    451AH     001DH     UNIT         ?PR?_CLOSE_DC_MOTOR?MOTOR
            CODE    4537H     001DH     UNIT         ?PR?_OPEN_STEPMOTOR?STEP_MOTOR
            CODE    4554H     001DH     UNIT         ?PR?LCD1602_INIT?LCD1602
            CODE    4571H     001DH     UNIT         ?PR?_ISACTIVETIMER?TIMER
            CODE    458EH     001CH     UNIT         ?PR?_CLOSE_STEPMOTOR?STEP_MOTOR
            CODE    45AAH     001CH     UNIT         ?PR?_ADC_CONFIG?ANGLE
            CODE    45C6H     001CH     UNIT         ?PR?_LCD1602_WRITE_CHAR?LCD1602
            CODE    45E2H     001CH     UNIT         ?PR?_LCD1602_WRITE_COM?LCD1602
            CODE    45FEH     001CH     UNIT         ?PR?_SETTIMERHERTZ?TIMER
            CODE    461AH     001AH     UNIT         ?PR?TASK9?ABSTASK
            CODE    4634H     001AH     UNIT         ?PR?_GETPARAMETER?PID
            CODE    464EH     001AH     UNIT         ?PR?_GETERR?PID
            CODE    4668H     001AH     UNIT         ?PR?_GETERRLAST?PID
            CODE    4682H     001AH     UNIT         ?PR?_GETKP?PID
            CODE    469CH     001AH     UNIT         ?PR?_GETKI?PID
            CODE    46B6H     001AH     UNIT         ?PR?_GETKD?PID
            CODE    46D0H     001AH     UNIT         ?PR?_GETOUTPUT?PID
            CODE    46EAH     001AH     UNIT         ?PR?_GETINTEGRAL?PID
            CODE    4704H     001AH     UNIT         ?PR?_READ_STR_ANGLE?SERVO
            CODE    471EH     001AH     UNIT         ?PR?_GET_PWM_PERIOD?STC15_PWM
            CODE    4738H     001AH     UNIT         ?PR?_GET_PWM_N_DUTY?STC15_PWM
            CODE    4752H     001AH     UNIT         ?PR?_GETTIMEROUT?TIMER
            CODE    476CH     001AH     UNIT         ?PR?_GETTIMERHERTZ?TIMER
            CODE    4786H     0019H     UNIT         ?PR?TASK5?ABSTASK
            CODE    479FH     0019H     UNIT         ?PR?_HC595_INIT?74HC595
            CODE    47B8H     0019H     UNIT         ?PR?_STOPTIMER?TIMER
            CODE    47D1H     0018H     UNIT         ?PR?TASK3?ABSTASK
            CODE    47E9H     0018H     UNIT         ?PR?_PWM_SET_PERIOD?STC15_PWM
            CODE    4801H     0017H     UNIT         ?PR?_PRINTSTRING1?USART1
            CODE    4818H     0016H     UNIT         ?PR?TASK7?ABSTASK
            CODE    482EH     0014H     UNIT         ?RTX?TASKENT?S
            CODE    4842H     0014H     UNIT         ?PR?_LCD_POS_BYTE?LCD5510_V2
            CODE    4856H     0013H     UNIT         ?PR?_LCD_CLR_ROW?LCD5510_V2
            CODE    4869H     0013H     UNIT         ?PR?_PRINTSTRING2?USART1
            CODE    487CH     0013H     UNIT         ?PR?_PRINTSTRING3?USART1
            CODE    488FH     0013H     UNIT         ?PR?_PRINTSTRING4?USART1
            CODE    48A2H     0012H     UNIT         ?PR?_OPENPID?PID
            CODE    48B4H     0012H     UNIT         ?PR?_WRITEDATA?STORAGE
            CODE    48C6H     0012H     UNIT         ?PR?_GETPULSERSTATE?FIXEDPULSER
            CODE    48D8H     0012H     UNIT         ?PR?_GET_PWM_N_STATE?STC15_PWM
            CODE    48EAH     0011H     UNIT         ?PR?TASK1?ABSTASK
            CODE    48FBH     0011H     UNIT         ?PR?_CLOSEPID?PID
            CODE    490CH     0011H     UNIT         ?PR?_GETSTEPMOTORSTATE?STEP_MOTOR
            CODE    491DH     0011H     UNIT         ?PR?_HC595SENDDATA?74HC595
            CODE    492EH     0011H     UNIT         ?PR?_SETPWM_DIV?STC15_PWM
            CODE    493FH     0011H     UNIT         ?PR?_GETPWM_DIV?STC15_PWM
            CODE    4950H     0010H     UNIT         ?PR?_GETDC_MOTORSTATE?MOTOR
            CODE    4960H     0010H     UNIT         ?PR?_DELAY_MS?DELAY
            CODE    4970H     000FH     UNIT         ?PR?_SETRELAY?RELAY
            CODE    497FH     000EH     UNIT         ?PR?_UNSETRELAY?RELAY
            CODE    498DH     000EH     UNIT         ?PR?_ONRESTARTTIMER?TIMER
            CODE    499BH     000EH     UNIT         ?PR?DISABLEEEPROM?STC15_EEPROM
            CODE    49A9H     000CH     UNIT         ?PR?_ADC_POWERCONTROL?ADC
            CODE    49B5H     000AH     UNIT         ?PR?_DIGITALREAD?BUTTON
BL51 BANKED LINKER/LOCATER V6.00                                                      07/19/2017  22:02:17  PAGE 7


            CODE    49BFH     000AH     UNIT         ?PR?OPEN_PWM_ALL?STC15_PWM
            CODE    49C9H     000AH     UNIT         ?PR?CLOSE_PWM_ALL?STC15_PWM
            CODE    49D3H     0009H     UNIT         ?PR?GETMICROS?TIMER
            CODE    49DCH     0009H     UNIT         ?PR?GETMILLIS?TIMER
            CODE    49E5H     0007H     UNIT         ?PR?_SETSTEPMOTORDIVERSION?STEP_MOTOR
            CODE    49ECH     0007H     UNIT         ?PR?_FREESTEPMOTOR?STEP_MOTOR
            CODE    49F3H     0007H     UNIT         ?PR?_LOCKSTEPMOTOR?STEP_MOTOR
            CODE    49FAH     0006H     UNIT         ?PR?_BOARD_LED_PWM?LED
            CODE    4A00H     0006H     UNIT         ?PR?GETSECONDS?TIMER
            CODE    4A06H     0006H     UNIT         ?PR?GETMINUTES?TIMER
            CODE    4A0CH     0006H     UNIT         ?PR?GETHOURS?TIMER
            CODE    4A12H     0006H     UNIT         ?PR?GETDAYS?TIMER
            CODE    4A18H     0005H     UNIT         ?PR?OPEN_BOARD_LED?LED
            CODE    4A1DH     0005H     UNIT         ?PR?CLOSE_BOARD_LED?LED
            CODE    4A22H     0004H     UNIT         ?PR?ADC_INT?ADC
            CODE    4A26H     0003H     UNIT         ?PR?GETBOARD_LED_STATE?LED
            CODE    4A29H     0003H     UNIT         ?PR?_SETPINSTATE?GPIO
            CODE    4A2CH     0001H     UNIT         ?PR?TASK2?ABSTASK
            CODE    4A2DH     0001H     UNIT         ?PR?MODE1?MODE
            CODE    4A2EH     0001H     UNIT         ?PR?MODE2?MODE
            CODE    4A2FH     0001H     UNIT         ?PR?MODE3?MODE
            CODE    4A30H     0001H     UNIT         ?PR?MODE4?MODE
            CODE    4A31H     0001H     UNIT         ?PR?MODELAUNCHER?MODE
            CODE    4A32H     0001H     UNIT         ?PR?RELAY_INIT?RELAY



OVERLAY MAP OF MODULE:   电子大赛程序框架 (ABSTASK)


SEGMENT                                             BIT_GROUP          XDATA_GROUP
  +--> CALLED SEGMENT                            START    LENGTH     START    LENGTH
------------------------------------------------------------------------------------
?PR?TASKSTART?ABSTASK                            -----    -----      -----    -----
  +--> ?PR?SETUP?SETUP
  +--> ?PR?_BLINK?LED

?PR?SETUP?SETUP                                  -----    -----      -----    -----
  +--> ?PR?_UART1_INIT?SETUP
  +--> ?PR?BOARD_LED_INIT?LED
  +--> ?PR?BUTTON_CONFIG?BUTTON
  +--> ?PR?_ADC_CONFIG?ANGLE
  +--> ?PR?TEST?SETUP

?PR?_UART1_INIT?SETUP                            -----    -----      028CH    000DH
  +--> ?PR?_USART_CONFIGURATION?USART1

?PR?_USART_CONFIGURATION?USART1                  -----    -----      0299H    0009H

?PR?BOARD_LED_INIT?LED                           -----    -----      028CH    0002H
  +--> ?PR?_GPIO_INILIZE?GPIO
  +--> ?PR?OPEN_BOARD_LED?LED
  +--> ?PR?_DELAY_MS?DELAY
  +--> ?PR?CLOSE_BOARD_LED?LED

?PR?BUTTON_CONFIG?BUTTON                         -----    -----      028CH    0002H
  +--> ?PR?_GPIO_INILIZE?GPIO
BL51 BANKED LINKER/LOCATER V6.00                                                      07/19/2017  22:02:17  PAGE 8



?PR?_ADC_CONFIG?ANGLE                            -----    -----      028CH    0006H
  +--> ?PR?_ADC_INILIZE?ADC

?PR?TEST?SETUP                                   -----    -----      028CH    0004H
  +--> ?PR?LCD5510_INIT?LCD5510_V2
  +--> ?PR?_LCD_PRINTS?LCD5510_V2
  +--> ?PR?_DELAY_MS?DELAY
  +--> ?PR?_LCD_CLR_ROW?LCD5510_V2
  +--> ?PR?_LCD_PRINTSL?LCD5510_V2
  +--> ?PR?LCD_CLR_SCR?LCD5510_V2

?PR?LCD5510_INIT?LCD5510_V2                      -----    -----      0290H    0002H
  +--> ?PR?_GPIO_INILIZE?GPIO
  +--> ?PR?_LCD_WRITE_BYTE?LCD5510_V2
  +--> ?PR?LCD_CLR_SCR?LCD5510_V2

?PR?LCD_CLR_SCR?LCD5510_V2                       -----    -----      -----    -----
  +--> ?PR?_LCD_WRITE_BYTE?LCD5510_V2

?PR?_LCD_PRINTS?LCD5510_V2                       -----    -----      0290H    0005H
  +--> ?PR?_LCD_PRINTC?LCD5510_V2

?PR?_LCD_PRINTC?LCD5510_V2                       -----    -----      -----    -----
  +--> ?PR?_LCD_POS_BYTE?LCD5510_V2
  +--> ?CO?LCD5510_V2
  +--> ?PR?_LCD_WRITE_BYTE?LCD5510_V2

?PR?_LCD_POS_BYTE?LCD5510_V2                     -----    -----      -----    -----
  +--> ?PR?_LCD_WRITE_BYTE?LCD5510_V2

?PR?_LCD_CLR_ROW?LCD5510_V2                      -----    -----      -----    -----
  +--> ?PR?_LCD_POS_BYTE?LCD5510_V2
  +--> ?PR?_LCD_WRITE_BYTE?LCD5510_V2

?PR?_LCD_PRINTSL?LCD5510_V2                      -----    -----      0290H    0005H
  +--> ?PR?_LCD_PRINTC?LCD5510_V2

?PR?_BLINK?LED                                   -----    -----      028CH    0001H
  +--> ?PR?OPEN_BOARD_LED?LED
  +--> ?PR?_DELAY_MS?DELAY
  +--> ?PR?CLOSE_BOARD_LED?LED

*** NEW ROOT ***************************************************

?PR?TASK1?ABSTASK                                -----    -----      02A2H    0001H

*** NEW ROOT ***************************************************

?PR?TASK2?ABSTASK                                -----    -----      02A3H    0028H

*** NEW ROOT ***************************************************

?PR?TASK3?ABSTASK                                -----    -----      02CBH    0065H

*** NEW ROOT ***************************************************

BL51 BANKED LINKER/LOCATER V6.00                                                      07/19/2017  22:02:17  PAGE 9


?PR?TASK5?ABSTASK                                -----    -----      0330H    0004H
  +--> ?PR?BUTTONSCAN?BUTTON

?PR?BUTTONSCAN?BUTTON                            -----    -----      -----    -----
  +--> ?PR?_DIGITALREAD?BUTTON

*** NEW ROOT ***************************************************

?PR?TASK7?ABSTASK                                -----    -----      -----    -----
  +--> ?PR?_GETBUTTONSTATE?BUTTON
  +--> ?PR?OPEN_BOARD_LED?LED

*** NEW ROOT ***************************************************

?PR?TASK8?ABSTASK                                -----    -----      -----    -----
  +--> ?PR?GETANGLE?ANGLE
  +--> ?PR?OPEN_BOARD_LED?LED
  +--> ?PR?CLOSE_BOARD_LED?LED

?PR?GETANGLE?ANGLE                               0021H.0  0000H.1    0359H    0015H
  +--> ?PR?_GET_ADC10BITRESULT?ADC
  +--> ?PR?_FILTER?FILTER

?PR?_FILTER?FILTER                               -----    -----      036EH    0010H

*** NEW ROOT ***************************************************

?PR?TASK9?ABSTASK                                -----    -----      -----    -----
  +--> ?PR?GETANGLE?ANGLE
  +--> ?PR?_SENDSCOPEDATA?DATASCOPE_DP

?PR?_SENDSCOPEDATA?DATASCOPE_DP                  -----    -----      0359H    0006H
  +--> ?PR?_DATASCOPE_GET_CHANNEL_DATA?DATAS...
  +--> ?PR?_DATASCOPE_DATA_GENERATE?DATASCOP...
  +--> ?PR?_TX1_WRITE2BUFF?USART1

?PR?_DATASCOPE_GET_CHANNEL_DATA?DATAS...         -----    -----      035FH    0005H
  +--> ?PR?_FLOAT2BYTE?DATASCOPE_DP

?PR?_FLOAT2BYTE?DATASCOPE_DP                     -----    -----      0364H    000AH

*** NEW ROOT ***************************************************

?PR?PWM_ROUTINE?FIXEDPULSER                      -----    -----      -----    -----
  +--> ?PR?_CLOSE_PWM_N?STC15_PWM

*** NEW ROOT ***************************************************

?C_C51STARTUP                                    -----    -----      -----    -----
  +--> ?C_INITSEG

?C_INITSEG                                       -----    -----      -----    -----
  +--> ?CO?SETUP



SYMBOL TABLE OF MODULE:  电子大赛程序框架 (ABSTASK)
BL51 BANKED LINKER/LOCATER V6.00                                                      07/19/2017  22:02:17  PAGE 10



  VALUE           TYPE          NAME
  ----------------------------------

  -------         MODULE        ABSTASK
  C:0000H         SYMBOL        _ICE_DUMMY_
  D:0080H         PUBLIC        P0
  D:0090H         PUBLIC        P1
  D:00A0H         PUBLIC        P2
  D:00B0H         PUBLIC        P3
  D:00C0H         PUBLIC        P4
  D:00C8H         PUBLIC        P5
  D:00E8H         PUBLIC        P6
  D:00F8H         PUBLIC        P7
  D:00A8H         PUBLIC        IE
  D:00B8H         PUBLIC        IP
  D:00D8H         PUBLIC        CCON
  D:0098H         PUBLIC        SCON
  D:0088H         PUBLIC        TCON
  D:00F0H         PUBLIC        B
  C:40B5H         PUBLIC        taskStart
  D:00E0H         PUBLIC        ACC
  C:48EAH         PUBLIC        task1
  C:4A2CH         PUBLIC        task2
  C:47D1H         PUBLIC        task3
  C:4786H         PUBLIC        task5
  C:4818H         PUBLIC        task7
  C:41CFH         PUBLIC        task8
  C:461AH         PUBLIC        task9
  D:00D0H         PUBLIC        PSW
  -------         PROC          TASKSTART
  C:40B5H         LINE#         13
  C:40B5H         LINE#         15
  C:40B8H         LINE#         16
  C:40BDH         LINE#         17
  C:40C2H         LINE#         19
  C:40C7H         LINE#         20
  C:40CCH         LINE#         22
  C:40D1H         LINE#         23
  C:40D6H         LINE#         24
  C:40DBH         LINE#         25
  -------         ENDPROC       TASKSTART
  -------         PROC          TASK1
  -------         DO            
  X:02A2H         SYMBOL        i
  -------         ENDDO         
  C:48EAH         LINE#         27
  C:48EAH         LINE#         29
  C:48EFH         LINE#         30
  C:48EFH         LINE#         31
  C:48EFH         LINE#         33
  C:48F9H         LINE#         35
  -------         ENDPROC       TASK1
  -------         PROC          TASK2
  -------         DO            
  X:05CFH         SYMBOL        count
  X:02A3H         SYMBOL        test
BL51 BANKED LINKER/LOCATER V6.00                                                      07/19/2017  22:02:17  PAGE 11


  -------         ENDDO         
  C:4A2CH         LINE#         37
  C:4A2CH         LINE#         45
  -------         ENDPROC       TASK2
  -------         PROC          TASK3
  -------         DO            
  X:02CBH         SYMBOL        string
  X:05D1H         SYMBOL        count
  X:032FH         SYMBOL        i
  -------         ENDDO         
  C:47D1H         LINE#         46
  C:47D1H         LINE#         50
  C:47D7H         LINE#         51
  C:47D7H         LINE#         52
  C:47DDH         LINE#         54
  C:47E7H         LINE#         56
  -------         ENDPROC       TASK3
  -------         PROC          TASK5
  -------         DO            
  X:0330H         SYMBOL        count
  -------         ENDDO         
  C:4786H         LINE#         59
  C:4786H         LINE#         61
  C:4790H         LINE#         62
  C:4790H         LINE#         63
  C:4790H         LINE#         65
  C:4793H         LINE#         66
  C:479DH         LINE#         67
  -------         ENDPROC       TASK5
  -------         PROC          TASK7
  C:4818H         LINE#         70
  C:4818H         LINE#         72
  C:4818H         LINE#         73
  C:4818H         LINE#         74
  C:481FH         LINE#         75
  C:481FH         LINE#         76
  C:4822H         LINE#         77
  C:4822H         LINE#         79
  C:482CH         LINE#         80
  -------         ENDPROC       TASK7
  -------         PROC          TASK8
  C:41CFH         LINE#         82
  C:41CFH         LINE#         84
  C:41CFH         LINE#         85
  C:41CFH         LINE#         86
  C:41E0H         LINE#         87
  C:41E0H         LINE#         88
  C:41E3H         LINE#         89
  C:41E5H         LINE#         91
  C:41E5H         LINE#         92
  C:41E8H         LINE#         93
  C:41E8H         LINE#         94
  C:41F2H         LINE#         95
  -------         ENDPROC       TASK8
  -------         PROC          TASK9
  C:461AH         LINE#         97
  C:461AH         LINE#         99
BL51 BANKED LINKER/LOCATER V6.00                                                      07/19/2017  22:02:17  PAGE 12


  C:461AH         LINE#         100
  C:461AH         LINE#         101
  C:4628H         LINE#         102
  C:4632H         LINE#         104
  -------         ENDPROC       TASK9
  -------         ENDMOD        ABSTASK

  -------         MODULE        TASK
  C:0000H         SYMBOL        _ICE_DUMMY_
  D:0080H         PUBLIC        P0
  D:0090H         PUBLIC        P1
  D:00A0H         PUBLIC        P2
  D:00B0H         PUBLIC        P3
  D:00C0H         PUBLIC        P4
  D:00C8H         PUBLIC        P5
  D:00E8H         PUBLIC        P6
  D:00F8H         PUBLIC        P7
  D:00A8H         PUBLIC        IE
  D:00B8H         PUBLIC        IP
  D:00D8H         PUBLIC        CCON
  D:0098H         PUBLIC        SCON
  D:0088H         PUBLIC        TCON
  D:00F0H         PUBLIC        B
  D:00E0H         PUBLIC        ACC
  D:00D0H         PUBLIC        PSW
  -------         ENDMOD        TASK

  -------         MODULE        SETUP
  C:0000H         SYMBOL        _ICE_DUMMY_
  D:0080H         PUBLIC        P0
  D:0090H         PUBLIC        P1
  D:00A0H         PUBLIC        P2
  D:00B0H         PUBLIC        P3
  D:00C0H         PUBLIC        P4
  D:00C8H         PUBLIC        P5
  B:00A8H.7       PUBLIC        EA
  D:00E8H         PUBLIC        P6
  C:4089H         PUBLIC        _UART1_init
  D:00F8H         PUBLIC        P7
  X:05E7H         PUBLIC        str1
  D:00A8H         PUBLIC        IE
  D:00B8H         PUBLIC        IP
  D:00D8H         PUBLIC        CCON
  D:0098H         PUBLIC        SCON
  C:44E0H         PUBLIC        setup
  D:0088H         PUBLIC        TCON
  D:00F0H         PUBLIC        B
  C:39FAH         PUBLIC        test
  D:00E0H         PUBLIC        ACC
  D:00D0H         PUBLIC        PSW
  -------         PROC          _UART1_INIT
  D:0004H         SYMBOL        BandRate
  -------         DO            
  X:028CH         SYMBOL        COMx_InitStructure
  -------         ENDDO         
  C:4089H         LINE#         39
  C:4089H         LINE#         40
BL51 BANKED LINKER/LOCATER V6.00                                                      07/19/2017  22:02:17  PAGE 13


  C:4089H         LINE#         42
  C:408FH         LINE#         43
  C:4093H         LINE#         44
  C:4097H         LINE#         45
  C:409DH         LINE#         46
  C:40A0H         LINE#         47
  C:40A3H         LINE#         48
  C:40A5H         LINE#         49
  C:40A8H         LINE#         50
  C:40AAH         LINE#         51
  -------         ENDPROC       _UART1_INIT
  -------         PROC          TEST
  -------         DO            
  X:028CH         SYMBOL        i
  X:028DH         SYMBOL        j
  X:028EH         SYMBOL        k
  X:028FH         SYMBOL        LCD_contrast
  -------         ENDDO         
  C:39FAH         LINE#         54
  C:39FAH         LINE#         55
  C:39FAH         LINE#         56
  C:3A00H         LINE#         62
  C:3A03H         LINE#         63
  C:3A12H         LINE#         64
  C:3A12H         LINE#         65
  C:3A27H         LINE#         66
  C:3A32H         LINE#         67
  C:3A37H         LINE#         68
  C:3A39H         LINE#         69
  C:3A52H         LINE#         70
  C:3A61H         LINE#         72
  C:3A66H         LINE#         73
  -------         ENDPROC       TEST
  -------         PROC          SETUP
  C:44E0H         LINE#         76
  C:44E0H         LINE#         77
  C:44E0H         LINE#         78
  C:44EBH         LINE#         80
  C:44EEH         LINE#         81
  C:44F1H         LINE#         82
  C:44F8H         LINE#         84
  C:44FAH         LINE#         85
  -------         ENDPROC       SETUP
  -------         ENDMOD        SETUP

  -------         MODULE        MODE
  C:0000H         SYMBOL        _ICE_DUMMY_
  C:4A2DH         PUBLIC        mode1
  C:4A2EH         PUBLIC        mode2
  C:4A2FH         PUBLIC        mode3
  C:4A30H         PUBLIC        mode4
  C:4A31H         PUBLIC        modeLauncher
  -------         PROC          MODE1
  C:4A2DH         LINE#         2
  C:4A2DH         LINE#         3
  C:4A2DH         LINE#         5
  -------         ENDPROC       MODE1
BL51 BANKED LINKER/LOCATER V6.00                                                      07/19/2017  22:02:17  PAGE 14


  -------         PROC          MODE2
  C:4A2EH         LINE#         7
  C:4A2EH         LINE#         8
  C:4A2EH         LINE#         10
  -------         ENDPROC       MODE2
  -------         PROC          MODE3
  C:4A2FH         LINE#         13
  C:4A2FH         LINE#         14
  C:4A2FH         LINE#         16
  -------         ENDPROC       MODE3
  -------         PROC          MODE4
  C:4A30H         LINE#         18
  C:4A30H         LINE#         19
  C:4A30H         LINE#         21
  -------         ENDPROC       MODE4
  -------         PROC          MODELAUNCHER
  C:4A31H         LINE#         22
  C:4A31H         LINE#         23
  C:4A31H         LINE#         25
  -------         ENDPROC       MODELAUNCHER
  -------         ENDMOD        MODE

  -------         MODULE        ?RTX51_TINY_KERNAL
  C:482EH         SEGMENT       ?RTX?TASKENT?S
  I:000EH         SEGMENT       ?RTX?TASKSP?S
  I:0022H         SEGMENT       ?RTX?TASKSTATE?S
  B:0021H.1       SEGMENT       ?RTX?BITS
  C:19B0H         SEGMENT       ?RTX?CODE
  C:19FFH         PUBLIC        ?RTX?SET_ISR
  D:000CH         PUBLIC        ?RTX_CURRENTTASK
  D:0007H         PUBLIC        ?RTX_NEXTID
  C:1A42H         PUBLIC        ?RTX_NEXTTASK
  N:00FFH         PUBLIC        ?RTX_RAMTOP
  C:482EH         PUBLIC        ?RTX_TASKENTRY
  C:1B21H         PUBLIC        ?RTX_TASKIDX
  I:000EH         PUBLIC        ?RTX_TASKSP
  I:0022H         PUBLIC        ?RTX_TASKSTATUS
  C:1AE5H         PUBLIC        MAIN
  C:1A2BH         PUBLIC        OS_SWITCH_TASK
  C:1A34H         SYMBOL        ?C0001
  C:1A3EH         SYMBOL        ?C0003
  C:1A43H         SYMBOL        ?C0005
  C:1A5DH         SYMBOL        ?C0007
  C:1A5FH         SYMBOL        ?C0009
  C:1A69H         SYMBOL        ?C0011
  C:1A96H         SYMBOL        ?C0012
  C:1A7CH         SYMBOL        ?C0013
  C:1A81H         SYMBOL        ?C0015
  C:1A8CH         SYMBOL        ?C0016
  N:0000H         SYMBOL        ?RTX51_TINY_KERNAL
  N:F63CH         SYMBOL        ?RTX_CLOCK
  N:0008H         SYMBOL        ?RTX_REGISTERBANK
  D:000DH         SYMBOL        ?RTX_ROBINTIME
  D:000AH         SYMBOL        ?RTX_SAVEACC
  D:000BH         SYMBOL        ?RTX_SAVEPSW
  C:19B0H         SYMBOL        ?RTX_STACKERROR
  C:1A03H         SYMBOL        ?RTX_TASKSWITCHING
BL51 BANKED LINKER/LOCATER V6.00                                                      07/19/2017  22:02:17  PAGE 15


  B:0021H.1       SYMBOL        ?RTX_TS_DELAY
  D:00E0H         SYMBOL        ACC
  D:00F0H         SYMBOL        B
  N:0005H         SYMBOL        B_ACTIVE
  N:0007H         SYMBOL        B_IVL
  N:0007H         SYMBOL        B_RDY
  N:0004H         SYMBOL        B_READY
  N:0006H         SYMBOL        B_ROBIN
  N:0002H         SYMBOL        B_SIGNAL
  N:0003H         SYMBOL        B_TIMEOUT
  N:0000H         SYMBOL        B_WAITSIG
  N:0001H         SYMBOL        B_WAITTIM
  C:1A00H         SYMBOL        CHECKROBINTIME
  C:19DAH         SYMBOL        CHECKSTACK
  N:0000H         SYMBOL        CODE_BANKING
  N:0000H         SYMBOL        CPU_IDLE_CODE
  D:0083H         SYMBOL        DPH
  D:0082H         SYMBOL        DPL
  B:00A8H.7       SYMBOL        EA
  B:00A8H.4       SYMBOL        ES
  B:00A8H.1       SYMBOL        ET0
  B:00A8H.3       SYMBOL        ET1
  B:00A8H.0       SYMBOL        EX0
  B:00A8H.2       SYMBOL        EX1
  N:0014H         SYMBOL        FREE_STACK
  C:19B4H         SYMBOL        HW_TIMER
  D:00A8H         SYMBOL        IE
  B:0088H.1       SYMBOL        IE0
  B:0088H.3       SYMBOL        IE1
  N:09C4H         SYMBOL        INT_CLOCK
  N:0001H         SYMBOL        INT_REGBANK
  B:0088H.0       SYMBOL        IT0
  B:0088H.2       SYMBOL        IT1
  N:0020H         SYMBOL        K_ACTIVE
  N:0080H         SYMBOL        K_IVL
  N:0080H         SYMBOL        K_RDY
  N:0010H         SYMBOL        K_READY
  N:0040H         SYMBOL        K_ROBIN
  N:0001H         SYMBOL        K_SIG
  N:0002H         SYMBOL        K_TMO
  N:0000H         SYMBOL        LONG_USR_INTR
  C:1AEEH         SYMBOL        MAIN1
  C:1AF8H         SYMBOL        MAIN1X
  C:1AF3H         SYMBOL        MAIN2
  C:1AB9H         SYMBOL        NOEVENT
  C:19FFH         SYMBOL        NOROBINTIMEOUT
  C:19F6H         SYMBOL        NOTIMEOUT
  C:19F4H         SYMBOL        NOWAITTIMEOUT
  C:1A2BH         SYMBOL        OS_SWITCH_TASK1
  D:0087H         SYMBOL        PCON
  D:00D0H         SYMBOL        PSW
  N:00FFH         SYMBOL        RAMTOP
  N:0080H         SYMBOL        RDY_EVENT
  C:1AC5H         SYMBOL        ROBINON
  C:1AADH         SYMBOL        SIGNALOFF
  C:1AB9H         SYMBOL        SIGNALON
  N:0004H         SYMBOL        SIG_EVENT
BL51 BANKED LINKER/LOCATER V6.00                                                      07/19/2017  22:02:17  PAGE 16


  D:0081H         SYMBOL        SP
  I:0023H         SYMBOL        TASKSTATE
  D:0088H         SYMBOL        TCON
  B:0088H.5       SYMBOL        TF0
  B:0088H.7       SYMBOL        TF1
  D:008CH         SYMBOL        TH0
  D:008DH         SYMBOL        TH1
  C:1AB5H         SYMBOL        TIMEOUTON
  C:19B5H         SYMBOL        TIMERINT
  C:19E6H         SYMBOL        TIMERLOOP
  I:0022H         SYMBOL        TIMERVAL
  N:000AH         SYMBOL        TIMESHARING
  D:008AH         SYMBOL        TL0
  D:008BH         SYMBOL        TL1
  D:0089H         SYMBOL        TMOD
  N:0008H         SYMBOL        TMO_EVENT
  B:0088H.4       SYMBOL        TR0
  B:0088H.6       SYMBOL        TR1
  C:000BH         LINE#         271
  C:19B0H         LINE#         279
  C:19B4H         LINE#         282
  C:19B5H         LINE#         299
  C:19B8H         LINE#         301
  C:19BBH         LINE#         302
  C:19BEH         LINE#         303
  C:19C0H         LINE#         305
  C:19C2H         LINE#         306
  C:19C4H         LINE#         307
  C:19C6H         LINE#         308
  C:19C8H         LINE#         309
  C:19CAH         LINE#         310
  C:19CCH         LINE#         311
  C:19CEH         LINE#         312
  C:19D0H         LINE#         316
  C:19D1H         LINE#         317
  C:19D3H         LINE#         318
  C:19D4H         LINE#         319
  C:19D5H         LINE#         320
  C:19D8H         LINE#         321
  C:19DAH         LINE#         322
  C:19DBH         LINE#         323
  C:19DDH         LINE#         324
  C:19E0H         LINE#         325
  C:19E2H         LINE#         329
  C:19E4H         LINE#         330
  C:19E6H         LINE#         331
  C:19E7H         LINE#         332
  C:19E8H         LINE#         333
  C:19E9H         LINE#         334
  C:19EBH         LINE#         335
  C:19EDH         LINE#         336
  C:19EEH         LINE#         337
  C:19F1H         LINE#         338
  C:19F3H         LINE#         339
  C:19F4H         LINE#         340
  C:19F6H         LINE#         341
  C:19F7H         LINE#         342
BL51 BANKED LINKER/LOCATER V6.00                                                      07/19/2017  22:02:17  PAGE 17


  C:19F9H         LINE#         344
  C:19FAH         LINE#         345
  C:19FCH         LINE#         360
  C:19FFH         LINE#         366
  C:1A00H         LINE#         367
  C:1A03H         LINE#         370
  C:1A05H         LINE#         371
  C:1A07H         LINE#         372
  C:1A09H         LINE#         373
  C:1A0BH         LINE#         374
  C:1A0DH         LINE#         375
  C:1A0FH         LINE#         376
  C:1A11H         LINE#         377
  C:1A13H         LINE#         378
  C:1A15H         LINE#         379
  C:1A17H         LINE#         380
  C:1A19H         LINE#         381
  C:1A1BH         LINE#         382
  C:1A1DH         LINE#         387
  C:1A1FH         LINE#         388
  C:1A20H         LINE#         389
  C:1A22H         LINE#         390
  C:1A23H         LINE#         391
  C:1A25H         LINE#         392
  C:1A27H         LINE#         393
  C:1A28H         LINE#         394
  C:1A29H         LINE#         395
  C:1A2BH         LINE#         424
  C:1A2DH         LINE#         426
  C:1A2FH         LINE#         427
  C:1A30H         LINE#         429
  C:1A31H         LINE#         430
  C:1A33H         LINE#         431
  C:1A34H         LINE#         434
  C:1A35H         LINE#         435
  C:1A36H         LINE#         436
  C:1A37H         LINE#         444
  C:1A3AH         LINE#         445
  C:1A3CH         LINE#         446
  C:1A3EH         LINE#         449
  C:1A3FH         LINE#         450
  C:1A42H         LINE#         458
  C:1A43H         LINE#         462
  C:1A45H         LINE#         463
  C:1A46H         LINE#         464
  C:1A47H         LINE#         465
  C:1A49H         LINE#         468
  C:1A4BH         LINE#         470
  C:1A4DH         LINE#         471
  C:1A4FH         LINE#         472
  C:1A50H         LINE#         473
  C:1A51H         LINE#         474
  C:1A52H         LINE#         476
  C:1A54H         LINE#         478
  C:1A55H         LINE#         479
  C:1A56H         LINE#         480
  C:1A58H         LINE#         481
BL51 BANKED LINKER/LOCATER V6.00                                                      07/19/2017  22:02:17  PAGE 18


  C:1A5BH         LINE#         482
  C:1A5DH         LINE#         484
  C:1A5EH         LINE#         485
  C:1A5FH         LINE#         490
  C:1A60H         LINE#         491
  C:1A61H         LINE#         492
  C:1A63H         LINE#         496
  C:1A64H         LINE#         497
  C:1A65H         LINE#         498
  C:1A67H         LINE#         499
  C:1A69H         LINE#         505
  C:1A6BH         LINE#         506
  C:1A6CH         LINE#         507
  C:1A6DH         LINE#         508
  C:1A6FH         LINE#         510
  C:1A71H         LINE#         511
  C:1A73H         LINE#         512
  C:1A74H         LINE#         513
  C:1A75H         LINE#         516
  C:1A77H         LINE#         517
  C:1A7AH         LINE#         518
  C:1A7CH         LINE#         520
  C:1A7DH         LINE#         522
  C:1A7EH         LINE#         523
  C:1A7FH         LINE#         524
  C:1A80H         LINE#         525
  C:1A81H         LINE#         529
  C:1A83H         LINE#         530
  C:1A84H         LINE#         531
  C:1A86H         LINE#         535
  C:1A88H         LINE#         536
  C:1A89H         LINE#         537
  C:1A8AH         LINE#         539
  C:1A8CH         LINE#         543
  C:1A8EH         LINE#         544
  C:1A90H         LINE#         545
  C:1A91H         LINE#         546
  C:1A92H         LINE#         548
  C:1A94H         LINE#         549
  C:1A96H         LINE#         555
  C:1A99H         LINE#         559
  C:1A9BH         LINE#         560
  C:1A9CH         LINE#         561
  C:1A9EH         LINE#         562
  C:1A9FH         LINE#         563
  C:1AA1H         LINE#         564
  C:1AA3H         LINE#         565
  C:1AA4H         LINE#         567
  C:1AA7H         LINE#         571
  C:1AAAH         LINE#         572
  C:1AADH         LINE#         576
  C:1AAFH         LINE#         577
  C:1AB2H         LINE#         578
  C:1AB5H         LINE#         580
  C:1AB7H         LINE#         581
  C:1AB9H         LINE#         583
  C:1ABBH         LINE#         584
BL51 BANKED LINKER/LOCATER V6.00                                                      07/19/2017  22:02:17  PAGE 19


  C:1ABCH         LINE#         585
  C:1ABEH         LINE#         587
  C:1AC0H         LINE#         588
  C:1AC2H         LINE#         594
  C:1AC4H         LINE#         595
  C:1AC5H         LINE#         608
  C:1AC6H         LINE#         609
  C:1AC8H         LINE#         614
  C:1ACAH         LINE#         615
  C:1ACCH         LINE#         616
  C:1ACEH         LINE#         617
  C:1AD0H         LINE#         618
  C:1AD2H         LINE#         619
  C:1AD4H         LINE#         620
  C:1AD6H         LINE#         621
  C:1AD8H         LINE#         622
  C:1ADAH         LINE#         623
  C:1ADCH         LINE#         624
  C:1ADEH         LINE#         625
  C:1AE0H         LINE#         626
  C:1AE2H         LINE#         627
  C:1AE4H         LINE#         628
  C:1AE5H         LINE#         642
  C:1AE7H         LINE#         643
  C:1AE9H         LINE#         644
  C:1AEBH         LINE#         645
  C:1AEDH         LINE#         646
  C:1AEEH         LINE#         647
  C:1AEFH         LINE#         648
  C:1AF1H         LINE#         649
  C:1AF3H         LINE#         650
  C:1AF5H         LINE#         651
  C:1AF6H         LINE#         652
  C:1AF8H         LINE#         653
  C:1AF9H         LINE#         654
  C:1AFAH         LINE#         655
  C:1AFBH         LINE#         656
  C:1AFCH         LINE#         657
  C:1AFEH         LINE#         658
  C:1B00H         LINE#         659
  C:1B02H         LINE#         660
  C:1B05H         LINE#         661
  C:1B07H         LINE#         662
  C:1B08H         LINE#         663
  C:1B0AH         LINE#         664
  C:1B0BH         LINE#         665
  C:1B0CH         LINE#         666
  C:1B0EH         LINE#         668
  C:1B11H         LINE#         670
  C:1B14H         LINE#         671
  C:1B17H         LINE#         672
  C:1B1AH         LINE#         673
  C:1B1CH         LINE#         674
  C:1B1EH         LINE#         675
  C:1B20H         LINE#         676
  -------         ENDMOD        ?RTX51_TINY_KERNAL

BL51 BANKED LINKER/LOCATER V6.00                                                      07/19/2017  22:02:17  PAGE 20


  -------         MODULE        PID
  C:0000H         SYMBOL        _ICE_DUMMY_
  D:0080H         PUBLIC        P0
  D:0090H         PUBLIC        P1
  D:00A0H         PUBLIC        P2
  C:42C3H         PUBLIC        _setKi
  D:00B0H         PUBLIC        P3
  C:4668H         PUBLIC        _getErrLast
  D:00C0H         PUBLIC        P4
  D:00C8H         PUBLIC        P5
  D:00E8H         PUBLIC        P6
  D:00F8H         PUBLIC        P7
  C:4281H         PUBLIC        _setParameterUpperLimit
  C:42E4H         PUBLIC        _setKp
  D:00A8H         PUBLIC        IE
  C:48A2H         PUBLIC        _openPID
  D:00B8H         PUBLIC        IP
  D:00D8H         PUBLIC        CCON
  D:0098H         PUBLIC        SCON
  D:0088H         PUBLIC        TCON
  C:2BDCH         PUBLIC        _PID_config
  C:4260H         PUBLIC        _setParameterInferiorLimit
  D:00F0H         PUBLIC        B
  D:00E0H         PUBLIC        ACC
  C:42A2H         PUBLIC        _setActualParameter
  C:46D0H         PUBLIC        _getOutput
  C:2124H         PUBLIC        _PID
  X:037EH         SYMBOL        g_pid_n_info
  C:4634H         PUBLIC        _getParameter
  C:464EH         PUBLIC        _getErr
  C:46B6H         PUBLIC        _getKd
  C:4326H         PUBLIC        _setParameter
  C:469CH         PUBLIC        _getKi
  C:48FBH         PUBLIC        _closePID
  D:00D0H         PUBLIC        PSW
  C:46EAH         PUBLIC        _getIntegral
  C:4682H         PUBLIC        _getKp
  C:4305H         PUBLIC        _setKd
  -------         PROC          _PID_CONFIG
  D:0003H         SYMBOL        PID_N
  X:055DH         SYMBOL        kp
  X:0561H         SYMBOL        ki
  X:0565H         SYMBOL        kd
  C:2BDCH         LINE#         49
  C:2BDEH         LINE#         50
  C:2BDEH         LINE#         51
  C:2BF3H         LINE#         52
  C:2C08H         LINE#         53
  C:2C1DH         LINE#         54
  C:2C32H         LINE#         55
  C:2C51H         LINE#         56
  C:2C70H         LINE#         57
  C:2C8FH         LINE#         58
  C:2CB9H         LINE#         59
  C:2CE3H         LINE#         60
  -------         ENDPROC       _PID_CONFIG
  -------         PROC          _OPENPID
BL51 BANKED LINKER/LOCATER V6.00                                                      07/19/2017  22:02:17  PAGE 21


  D:0007H         SYMBOL        PID_N
  C:48A2H         LINE#         70
  C:48A2H         LINE#         71
  C:48A2H         LINE#         72
  C:48B3H         LINE#         74
  -------         ENDPROC       _OPENPID
  -------         PROC          _CLOSEPID
  D:0007H         SYMBOL        PID_N
  C:48FBH         LINE#         83
  C:48FBH         LINE#         84
  C:48FBH         LINE#         85
  C:490BH         LINE#         88
  -------         ENDPROC       _CLOSEPID
  -------         PROC          _PID
  X:05EDH         SYMBOL        PID_N
  C:2124H         LINE#         97
  C:2129H         LINE#         98
  C:2129H         LINE#         101
  C:213CH         LINE#         102
  C:213CH         LINE#         104
  C:218AH         LINE#         120
  C:21CDH         LINE#         123
  C:22D2H         LINE#         126
  C:22FCH         LINE#         129
  C:22FDH         LINE#         130
  C:22FDH         LINE#         132
  -------         ENDPROC       _PID
  -------         PROC          _SETPARAMETERINFERIORLIMIT
  D:0003H         SYMBOL        PID_N
  X:059EH         SYMBOL        value
  C:4260H         LINE#         142
  C:4262H         LINE#         143
  C:4262H         LINE#         144
  -------         ENDPROC       _SETPARAMETERINFERIORLIMIT
  -------         PROC          _SETPARAMETERUPPERLIMIT
  D:0003H         SYMBOL        PID_N
  X:05A3H         SYMBOL        value
  C:4281H         LINE#         156
  C:4283H         LINE#         157
  C:4283H         LINE#         158
  -------         ENDPROC       _SETPARAMETERUPPERLIMIT
  -------         PROC          _SETACTUALPARAMETER
  D:0003H         SYMBOL        PID_N
  X:05A8H         SYMBOL        value
  C:42A2H         LINE#         171
  C:42A4H         LINE#         172
  C:42A4H         LINE#         173
  -------         ENDPROC       _SETACTUALPARAMETER
  -------         PROC          _SETKI
  D:0003H         SYMBOL        PID_N
  X:05ADH         SYMBOL        value
  C:42C3H         LINE#         186
  C:42C5H         LINE#         187
  C:42C5H         LINE#         188
  -------         ENDPROC       _SETKI
  -------         PROC          _SETKP
  D:0003H         SYMBOL        PID_N
BL51 BANKED LINKER/LOCATER V6.00                                                      07/19/2017  22:02:17  PAGE 22


  X:05B2H         SYMBOL        value
  C:42E4H         LINE#         200
  C:42E6H         LINE#         201
  C:42E6H         LINE#         202
  -------         ENDPROC       _SETKP
  -------         PROC          _SETKD
  D:0003H         SYMBOL        PID_N
  X:05B7H         SYMBOL        value
  C:4305H         LINE#         214
  C:4307H         LINE#         215
  C:4307H         LINE#         216
  -------         ENDPROC       _SETKD
  -------         PROC          _SETPARAMETER
  D:0003H         SYMBOL        PID_N
  X:05BCH         SYMBOL        value
  C:4326H         LINE#         228
  C:4328H         LINE#         229
  C:4328H         LINE#         230
  -------         ENDPROC       _SETPARAMETER
  -------         PROC          _GETPARAMETER
  D:0007H         SYMBOL        PID_N
  C:4634H         LINE#         242
  C:4634H         LINE#         243
  C:4634H         LINE#         244
  C:464DH         LINE#         245
  -------         ENDPROC       _GETPARAMETER
  -------         PROC          _GETERR
  D:0007H         SYMBOL        PID_N
  C:464EH         LINE#         255
  C:464EH         LINE#         256
  C:464EH         LINE#         257
  C:4667H         LINE#         258
  -------         ENDPROC       _GETERR
  -------         PROC          _GETERRLAST
  D:0007H         SYMBOL        PID_N
  C:4668H         LINE#         268
  C:4668H         LINE#         269
  C:4668H         LINE#         270
  C:4681H         LINE#         271
  -------         ENDPROC       _GETERRLAST
  -------         PROC          _GETKP
  D:0007H         SYMBOL        PID_N
  C:4682H         LINE#         280
  C:4682H         LINE#         281
  C:4682H         LINE#         282
  C:469BH         LINE#         283
  -------         ENDPROC       _GETKP
  -------         PROC          _GETKI
  D:0007H         SYMBOL        PID_N
  C:469CH         LINE#         293
  C:469CH         LINE#         294
  C:469CH         LINE#         295
  C:46B5H         LINE#         296
  -------         ENDPROC       _GETKI
  -------         PROC          _GETKD
  D:0007H         SYMBOL        PID_N
  C:46B6H         LINE#         306
BL51 BANKED LINKER/LOCATER V6.00                                                      07/19/2017  22:02:17  PAGE 23


  C:46B6H         LINE#         307
  C:46B6H         LINE#         308
  C:46CFH         LINE#         309
  -------         ENDPROC       _GETKD
  -------         PROC          _GETOUTPUT
  D:0007H         SYMBOL        PID_N
  C:46D0H         LINE#         319
  C:46D0H         LINE#         320
  C:46D0H         LINE#         321
  C:46E9H         LINE#         322
  -------         ENDPROC       _GETOUTPUT
  -------         PROC          _GETINTEGRAL
  D:0007H         SYMBOL        PID_N
  C:46EAH         LINE#         332
  C:46EAH         LINE#         333
  C:46EAH         LINE#         334
  C:4703H         LINE#         335
  -------         ENDPROC       _GETINTEGRAL
  -------         ENDMOD        PID

  -------         MODULE        FILTER
  C:0000H         SYMBOL        _ICE_DUMMY_
  D:0080H         PUBLIC        P0
  D:0090H         PUBLIC        P1
  D:00A0H         PUBLIC        P2
  D:00B0H         PUBLIC        P3
  D:00C0H         PUBLIC        P4
  D:00C8H         PUBLIC        P5
  D:00E8H         PUBLIC        P6
  D:00F8H         PUBLIC        P7
  C:2972H         PUBLIC        _filter
  D:00A8H         PUBLIC        IE
  D:00B8H         PUBLIC        IP
  D:00D8H         PUBLIC        CCON
  D:0098H         PUBLIC        SCON
  D:0088H         PUBLIC        TCON
  D:00F0H         PUBLIC        B
  D:00E0H         PUBLIC        ACC
  D:00D0H         PUBLIC        PSW
  -------         PROC          _FILTER
  D:0001H         SYMBOL        ary
  X:0371H         SYMBOL        num
  X:0372H         SYMBOL        MaxValue
  X:0374H         SYMBOL        MinValue
  -------         DO            
  X:0376H         SYMBOL        angleDataloopTemp2
  X:0378H         SYMBOL        finalData
  X:037AH         SYMBOL        maxValue
  X:037CH         SYMBOL        minValue
  -------         ENDDO         
  C:2972H         LINE#         2
  C:2977H         LINE#         3
  C:2977H         LINE#         5
  C:297EH         LINE#         6
  C:298DH         LINE#         7
  C:299CH         LINE#         8
  C:29BEH         LINE#         9
BL51 BANKED LINKER/LOCATER V6.00                                                      07/19/2017  22:02:17  PAGE 24


  C:29BEH         LINE#         10
  C:29DAH         LINE#         11
  C:29DAH         LINE#         12
  C:29F7H         LINE#         13
  C:29F7H         LINE#         14
  C:2A19H         LINE#         15
  C:2A19H         LINE#         16
  C:2A36H         LINE#         17
  C:2A36H         LINE#         18
  C:2A58H         LINE#         19
  C:2A6CH         LINE#         20
  C:2A91H         LINE#         21
  C:2AA7H         LINE#         22
  C:2AA7H         LINE#         23
  -------         ENDPROC       _FILTER
  -------         ENDMOD        FILTER

  -------         MODULE        DATASCOPE_DP
  C:0000H         SYMBOL        _ICE_DUMMY_
  D:0080H         PUBLIC        P0
  D:0090H         PUBLIC        P1
  D:00A0H         PUBLIC        P2
  D:00B0H         PUBLIC        P3
  D:00C0H         PUBLIC        P4
  D:00C8H         PUBLIC        P5
  D:00E8H         PUBLIC        P6
  D:00F8H         PUBLIC        P7
  X:0476H         PUBLIC        DataScope_OutPut_Buffer
  D:00A8H         PUBLIC        IE
  D:00B8H         PUBLIC        IP
  D:00D8H         PUBLIC        CCON
  C:3FF2H         PUBLIC        _sendScopeData
  D:0098H         PUBLIC        SCON
  D:0088H         PUBLIC        TCON
  D:00F0H         PUBLIC        B
  C:31F7H         PUBLIC        _Float2Byte
  D:00E0H         PUBLIC        ACC
  C:334AH         PUBLIC        _DataScope_Data_Generate
  C:2AA8H         PUBLIC        _DataScope_Get_Channel_Data
  D:00D0H         PUBLIC        PSW
  -------         PROC          _FLOAT2BYTE
  D:0001H         SYMBOL        target
  X:0367H         SYMBOL        buf
  X:036AH         SYMBOL        beg
  -------         DO            
  X:036BH         SYMBOL        point
  -------         ENDDO         
  C:31F7H         LINE#         26
  C:31F7H         LINE#         27
  C:31F7H         LINE#         29
  C:3202H         LINE#         30
  C:3220H         LINE#         31
  C:324CH         LINE#         32
  C:3278H         LINE#         33
  -------         ENDPROC       _FLOAT2BYTE
  -------         PROC          _SENDSCOPEDATA
  D:0004H         SYMBOL        Data
BL51 BANKED LINKER/LOCATER V6.00                                                      07/19/2017  22:02:17  PAGE 25


  X:035DH         SYMBOL        channel
  -------         DO            
  X:035EH         SYMBOL        a
  -------         ENDDO         
  C:3FF2H         LINE#         43
  C:3FF2H         LINE#         44
  C:3FF2H         LINE#         47
  C:3FFDH         LINE#         49
  C:4013H         LINE#         50
  C:4013H         LINE#         51
  C:4022H         LINE#         52
  C:402AH         LINE#         54
  -------         ENDPROC       _SENDSCOPEDATA
  -------         PROC          _DATASCOPE_GET_CHANNEL_DATA
  X:035FH         SYMBOL        Data
  X:0363H         SYMBOL        Channel
  C:2AA8H         LINE#         60
  C:2AAEH         LINE#         61
  C:2AAEH         LINE#         62
  C:2AC1H         LINE#         63
  C:2AC1H         LINE#         65
  C:2AC1H         LINE#         67
  C:2AC1H         LINE#         68
  C:2AF7H         LINE#         69
  C:2AF7H         LINE#         70
  C:2AF7H         LINE#         71
  C:2B0AH         LINE#         72
  C:2B0DH         LINE#         73
  C:2B0DH         LINE#         74
  C:2B21H         LINE#         75
  C:2B24H         LINE#         76
  C:2B24H         LINE#         77
  C:2B38H         LINE#         78
  C:2B3BH         LINE#         79
  C:2B3BH         LINE#         80
  C:2B4FH         LINE#         81
  C:2B52H         LINE#         82
  C:2B52H         LINE#         83
  C:2B66H         LINE#         84
  C:2B68H         LINE#         85
  C:2B68H         LINE#         86
  C:2B7CH         LINE#         87
  C:2B7EH         LINE#         88
  C:2B7EH         LINE#         89
  C:2B92H         LINE#         90
  C:2B94H         LINE#         91
  C:2B94H         LINE#         92
  C:2BA8H         LINE#         93
  C:2BAAH         LINE#         94
  C:2BAAH         LINE#         95
  C:2BBEH         LINE#         96
  C:2BC0H         LINE#         97
  C:2BC0H         LINE#         98
  C:2BDBH         LINE#         99
  C:2BDBH         LINE#         100
  C:2BDBH         LINE#         101
  C:2BDBH         LINE#         102
BL51 BANKED LINKER/LOCATER V6.00                                                      07/19/2017  22:02:17  PAGE 26


  -------         ENDPROC       _DATASCOPE_GET_CHANNEL_DATA
  -------         PROC          _DATASCOPE_DATA_GENERATE
  D:0007H         SYMBOL        Channel_Number
  C:334AH         LINE#         107
  C:334AH         LINE#         108
  C:334AH         LINE#         109
  C:3353H         LINE#         110
  C:3353H         LINE#         111
  C:3356H         LINE#         112
  C:3356H         LINE#         114
  C:3356H         LINE#         115
  C:335CH         LINE#         116
  C:3392H         LINE#         117
  C:3392H         LINE#         118
  C:3392H         LINE#         119
  C:3398H         LINE#         120
  C:339BH         LINE#         121
  C:339BH         LINE#         122
  C:339BH         LINE#         123
  C:33A1H         LINE#         124
  C:33A4H         LINE#         125
  C:33A4H         LINE#         126
  C:33A4H         LINE#         127
  C:33AAH         LINE#         128
  C:33ADH         LINE#         129
  C:33ADH         LINE#         130
  C:33ADH         LINE#         131
  C:33B3H         LINE#         132
  C:33B6H         LINE#         133
  C:33B6H         LINE#         134
  C:33B6H         LINE#         135
  C:33BCH         LINE#         136
  C:33BFH         LINE#         137
  C:33BFH         LINE#         138
  C:33BFH         LINE#         139
  C:33C5H         LINE#         140
  C:33C8H         LINE#         141
  C:33C8H         LINE#         142
  C:33C8H         LINE#         143
  C:33CEH         LINE#         144
  C:33D1H         LINE#         145
  C:33D1H         LINE#         146
  C:33D1H         LINE#         147
  C:33D7H         LINE#         148
  C:33DAH         LINE#         149
  C:33DAH         LINE#         150
  C:33DAH         LINE#         151
  C:33E0H         LINE#         152
  C:33E3H         LINE#         153
  C:33E3H         LINE#         154
  C:33E3H         LINE#         155
  C:33E9H         LINE#         156
  C:33ECH         LINE#         157
  C:33ECH         LINE#         158
  C:33ECH         LINE#         159
  C:33ECH         LINE#         160
  C:33EEH         LINE#         161
BL51 BANKED LINKER/LOCATER V6.00                                                      07/19/2017  22:02:17  PAGE 27


  -------         ENDPROC       _DATASCOPE_DATA_GENERATE
  -------         ENDMOD        DATASCOPE_DP

  -------         MODULE        STORAGE
  C:0000H         SYMBOL        _ICE_DUMMY_
  D:0080H         PUBLIC        P0
  D:0090H         PUBLIC        P1
  D:00A0H         PUBLIC        P2
  D:00B0H         PUBLIC        P3
  D:00C0H         PUBLIC        P4
  D:00C8H         PUBLIC        P5
  D:00E8H         PUBLIC        P6
  D:00F8H         PUBLIC        P7
  D:00A8H         PUBLIC        IE
  D:00B8H         PUBLIC        IP
  D:00D8H         PUBLIC        CCON
  C:48B4H         PUBLIC        _writeData
  D:0098H         PUBLIC        SCON
  D:0088H         PUBLIC        TCON
  D:00F0H         PUBLIC        B
  D:00E0H         PUBLIC        ACC
  D:00D0H         PUBLIC        PSW
  -------         PROC          _WRITEDATA
  X:05C0H         SYMBOL        add
  X:05C2H         SYMBOL        Data
  C:48B4H         LINE#         3
  C:48C5H         LINE#         4
  C:48C5H         LINE#         6
  -------         ENDPROC       _WRITEDATA
  -------         ENDMOD        STORAGE

  -------         MODULE        BUTTON
  C:0000H         SYMBOL        _ICE_DUMMY_
  D:0080H         PUBLIC        P0
  D:0090H         PUBLIC        P1
  D:00A0H         PUBLIC        P2
  D:00B0H         PUBLIC        P3
  D:00C0H         PUBLIC        P4
  D:00C8H         PUBLIC        P5
  D:00E8H         PUBLIC        P6
  D:00F8H         PUBLIC        P7
  D:00A8H         PUBLIC        IE
  D:00B8H         PUBLIC        IP
  D:00D8H         PUBLIC        CCON
  C:3C54H         PUBLIC        buttonScan
  B:0020H.0       SYMBOL        BUTTON1_bit
  B:0020H.1       SYMBOL        BUTTON2_bit
  B:0020H.2       SYMBOL        BUTTON3_bit
  B:0020H.3       SYMBOL        BUTTON4_bit
  D:0098H         PUBLIC        SCON
  B:00A0H.3       PUBLIC        P23
  D:0088H         PUBLIC        TCON
  B:00A0H.4       PUBLIC        P24
  B:00A0H.5       PUBLIC        P25
  B:00A0H.6       PUBLIC        P26
  D:00F0H         PUBLIC        B
  C:44FDH         PUBLIC        _getButtonState
BL51 BANKED LINKER/LOCATER V6.00                                                      07/19/2017  22:02:17  PAGE 28


  D:00E0H         PUBLIC        ACC
  C:4428H         PUBLIC        Button_config
  C:49B5H         SYMBOL        _digitalRead
  D:00D0H         PUBLIC        PSW
  -------         PROC          BUTTON_CONFIG
  -------         DO            
  X:028CH         SYMBOL        GPIO_InitStructure
  -------         ENDDO         
  C:4428H         LINE#         25
  C:4428H         LINE#         26
  C:4428H         LINE#         28
  C:442EH         LINE#         29
  C:4433H         LINE#         30
  C:443EH         LINE#         31
  C:4440H         LINE#         32
  C:4442H         LINE#         33
  C:4444H         LINE#         34
  C:4446H         LINE#         35
  -------         ENDPROC       BUTTON_CONFIG
  -------         PROC          _DIGITALREAD
  D:0006H         SYMBOL        pin
  C:49B5H         LINE#         43
  C:49B5H         LINE#         44
  C:49B5H         LINE#         45
  C:49B9H         LINE#         46
  C:49B9H         LINE#         47
  C:49BEH         LINE#         48
  C:49BEH         LINE#         49
  -------         ENDPROC       _DIGITALREAD
  -------         PROC          _GETBUTTONSTATE
  D:0007H         SYMBOL        BUTTON_data
  C:44FDH         LINE#         61
  C:44FDH         LINE#         62
  C:44FDH         LINE#         63
  C:450EH         LINE#         64
  C:450EH         LINE#         65
  C:450EH         LINE#         66
  C:4511H         LINE#         67
  C:4511H         LINE#         68
  C:4511H         LINE#         69
  C:4514H         LINE#         70
  C:4514H         LINE#         71
  C:4514H         LINE#         72
  C:4517H         LINE#         73
  C:4517H         LINE#         74
  C:4517H         LINE#         75
  C:4519H         LINE#         76
  C:4519H         LINE#         77
  C:4519H         LINE#         78
  -------         ENDPROC       _GETBUTTONSTATE
  -------         PROC          BUTTONSCAN
  C:3C54H         LINE#         88
  C:3C54H         LINE#         89
  C:3C54H         LINE#         90
  C:3C5FH         LINE#         91
  C:3C5FH         LINE#         92
  C:3C69H         LINE#         93
BL51 BANKED LINKER/LOCATER V6.00                                                      07/19/2017  22:02:17  PAGE 29


  C:3C69H         LINE#         97
  C:3C6BH         LINE#         98
  C:3C6BH         LINE#         99
  C:3C6DH         LINE#         101
  C:3C6DH         LINE#         102
  C:3C6FH         LINE#         103
  C:3C6FH         LINE#         104
  C:3C7AH         LINE#         105
  C:3C7AH         LINE#         106
  C:3C7DH         LINE#         107
  C:3C7DH         LINE#         111
  C:3C7FH         LINE#         112
  C:3C7FH         LINE#         113
  C:3C81H         LINE#         115
  C:3C81H         LINE#         116
  C:3C83H         LINE#         117
  C:3C83H         LINE#         118
  C:3C8EH         LINE#         119
  C:3C8EH         LINE#         120
  C:3C91H         LINE#         121
  C:3C91H         LINE#         125
  C:3C93H         LINE#         127
  C:3C93H         LINE#         128
  C:3C95H         LINE#         130
  C:3C95H         LINE#         131
  C:3C97H         LINE#         132
  C:3C97H         LINE#         133
  C:3CA2H         LINE#         134
  C:3CA2H         LINE#         135
  C:3CA5H         LINE#         136
  C:3CA5H         LINE#         140
  C:3CA7H         LINE#         142
  C:3CA7H         LINE#         143
  C:3CA8H         LINE#         145
  C:3CA8H         LINE#         146
  C:3CAAH         LINE#         147
  C:3CAAH         LINE#         148
  -------         ENDPROC       BUTTONSCAN
  -------         ENDMOD        BUTTON

  -------         MODULE        LED
  C:0000H         SYMBOL        _ICE_DUMMY_
  D:0080H         PUBLIC        P0
  D:0090H         PUBLIC        P1
  D:00A0H         PUBLIC        P2
  D:00B0H         PUBLIC        P3
  D:00C0H         PUBLIC        P4
  D:00C8H         PUBLIC        P5
  B:0021H.2       SYMBOL        Board_LED_State
  D:00E8H         PUBLIC        P6
  D:00F8H         PUBLIC        P7
  D:00A8H         PUBLIC        IE
  C:423EH         PUBLIC        _blink
  C:40E0H         PUBLIC        Board_LED_Init
  D:00B8H         PUBLIC        IP
  C:4A1DH         PUBLIC        close_Board_LED
  D:00D8H         PUBLIC        CCON
BL51 BANKED LINKER/LOCATER V6.00                                                      07/19/2017  22:02:17  PAGE 30


  D:0098H         PUBLIC        SCON
  D:0088H         PUBLIC        TCON
  C:4A18H         PUBLIC        open_Board_LED
  B:00C8H.5       PUBLIC        P55
  D:00F0H         PUBLIC        B
  D:00E0H         PUBLIC        ACC
  C:4A26H         PUBLIC        getBoard_LED_State
  C:49FAH         PUBLIC        _Board_LED_PWM
  D:00D0H         PUBLIC        PSW
  -------         PROC          BOARD_LED_INIT
  -------         DO            
  X:028CH         SYMBOL        GPIO_InitStructure
  -------         ENDDO         
  C:40E0H         LINE#         8
  C:40E0H         LINE#         9
  C:40E0H         LINE#         11
  C:40E6H         LINE#         12
  C:40EBH         LINE#         13
  C:40F6H         LINE#         14
  C:40F9H         LINE#         15
  C:40FEH         LINE#         16
  C:4101H         LINE#         17
  C:4106H         LINE#         18
  C:4107H         LINE#         19
  -------         ENDPROC       BOARD_LED_INIT
  -------         PROC          OPEN_BOARD_LED
  C:4A18H         LINE#         20
  C:4A18H         LINE#         21
  C:4A18H         LINE#         22
  C:4A1AH         LINE#         23
  C:4A1CH         LINE#         24
  -------         ENDPROC       OPEN_BOARD_LED
  -------         PROC          CLOSE_BOARD_LED
  C:4A1DH         LINE#         25
  C:4A1DH         LINE#         26
  C:4A1DH         LINE#         27
  C:4A1FH         LINE#         28
  C:4A21H         LINE#         30
  -------         ENDPROC       CLOSE_BOARD_LED
  -------         PROC          _BLINK
  X:028CH         SYMBOL        time
  C:423EH         LINE#         31
  C:4243H         LINE#         32
  C:4243H         LINE#         33
  C:424DH         LINE#         34
  C:424DH         LINE#         35
  C:4250H         LINE#         36
  C:4255H         LINE#         37
  C:4258H         LINE#         38
  C:425DH         LINE#         40
  C:425FH         LINE#         41
  -------         ENDPROC       _BLINK
  -------         PROC          GETBOARD_LED_STATE
  C:4A26H         LINE#         42
  C:4A26H         LINE#         43
  C:4A26H         LINE#         44
  C:4A28H         LINE#         45
BL51 BANKED LINKER/LOCATER V6.00                                                      07/19/2017  22:02:17  PAGE 31


  -------         ENDPROC       GETBOARD_LED_STATE
  -------         PROC          _BOARD_LED_PWM
  X:05EEH         SYMBOL        luminance
  C:49FAH         LINE#         46
  C:49FFH         LINE#         47
  C:49FFH         LINE#         48
  C:49FFH         LINE#         49
  C:49FFH         LINE#         52
  C:49FFH         LINE#         54
  -------         ENDPROC       _BOARD_LED_PWM
  -------         ENDMOD        LED

  -------         MODULE        MOTOR
  C:0000H         SYMBOL        _ICE_DUMMY_
  D:0080H         PUBLIC        P0
  D:0090H         PUBLIC        P1
  D:00A0H         PUBLIC        P2
  D:00B0H         PUBLIC        P3
  D:00C0H         PUBLIC        P4
  D:00C8H         PUBLIC        P5
  D:00E8H         PUBLIC        P6
  D:00F8H         PUBLIC        P7
  D:00BAH         PUBLIC        P_SW2
  D:00A8H         PUBLIC        IE
  C:44A4H         PUBLIC        _open_DC_Motor
  D:00B8H         PUBLIC        IP
  D:00D8H         PUBLIC        CCON
  B:00A0H.2       PUBLIC        P22
  D:0098H         PUBLIC        SCON
  B:00A0H.3       PUBLIC        P23
  D:0088H         PUBLIC        TCON
  C:35CAH         PUBLIC        _setDC_MotorSpeed
  D:00F0H         PUBLIC        B
  X:05D3H         SYMBOL        g_DC_Motor
  C:4950H         PUBLIC        _getDC_MotorState
  D:00E0H         PUBLIC        ACC
  C:3A69H         PUBLIC        DC_MOTOR_config
  C:451AH         PUBLIC        _close_DC_Motor
  D:00D0H         PUBLIC        PSW
  -------         PROC          _SETDC_MOTORSPEED
  X:05C5H         SYMBOL        motor
  X:05C6H         SYMBOL        speed
  C:35CAH         LINE#         38
  C:35CFH         LINE#         39
  C:35CFH         LINE#         41
  C:35EAH         LINE#         42
  C:35EAH         LINE#         43
  C:35F4H         LINE#         44
  C:35F4H         LINE#         45
  C:360FH         LINE#         46
  C:360FH         LINE#         48
  C:3619H         LINE#         49
  C:3619H         LINE#         52
  C:3639H         LINE#         53
  C:365BH         LINE#         54
  -------         ENDPROC       _SETDC_MOTORSPEED
  -------         PROC          _OPEN_DC_MOTOR
BL51 BANKED LINKER/LOCATER V6.00                                                      07/19/2017  22:02:17  PAGE 32


  X:05EFH         SYMBOL        motor
  C:44A4H         LINE#         55
  C:44A9H         LINE#         56
  C:44A9H         LINE#         57
  C:44AFH         LINE#         58
  C:44C1H         LINE#         59
  -------         ENDPROC       _OPEN_DC_MOTOR
  -------         PROC          _CLOSE_DC_MOTOR
  X:05F0H         SYMBOL        motor
  C:451AH         LINE#         60
  C:451FH         LINE#         61
  C:451FH         LINE#         62
  C:4525H         LINE#         63
  C:4536H         LINE#         67
  -------         ENDPROC       _CLOSE_DC_MOTOR
  -------         PROC          _GETDC_MOTORSTATE
  D:0007H         SYMBOL        motor
  C:4950H         LINE#         68
  C:4950H         LINE#         69
  C:4950H         LINE#         70
  C:495FH         LINE#         72
  -------         ENDPROC       _GETDC_MOTORSTATE
  -------         PROC          DC_MOTOR_CONFIG
  -------         DO            
  X:0527H         SYMBOL        GPIO_InitStructure
  X:0529H         SYMBOL        PWM_InitStructure
  -------         ENDDO         
[...]
  C:37E3H         LINE#         371
  C:37E5H         LINE#         372
  C:37EAH         LINE#         373
  C:37EAH         LINE#         375
  -------         ENDPROC       UART2_INT
  -------         PROC          UART3_INT
  C:37F7H         LINE#         379
  C:3806H         LINE#         381
  C:380BH         LINE#         382
  C:380BH         LINE#         383
  C:380EH         LINE#         384
  C:3814H         LINE#         385
  C:3814H         LINE#         386
  C:381FH         LINE#         387
  C:3833H         LINE#         388
  C:3839H         LINE#         389
  C:3839H         LINE#         390
  C:3839H         LINE#         392
  C:383EH         LINE#         393
  C:383EH         LINE#         394
  C:3841H         LINE#         395
  C:384EH         LINE#         396
  C:384EH         LINE#         397
  C:385BH         LINE#         398
  C:3868H         LINE#         399
  C:386AH         LINE#         400
  C:386FH         LINE#         401
  C:386FH         LINE#         403
  -------         ENDPROC       UART3_INT
  -------         PROC          UART4_INT
BL51 BANKED LINKER/LOCATER V6.00                                                      07/19/2017  22:02:17  PAGE 83


  C:387CH         LINE#         407
  C:388BH         LINE#         409
  C:3890H         LINE#         410
  C:3890H         LINE#         411
  C:3893H         LINE#         412
  C:3899H         LINE#         413
  C:3899H         LINE#         414
  C:38A4H         LINE#         415
  C:38B8H         LINE#         416
  C:38BEH         LINE#         417
  C:38BEH         LINE#         418
  C:38BEH         LINE#         420
  C:38C3H         LINE#         421
  C:38C3H         LINE#         422
  C:38C6H         LINE#         423
  C:38D3H         LINE#         424
  C:38D3H         LINE#         425
  C:38E0H         LINE#         426
  C:38EDH         LINE#         427
  C:38EFH         LINE#         428
  C:38F4H         LINE#         429
  C:38F4H         LINE#         431
  -------         ENDPROC       UART4_INT
  -------         ENDMOD        USART1

  -------         MODULE        STC15_EEPROM
  C:0000H         SYMBOL        _ICE_DUMMY_
  D:0080H         PUBLIC        P0
  D:0090H         PUBLIC        P1
  D:00A0H         PUBLIC        P2
  D:00B0H         PUBLIC        P3
  C:499BH         PUBLIC        DisableEEPROM
  D:00C0H         PUBLIC        P4
  D:00C8H         PUBLIC        P5
  D:00C6H         PUBLIC        ISP_TRIG
  B:00A8H.7       PUBLIC        EA
  D:00E8H         PUBLIC        P6
  D:00F8H         PUBLIC        P7
  D:00A8H         PUBLIC        IE
  C:4408H         PUBLIC        _EEPROM_SectorErase
  C:3EFCH         PUBLIC        _EEPROM_read_n
  D:00B8H         PUBLIC        IP
  D:00C5H         PUBLIC        ISP_CMD
  D:00D8H         PUBLIC        CCON
  C:3F3BH         PUBLIC        _EEPROM_write_n
  D:00C3H         PUBLIC        ISP_ADDRH
  D:0098H         PUBLIC        SCON
  D:0088H         PUBLIC        TCON
  D:00C4H         PUBLIC        ISP_ADDRL
  D:00F0H         PUBLIC        B
  D:00E0H         PUBLIC        ACC
  D:00C7H         PUBLIC        ISP_CONTR
  D:00C2H         PUBLIC        ISP_DATA
  D:00D0H         PUBLIC        PSW
  -------         PROC          DISABLEEEPROM
  C:499BH         LINE#         30
  C:499BH         LINE#         31
BL51 BANKED LINKER/LOCATER V6.00                                                      07/19/2017  22:02:17  PAGE 84


  C:499BH         LINE#         32
  C:499EH         LINE#         33
  C:49A0H         LINE#         34
  C:49A2H         LINE#         35
  C:49A5H         LINE#         36
  C:49A8H         LINE#         37
  -------         ENDPROC       DISABLEEEPROM
  -------         PROC          _EEPROM_READ_N
  D:0004H         SYMBOL        EE_address
  D:0001H         SYMBOL        DataAddress
  X:058EH         SYMBOL        number
  C:3EFCH         LINE#         49
  C:3F00H         LINE#         50
  C:3F00H         LINE#         51
  C:3F02H         LINE#         52
  C:3F05H         LINE#         53
  C:3F08H         LINE#         55
  C:3F08H         LINE#         56
  C:3F0BH         LINE#         57
  C:3F0FH         LINE#         58
  C:3F15H         LINE#         61
  C:3F16H         LINE#         62
  C:3F1BH         LINE#         63
  C:3F20H         LINE#         64
  C:3F27H         LINE#         65
  C:3F35H         LINE#         67
  C:3F38H         LINE#         68
  C:3F3AH         LINE#         69
  -------         ENDPROC       _EEPROM_READ_N
  -------         PROC          _EEPROM_SECTORERASE
  D:0004H         SYMBOL        EE_address
  C:4408H         LINE#         80
  C:440CH         LINE#         81
  C:440CH         LINE#         82
  C:440EH         LINE#         85
  C:4411H         LINE#         86
  C:4415H         LINE#         87
  C:4418H         LINE#         88
  C:441BH         LINE#         89
  C:4421H         LINE#         90
  C:4422H         LINE#         91
  C:4425H         LINE#         92
  C:4427H         LINE#         93
  -------         ENDPROC       _EEPROM_SECTORERASE
  -------         PROC          _EEPROM_WRITE_N
  D:0004H         SYMBOL        EE_address
  D:0001H         SYMBOL        DataAddress
  X:0595H         SYMBOL        number
  C:3F3BH         LINE#         104
  C:3F3FH         LINE#         105
  C:3F3FH         LINE#         106
  C:3F41H         LINE#         108
  C:3F44H         LINE#         109
  C:3F47H         LINE#         111
  C:3F47H         LINE#         112
  C:3F4AH         LINE#         113
  C:3F4EH         LINE#         114
BL51 BANKED LINKER/LOCATER V6.00                                                      07/19/2017  22:02:17  PAGE 85


  C:3F53H         LINE#         115
  C:3F59H         LINE#         116
  C:3F5AH         LINE#         117
  C:3F5FH         LINE#         118
  C:3F66H         LINE#         119
  C:3F74H         LINE#         121
  C:3F77H         LINE#         122
  C:3F79H         LINE#         123
  -------         ENDPROC       _EEPROM_WRITE_N
  -------         ENDMOD        STC15_EEPROM

  -------         MODULE        ?C?FPADD
  C:0807H         PUBLIC        ?C?FPADD
  C:0803H         PUBLIC        ?C?FPSUB
  -------         ENDMOD        ?C?FPADD

  -------         MODULE        ?C?FPMUL
  C:08F8H         PUBLIC        ?C?FPMUL
  -------         ENDMOD        ?C?FPMUL

  -------         MODULE        ?C?FPDIV
  C:0A01H         PUBLIC        ?C?FPDIV
  -------         ENDMOD        ?C?FPDIV

  -------         MODULE        ?C?FPCMP
  C:0AA0H         PUBLIC        ?C?FPCMP
  C:0A9EH         PUBLIC        ?C?FPCMP3
  -------         ENDMOD        ?C?FPCMP

  -------         MODULE        ?C?FCAST
  C:0B15H         PUBLIC        ?C?FCASTC
  C:0B10H         PUBLIC        ?C?FCASTI
  C:0B0BH         PUBLIC        ?C?FCASTL
  -------         ENDMOD        ?C?FCAST

  -------         MODULE        ?C?CASTF
  C:0B49H         PUBLIC        ?C?CASTF
  -------         ENDMOD        ?C?CASTF

  -------         MODULE        ?C?CLDPTR
  C:0BCAH         PUBLIC        ?C?CLDPTR
  -------         ENDMOD        ?C?CLDPTR

  -------         MODULE        ?C?CLDOPTR
  C:0BE3H         PUBLIC        ?C?CLDOPTR
  -------         ENDMOD        ?C?CLDOPTR

  -------         MODULE        ?C?CSTPTR
  C:0C10H         PUBLIC        ?C?CSTPTR
  -------         ENDMOD        ?C?CSTPTR

  -------         MODULE        ?C?CSTOPTR
  C:0C22H         PUBLIC        ?C?CSTOPTR
  -------         ENDMOD        ?C?CSTOPTR

  -------         MODULE        ?C?IMUL
  C:0C44H         PUBLIC        ?C?IMUL
BL51 BANKED LINKER/LOCATER V6.00                                                      07/19/2017  22:02:17  PAGE 86


  -------         ENDMOD        ?C?IMUL

  -------         MODULE        ?C?UIDIV
  C:0C56H         PUBLIC        ?C?UIDIV
  -------         ENDMOD        ?C?UIDIV

  -------         MODULE        ?C?IILDX
  C:0CABH         PUBLIC        ?C?IILDX
  -------         ENDMOD        ?C?IILDX

  -------         MODULE        ?C?ILDIX
  C:0CC1H         PUBLIC        ?C?ILDIX
  -------         ENDMOD        ?C?ILDIX

  -------         MODULE        ?C?ILDOPTR
  C:0CD7H         PUBLIC        ?C?ILDOPTR
  -------         ENDMOD        ?C?ILDOPTR

  -------         MODULE        ?C?LMUL
  C:0D0FH         PUBLIC        ?C?LMUL
  -------         ENDMOD        ?C?LMUL

  -------         MODULE        ?C?ULDIV
  C:0D9AH         PUBLIC        ?C?ULDIV
  -------         ENDMOD        ?C?ULDIV

  -------         MODULE        ?C?SLDIV
  C:3E75H         PUBLIC        ?C?SLDIV
  -------         ENDMOD        ?C?SLDIV

  -------         MODULE        ?C?LNEG
  C:0E2CH         PUBLIC        ?C?LNEG
  -------         ENDMOD        ?C?LNEG

  -------         MODULE        ?C?ULCMP
  C:0E3AH         PUBLIC        ?C?ULCMP
  -------         ENDMOD        ?C?ULCMP

  -------         MODULE        ?C?ULSHR
  C:0E4BH         PUBLIC        ?C?ULSHR
  -------         ENDMOD        ?C?ULSHR

  -------         MODULE        ?C?LLDOPTR0
  C:0E5EH         PUBLIC        ?C?LLDOPTR0
  -------         ENDMOD        ?C?LLDOPTR0

  -------         MODULE        ?C?LLDIXDATA
  C:0E97H         PUBLIC        ?C?LLDIXDATA
  C:0E8EH         PUBLIC        ?C?LLDIXDATA1
  C:0E90H         PUBLIC        ?C?LLDIXDATA8
  -------         ENDMOD        ?C?LLDIXDATA

  -------         MODULE        ?C?LSTXDATA
  C:0EC3H         PUBLIC        ?C?LSTXDATA
  -------         ENDMOD        ?C?LSTXDATA

  -------         MODULE        ?C?LSTKXDATA
BL51 BANKED LINKER/LOCATER V6.00                                                      07/19/2017  22:02:17  PAGE 87


  C:0ECFH         PUBLIC        ?C?LSTKXDATA
  -------         ENDMOD        ?C?LSTKXDATA

  -------         MODULE        ?C?LLDIDATA0
  C:0F00H         PUBLIC        ?C?LLDIDATA0
  -------         ENDMOD        ?C?LLDIDATA0

  -------         MODULE        ?C?LLDXDATA0
  C:0F0DH         PUBLIC        ?C?LLDXDATA0
  -------         ENDMOD        ?C?LLDXDATA0

  -------         MODULE        ?C?LLDPDATA0
  C:0F19H         PUBLIC        ?C?LLDPDATA0
  -------         ENDMOD        ?C?LLDPDATA0

  -------         MODULE        ?C?LLDCODE0
  C:0F26H         PUBLIC        ?C?LLDCODE0
  -------         ENDMOD        ?C?LLDCODE0

*** WARNING L16: UNCALLED SEGMENT, IGNORED FOR OVERLAY PROCESS
    SEGMENT: ?PR?MODE1?MODE

*** WARNING L16: UNCALLED SEGMENT, IGNORED FOR OVERLAY PROCESS
    SEGMENT: ?PR?MODE2?MODE

*** WARNING L16: UNCALLED SEGMENT, IGNORED FOR OVERLAY PROCESS
    SEGMENT: ?PR?MODE3?MODE

*** WARNING L16: UNCALLED SEGMENT, IGNORED FOR OVERLAY PROCESS
    SEGMENT: ?PR?MODE4?MODE

*** WARNING L16: UNCALLED SEGMENT, IGNORED FOR OVERLAY PROCESS
    SEGMENT: ?PR?MODELAUNCHER?MODE

*** WARNING L16: UNCALLED SEGMENT, IGNORED FOR OVERLAY PROCESS
    SEGMENT: ?PR?_PID_CONFIG?PID

*** WARNING L16: UNCALLED SEGMENT, IGNORED FOR OVERLAY PROCESS
    SEGMENT: ?PR?_OPENPID?PID

*** WARNING L16: UNCALLED SEGMENT, IGNORED FOR OVERLAY PROCESS
    SEGMENT: ?PR?_CLOSEPID?PID

*** WARNING L16: UNCALLED SEGMENT, IGNORED FOR OVERLAY PROCESS
    SEGMENT: ?PR?_PID?PID

*** WARNING L16: UNCALLED SEGMENT, IGNORED FOR OVERLAY PROCESS
    SEGMENT: ?PR?_SETPARAMETERINFERIORLIMIT?PID

*** WARNING L16: UNCALLED SEGMENT, IGNORED FOR OVERLAY PROCESS
    SEGMENT: ?PR?_SETPARAMETERUPPERLIMIT?PID

*** WARNING L16: UNCALLED SEGMENT, IGNORED FOR OVERLAY PROCESS
    SEGMENT: ?PR?_SETACTUALPARAMETER?PID

*** WARNING L16: UNCALLED SEGMENT, IGNORED FOR OVERLAY PROCESS
    SEGMENT: ?PR?_SETKI?PID
BL51 BANKED LINKER/LOCATER V6.00                                                      07/19/2017  22:02:17  PAGE 88



*** WARNING L16: UNCALLED SEGMENT, IGNORED FOR OVERLAY PROCESS
    SEGMENT: ?PR?_SETKP?PID

*** WARNING L16: UNCALLED SEGMENT, IGNORED FOR OVERLAY PROCESS
    SEGMENT: ?PR?_SETKD?PID

*** WARNING L16: UNCALLED SEGMENT, IGNORED FOR OVERLAY PROCESS
    SEGMENT: ?PR?_SETPARAMETER?PID

*** WARNING L16: UNCALLED SEGMENT, IGNORED FOR OVERLAY PROCESS
    SEGMENT: ?PR?_GETPARAMETER?PID

*** WARNING L16: UNCALLED SEGMENT, IGNORED FOR OVERLAY PROCESS
    SEGMENT: ?PR?_GETERR?PID

*** WARNING L16: UNCALLED SEGMENT, IGNORED FOR OVERLAY PROCESS
    SEGMENT: ?PR?_GETERRLAST?PID

*** WARNING L16: UNCALLED SEGMENT, IGNORED FOR OVERLAY PROCESS
    SEGMENT: ?PR?_GETKP?PID

*** WARNING L16: UNCALLED SEGMENT, IGNORED FOR OVERLAY PROCESS
    SEGMENT: ?PR?_GETKI?PID

*** WARNING L16: UNCALLED SEGMENT, IGNORED FOR OVERLAY PROCESS
    SEGMENT: ?PR?_GETKD?PID

*** WARNING L16: UNCALLED SEGMENT, IGNORED FOR OVERLAY PROCESS
    SEGMENT: ?PR?_GETOUTPUT?PID

*** WARNING L16: UNCALLED SEGMENT, IGNORED FOR OVERLAY PROCESS
    SEGMENT: ?PR?_GETINTEGRAL?PID

*** WARNING L16: UNCALLED SEGMENT, IGNORED FOR OVERLAY PROCESS
    SEGMENT: ?PR?_WRITEDATA?STORAGE

*** WARNING L16: UNCALLED SEGMENT, IGNORED FOR OVERLAY PROCESS
    SEGMENT: ?PR?GETBOARD_LED_STATE?LED

*** WARNING L16: UNCALLED SEGMENT, IGNORED FOR OVERLAY PROCESS
    SEGMENT: ?PR?_BOARD_LED_PWM?LED

*** WARNING L16: UNCALLED SEGMENT, IGNORED FOR OVERLAY PROCESS
    SEGMENT: ?PR?_SETDC_MOTORSPEED?MOTOR

*** WARNING L16: UNCALLED SEGMENT, IGNORED FOR OVERLAY PROCESS
    SEGMENT: ?PR?_OPEN_DC_MOTOR?MOTOR

*** WARNING L16: UNCALLED SEGMENT, IGNORED FOR OVERLAY PROCESS
    SEGMENT: ?PR?_CLOSE_DC_MOTOR?MOTOR

*** WARNING L16: UNCALLED SEGMENT, IGNORED FOR OVERLAY PROCESS
    SEGMENT: ?PR?_GETDC_MOTORSTATE?MOTOR

*** WARNING L16: UNCALLED SEGMENT, IGNORED FOR OVERLAY PROCESS
    SEGMENT: ?PR?DC_MOTOR_CONFIG?MOTOR
BL51 BANKED LINKER/LOCATER V6.00                                                      07/19/2017  22:02:17  PAGE 89



*** WARNING L16: UNCALLED SEGMENT, IGNORED FOR OVERLAY PROCESS
    SEGMENT: ?PR?_INIT_STR_MOTOR?SERVO

*** WARNING L16: UNCALLED SEGMENT, IGNORED FOR OVERLAY PROCESS
    SEGMENT: ?PR?_SET_STR_ANGLE?SERVO

*** WARNING L16: UNCALLED SEGMENT, IGNORED FOR OVERLAY PROCESS
    SEGMENT: ?PR?_READ_STR_ANGLE?SERVO

*** WARNING L16: UNCALLED SEGMENT, IGNORED FOR OVERLAY PROCESS
    SEGMENT: ?PR?_OPEN_STR?SERVO

*** WARNING L16: UNCALLED SEGMENT, IGNORED FOR OVERLAY PROCESS
    SEGMENT: ?PR?_CLOSE_STR?SERVO

*** WARNING L16: UNCALLED SEGMENT, IGNORED FOR OVERLAY PROCESS
    SEGMENT: ?PR?_SETSTEPMOTORWITHROUND?STEP_MOTOR

*** WARNING L16: UNCALLED SEGMENT, IGNORED FOR OVERLAY PROCESS
    SEGMENT: ?PR?_GETSTEPMOTORSTATE?STEP_MOTOR

*** WARNING L16: UNCALLED SEGMENT, IGNORED FOR OVERLAY PROCESS
    SEGMENT: ?PR?_SETSTEPMOTORDIVERSION?STEP_MOTOR

*** WARNING L16: UNCALLED SEGMENT, IGNORED FOR OVERLAY PROCESS
    SEGMENT: ?PR?_CLOSE_STEPMOTOR?STEP_MOTOR

*** WARNING L16: UNCALLED SEGMENT, IGNORED FOR OVERLAY PROCESS
    SEGMENT: ?PR?_OPEN_STEPMOTOR?STEP_MOTOR

*** WARNING L16: UNCALLED SEGMENT, IGNORED FOR OVERLAY PROCESS
    SEGMENT: ?PR?_FREESTEPMOTOR?STEP_MOTOR

*** WARNING L16: UNCALLED SEGMENT, IGNORED FOR OVERLAY PROCESS
    SEGMENT: ?PR?_LOCKSTEPMOTOR?STEP_MOTOR

*** WARNING L16: UNCALLED SEGMENT, IGNORED FOR OVERLAY PROCESS
    SEGMENT: ?PR?_STEPMOTOR_INIT?STEP_MOTOR

*** WARNING L16: UNCALLED SEGMENT, IGNORED FOR OVERLAY PROCESS
    SEGMENT: ?PR?_SETRELAY?RELAY

*** WARNING L16: UNCALLED SEGMENT, IGNORED FOR OVERLAY PROCESS
    SEGMENT: ?PR?_UNSETRELAY?RELAY

*** WARNING L16: UNCALLED SEGMENT, IGNORED FOR OVERLAY PROCESS
    SEGMENT: ?PR?RELAY_INIT?RELAY

*** WARNING L16: UNCALLED SEGMENT, IGNORED FOR OVERLAY PROCESS
    SEGMENT: ?PR?_LCD1602_WRITE_WORD?LCD1602

*** WARNING L16: UNCALLED SEGMENT, IGNORED FOR OVERLAY PROCESS
    SEGMENT: ?PR?LCD1602_INIT?LCD1602

*** WARNING L16: UNCALLED SEGMENT, IGNORED FOR OVERLAY PROCESS
    SEGMENT: ?PR?_HC595_INIT?74HC595
BL51 BANKED LINKER/LOCATER V6.00                                                      07/19/2017  22:02:17  PAGE 90



*** WARNING L16: UNCALLED SEGMENT, IGNORED FOR OVERLAY PROCESS
    SEGMENT: ?PR?_HC595SENDDATA?74HC595

*** WARNING L16: UNCALLED SEGMENT, IGNORED FOR OVERLAY PROCESS
    SEGMENT: ?PR?_GETPULSERSTATE?FIXEDPULSER

*** WARNING L16: UNCALLED SEGMENT, IGNORED FOR OVERLAY PROCESS
    SEGMENT: ?PR?_ADC_POWERCONTROL?ADC

*** WARNING L16: UNCALLED SEGMENT, IGNORED FOR OVERLAY PROCESS
    SEGMENT: ?PR?_SETPINSTATE?GPIO

*** WARNING L16: UNCALLED SEGMENT, IGNORED FOR OVERLAY PROCESS
    SEGMENT: ?PR?_PWMN_UPDATE?PCA

*** WARNING L16: UNCALLED SEGMENT, IGNORED FOR OVERLAY PROCESS
    SEGMENT: ?PR?_PCA_INIT?PCA

*** WARNING L16: UNCALLED SEGMENT, IGNORED FOR OVERLAY PROCESS
    SEGMENT: ?PR?_PWMOUTPUT?PCA

*** WARNING L16: UNCALLED SEGMENT, IGNORED FOR OVERLAY PROCESS
    SEGMENT: ?PR?_GET_PWM_PERIOD?STC15_PWM

*** WARNING L16: UNCALLED SEGMENT, IGNORED FOR OVERLAY PROCESS
    SEGMENT: ?PR?_GET_PWM_N_DUTY?STC15_PWM

*** WARNING L16: UNCALLED SEGMENT, IGNORED FOR OVERLAY PROCESS
    SEGMENT: ?PR?_GETPWM_DIV?STC15_PWM

*** WARNING L16: UNCALLED SEGMENT, IGNORED FOR OVERLAY PROCESS
    SEGMENT: ?PR?OPEN_PWM_ALL?STC15_PWM

*** WARNING L16: UNCALLED SEGMENT, IGNORED FOR OVERLAY PROCESS
    SEGMENT: ?PR?CLOSE_PWM_ALL?STC15_PWM

*** WARNING L16: UNCALLED SEGMENT, IGNORED FOR OVERLAY PROCESS
    SEGMENT: ?PR?_GET_PWM_N_STATE?STC15_PWM

*** WARNING L16: UNCALLED SEGMENT, IGNORED FOR OVERLAY PROCESS
    SEGMENT: ?PR?TIMERINIT?TIMER

*** WARNING L16: UNCALLED SEGMENT, IGNORED FOR OVERLAY PROCESS
    SEGMENT: ?PR?_SETTIMEOUT?TIMER

*** WARNING L16: UNCALLED SEGMENT, IGNORED FOR OVERLAY PROCESS
    SEGMENT: ?PR?_GETTIMEROUT?TIMER

*** WARNING L16: UNCALLED SEGMENT, IGNORED FOR OVERLAY PROCESS
    SEGMENT: ?PR?_SETTIMERHERTZ?TIMER

*** WARNING L16: UNCALLED SEGMENT, IGNORED FOR OVERLAY PROCESS
    SEGMENT: ?PR?_GETTIMERHERTZ?TIMER

*** WARNING L16: UNCALLED SEGMENT, IGNORED FOR OVERLAY PROCESS
    SEGMENT: ?PR?_STOPTIMER?TIMER
BL51 BANKED LINKER/LOCATER V6.00                                                      07/19/2017  22:02:17  PAGE 91



*** WARNING L16: UNCALLED SEGMENT, IGNORED FOR OVERLAY PROCESS
    SEGMENT: ?PR?_ISSTOPPED?TIMER

*** WARNING L16: UNCALLED SEGMENT, IGNORED FOR OVERLAY PROCESS
    SEGMENT: ?PR?_ONRESTARTTIMER?TIMER

*** WARNING L16: UNCALLED SEGMENT, IGNORED FOR OVERLAY PROCESS
    SEGMENT: ?PR?GETMICROS?TIMER

*** WARNING L16: UNCALLED SEGMENT, IGNORED FOR OVERLAY PROCESS
    SEGMENT: ?PR?GETMILLIS?TIMER

*** WARNING L16: UNCALLED SEGMENT, IGNORED FOR OVERLAY PROCESS
    SEGMENT: ?PR?GETSECONDS?TIMER

*** WARNING L16: UNCALLED SEGMENT, IGNORED FOR OVERLAY PROCESS
    SEGMENT: ?PR?GETMINUTES?TIMER

*** WARNING L16: UNCALLED SEGMENT, IGNORED FOR OVERLAY PROCESS
    SEGMENT: ?PR?GETHOURS?TIMER

*** WARNING L16: UNCALLED SEGMENT, IGNORED FOR OVERLAY PROCESS
    SEGMENT: ?PR?GETDAYS?TIMER

*** WARNING L16: UNCALLED SEGMENT, IGNORED FOR OVERLAY PROCESS
    SEGMENT: ?PR?_PRINTSTRING2?USART1

*** WARNING L16: UNCALLED SEGMENT, IGNORED FOR OVERLAY PROCESS
    SEGMENT: ?PR?_PRINTSTRING3?USART1

*** WARNING L16: UNCALLED SEGMENT, IGNORED FOR OVERLAY PROCESS
    SEGMENT: ?PR?_PRINTSTRING4?USART1

*** WARNING L16: UNCALLED SEGMENT, IGNORED FOR OVERLAY PROCESS
    SEGMENT: ?PR?_EEPROM_READ_N?STC15_EEPROM

*** WARNING L16: UNCALLED SEGMENT, IGNORED FOR OVERLAY PROCESS
    SEGMENT: ?PR?_EEPROM_SECTORERASE?STC15_EEPROM

*** WARNING L16: UNCALLED SEGMENT, IGNORED FOR OVERLAY PROCESS
    SEGMENT: ?PR?_EEPROM_WRITE_N?STC15_EEPROM

*** WARNING L15: MULTIPLE CALL TO SEGMENT
    SEGMENT: ?PR?GETANGLE?ANGLE
    CALLER1: ?PR?TASK8?ABSTASK
    CALLER2: ?PR?TASK9?ABSTASK

*** WARNING L15: MULTIPLE CALL TO SEGMENT
    SEGMENT: ?PR?_FILTER?FILTER
    CALLER1: ?PR?TASK8?ABSTASK
    CALLER2: ?PR?TASK9?ABSTASK

******************************************************************************
* RESTRICTED VERSION WITH FFFFH BYTE CODE SIZE LIMIT; USED: 38C8H BYTE (22%) *
******************************************************************************

BL51 BANKED LINKER/LOCATER V6.00                                                      07/19/2017  22:02:17  PAGE 92


Program Size: data=46.4 xdata=1534 code=16983
LINK/LOCATE RUN COMPLETE.  86 WARNING(S),  0 ERROR(S)
