BL51 BANKED LINKER/LOCATER V6.00                                                        07/17/2017  11:05:43  PAGE 1


BL51 BANKED LINKER/LOCATER V6.00, INVOKED BY:
C:\KEIL\C51\BIN\BL51.EXE .\ADC.obj, .\delay.obj, .\GPIO.obj, .\PCA.obj, .\stc15_eeprom.obj, .\stc15_exti.obj, .\stc15_ii
>> c.obj, .\stc15_pwm.obj, .\stc15_spi.obj, .\timer.obj, .\USART1.obj, .\BUTTON.obj, .\74HC595.obj, .\RELAY.obj, .\LCD16
>> 02.obj, .\LED.obj, .\MOTOR.obj, .\SERVO.obj, .\STEP_MOTOR.obj, .\ANGLE.obj, .\fixedPulser.obj, .\PID.obj, .\absTask.o
>> bj, .\FILTER.obj, .\DataScope_DP.obj, .\mode.obj, .\setup.obj, .\task.obj, .\Conf_tny.obj TO 电子大赛程序框架_uv2 RTX
>> 51TINY RAMSIZE (256)


MEMORY MODEL: LARGE WITH FLOATING POINT ARITHMETIC


INPUT MODULES INCLUDED:
  .\ADC.obj (ADC)
  .\delay.obj (DELAY)
  .\GPIO.obj (GPIO)
  .\PCA.obj (PCA)
  .\stc15_eeprom.obj (STC15_EEPROM)
  .\stc15_exti.obj (STC15_EXTI)
  .\stc15_iic.obj (STC15_IIC)
  .\stc15_pwm.obj (STC15_PWM)
  .\stc15_spi.obj (STC15_SPI)
  .\timer.obj (TIMER)
  .\USART1.obj (USART1)
  .\BUTTON.obj (BUTTON)
  .\74HC595.obj (74HC595)
  .\RELAY.obj (RELAY)
  .\LCD1602.obj (LCD1602)
  .\LED.obj (LED)
  .\MOTOR.obj (MOTOR)
  .\SERVO.obj (SERVO)
  .\STEP_MOTOR.obj (STEP_MOTOR)
  .\ANGLE.obj (ANGLE)
  .\fixedPulser.obj (FIXEDPULSER)
  .\PID.obj (PID)
  .\absTask.obj (ABSTASK)
  .\FILTER.obj (FILTER)
  .\DataScope_DP.obj (DATASCOPE_DP)
  .\mode.obj (MODE)
  .\setup.obj (SETUP)
  .\task.obj (TASK)
  .\Conf_tny.obj (?RTX51_TINY_KERNAL)
  C:\KEIL\C51\LIB\RTX51TNY.LIB (?RTX51_TINY_OS_CREATE)
  C:\KEIL\C51\LIB\RTX51TNY.LIB (?RTX51_TINY_OS_DELETE)
  C:\KEIL\C51\LIB\RTX51TNY.LIB (?RTX51_TINY_OS_WAIT)
  C:\KEIL\C51\LIB\C51FPL.LIB (?C?FPADD)
  C:\KEIL\C51\LIB\C51FPL.LIB (?C?FPMUL)
  C:\KEIL\C51\LIB\C51FPL.LIB (?C?FPDIV)
  C:\KEIL\C51\LIB\C51FPL.LIB (?C?FPCMP)
  C:\KEIL\C51\LIB\C51FPL.LIB (?C?FCAST)
  C:\KEIL\C51\LIB\C51FPL.LIB (?C?CASTF)
  C:\KEIL\C51\LIB\C51FPL.LIB (?C?FPGETOPN)
  C:\KEIL\C51\LIB\C51L.LIB (?C_STARTUP)
  C:\KEIL\C51\LIB\C51L.LIB (?C?CLDPTR)
  C:\KEIL\C51\LIB\C51L.LIB (?C?CLDOPTR)
  C:\KEIL\C51\LIB\C51L.LIB (?C?CSTPTR)
  C:\KEIL\C51\LIB\C51L.LIB (?C?CSTOPTR)
  C:\KEIL\C51\LIB\C51L.LIB (?C?IMUL)
  C:\KEIL\C51\LIB\C51L.LIB (?C?UIDIV)
BL51 BANKED LINKER/LOCATER V6.00                                                      07/17/2017  11:05:43  PAGE 2


  C:\KEIL\C51\LIB\C51L.LIB (?C?IILDX)
  C:\KEIL\C51\LIB\C51L.LIB (?C?ILDIX)
  C:\KEIL\C51\LIB\C51L.LIB (?C?ILDOPTR)
  C:\KEIL\C51\LIB\C51L.LIB (?C?ULDIV)
  C:\KEIL\C51\LIB\C51L.LIB (?C?SLDIV)
  C:\KEIL\C51\LIB\C51L.LIB (?C?LNEG)
  C:\KEIL\C51\LIB\C51L.LIB (?C?ULCMP)
  C:\KEIL\C51\LIB\C51L.LIB (?C?ULSHR)
  C:\KEIL\C51\LIB\C51L.LIB (?C?LLDOPTR0)
  C:\KEIL\C51\LIB\C51L.LIB (?C?LSTXDATA)
  C:\KEIL\C51\LIB\C51L.LIB (?C?LSTKXDATA)
  C:\KEIL\C51\LIB\C51L.LIB (?C_INIT)
  C:\KEIL\C51\LIB\C51L.LIB (?C?LLDIDATA0)
  C:\KEIL\C51\LIB\C51L.LIB (?C?LLDXDATA0)
  C:\KEIL\C51\LIB\C51L.LIB (?C?LLDPDATA0)
  C:\KEIL\C51\LIB\C51L.LIB (?C?LLDCODE0)


TASK TABLE OF MODULE:  电子大赛程序框架_uv2 (ADC)

TASKID   PRIORITY   REG-BANK   SEGMENT NAME
-------------------------------------------
0        0          0          ?PR?TASKSTART?ABSTASK
1        0          0          ?PR?TASK1?ABSTASK
2        0          0          ?PR?TASK2?ABSTASK
3        0          0          ?PR?TASK3?ABSTASK
5        0          0          ?PR?TASK5?ABSTASK
7        0          0          ?PR?TASK7?ABSTASK
8        0          0          ?PR?TASK8?ABSTASK
9        0          0          ?PR?TASK9?ABSTASK



LINK MAP OF MODULE:  电子大赛程序框架_uv2 (ADC)


            TYPE    BASE      LENGTH    RELOCATION   SEGMENT NAME
            -----------------------------------------------------

            * * * * * * *   D A T A   M E M O R Y   * * * * * * *
            REG     0000H     0008H     ABSOLUTE     "REG BANK 0"
            DATA    0008H     0006H     ABSOLUTE     
            IDATA   000EH     000AH     UNIT         ?RTX?TASKSP?S
                    0018H     0008H                  *** GAP ***
            BIT     0020H.0   0000H.4   UNIT         ?BI?BUTTON
            BIT     0020H.4   0000H.3   UNIT         ?BI?PCA
            BIT     0020H.7   0000H.2   UNIT         _BIT_GROUP_
            BIT     0021H.1   0000H.1   UNIT         ?BI?_SETPINSTATE?GPIO
            BIT     0021H.2   0000H.1   UNIT         ?BI?IIC_RDACK?STC15_IIC
            BIT     0021H.3   0000H.1   UNIT         ?BI?LED
            BIT     0021H.4   0000H.1   UNIT         ?RTX?BITS
                    0021H.5   0000H.3                *** GAP ***
            IDATA   0022H     0040H     UNIT         ?ID?STC15_SPI
            IDATA   0062H     0014H     UNIT         ?RTX?TASKSTATE?S
            IDATA   0076H     0001H     UNIT         ?STACK

            * * * * * * *  X D A T A   M E M O R Y  * * * * * * *
BL51 BANKED LINKER/LOCATER V6.00                                                      07/17/2017  11:05:43  PAGE 3


            XDATA   0000H     028CH     UNIT         ?XD?USART1
            XDATA   028CH     0104H     UNIT         _XDATA_GROUP_
            XDATA   0390H     0072H     UNIT         ?XD?PID
            XDATA   0402H     005DH     UNIT         ?XD?SERVO
            XDATA   045FH     0036H     UNIT         ?XD?STC15_PWM
            XDATA   0495H     002AH     UNIT         ?XD?DATASCOPE_DP
            XDATA   04BFH     0021H     UNIT         ?XD?_INIT_STR_MOTOR?SERVO
            XDATA   04E0H     0016H     UNIT         ?XD?TIMER
            XDATA   04F6H     0015H     UNIT         ?XD?PCA
            XDATA   050BH     0012H     UNIT         ?XD?DC_MOTOR_CONFIG?MOTOR
            XDATA   051DH     0011H     UNIT         ?XD?TIMERINIT?TIMER
            XDATA   052EH     0010H     UNIT         ?XD?PULSERINIT?FIXEDPULSER
            XDATA   053EH     000DH     UNIT         ?XD?_PID_CONFIG?PID
            XDATA   054BH     000CH     UNIT         ?XD?STEP_MOTOR
            XDATA   0557H     000CH     UNIT         ?XD?FIXEDPULSER
            XDATA   0563H     0009H     UNIT         ?XD?_SET_STR_ANGLE?SERVO
            XDATA   056CH     0008H     UNIT         ?XD?ANGLE
            XDATA   0574H     0007H     UNIT         ?XD?_EEPROM_READ_N?STC15_EEPROM
            XDATA   057BH     0007H     UNIT         ?XD?_EEPROM_WRITE_N?STC15_EEPROM
            XDATA   0582H     0006H     UNIT         ?XD?_IIC_WRDATTOADD?STC15_IIC
            XDATA   0588H     0006H     UNIT         ?XD?_IIC_RDDATFROMADD?STC15_IIC
            XDATA   058EH     0005H     UNIT         ?XD?_SETDC_MOTORSPEED?MOTOR
            XDATA   0593H     0005H     UNIT         ?XD?_SETPULSE?FIXEDPULSER
            XDATA   0598H     0005H     UNIT         ?XD?_SETPARAMETERINFERIORLIMIT?PID
            XDATA   059DH     0005H     UNIT         ?XD?_SETPARAMETERUPPERLIMIT?PID
            XDATA   05A2H     0005H     UNIT         ?XD?_SETACTUALPARAMETER?PID
            XDATA   05A7H     0005H     UNIT         ?XD?_SETKI?PID
            XDATA   05ACH     0005H     UNIT         ?XD?_SETKP?PID
            XDATA   05B1H     0005H     UNIT         ?XD?_SETKD?PID
            XDATA   05B6H     0005H     UNIT         ?XD?_SETPARAMETER?PID
            XDATA   05BBH     0004H     UNIT         ?XD?STC15_SPI
            XDATA   05BFH     0004H     UNIT         ?XD?_HC595_INIT?74HC595
            XDATA   05C3H     0004H     UNIT         ?XD?MOTOR
            XDATA   05C7H     0004H     UNIT         ?XD?_SETSTEPMOTORWITHROUND?STEP_MOTOR
            XDATA   05CBH     0004H     UNIT         ?XD?ABSTASK
            XDATA   05CFH     0003H     UNIT         ?XD?_PCA_INIT?PCA
            XDATA   05D2H     0003H     UNIT         ?XD?_PWMOUTPUT?PCA
            XDATA   05D5H     0003H     UNIT         ?XD?RELAY
            XDATA   05D8H     0003H     UNIT         ?XD?_LCD1602_WRITE_WORD?LCD1602
            XDATA   05DBH     0001H     UNIT         ?XD?_HC595SENDDATA?74HC595
            XDATA   05DCH     0001H     UNIT         ?XD?_LCD1602_WRITE_CHAR?LCD1602
            XDATA   05DDH     0001H     UNIT         ?XD?_BOARD_LED_PWM?LED
            XDATA   05DEH     0001H     UNIT         ?XD?_OPEN_DC_MOTOR?MOTOR
            XDATA   05DFH     0001H     UNIT         ?XD?_CLOSE_DC_MOTOR?MOTOR
            XDATA   05E0H     0001H     UNIT         ?XD?_OPEN_STR?SERVO
            XDATA   05E1H     0001H     UNIT         ?XD?_CLOSE_STR?SERVO
            XDATA   05E2H     0001H     UNIT         ?XD?_CLOSE_STEPMOTOR?STEP_MOTOR
            XDATA   05E3H     0001H     UNIT         ?XD?_OPEN_STEPMOTOR?STEP_MOTOR
            XDATA   05E4H     0001H     UNIT         ?XD?_OPENPULSER?FIXEDPULSER
            XDATA   05E5H     0001H     UNIT         ?XD?_CLOSEPULSER?FIXEDPULSER
            XDATA   05E6H     0001H     UNIT         ?XD?_PID?PID

            * * * * * * *   C O D E   M E M O R Y   * * * * * * *
            CODE    0000H     0003H     ABSOLUTE     
            CODE    0003H     0003H     ABSOLUTE     
                    0006H     0005H                  *** GAP ***
            CODE    000BH     0003H     ABSOLUTE     
BL51 BANKED LINKER/LOCATER V6.00                                                      07/17/2017  11:05:43  PAGE 4


                    000EH     0005H                  *** GAP ***
            CODE    0013H     0003H     ABSOLUTE     
                    0016H     0005H                  *** GAP ***
            CODE    001BH     0003H     ABSOLUTE     
                    001EH     0005H                  *** GAP ***
            CODE    0023H     0003H     ABSOLUTE     
                    0026H     0005H                  *** GAP ***
            CODE    002BH     0003H     ABSOLUTE     
                    002EH     000DH                  *** GAP ***
            CODE    003BH     0003H     ABSOLUTE     
                    003EH     0005H                  *** GAP ***
            CODE    0043H     0003H     ABSOLUTE     
                    0046H     0005H                  *** GAP ***
            CODE    004BH     0003H     ABSOLUTE     
                    004EH     0005H                  *** GAP ***
            CODE    0053H     0003H     ABSOLUTE     
                    0056H     0005H                  *** GAP ***
            CODE    005BH     0003H     ABSOLUTE     
                    005EH     0025H                  *** GAP ***
            CODE    0083H     0003H     ABSOLUTE     
                    0086H     0005H                  *** GAP ***
            CODE    008BH     0003H     ABSOLUTE     
                    008EH     0005H                  *** GAP ***
            CODE    0093H     0003H     ABSOLUTE     
                    0096H     0005H                  *** GAP ***
            CODE    009BH     0003H     ABSOLUTE     
                    009EH     0005H                  *** GAP ***
            CODE    00A3H     0003H     ABSOLUTE     
                    00A6H     000DH                  *** GAP ***
            CODE    00B3H     0003H     ABSOLUTE     
                    00B6H     074AH                  *** GAP ***
            CODE    0800H     06E0H     UNIT         ?PR?_USART_CONFIGURATION?USART1
            CODE    0EE0H     06B2H     UNIT         ?C?LIB_CODE
            CODE    1592H     0386H     UNIT         ?PR?_PWM_INILIZE?STC15_PWM
            CODE    1918H     02E3H     UNIT         ?RTX?CODE
            CODE    1BFBH     0233H     UNIT         ?PR?_TIMER_INILIZE?TIMER
            CODE    1E2EH     01DAH     UNIT         ?PR?_PID?PID
            CODE    2008H     01C4H     UNIT         ?PR?_GPIO_INILIZE?GPIO
            CODE    21CCH     01B0H     UNIT         ?PR?_INIT_STR_MOTOR?SERVO
            CODE    237CH     019FH     UNIT         ?PR?_PCA_INIT?PCA
            CODE    251BH     013DH     UNIT         ?PR?_PWMOUTPUT?PCA
            CODE    2658H     0137H     UNIT         ?PR?_PWM_SET_T12_PERIOD?STC15_PWM
            CODE    278FH     0136H     UNIT         ?PR?_FILTER?FILTER
            CODE    28C5H     0134H     UNIT         ?PR?_DATASCOPE_GET_CHANNEL_DATA?DATASCOPE_DP
            CODE    29F9H     0131H     UNIT         ?PR?_PID_CONFIG?PID
            CODE    2B2AH     00DEH     UNIT         ?PR?_SET_STR_ANGLE?SERVO
            CODE    2C08H     00D5H     UNIT         ?PR?_SET_PWM_DUTY?STC15_PWM
            CODE    2CDDH     00B6H     UNIT         ?PR?_EXT_INILIZE?STC15_EXTI
            CODE    2D93H     00B1H     UNIT         ?CO?TIMER
            CODE    2E44H     00AEH     UNIT         ?PR?_PWMN_UPDATE?PCA
            CODE    2EF2H     00AAH     UNIT         ?PR?_FLOAT2BYTE?DATASCOPE_DP
            CODE    2F9CH     00A9H     UNIT         ?PR?TIMERINIT?TIMER
            CODE    3045H     00A5H     UNIT         ?PR?_DATASCOPE_DATA_GENERATE?DATASCOPE_DP
            CODE    30EAH     00A3H     UNIT         ?PR?PCA_HANDLER?PCA
            CODE    318DH     0092H     UNIT         ?PR?_SETDC_MOTORSPEED?MOTOR
            CODE    321FH     0091H     UNIT         ?PR?_SPI_INIT?STC15_SPI
            CODE    32B0H     008CH     UNIT         ?C_C51STARTUP
BL51 BANKED LINKER/LOCATER V6.00                                                      07/17/2017  11:05:43  PAGE 5


            CODE    333CH     008AH     UNIT         ?PR?TIMER4_INT?TIMER
            CODE    33C6H     0085H     UNIT         ?PR?UART2_INT?USART1
            CODE    344BH     0085H     UNIT         ?PR?UART3_INT?USART1
            CODE    34D0H     0085H     UNIT         ?PR?UART4_INT?USART1
            CODE    3555H     0084H     UNIT         ?PR?SETUP?SETUP
            CODE    35D9H     0082H     UNIT         ?C_INITSEG
            CODE    365BH     007FH     UNIT         ?PR?UART1_INT?USART1
            CODE    36DAH     007AH     UNIT         ?PR?GETANGLE?ANGLE
            CODE    3754H     006BH     UNIT         ?PR?DC_MOTOR_CONFIG?MOTOR
            CODE    37BFH     0064H     UNIT         ?PR?PULSERINIT?FIXEDPULSER
            CODE    3823H     005EH     UNIT         ?PR?_GET_ADC10BITRESULT?ADC
            CODE    3881H     0057H     UNIT         ?PR?BUTTONSCAN?BUTTON
            CODE    38D8H     0055H     UNIT         ?PR?SPI_TRANSIVION?STC15_SPI
            CODE    392DH     0055H     UNIT         ?PR?_SETPULSE?FIXEDPULSER
            CODE    3982H     0053H     UNIT         ?PR?_ADC_INILIZE?ADC
            CODE    39D5H     0053H     UNIT         ?PR?_IIC_RDDATFROMADD?STC15_IIC
            CODE    3A28H     0053H     UNIT         ?PR?PWM_ROUTINE?FIXEDPULSER
            CODE    3A7BH     004BH     UNIT         ?PR?_SET_PWM_PERIOD?STC15_PWM
            CODE    3AC6H     0048H     UNIT         ?PR?TIMER3_INT?TIMER
            CODE    3B0EH     0047H     UNIT         ?PR?TIMER1_ISR?TIMER
            CODE    3B55H     0044H     UNIT         ?C?LDIV
            CODE    3B99H     003FH     UNIT         ?PR?_EEPROM_READ_N?STC15_EEPROM
            CODE    3BD8H     003FH     UNIT         ?PR?_EEPROM_WRITE_N?STC15_EEPROM
            CODE    3C17H     0039H     UNIT         ?PR?_SENDSCOPEDATA?DATASCOPE_DP
            CODE    3C50H     0036H     UNIT         ?PR?_IIC_WRDATTOADD?STC15_IIC
            CODE    3C86H     0031H     UNIT         ?PR?_SETSTEPMOTORWITHROUND?STEP_MOTOR
            CODE    3CB7H     002FH     UNIT         ?PR?_LCD1602_WRITE_WORD?LCD1602
            CODE    3CE6H     002CH     UNIT         ?PR?_UART1_INIT?SETUP
            CODE    3D12H     002BH     UNIT         ?PR?TASKSTART?ABSTASK
            CODE    3D3DH     0028H     UNIT         ?PR?_OPEN_PWM_N?STC15_PWM
            CODE    3D65H     0028H     UNIT         ?PR?_TX2_WRITE2BUFF?USART1
            CODE    3D8DH     0028H     UNIT         ?PR?_TX3_WRITE2BUFF?USART1
            CODE    3DB5H     0028H     UNIT         ?PR?_TX4_WRITE2BUFF?USART1
            CODE    3DDDH     0028H     UNIT         ?PR?BOARD_LED_INIT?LED
            CODE    3E05H     0027H     UNIT         ?PR?IIC_RDACK?STC15_IIC
            CODE    3E2CH     0027H     UNIT         ?PR?SPI_TRIGTX?STC15_SPI
            CODE    3E53H     0027H     UNIT         ?PR?_TX1_WRITE2BUFF?USART1
            CODE    3E7AH     0026H     UNIT         ?PR?_INPUTONEBYTE?STC15_IIC
            CODE    3EA0H     0025H     UNIT         ?PR?_CLOSE_PWM_N?STC15_PWM
            CODE    3EC5H     0025H     UNIT         ?PR?_SETTIMEOUT?TIMER
            CODE    3EEAH     0025H     UNIT         ?PR?TASK8?ABSTASK
            CODE    3F0FH     0024H     UNIT         ?PR?SPI_SPI_READBYTETORXBUF?STC15_SPI
            CODE    3F33H     0022H     UNIT         ?PR?_BLINK?LED
            CODE    3F55H     0022H     UNIT         ?PR?_OPEN_STR?SERVO
            CODE    3F77H     0021H     UNIT         ?PR?_CLOSE_STR?SERVO
            CODE    3F98H     0021H     UNIT         ?PR?_OPENPULSER?FIXEDPULSER
            CODE    3FB9H     0021H     UNIT         ?PR?_SETPARAMETERINFERIORLIMIT?PID
            CODE    3FDAH     0021H     UNIT         ?PR?_SETPARAMETERUPPERLIMIT?PID
            CODE    3FFBH     0021H     UNIT         ?PR?_SETACTUALPARAMETER?PID
            CODE    401CH     0021H     UNIT         ?PR?_SETKI?PID
            CODE    403DH     0021H     UNIT         ?PR?_SETKP?PID
            CODE    405EH     0021H     UNIT         ?PR?_SETKD?PID
            CODE    407FH     0021H     UNIT         ?PR?_SETPARAMETER?PID
            CODE    40A0H     0020H     UNIT         ?PR?_EEPROM_SECTORERASE?STC15_EEPROM
            CODE    40C0H     0020H     UNIT         ?PR?_RESTARTTIMER?TIMER
            CODE    40E0H     0020H     UNIT         ?PR?_CLOSEPULSER?FIXEDPULSER
            CODE    4100H     001FH     UNIT         ?PR?_SPI_WRITENBYTETOTXBUF?STC15_SPI
BL51 BANKED LINKER/LOCATER V6.00                                                      07/17/2017  11:05:43  PAGE 6


            CODE    411FH     001FH     UNIT         ?PR?_ISEXPIREDTIMER?TIMER
            CODE    413EH     001FH     UNIT         ?PR?_ISSTOPPED?TIMER
            CODE    415DH     001FH     UNIT         ?PR?BUTTON_CONFIG?BUTTON
            CODE    417CH     001EH     UNIT         ?PR?OUTPUTONEBYTE?STC15_IIC
            CODE    419AH     001EH     UNIT         ?PR?LCD1602_GPIO_CONFIG?LCD1602
            CODE    41B8H     001EH     UNIT         ?PR?_OPEN_DC_MOTOR?MOTOR
            CODE    41D6H     001DH     UNIT         ?PR?_ISACTIVETIMER?TIMER
            CODE    41F3H     001DH     UNIT         ?PR?_GETBUTTONSTATE?BUTTON
            CODE    4210H     001DH     UNIT         ?PR?LCD1602_INIT?LCD1602
            CODE    422DH     001DH     UNIT         ?PR?_CLOSE_DC_MOTOR?MOTOR
            CODE    424AH     001DH     UNIT         ?PR?_OPEN_STEPMOTOR?STEP_MOTOR
            CODE    4267H     001CH     UNIT         ?PR?_SETTIMERHERTZ?TIMER
            CODE    4283H     001CH     UNIT         ?PR?_LCD1602_WRITE_CHAR?LCD1602
            CODE    429FH     001CH     UNIT         ?PR?_LCD1602_WRITE_COM?LCD1602
            CODE    42BBH     001CH     UNIT         ?PR?_CLOSE_STEPMOTOR?STEP_MOTOR
            CODE    42D7H     001CH     UNIT         ?PR?_ADC_CONFIG?ANGLE
            CODE    42F3H     001BH     UNIT         ?PR?_SPI_SPI_READTHENBYTETORXBUF?STC15_SPI
            CODE    430EH     001BH     UNIT         ?PR?TASK7?ABSTASK
            CODE    4329H     001AH     UNIT         ?PR?_GET_PWM_PERIOD?STC15_PWM
            CODE    4343H     001AH     UNIT         ?PR?_GET_PWM_N_DUTY?STC15_PWM
            CODE    435DH     001AH     UNIT         ?PR?_GETTIMEROUT?TIMER
            CODE    4377H     001AH     UNIT         ?PR?_GETTIMERHERTZ?TIMER
            CODE    4391H     001AH     UNIT         ?PR?_READ_STR_ANGLE?SERVO
            CODE    43ABH     001AH     UNIT         ?PR?_GETPARAMETER?PID
            CODE    43C5H     001AH     UNIT         ?PR?_GETERR?PID
            CODE    43DFH     001AH     UNIT         ?PR?_GETERRLAST?PID
            CODE    43F9H     001AH     UNIT         ?PR?_GETKP?PID
            CODE    4413H     001AH     UNIT         ?PR?_GETKI?PID
            CODE    442DH     001AH     UNIT         ?PR?_GETKD?PID
            CODE    4447H     001AH     UNIT         ?PR?_GETOUTPUT?PID
            CODE    4461H     001AH     UNIT         ?PR?_GETINTEGRAL?PID
            CODE    447BH     001AH     UNIT         ?PR?TASK9?ABSTASK
            CODE    4495H     0019H     UNIT         ?PR?_IIC_WRDEVADDANDDATADD?STC15_IIC
            CODE    44AEH     0019H     UNIT         ?PR?_STOPTIMER?TIMER
            CODE    44C7H     0019H     UNIT         ?PR?_HC595_INIT?74HC595
            CODE    44E0H     0019H     UNIT         ?PR?TASK5?ABSTASK
            CODE    44F9H     0018H     UNIT         ?PR?_PWM_SET_PERIOD?STC15_PWM
            CODE    4511H     0018H     UNIT         ?PR?TASK3?ABSTASK
            CODE    4529H     0017H     UNIT         ?PR?_PRINTSTRING1?USART1
            CODE    4540H     0014H     UNIT         ?PR?_SPI_WRITEBYTETOTXBUF?STC15_SPI
            CODE    4554H     0014H     UNIT         ?RTX?TASKENT?S
            CODE    4568H     0013H     UNIT         ?PR?_PRINTSTRING2?USART1
            CODE    457BH     0013H     UNIT         ?PR?_PRINTSTRING3?USART1
            CODE    458EH     0013H     UNIT         ?PR?_PRINTSTRING4?USART1
            CODE    45A1H     0012H     UNIT         ?PR?_GET_PWM_N_STATE?STC15_PWM
            CODE    45B3H     0012H     UNIT         ?PR?_GETSTEPMOTORSTATE?STEP_MOTOR
            CODE    45C5H     0012H     UNIT         ?PR?_GETPULSERSTATE?FIXEDPULSER
            CODE    45D7H     0012H     UNIT         ?PR?_OPENPID?PID
            CODE    45E9H     0011H     UNIT         ?PR?_HC595SENDDATA?74HC595
            CODE    45FAH     0011H     UNIT         ?PR?_SETSTEPMOTORWITHANGLE?STEP_MOTOR
            CODE    460BH     0011H     UNIT         ?PR?_CLOSEPID?PID
            CODE    461CH     0011H     UNIT         ?PR?TASK1?ABSTASK
            CODE    462DH     0010H     UNIT         ?PR?_DELAY_MS?DELAY
            CODE    463DH     0010H     UNIT         ?PR?_GETDC_MOTORSTATE?MOTOR
            CODE    464DH     000FH     UNIT         ?PR?_SETRELAY?RELAY
            CODE    465CH     000EH     UNIT         ?PR?DISABLEEEPROM?STC15_EEPROM
            CODE    466AH     000EH     UNIT         ?PR?_ONRESTARTTIMER?TIMER
BL51 BANKED LINKER/LOCATER V6.00                                                      07/17/2017  11:05:43  PAGE 7


            CODE    4678H     000EH     UNIT         ?PR?_UNSETRELAY?RELAY
            CODE    4686H     000DH     UNIT         ?PR?DELAY5US?STC15_IIC
            CODE    4693H     000DH     UNIT         ?PR?IIC_ACK?STC15_IIC
            CODE    46A0H     000CH     UNIT         ?PR?_ADC_POWERCONTROL?ADC
            CODE    46ACH     000BH     UNIT         ?PR?_SPI_SETMODE?STC15_SPI
            CODE    46B7H     000AH     UNIT         ?PR?IIC_START?STC15_IIC
            CODE    46C1H     000AH     UNIT         ?PR?IIC_NACK?STC15_IIC
            CODE    46CBH     000AH     UNIT         ?PR?OPEN_PWM_ALL?STC15_PWM
            CODE    46D5H     000AH     UNIT         ?PR?CLOSE_PWM_ALL?STC15_PWM
            CODE    46DFH     000AH     UNIT         ?PR?_DIGITALREAD?BUTTON
            CODE    46E9H     0009H     UNIT         ?PR?GETMICROS?TIMER
            CODE    46F2H     0009H     UNIT         ?PR?GETMILLIS?TIMER
            CODE    46FBH     0006H     UNIT         ?PR?IIC_STOP?STC15_IIC
            CODE    4701H     0006H     UNIT         ?PR?GETSECONDS?TIMER
            CODE    4707H     0006H     UNIT         ?PR?GETMINUTES?TIMER
            CODE    470DH     0006H     UNIT         ?PR?GETHOURS?TIMER
            CODE    4713H     0006H     UNIT         ?PR?GETDAYS?TIMER
            CODE    4719H     0006H     UNIT         ?PR?_BOARD_LED_PWM?LED
            CODE    471FH     0005H     UNIT         ?PR?OPEN_BOARD_LED?LED
            CODE    4724H     0005H     UNIT         ?PR?CLOSE_BOARD_LED?LED
            CODE    4729H     0004H     UNIT         ?PR?ADC_INT?ADC
            CODE    472DH     0003H     UNIT         ?PR?_SETPINSTATE?GPIO
            CODE    4730H     0003H     UNIT         ?PR?GETBOARD_LED_STATE?LED
            CODE    4733H     0003H     UNIT         ?PR?STEPMOTOR_INIT?STEP_MOTOR
            CODE    4736H     0001H     UNIT         ?PR?EXT_INT0?STC15_EXTI
            CODE    4737H     0001H     UNIT         ?PR?EXT_INT1?STC15_EXTI
            CODE    4738H     0001H     UNIT         ?PR?EXT_INT2?STC15_EXTI
            CODE    4739H     0001H     UNIT         ?PR?EXT_INT3?STC15_EXTI
            CODE    473AH     0001H     UNIT         ?PR?EXT_INT4?STC15_EXTI
            CODE    473BH     0001H     UNIT         ?PR?RELAY_INIT?RELAY
            CODE    473CH     0001H     UNIT         ?PR?TASK2?ABSTASK
            CODE    473DH     0001H     UNIT         ?PR?MODE1?MODE
            CODE    473EH     0001H     UNIT         ?PR?MODE2?MODE
            CODE    473FH     0001H     UNIT         ?PR?MODE3?MODE
            CODE    4740H     0001H     UNIT         ?PR?MODE4?MODE
            CODE    4741H     0001H     UNIT         ?PR?MODELAUNCHER?MODE



OVERLAY MAP OF MODULE:   电子大赛程序框架_uv2 (ADC)


SEGMENT                                             BIT_GROUP          XDATA_GROUP
  +--> CALLED SEGMENT                            START    LENGTH     START    LENGTH
------------------------------------------------------------------------------------
?PR?TASKSTART?ABSTASK                            -----    -----      -----    -----
  +--> ?PR?SETUP?SETUP
  +--> ?PR?_BLINK?LED

?PR?SETUP?SETUP                                  -----    -----      028CH    0012H
  +--> ?PR?_UART1_INIT?SETUP
  +--> ?PR?BOARD_LED_INIT?LED
  +--> ?PR?BUTTON_CONFIG?BUTTON
  +--> ?PR?_ADC_CONFIG?ANGLE
  +--> ?PR?LCD1602_INIT?LCD1602
  +--> ?PR?_GPIO_INILIZE?GPIO
  +--> ?PR?_PWM_INILIZE?STC15_PWM
BL51 BANKED LINKER/LOCATER V6.00                                                      07/17/2017  11:05:43  PAGE 8


  +--> ?PR?_SET_PWM_PERIOD?STC15_PWM
  +--> ?PR?_SET_PWM_DUTY?STC15_PWM
  +--> ?PR?OPEN_PWM_ALL?STC15_PWM

?PR?_UART1_INIT?SETUP                            -----    -----      029EH    000DH
  +--> ?PR?_USART_CONFIGURATION?USART1

?PR?_USART_CONFIGURATION?USART1                  -----    -----      02ABH    0009H

?PR?BOARD_LED_INIT?LED                           -----    -----      029EH    0002H
  +--> ?PR?_GPIO_INILIZE?GPIO
  +--> ?PR?OPEN_BOARD_LED?LED
  +--> ?PR?_DELAY_MS?DELAY
  +--> ?PR?CLOSE_BOARD_LED?LED

?PR?BUTTON_CONFIG?BUTTON                         -----    -----      029EH    0002H
  +--> ?PR?_GPIO_INILIZE?GPIO

?PR?_ADC_CONFIG?ANGLE                            -----    -----      029EH    0006H
  +--> ?PR?_ADC_INILIZE?ADC

?PR?LCD1602_INIT?LCD1602                         -----    -----      -----    -----
  +--> ?PR?LCD1602_GPIO_CONFIG?LCD1602
  +--> ?PR?_LCD1602_WRITE_COM?LCD1602

?PR?_LCD1602_WRITE_COM?LCD1602                   -----    -----      029EH    0001H
  +--> ?PR?_DELAY_MS?DELAY

?PR?_PWM_INILIZE?STC15_PWM                       -----    -----      029EH    0002H

?PR?_SET_PWM_PERIOD?STC15_PWM                    -----    -----      029EH    0002H
  +--> ?PR?_PWM_SET_PERIOD?STC15_PWM

?PR?_SET_PWM_DUTY?STC15_PWM                      -----    -----      029EH    0005H
  +--> ?PR?_PWM_SET_T12_PERIOD?STC15_PWM

?PR?_PWM_SET_T12_PERIOD?STC15_PWM                -----    -----      02A3H    0007H

?PR?_BLINK?LED                                   -----    -----      028CH    0001H
  +--> ?PR?OPEN_BOARD_LED?LED
  +--> ?PR?_DELAY_MS?DELAY
  +--> ?PR?CLOSE_BOARD_LED?LED

*** NEW ROOT ***************************************************

?PR?TASK1?ABSTASK                                -----    -----      02B4H    0001H

*** NEW ROOT ***************************************************

?PR?TASK2?ABSTASK                                -----    -----      02B5H    0028H

*** NEW ROOT ***************************************************

?PR?TASK3?ABSTASK                                -----    -----      02DDH    0065H

*** NEW ROOT ***************************************************

BL51 BANKED LINKER/LOCATER V6.00                                                      07/17/2017  11:05:43  PAGE 9


?PR?TASK5?ABSTASK                                -----    -----      0342H    0004H
  +--> ?PR?BUTTONSCAN?BUTTON

?PR?BUTTONSCAN?BUTTON                            -----    -----      -----    -----
  +--> ?PR?_DIGITALREAD?BUTTON

*** NEW ROOT ***************************************************

?PR?TASK7?ABSTASK                                -----    -----      -----    -----
  +--> ?PR?_GETBUTTONSTATE?BUTTON
  +--> ?PR?OPEN_BOARD_LED?LED
  +--> ?PR?CLOSE_BOARD_LED?LED

*** NEW ROOT ***************************************************

?PR?TASK8?ABSTASK                                -----    -----      -----    -----
  +--> ?PR?GETANGLE?ANGLE
  +--> ?PR?OPEN_BOARD_LED?LED
  +--> ?PR?CLOSE_BOARD_LED?LED

?PR?GETANGLE?ANGLE                               0021H.0  0000H.1    036BH    0015H
  +--> ?PR?_GET_ADC10BITRESULT?ADC
  +--> ?PR?_FILTER?FILTER

?PR?_FILTER?FILTER                               -----    -----      0380H    0010H

*** NEW ROOT ***************************************************

?PR?TASK9?ABSTASK                                -----    -----      -----    -----
  +--> ?PR?GETANGLE?ANGLE
  +--> ?PR?_SENDSCOPEDATA?DATASCOPE_DP

?PR?_SENDSCOPEDATA?DATASCOPE_DP                  -----    -----      036BH    0006H
  +--> ?PR?_DATASCOPE_GET_CHANNEL_DATA?DATAS...
  +--> ?PR?_DATASCOPE_DATA_GENERATE?DATASCOP...
  +--> ?PR?_TX1_WRITE2BUFF?USART1

?PR?_DATASCOPE_GET_CHANNEL_DATA?DATAS...         -----    -----      0371H    0005H
  +--> ?PR?_FLOAT2BYTE?DATASCOPE_DP

?PR?_FLOAT2BYTE?DATASCOPE_DP                     -----    -----      0376H    000AH

*** NEW ROOT ***************************************************

?C_C51STARTUP                                    -----    -----      -----    -----
  +--> ?C_INITSEG



SYMBOL TABLE OF MODULE:  电子大赛程序框架_uv2 (ADC)

  VALUE           TYPE          NAME
  ----------------------------------

  -------         MODULE        ADC
  C:0000H         SYMBOL        _ICE_DUMMY_
  D:0080H         PUBLIC        P0
BL51 BANKED LINKER/LOCATER V6.00                                                      07/17/2017  11:05:43  PAGE 10


  D:0090H         PUBLIC        P1
  C:3982H         PUBLIC        _ADC_Inilize
  D:00A0H         PUBLIC        P2
  D:00B0H         PUBLIC        P3
  D:00C0H         PUBLIC        P4
  D:00C8H         PUBLIC        P5
  D:00E8H         PUBLIC        P6
  D:00F8H         PUBLIC        P7
  B:00A8H.5       PUBLIC        EADC
  D:00A8H         PUBLIC        IE
  D:00BDH         PUBLIC        ADC_RES
  B:00B8H.5       PUBLIC        PADC
  D:00B8H         PUBLIC        IP
  C:46A0H         PUBLIC        _ADC_PowerControl
  D:00D8H         PUBLIC        CCON
  D:00BCH         PUBLIC        ADC_CONTR
  D:0098H         PUBLIC        SCON
  D:0088H         PUBLIC        TCON
  D:00F0H         PUBLIC        B
  D:00E0H         PUBLIC        ACC
  D:009DH         PUBLIC        P1ASF
  D:00BEH         PUBLIC        ADC_RESL
  D:0097H         PUBLIC        PCON2
  C:3823H         PUBLIC        _Get_ADC10bitResult
  C:4729H         PUBLIC        ADC_int
  D:00D0H         PUBLIC        PSW
  -------         PROC          _ADC_INILIZE
  D:0001H         SYMBOL        ADCx
  C:3982H         LINE#         22
  C:3982H         LINE#         23
  C:3982H         LINE#         24
  C:3987H         LINE#         25
  C:3995H         LINE#         26
  C:399EH         LINE#         27
  C:399EH         LINE#         28
  C:39A1H         LINE#         29
  C:39A3H         LINE#         31
  C:39A3H         LINE#         32
  C:39A6H         LINE#         33
  C:39A6H         LINE#         34
  C:39AFH         LINE#         35
  C:39AFH         LINE#         36
  C:39B2H         LINE#         37
  C:39B4H         LINE#         39
  C:39B4H         LINE#         40
  C:39B7H         LINE#         41
  C:39B7H         LINE#         42
  C:39C0H         LINE#         43
  C:39C0H         LINE#         44
  C:39C2H         LINE#         45
  C:39C4H         LINE#         47
  C:39C4H         LINE#         48
  C:39C6H         LINE#         49
  C:39C6H         LINE#         50
  C:39CFH         LINE#         51
  C:39CFH         LINE#         52
  C:39D1H         LINE#         53
BL51 BANKED LINKER/LOCATER V6.00                                                      07/17/2017  11:05:43  PAGE 11


  C:39D2H         LINE#         55
  C:39D2H         LINE#         56
  C:39D4H         LINE#         57
  C:39D4H         LINE#         58
  -------         ENDPROC       _ADC_INILIZE
  -------         PROC          _ADC_POWERCONTROL
  D:0007H         SYMBOL        pwr
  C:46A0H         LINE#         66
  C:46A0H         LINE#         67
  C:46A0H         LINE#         68
  C:46A4H         LINE#         69
  C:46A4H         LINE#         70
  C:46A7H         LINE#         71
  C:46A8H         LINE#         73
  C:46A8H         LINE#         74
  C:46ABH         LINE#         75
  C:46ABH         LINE#         76
  -------         ENDPROC       _ADC_POWERCONTROL
  -------         PROC          _GET_ADC10BITRESULT
  D:0007H         SYMBOL        channel
  -------         DO            
  D:0004H         SYMBOL        adc
  D:0003H         SYMBOL        i
  -------         ENDDO         
  C:3823H         LINE#         84
  C:3823H         LINE#         85
  C:3823H         LINE#         88
  C:3829H         LINE#         89
  C:3829H         LINE#         90
  C:382BH         LINE#         91
  C:382BH         LINE#         92
  C:382EH         LINE#         93
  C:3830H         LINE#         94
  C:3839H         LINE#         95
  C:383DH         LINE#         96
  C:383FH         LINE#         97
  C:383FH         LINE#         98
  C:3844H         LINE#         99
  C:3844H         LINE#         100
  C:3847H         LINE#         101
  C:384CH         LINE#         102
  C:384CH         LINE#         103
  C:3850H         LINE#         104
  C:3853H         LINE#         105
  C:3855H         LINE#         107
  C:3855H         LINE#         108
  C:385BH         LINE#         109
  C:3872H         LINE#         110
  C:3872H         LINE#         111
  C:3877H         LINE#         112
  C:3877H         LINE#         113
  C:387CH         LINE#         114
  C:3880H         LINE#         115
  -------         ENDPROC       _GET_ADC10BITRESULT
  -------         PROC          ADC_INT
  C:4729H         LINE#         123
  C:4729H         LINE#         125
BL51 BANKED LINKER/LOCATER V6.00                                                      07/17/2017  11:05:43  PAGE 12


  C:472CH         LINE#         126
  -------         ENDPROC       ADC_INT
  -------         ENDMOD        ADC

  -------         MODULE        DELAY
  C:0000H         SYMBOL        _ICE_DUMMY_
  D:0080H         PUBLIC        P0
  D:0090H         PUBLIC        P1
  D:00A0H         PUBLIC        P2
  D:00B0H         PUBLIC        P3
  D:00C0H         PUBLIC        P4
  D:00C8H         PUBLIC        P5
  D:00E8H         PUBLIC        P6
  D:00F8H         PUBLIC        P7
  D:00A8H         PUBLIC        IE
  D:00B8H         PUBLIC        IP
  D:00D8H         PUBLIC        CCON
  D:0098H         PUBLIC        SCON
  D:0088H         PUBLIC        TCON
  D:00F0H         PUBLIC        B
  D:00E0H         PUBLIC        ACC
  C:462DH         PUBLIC        _delay_ms
  D:00D0H         PUBLIC        PSW
  -------         PROC          _DELAY_MS
  D:0007H         SYMBOL        ms
  -------         DO            
  D:0004H         SYMBOL        i
  -------         ENDDO         
  C:462DH         LINE#         26
  C:462DH         LINE#         27
  C:462DH         LINE#         30
  C:462DH         LINE#         31
  C:4631H         LINE#         32
  C:463AH         LINE#         33
  C:463AH         LINE#         35
  C:463AH         LINE#         36
  C:463AH         LINE#         37
  C:463CH         LINE#         38
  -------         ENDPROC       _DELAY_MS
  -------         ENDMOD        DELAY

  -------         MODULE        GPIO
  C:0000H         SYMBOL        _ICE_DUMMY_
  D:0093H         PUBLIC        P0M1
  D:0092H         PUBLIC        P1M0
  D:0096H         PUBLIC        P2M0
  D:0091H         PUBLIC        P1M1
  D:0080H         PUBLIC        P0
  D:00B2H         PUBLIC        P3M0
  D:0095H         PUBLIC        P2M1
  D:0090H         PUBLIC        P1
  D:00B4H         PUBLIC        P4M0
  D:00B1H         PUBLIC        P3M1
  D:00A0H         PUBLIC        P2
  D:00CAH         PUBLIC        P5M0
  D:00B3H         PUBLIC        P4M1
  D:00B0H         PUBLIC        P3
BL51 BANKED LINKER/LOCATER V6.00                                                      07/17/2017  11:05:43  PAGE 13


  D:00C9H         PUBLIC        P5M1
  D:00C0H         PUBLIC        P4
  D:00C8H         PUBLIC        P5
  D:00E8H         PUBLIC        P6
  D:00F8H         PUBLIC        P7
  D:00A8H         PUBLIC        IE
  D:00B8H         PUBLIC        IP
  D:00D8H         PUBLIC        CCON
  D:0098H         PUBLIC        SCON
  D:0088H         PUBLIC        TCON
  D:00F0H         PUBLIC        B
  D:00E0H         PUBLIC        ACC
  C:2008H         PUBLIC        _GPIO_Inilize
  D:00D0H         PUBLIC        PSW
  C:472DH         PUBLIC        _setPinState
  D:0094H         PUBLIC        P0M0
  -------         PROC          _SETPINSTATE
  D:0007H         SYMBOL        Pin
  B:0021H.1       SYMBOL        State
  C:472DH         LINE#         18
  C:472DH         LINE#         19
  C:472DH         LINE#         20
  C:472FH         LINE#         23
  -------         ENDPROC       _SETPINSTATE
  -------         PROC          _GPIO_INILIZE
  D:0007H         SYMBOL        GPIO
  D:0001H         SYMBOL        GPIOx
  C:2008H         LINE#         31
  C:2008H         LINE#         32
  C:2008H         LINE#         33
  C:200EH         LINE#         34
  C:200EH         LINE#         35
  C:2011H         LINE#         36
  C:2011H         LINE#         37
  C:201AH         LINE#         38
  C:201AH         LINE#         39
  C:201DH         LINE#         40
  C:201DH         LINE#         41
  C:2020H         LINE#         42
  C:2020H         LINE#         43
  C:2023H         LINE#         44
  C:2023H         LINE#         45
  C:202EH         LINE#         46
  C:202EH         LINE#         47
  C:2034H         LINE#         48
  C:2034H         LINE#         49
  C:203FH         LINE#         50
  C:203FH         LINE#         51
  C:2046H         LINE#         52
  C:2046H         LINE#         53
  C:2050H         LINE#         54
  C:2050H         LINE#         55
  C:2054H         LINE#         56
  C:2054H         LINE#         57
  C:2061H         LINE#         58
  C:2061H         LINE#         59
  C:2061H         LINE#         60
BL51 BANKED LINKER/LOCATER V6.00                                                      07/17/2017  11:05:43  PAGE 14


  C:2066H         LINE#         61
  C:2066H         LINE#         62
  C:206CH         LINE#         63
  C:206CH         LINE#         64
  C:2077H         LINE#         65
  C:2077H         LINE#         66
  C:207BH         LINE#         67
  C:207BH         LINE#         68
  C:2086H         LINE#         69
  C:2086H         LINE#         70
  C:208CH         LINE#         71
  C:208CH         LINE#         72
  C:2096H         LINE#         73
  C:2096H         LINE#         74
  C:209CH         LINE#         75
  C:209CH         LINE#         76
  C:20A9H         LINE#         77
  C:20A9H         LINE#         78
  C:20A9H         LINE#         79
  C:20AEH         LINE#         80
  C:20AEH         LINE#         81
  C:20B4H         LINE#         82
  C:20B4H         LINE#         83
  C:20BFH         LINE#         84
  C:20BFH         LINE#         85
  C:20C3H         LINE#         86
  C:20C3H         LINE#         87
  C:20CEH         LINE#         88
  C:20CEH         LINE#         89
  C:20D4H         LINE#         90
  C:20D4H         LINE#         91
  C:20DEH         LINE#         92
  C:20DEH         LINE#         93
  C:20E4H         LINE#         94
  C:20E4H         LINE#         95
  C:20F1H         LINE#         96
  C:20F1H         LINE#         97
  C:20F1H         LINE#         98
  C:20F6H         LINE#         99
  C:20F6H         LINE#         100
  C:20FCH         LINE#         101
  C:20FCH         LINE#         102
  C:2107H         LINE#         103
  C:2107H         LINE#         104
  C:210BH         LINE#         105
  C:210BH         LINE#         106
  C:2116H         LINE#         107
  C:2116H         LINE#         108
  C:211CH         LINE#         109
  C:211CH         LINE#         110
  C:2126H         LINE#         111
  C:2126H         LINE#         112
  C:212CH         LINE#         113
  C:212CH         LINE#         114
  C:2139H         LINE#         115
  C:2139H         LINE#         116
  C:2139H         LINE#         117
BL51 BANKED LINKER/LOCATER V6.00                                                      07/17/2017  11:05:43  PAGE 15


  C:213EH         LINE#         118
  C:213EH         LINE#         119
  C:2144H         LINE#         120
  C:2144H         LINE#         121
  C:214FH         LINE#         122
  C:214FH         LINE#         123
  C:2153H         LINE#         124
  C:2153H         LINE#         125
  C:215EH         LINE#         126
  C:215EH         LINE#         127
  C:2164H         LINE#         128
  C:2164H         LINE#         129
  C:216EH         LINE#         130
  C:216EH         LINE#         131
  C:2174H         LINE#         132
  C:2174H         LINE#         133
  C:2181H         LINE#         134
  C:2181H         LINE#         135
  C:2181H         LINE#         136
  C:2186H         LINE#         137
  C:2186H         LINE#         138
  C:218CH         LINE#         139
  C:218CH         LINE#         140
  C:2197H         LINE#         141
  C:2197H         LINE#         142
  C:219BH         LINE#         143
  C:219BH         LINE#         144
  C:21A6H         LINE#         145
  C:21A6H         LINE#         146
  C:21ACH         LINE#         147
  C:21ACH         LINE#         148
  C:21B6H         LINE#         149
  C:21B6H         LINE#         150
  C:21BCH         LINE#         151
  C:21BCH         LINE#         152
  C:21C9H         LINE#         153
  C:21C9H         LINE#         154
  C:21C9H         LINE#         155
  C:21CBH         LINE#         156
  -------         ENDPROC       _GPIO_INILIZE
  -------         ENDMOD        GPIO

  -------         MODULE        PCA
  C:0000H         SYMBOL        _ICE_DUMMY_
  B:00D8H.2       PUBLIC        CCF2
  D:0080H         PUBLIC        P0
  D:0090H         PUBLIC        P1
  D:00A0H         PUBLIC        P2
  D:00B0H         PUBLIC        P3
  D:00C0H         PUBLIC        P4
  D:00C8H         PUBLIC        P5
  D:00E8H         PUBLIC        P6
  D:00F8H         PUBLIC        P7
  D:00F9H         PUBLIC        CH
  X:04F6H         PUBLIC        PCA0_mode
  X:04F7H         PUBLIC        PCA1_mode
  D:00A8H         PUBLIC        IE
BL51 BANKED LINKER/LOCATER V6.00                                                      07/17/2017  11:05:43  PAGE 16


  X:04F8H         PUBLIC        PCA2_mode
  D:00E9H         PUBLIC        CL
  D:00FAH         PUBLIC        CCAP0H
  D:00FBH         PUBLIC        CCAP1H
  D:00FCH         PUBLIC        CCAP2H
  B:00D8H.6       PUBLIC        CR
  D:00EAH         PUBLIC        CCAP0L
  D:00EBH         PUBLIC        CCAP1L
  D:00DAH         PUBLIC        CCAPM0
  D:00ECH         PUBLIC        CCAP2L
  D:00DBH         PUBLIC        CCAPM1
  D:00DCH         PUBLIC        CCAPM2
  D:00B8H         PUBLIC        IP
  D:00D9H         PUBLIC        CMOD
  D:00D8H         PUBLIC        CCON
  B:00B8H.7       PUBLIC        PPCA
  C:2E44H         PUBLIC        _PWMn_Update
  B:0020H.4       PUBLIC        B_Capture0
  B:0020H.5       PUBLIC        B_Capture1
  B:0020H.6       PUBLIC        B_Capture2
  D:0098H         PUBLIC        SCON
  D:0088H         PUBLIC        TCON
  B:00A0H.5       PUBLIC        P25
  B:00A0H.6       PUBLIC        P26
  B:00A0H.7       PUBLIC        P27
  D:00F0H         PUBLIC        B
  D:00E0H         PUBLIC        ACC
  C:251BH         PUBLIC        _pwmOutPut
  C:237CH         PUBLIC        _PCA_Init
  X:04F9H         PUBLIC        PWM0_low
  X:04FBH         PUBLIC        PWM1_low
  D:00F2H         PUBLIC        PCA_PWM0
  X:04FDH         PUBLIC        PWM2_low
  D:00F3H         PUBLIC        PCA_PWM1
  D:00F4H         PUBLIC        PCA_PWM2
  X:04FFH         PUBLIC        PCA_Timer0
  X:0501H         PUBLIC        PCA_Timer1
  X:0503H         PUBLIC        PCA_Timer2
  D:00A2H         PUBLIC        AUXR1
  C:30EAH         PUBLIC        PCA_Handler
  D:00D0H         PUBLIC        PSW
  X:0505H         PUBLIC        CCAP0_tmp
  X:0507H         PUBLIC        CCAP1_tmp
  B:00D8H.0       PUBLIC        CCF0
  X:0509H         PUBLIC        CCAP2_tmp
  B:00D8H.1       PUBLIC        CCF1
  -------         PROC          _PWMN_UPDATE
  D:0007H         SYMBOL        PCA_id
  D:0004H         SYMBOL        high
  C:2E44H         LINE#         34
  C:2E44H         LINE#         35
  C:2E44H         LINE#         36
  C:2E47H         LINE#         37
  C:2E47H         LINE#         38
  C:2E50H         LINE#         39
  C:2E50H         LINE#         40
  C:2E54H         LINE#         41
BL51 BANKED LINKER/LOCATER V6.00                                                      07/17/2017  11:05:43  PAGE 17


  C:2E54H         LINE#         42
  C:2E5DH         LINE#         43
  C:2E5DH         LINE#         44
  C:2E61H         LINE#         45
  C:2E61H         LINE#         46
  C:2E63H         LINE#         47
  C:2E6BH         LINE#         48
  C:2E79H         LINE#         49
  C:2E79H         LINE#         50
  C:2E7BH         LINE#         51
  C:2E80H         LINE#         52
  C:2E80H         LINE#         53
  C:2E89H         LINE#         54
  C:2E89H         LINE#         55
  C:2E8DH         LINE#         56
  C:2E8DH         LINE#         57
  C:2E96H         LINE#         58
  C:2E96H         LINE#         59
  C:2E9AH         LINE#         60
  C:2E9AH         LINE#         61
  C:2E9CH         LINE#         62
  C:2EA4H         LINE#         63
  C:2EB2H         LINE#         64
  C:2EB2H         LINE#         65
  C:2EB4H         LINE#         66
  C:2EB9H         LINE#         67
  C:2EB9H         LINE#         68
  C:2EC2H         LINE#         69
  C:2EC2H         LINE#         70
  C:2EC6H         LINE#         71
  C:2EC6H         LINE#         72
  C:2ECFH         LINE#         73
  C:2ECFH         LINE#         74
  C:2ED3H         LINE#         75
  C:2ED3H         LINE#         76
  C:2ED5H         LINE#         77
  C:2EDDH         LINE#         78
  C:2EEFH         LINE#         79
  C:2EF1H         LINE#         80
  C:2EF1H         LINE#         81
  -------         ENDPROC       _PWMN_UPDATE
  -------         PROC          _PCA_INIT
  D:0005H         SYMBOL        PCA_id
  X:05CFH         SYMBOL        PCAx
  C:237CH         LINE#         106
  C:2389H         LINE#         107
  C:2389H         LINE#         108
  C:2392H         LINE#         109
  C:2392H         LINE#         111
  C:2392H         LINE#         112
  C:2397H         LINE#         113
  C:2397H         LINE#         114
  C:2399H         LINE#         115
  C:239BH         LINE#         116
  C:239DH         LINE#         117
  C:23B3H         LINE#         118
  C:23C1H         LINE#         119
BL51 BANKED LINKER/LOCATER V6.00                                                      07/17/2017  11:05:43  PAGE 18


  C:23D1H         LINE#         120
  C:23DAH         LINE#         121
  C:23DAH         LINE#         122
  C:23DCH         LINE#         123
  C:23DEH         LINE#         125
  C:23DEH         LINE#         126
  C:23E0H         LINE#         127
  C:23E0H         LINE#         128
  C:23E3H         LINE#         130
  C:23E3H         LINE#         131
  C:23FBH         LINE#         132
  C:2411H         LINE#         133
  C:2411H         LINE#         134
  C:2420H         LINE#         135
  C:2420H         LINE#         136
  C:2423H         LINE#         137
  C:2423H         LINE#         138
  C:243FH         LINE#         139
  C:244DH         LINE#         140
  C:245EH         LINE#         141
  C:2460H         LINE#         142
  C:2465H         LINE#         143
  C:246DH         LINE#         144
  C:246FH         LINE#         145
  C:2472H         LINE#         146
  C:2472H         LINE#         147
  C:2477H         LINE#         148
  C:2477H         LINE#         149
  C:2493H         LINE#         150
  C:24A1H         LINE#         151
  C:24B2H         LINE#         152
  C:24B4H         LINE#         153
  C:24B9H         LINE#         154
  C:24C1H         LINE#         155
  C:24C3H         LINE#         156
  C:24C6H         LINE#         157
  C:24C6H         LINE#         158
  C:24CBH         LINE#         159
  C:24CBH         LINE#         160
  C:24E7H         LINE#         161
  C:24F5H         LINE#         162
  C:2506H         LINE#         163
  C:2508H         LINE#         164
  C:250DH         LINE#         165
  C:2515H         LINE#         166
  C:2517H         LINE#         167
  C:251AH         LINE#         168
  C:251AH         LINE#         169
  -------         ENDPROC       _PCA_INIT
  -------         PROC          _PWMOUTPUT
  X:05D2H         SYMBOL        PCA_id
  X:05D3H         SYMBOL        T
  D:0002H         SYMBOL        duty
  C:251BH         LINE#         170
  C:2528H         LINE#         171
  C:2528H         LINE#         172
  C:252AH         LINE#         173
BL51 BANKED LINKER/LOCATER V6.00                                                      07/17/2017  11:05:43  PAGE 19


  C:252AH         LINE#         174
  C:2533H         LINE#         175
  C:2533H         LINE#         176
  C:2537H         LINE#         177
  C:2537H         LINE#         178
  C:2540H         LINE#         179
  C:2540H         LINE#         180
  C:2544H         LINE#         181
  C:2544H         LINE#         182
  C:2546H         LINE#         183
  C:2564H         LINE#         184
  C:2585H         LINE#         185
  C:2585H         LINE#         186
  C:2588H         LINE#         187
  C:2590H         LINE#         188
  C:2590H         LINE#         189
  C:2599H         LINE#         190
  C:2599H         LINE#         191
  C:259DH         LINE#         192
  C:259DH         LINE#         193
  C:25A6H         LINE#         194
  C:25A6H         LINE#         195
  C:25AAH         LINE#         196
  C:25AAH         LINE#         197
  C:25ACH         LINE#         198
  C:25CAH         LINE#         199
  C:25EBH         LINE#         200
  C:25EBH         LINE#         201
  C:25EDH         LINE#         202
  C:25F5H         LINE#         203
  C:25F5H         LINE#         204
  C:25FEH         LINE#         205
  C:25FEH         LINE#         206
  C:2602H         LINE#         207
  C:2602H         LINE#         208
  C:260BH         LINE#         209
  C:260BH         LINE#         210
  C:260FH         LINE#         211
  C:260FH         LINE#         212
  C:2611H         LINE#         213
  C:262FH         LINE#         214
  C:2655H         LINE#         215
  C:2657H         LINE#         216
  C:2657H         LINE#         217
  -------         ENDPROC       _PWMOUTPUT
  -------         PROC          PCA_HANDLER
  C:30EAH         LINE#         225
  C:30F9H         LINE#         227
  C:30FCH         LINE#         228
  C:30FCH         LINE#         229
  C:30FEH         LINE#         230
  C:3101H         LINE#         231
  C:3101H         LINE#         232
  C:3104H         LINE#         233
  C:3106H         LINE#         235
  C:3106H         LINE#         236
  C:311AH         LINE#         237
BL51 BANKED LINKER/LOCATER V6.00                                                      07/17/2017  11:05:43  PAGE 20


  C:311AH         LINE#         238
  C:3123H         LINE#         239
  C:3126H         LINE#         240
  C:3126H         LINE#         241
  C:3129H         LINE#         242
  C:3129H         LINE#         243
  C:312BH         LINE#         244
  C:312EH         LINE#         245
  C:312EH         LINE#         246
  C:3131H         LINE#         247
  C:3133H         LINE#         249
  C:3133H         LINE#         250
  C:3147H         LINE#         251
  C:3147H         LINE#         252
  C:3150H         LINE#         253
  C:3153H         LINE#         254
  C:3153H         LINE#         255
  C:3156H         LINE#         256
  C:3156H         LINE#         257
  C:3158H         LINE#         258
  C:315BH         LINE#         259
  C:315BH         LINE#         260
  C:315EH         LINE#         261
  C:3160H         LINE#         263
  C:3160H         LINE#         264
  C:3174H         LINE#         265
  C:3174H         LINE#         266
  C:317DH         LINE#         267
  C:3180H         LINE#         268
  C:3180H         LINE#         274
  -------         ENDPROC       PCA_HANDLER
  -------         ENDMOD        PCA

  -------         MODULE        STC15_EEPROM
  C:0000H         SYMBOL        _ICE_DUMMY_
  D:0080H         PUBLIC        P0
  D:0090H         PUBLIC        P1
  D:00A0H         PUBLIC        P2
  D:00B0H         PUBLIC        P3
  C:465CH         PUBLIC        DisableEEPROM
  D:00C0H         PUBLIC        P4
  D:00C8H         PUBLIC        P5
  D:00C6H         PUBLIC        ISP_TRIG
  B:00A8H.7       PUBLIC        EA
  D:00E8H         PUBLIC        P6
  D:00F8H         PUBLIC        P7
  D:00A8H         PUBLIC        IE
  C:40A0H         PUBLIC        _EEPROM_SectorErase
  C:3B99H         PUBLIC        _EEPROM_read_n
  D:00B8H         PUBLIC        IP
  D:00C5H         PUBLIC        ISP_CMD
  D:00D8H         PUBLIC        CCON
  C:3BD8H         PUBLIC        _EEPROM_write_n
  D:00C3H         PUBLIC        ISP_ADDRH
  D:0098H         PUBLIC        SCON
  D:0088H         PUBLIC        TCON
  D:00C4H         PUBLIC        ISP_ADDRL
BL51 BANKED LINKER/LOCATER V6.00                                                      07/17/2017  11:05:43  PAGE 21


  D:00F0H         PUBLIC        B
  D:00E0H         PUBLIC        ACC
  D:00C7H         PUBLIC        ISP_CONTR
  D:00C2H         PUBLIC        ISP_DATA
  D:00D0H         PUBLIC        PSW
  -------         PROC          DISABLEEEPROM
  C:465CH         LINE#         30
  C:465CH         LINE#         31
  C:465CH         LINE#         32
  C:465FH         LINE#         33
  C:4661H         LINE#         34
  C:4663H         LINE#         35
  C:4666H         LINE#         36
  C:4669H         LINE#         37
  -------         ENDPROC       DISABLEEEPROM
  -------         PROC          _EEPROM_READ_N
  D:0004H         SYMBOL        EE_address
  D:0001H         SYMBOL        DataAddress
  X:0579H         SYMBOL        number
  C:3B99H         LINE#         49
  C:3B9DH         LINE#         50
  C:3B9DH         LINE#         51
  C:3B9FH         LINE#         52
  C:3BA2H         LINE#         53
  C:3BA5H         LINE#         55
  C:3BA5H         LINE#         56
  C:3BA8H         LINE#         57
  C:3BACH         LINE#         58
  C:3BB2H         LINE#         61
  C:3BB3H         LINE#         62
  C:3BB8H         LINE#         63
  C:3BBDH         LINE#         64
  C:3BC4H         LINE#         65
  C:3BD2H         LINE#         67
  C:3BD5H         LINE#         68
  C:3BD7H         LINE#         69
  -------         ENDPROC       _EEPROM_READ_N
  -------         PROC          _EEPROM_SECTORERASE
  D:0004H         SYMBOL        EE_address
  C:40A0H         LINE#         80
  C:40A4H         LINE#         81
  C:40A4H         LINE#         82
  C:40A6H         LINE#         85
  C:40A9H         LINE#         86
  C:40ADH         LINE#         87
  C:40B0H         LINE#         88
  C:40B3H         LINE#         89
  C:40B9H         LINE#         90
  C:40BAH         LINE#         91
  C:40BDH         LINE#         92
  C:40BFH         LINE#         93
  -------         ENDPROC       _EEPROM_SECTORERASE
  -------         PROC          _EEPROM_WRITE_N
  D:0004H         SYMBOL        EE_address
  D:0001H         SYMBOL        DataAddress
  X:0580H         SYMBOL        number
  C:3BD8H         LINE#         104
BL51 BANKED LINKER/LOCATER V6.00                                                      07/17/2017  11:05:43  PAGE 22


  C:3BDCH         LINE#         105
  C:3BDCH         LINE#         106
  C:3BDEH         LINE#         108
  C:3BE1H         LINE#         109
  C:3BE4H         LINE#         111
  C:3BE4H         LINE#         112
  C:3BE7H         LINE#         113
  C:3BEBH         LINE#         114
  C:3BF0H         LINE#         115
  C:3BF6H         LINE#         116
  C:3BF7H         LINE#         117
  C:3BFCH         LINE#         118
  C:3C03H         LINE#         119
  C:3C11H         LINE#         121
  C:3C14H         LINE#         122
  C:3C16H         LINE#         123
  -------         ENDPROC       _EEPROM_WRITE_N
  -------         ENDMOD        STC15_EEPROM

  -------         MODULE        STC15_EXTI
  C:0000H         SYMBOL        _ICE_DUMMY_
  D:0080H         PUBLIC        P0
  D:0090H         PUBLIC        P1
  D:00A0H         PUBLIC        P2
  D:00B0H         PUBLIC        P3
  D:00C0H         PUBLIC        P4
  D:00C8H         PUBLIC        P5
  D:00E8H         PUBLIC        P6
  D:00F8H         PUBLIC        P7
  D:00A8H         PUBLIC        IE
  D:00B8H         PUBLIC        IP
  D:00D8H         PUBLIC        CCON
  C:4736H         PUBLIC        Ext_INT0
  C:4737H         PUBLIC        Ext_INT1
  C:4738H         PUBLIC        Ext_INT2
  C:4739H         PUBLIC        Ext_INT3
  C:473AH         PUBLIC        Ext_INT4
  D:0098H         PUBLIC        SCON
  D:0088H         PUBLIC        TCON
  D:00F0H         PUBLIC        B
  D:00E0H         PUBLIC        ACC
  B:00A8H.0       PUBLIC        EX0
  B:0088H.0       PUBLIC        IT0
  B:00A8H.2       PUBLIC        EX1
  B:0088H.2       PUBLIC        IT1
  B:00B8H.0       PUBLIC        PX0
  B:00B8H.2       PUBLIC        PX1
  C:2CDDH         PUBLIC        _Ext_Inilize
  D:008FH         PUBLIC        INT_CLKO
  D:00D0H         PUBLIC        PSW
  -------         PROC          EXT_INT0
  C:4736H         LINE#         23
  C:4736H         LINE#         26
  -------         ENDPROC       EXT_INT0
  -------         PROC          EXT_INT1
  C:4737H         LINE#         29
  C:4737H         LINE#         32
BL51 BANKED LINKER/LOCATER V6.00                                                      07/17/2017  11:05:43  PAGE 23


  -------         ENDPROC       EXT_INT1
  -------         PROC          EXT_INT2
  C:4738H         LINE#         35
  C:4738H         LINE#         38
  -------         ENDPROC       EXT_INT2
  -------         PROC          EXT_INT3
  C:4739H         LINE#         41
  C:4739H         LINE#         44
  -------         ENDPROC       EXT_INT3
  -------         PROC          EXT_INT4
  C:473AH         LINE#         47
  C:473AH         LINE#         50
  -------         ENDPROC       EXT_INT4
  -------         PROC          _EXT_INILIZE
  D:0007H         SYMBOL        EXT
  D:0001H         SYMBOL        INTx
  C:2CDDH         LINE#         60
  C:2CDDH         LINE#         61
  C:2CDDH         LINE#         62
  C:2CE6H         LINE#         64
  C:2CE9H         LINE#         65
  C:2CE9H         LINE#         66
  C:2CF6H         LINE#         67
  C:2CF8H         LINE#         68
  C:2D05H         LINE#         69
  C:2D07H         LINE#         70
  C:2D11H         LINE#         71
  C:2D13H         LINE#         72
  C:2D16H         LINE#         73
  C:2D16H         LINE#         75
  C:2D1BH         LINE#         76
  C:2D1BH         LINE#         77
  C:2D28H         LINE#         78
  C:2D2AH         LINE#         79
  C:2D37H         LINE#         80
  C:2D39H         LINE#         81
  C:2D43H         LINE#         82
  C:2D45H         LINE#         83
  C:2D48H         LINE#         84
  C:2D48H         LINE#         86
  C:2D4CH         LINE#         87
  C:2D4CH         LINE#         88
  C:2D5AH         LINE#         89
  C:2D5DH         LINE#         90
  C:2D60H         LINE#         91
  C:2D60H         LINE#         93
  C:2D64H         LINE#         94
  C:2D64H         LINE#         95
  C:2D72H         LINE#         96
  C:2D75H         LINE#         97
  C:2D78H         LINE#         98
  C:2D78H         LINE#         100
  C:2D7CH         LINE#         101
  C:2D7CH         LINE#         102
  C:2D8AH         LINE#         103
  C:2D8DH         LINE#         104
  C:2D90H         LINE#         105
BL51 BANKED LINKER/LOCATER V6.00                                                      07/17/2017  11:05:43  PAGE 24


  C:2D90H         LINE#         106
  C:2D92H         LINE#         107
  -------         ENDPROC       _EXT_INILIZE
  -------         ENDMOD        STC15_EXTI

  -------         MODULE        STC15_IIC
  C:0000H         SYMBOL        _ICE_DUMMY_
  D:0080H         PUBLIC        P0
  D:0090H         PUBLIC        P1
  D:00A0H         PUBLIC        P2
  D:00B0H         PUBLIC        P3
  D:00C0H         PUBLIC        P4
  D:00C8H         PUBLIC        P5
  D:00E8H         PUBLIC        P6
  D:00F8H         PUBLIC        P7
  D:00A8H         PUBLIC        IE
  D:00B8H         PUBLIC        IP
  D:00D8H         PUBLIC        CCON
  C:39D5H         PUBLIC        _IIC_RdDatFromAdd
  D:0098H         PUBLIC        SCON
  C:46C1H         PUBLIC        IIC_Nack
  D:0088H         PUBLIC        TCON
  D:00F0H         PUBLIC        B
  C:4693H         PUBLIC        IIC_Ack
  C:46B7H         PUBLIC        IIC_Start
  D:00E0H         PUBLIC        ACC
  C:3E7AH         PUBLIC        _InputOneByte
  C:417CH         PUBLIC        OutputOneByte
  C:468DH         PUBLIC        Delay5US
  B:00A0H.2       PUBLIC        SDA
  C:46FBH         PUBLIC        IIC_Stop
  B:00A0H.0       PUBLIC        SCL
  C:4495H         PUBLIC        _IIC_WrDevAddAndDatAdd
  C:3C50H         PUBLIC        _IIC_WrDatToAdd
  D:00D0H         PUBLIC        PSW
  C:3E09H         PUBLIC        IIC_RdAck
  C:4688H         SYMBOL        L?0031
  -------         PROC          L?0030
  -------         ENDPROC       L?0030
  C:4688H         SYMBOL        L?0031
  -------         PROC          DELAY5US
  -------         DO            
  D:0007H         SYMBOL        i
  -------         ENDDO         
  C:468DH         LINE#         21
  C:468DH         LINE#         22
  C:468DH         LINE#         24
  C:468EH         LINE#         25
  C:4690H         LINE#         26
  C:4692H         LINE#         27
  C:4692H         LINE#         29
  C:4692H         LINE#         30
  -------         ENDPROC       DELAY5US
  -------         PROC          IIC_START
  C:46B7H         LINE#         37
  C:46B7H         LINE#         38
  C:46B7H         LINE#         39
BL51 BANKED LINKER/LOCATER V6.00                                                      07/17/2017  11:05:43  PAGE 25


  C:46B9H         LINE#         40
  C:46B9H         LINE#         41
  C:46B9H         LINE#         42
  C:46BCH         LINE#         43
  C:46BEH         LINE#         44
  -------         ENDPROC       IIC_START
  -------         PROC          IIC_STOP
  C:46FBH         LINE#         52
  C:46FBH         LINE#         53
  C:46FBH         LINE#         54
  C:46FBH         LINE#         55
  C:46FBH         LINE#         56
  C:46FBH         LINE#         57
  C:46FEH         LINE#         58
  C:4700H         LINE#         59
  -------         ENDPROC       IIC_STOP
  -------         PROC          IIC_ACK
  C:4693H         LINE#         66
  C:4693H         LINE#         67
  C:4693H         LINE#         68
  C:4695H         LINE#         69
  C:4695H         LINE#         70
  C:4695H         LINE#         71
  C:4695H         LINE#         72
  C:4698H         LINE#         73
  C:469AH         LINE#         74
  C:469DH         LINE#         75
  C:469FH         LINE#         76
  -------         ENDPROC       IIC_ACK
  -------         PROC          L?0032
  -------         ENDPROC       L?0032
  -------         PROC          IIC_RDACK
  -------         DO            
  B:0021H.2       SYMBOL        AckFlag
  D:0006H         SYMBOL        uiVal
  -------         ENDDO         
  C:3E09H         LINE#         83
  C:3E09H         LINE#         84
  C:3E09H         LINE#         86
  C:3E0BH         LINE#         87
  C:3E0DH         LINE#         88
  C:3E10H         LINE#         89
  C:3E12H         LINE#         90
  C:3E14H         LINE#         91
  C:3E17H         LINE#         92
  C:3E20H         LINE#         93
  C:3E20H         LINE#         94
  C:3E21H         LINE#         95
  C:3E25H         LINE#         96
  C:3E27H         LINE#         97
  C:3E29H         LINE#         98
  C:3E2BH         LINE#         99
  -------         ENDPROC       IIC_RDACK
  -------         PROC          IIC_NACK
  C:46C1H         LINE#         106
  C:46C1H         LINE#         107
  C:46C1H         LINE#         108
BL51 BANKED LINKER/LOCATER V6.00                                                      07/17/2017  11:05:43  PAGE 26


  C:46C3H         LINE#         109
  C:46C5H         LINE#         110
  C:46C5H         LINE#         111
  C:46C5H         LINE#         112
  C:46C8H         LINE#         113
  C:46CAH         LINE#         114
  -------         ENDPROC       IIC_NACK
  -------         PROC          OUTPUTONEBYTE
  -------         DO            
  D:0006H         SYMBOL        uByteVal
  D:0005H         SYMBOL        iCount
  -------         ENDDO         
  C:417CH         LINE#         121
  C:417CH         LINE#         122
  C:417CH         LINE#         123
  C:417EH         LINE#         125
  C:4180H         LINE#         126
  C:4181H         LINE#         127
  C:4181H         LINE#         128
  C:4183H         LINE#         129
  C:4183H         LINE#         130
  C:4183H         LINE#         131
  C:4186H         LINE#         132
  C:418AH         LINE#         133
  C:418DH         LINE#         134
  C:418DH         LINE#         135
  C:4190H         LINE#         136
  C:4190H         LINE#         137
  C:4195H         LINE#         138
  C:4197H         LINE#         139
  C:4199H         LINE#         140
  -------         ENDPROC       OUTPUTONEBYTE
  -------         PROC          _INPUTONEBYTE
  D:0006H         SYMBOL        uByteVal
  -------         DO            
  D:0005H         SYMBOL        iCount
  -------         ENDDO         
  C:3E7AH         LINE#         147
  C:3E7CH         LINE#         148
  C:3E7CH         LINE#         150
  C:3E7EH         LINE#         151
  C:3E7EH         LINE#         152
  C:3E80H         LINE#         153
  C:3E83H         LINE#         154
  C:3E91H         LINE#         155
  C:3E91H         LINE#         156
  C:3E91H         LINE#         157
  C:3E94H         LINE#         158
  C:3E98H         LINE#         159
  C:3E9DH         LINE#         160
  C:3E9FH         LINE#         161
  -------         ENDPROC       _INPUTONEBYTE
  -------         PROC          _IIC_WRDEVADDANDDATADD
  D:0006H         SYMBOL        uDevAdd
  D:0004H         SYMBOL        uDatAdd
  C:4495H         LINE#         168
  C:4499H         LINE#         169
BL51 BANKED LINKER/LOCATER V6.00                                                      07/17/2017  11:05:43  PAGE 27


  C:4499H         LINE#         170
  C:449CH         LINE#         171
  C:44A1H         LINE#         172
  C:44A4H         LINE#         173
  C:44A9H         LINE#         174
  C:44ACH         LINE#         175
  C:44ADH         LINE#         176
  -------         ENDPROC       _IIC_WRDEVADDANDDATADD
  -------         PROC          _IIC_WRDATTOADD
  D:0007H         SYMBOL        uDevID
  D:0005H         SYMBOL        uStaAddVal
  X:0584H         SYMBOL        p
  X:0587H         SYMBOL        ucLenVal
  -------         DO            
  D:0004H         SYMBOL        iCount
  -------         ENDDO         
  C:3C50H         LINE#         184
  C:3C5BH         LINE#         185
  C:3C5BH         LINE#         187
  C:3C5EH         LINE#         189
  C:3C6AH         LINE#         190
  C:3C6AH         LINE#         191
  C:3C7DH         LINE#         192
  C:3C80H         LINE#         193
  C:3C83H         LINE#         194
  -------         ENDPROC       _IIC_WRDATTOADD
  -------         PROC          _IIC_RDDATFROMADD
  X:0588H         SYMBOL        uDevID
  D:0005H         SYMBOL        uStaAddVal
  X:058AH         SYMBOL        p
  X:058DH         SYMBOL        uiLenVal
  -------         DO            
  D:0004H         SYMBOL        iCount
  -------         ENDDO         
  C:39D5H         LINE#         203
  C:39E5H         LINE#         204
  C:39E5H         LINE#         206
  C:39E8H         LINE#         207
  C:39EBH         LINE#         208
  C:39EEH         LINE#         210
  C:39F1H         LINE#         211
  C:39FDH         LINE#         212
  C:39FDH         LINE#         213
  C:3A14H         LINE#         214
  C:3A1CH         LINE#         215
  C:3A1CH         LINE#         216
  C:3A1FH         LINE#         217
  C:3A1FH         LINE#         218
  C:3A22H         LINE#         219
  C:3A25H         LINE#         220
  -------         ENDPROC       _IIC_RDDATFROMADD
  -------         ENDMOD        STC15_IIC

  -------         MODULE        STC15_PWM
  C:0000H         SYMBOL        _ICE_DUMMY_
  C:4329H         PUBLIC        _get_PWM_period
  D:0080H         PUBLIC        P0
BL51 BANKED LINKER/LOCATER V6.00                                                      07/17/2017  11:05:43  PAGE 28


  C:2658H         SYMBOL        _PWM_SET_T12_PERIOD
  D:0090H         PUBLIC        P1
  D:00A0H         PUBLIC        P2
  D:00B0H         PUBLIC        P3
  D:00C0H         PUBLIC        P4
  D:00C8H         PUBLIC        P5
  D:00E8H         PUBLIC        P6
  D:00F8H         PUBLIC        P7
  C:3A7BH         PUBLIC        _set_PWM_period
  D:00F5H         PUBLIC        PWMCR
  D:00BAH         PUBLIC        P_SW2
  D:00A8H         PUBLIC        IE
  D:00F7H         PUBLIC        PWMFDCR
  D:00B8H         PUBLIC        IP
  C:3EA0H         PUBLIC        _close_PWM_N
  D:00D8H         PUBLIC        CCON
  C:46D5H         PUBLIC        close_PWM_ALL
  C:1592H         PUBLIC        _PWM_Inilize
  X:045FH         SYMBOL        PWM_N_INFO
  D:0098H         PUBLIC        SCON
  D:0088H         PUBLIC        TCON
  C:3D3DH         PUBLIC        _open_PWM_N
  D:00F0H         PUBLIC        B
  C:46CBH         PUBLIC        open_PWM_ALL
  D:00F1H         PUBLIC        PWMCFG
  D:00E0H         PUBLIC        ACC
  C:45A1H         PUBLIC        _get_PWM_N_state
  C:2C08H         PUBLIC        _set_PWM_duty
  C:44F9H         SYMBOL        _PWM_SET_PERIOD
  C:4343H         PUBLIC        _get_PWM_N_duty
  D:00D0H         PUBLIC        PSW
  -------         PROC          _PWM_INILIZE
  X:029EH         SYMBOL        PWM_N
  D:0001H         SYMBOL        PWMx
  -------         DO            
  X:029FH         SYMBOL        i
  -------         ENDDO         
  C:1592H         LINE#         43
  C:1597H         LINE#         44
  C:1597H         LINE#         45
  C:159AH         LINE#         46
  C:15A4H         LINE#         47
  C:15A4H         LINE#         48
  C:15B9H         LINE#         49
  C:15CDH         LINE#         50
  C:15E2H         LINE#         51
  C:15EAH         LINE#         53
  C:15EDH         LINE#         54
  C:15F3H         LINE#         55
  C:15F3H         LINE#         56
  C:15F6H         LINE#         57
  C:15F8H         LINE#         59
  C:15F8H         LINE#         60
  C:15FBH         LINE#         61
  C:15FBH         LINE#         62
  C:1604H         LINE#         63
  C:1604H         LINE#         64
BL51 BANKED LINKER/LOCATER V6.00                                                      07/17/2017  11:05:43  PAGE 29


  C:1616H         LINE#         65
  C:1618H         LINE#         67
  C:1618H         LINE#         68
  C:162BH         LINE#         69
  C:162BH         LINE#         70
  C:1634H         LINE#         71
  C:1634H         LINE#         72
  C:1637H         LINE#         73
  C:1639H         LINE#         75
  C:1639H         LINE#         76
  C:163CH         LINE#         77
  C:163CH         LINE#         78
  C:1645H         LINE#         79
  C:1645H         LINE#         80
  C:1657H         LINE#         81
  C:1659H         LINE#         83
  C:1659H         LINE#         84
  C:166CH         LINE#         85
  C:166CH         LINE#         86
  C:1675H         LINE#         87
  C:1675H         LINE#         88
  C:1678H         LINE#         89
  C:167AH         LINE#         91
  C:167AH         LINE#         92
  C:167DH         LINE#         93
  C:167DH         LINE#         94
  C:1686H         LINE#         95
  C:1686H         LINE#         96
  C:1689H         LINE#         97
  C:168BH         LINE#         99
  C:168BH         LINE#         100
  C:168EH         LINE#         101
  C:168EH         LINE#         102
  C:1697H         LINE#         103
  C:1697H         LINE#         104
  C:169AH         LINE#         105
  C:169CH         LINE#         107
  C:169CH         LINE#         108
  C:169FH         LINE#         109
  C:169FH         LINE#         110
  C:16A8H         LINE#         111
  C:16A8H         LINE#         112
  C:16ABH         LINE#         113
  C:16ADH         LINE#         115
  C:16ADH         LINE#         116
  C:16B0H         LINE#         117
  C:16B0H         LINE#         118
  C:16B9H         LINE#         119
  C:16B9H         LINE#         120
  C:16BCH         LINE#         121
  C:16BEH         LINE#         123
  C:16BEH         LINE#         124
  C:16C1H         LINE#         125
  C:16C1H         LINE#         127
  C:16CCH         LINE#         128
  C:16CCH         LINE#         129
  C:16D0H         LINE#         130
BL51 BANKED LINKER/LOCATER V6.00                                                      07/17/2017  11:05:43  PAGE 30


  C:16D2H         LINE#         132
  C:16D2H         LINE#         133
  C:16D6H         LINE#         134
  C:16D6H         LINE#         136
  C:16EDH         LINE#         137
  C:1713H         LINE#         138
  C:1713H         LINE#         139
  C:1713H         LINE#         140
  C:1713H         LINE#         141
  C:171EH         LINE#         142
  C:171EH         LINE#         143
  C:1722H         LINE#         144
  C:1724H         LINE#         146
  C:1724H         LINE#         147
  C:1728H         LINE#         148
  C:1728H         LINE#         149
  C:1734H         LINE#         150
  C:1734H         LINE#         151
  C:1738H         LINE#         152
  C:173AH         LINE#         154
  C:173AH         LINE#         155
  C:173EH         LINE#         156
  C:173EH         LINE#         157
  C:174AH         LINE#         158
  C:174AH         LINE#         159
  C:174EH         LINE#         160
  C:1750H         LINE#         162
  C:1750H         LINE#         163
  C:1754H         LINE#         164
  C:1754H         LINE#         165
  C:1760H         LINE#         166
  C:1760H         LINE#         167
  C:1760H         LINE#         168
  C:1763H         LINE#         170
  C:1763H         LINE#         171
  C:1763H         LINE#         172
  C:1763H         LINE#         173
  C:1763H         LINE#         174
  C:1766H         LINE#         175
  C:1766H         LINE#         176
  C:1766H         LINE#         177
  C:1771H         LINE#         178
  C:1771H         LINE#         179
  C:1775H         LINE#         180
  C:1777H         LINE#         182
  C:1777H         LINE#         183
  C:177BH         LINE#         184
  C:177BH         LINE#         185
  C:1787H         LINE#         186
  C:1787H         LINE#         187
  C:178BH         LINE#         188
  C:178DH         LINE#         190
  C:178DH         LINE#         191
  C:1791H         LINE#         192
  C:1791H         LINE#         193
  C:179DH         LINE#         194
  C:179DH         LINE#         195
BL51 BANKED LINKER/LOCATER V6.00                                                      07/17/2017  11:05:43  PAGE 31


  C:17A1H         LINE#         196
  C:17A3H         LINE#         198
  C:17A3H         LINE#         199
  C:17A7H         LINE#         200
  C:17A7H         LINE#         201
  C:17B3H         LINE#         202
  C:17B3H         LINE#         203
  C:17B3H         LINE#         204
  C:17B6H         LINE#         206
  C:17B6H         LINE#         207
  C:17B6H         LINE#         208
  C:17B6H         LINE#         209
  C:17B6H         LINE#         210
  C:17B9H         LINE#         211
  C:17B9H         LINE#         212
  C:17B9H         LINE#         213
  C:17C4H         LINE#         214
  C:17C4H         LINE#         215
  C:17C8H         LINE#         216
  C:17CAH         LINE#         218
  C:17CAH         LINE#         219
  C:17CEH         LINE#         220
  C:17CEH         LINE#         221
  C:17DAH         LINE#         222
  C:17DAH         LINE#         223
  C:17DEH         LINE#         224
  C:17E0H         LINE#         226
  C:17E0H         LINE#         227
  C:17E4H         LINE#         228
  C:17E4H         LINE#         229
  C:17F0H         LINE#         230
  C:17F0H         LINE#         231
  C:17F4H         LINE#         232
  C:17F6H         LINE#         234
  C:17F6H         LINE#         235
  C:17FAH         LINE#         236
  C:17FAH         LINE#         237
  C:1806H         LINE#         238
  C:1806H         LINE#         239
  C:1806H         LINE#         240
  C:1809H         LINE#         242
  C:1809H         LINE#         243
  C:1809H         LINE#         244
  C:1809H         LINE#         245
  C:1809H         LINE#         246
  C:180CH         LINE#         247
  C:180CH         LINE#         248
  C:180CH         LINE#         249
  C:1817H         LINE#         250
  C:1817H         LINE#         251
  C:181BH         LINE#         252
  C:181DH         LINE#         254
  C:181DH         LINE#         255
  C:1821H         LINE#         256
  C:1821H         LINE#         257
  C:182DH         LINE#         258
  C:182DH         LINE#         259
BL51 BANKED LINKER/LOCATER V6.00                                                      07/17/2017  11:05:43  PAGE 32


  C:1831H         LINE#         260
  C:1833H         LINE#         262
  C:1833H         LINE#         263
  C:1837H         LINE#         264
  C:1837H         LINE#         265
  C:1843H         LINE#         266
  C:1843H         LINE#         267
  C:1847H         LINE#         268
  C:1849H         LINE#         270
  C:1849H         LINE#         271
  C:184DH         LINE#         272
  C:184DH         LINE#         273
  C:1859H         LINE#         274
  C:1859H         LINE#         275
  C:1859H         LINE#         276
  C:185CH         LINE#         278
  C:185CH         LINE#         279
  C:185CH         LINE#         280
  C:185CH         LINE#         281
  C:185CH         LINE#         282
  C:185FH         LINE#         283
  C:185FH         LINE#         284
  C:185FH         LINE#         285
  C:186AH         LINE#         286
  C:186AH         LINE#         287
  C:186EH         LINE#         288
  C:1870H         LINE#         290
  C:1870H         LINE#         291
  C:1874H         LINE#         292
  C:1874H         LINE#         293
  C:1880H         LINE#         294
  C:1880H         LINE#         295
  C:1884H         LINE#         296
  C:1886H         LINE#         298
  C:1886H         LINE#         299
  C:188AH         LINE#         300
  C:188AH         LINE#         301
  C:1896H         LINE#         302
  C:1896H         LINE#         303
[...]
  C:195EH         LINE#         341
  C:195FH         LINE#         342
  C:1961H         LINE#         344
  C:1962H         LINE#         345
  C:1964H         LINE#         360
  C:1967H         LINE#         366
  C:1968H         LINE#         367
  C:196BH         LINE#         370
  C:196DH         LINE#         371
  C:196FH         LINE#         372
  C:1971H         LINE#         373
  C:1973H         LINE#         374
  C:1975H         LINE#         375
  C:1977H         LINE#         376
  C:1979H         LINE#         377
  C:197BH         LINE#         378
  C:197DH         LINE#         379
  C:197FH         LINE#         380
  C:1981H         LINE#         381
  C:1983H         LINE#         382
  C:1985H         LINE#         387
  C:1987H         LINE#         388
  C:1988H         LINE#         389
  C:198AH         LINE#         390
  C:198BH         LINE#         391
  C:198DH         LINE#         392
  C:198FH         LINE#         393
  C:1990H         LINE#         394
  C:1991H         LINE#         395
  C:1993H         LINE#         424
  C:1995H         LINE#         426
  C:1997H         LINE#         427
  C:1998H         LINE#         429
  C:1999H         LINE#         430
  C:199BH         LINE#         431
  C:199CH         LINE#         434
  C:199DH         LINE#         435
  C:199EH         LINE#         436
  C:199FH         LINE#         444
  C:19A2H         LINE#         445
  C:19A4H         LINE#         446
  C:19A6H         LINE#         449
BL51 BANKED LINKER/LOCATER V6.00                                                      07/17/2017  11:05:43  PAGE 88


  C:19A7H         LINE#         450
  C:19AAH         LINE#         458
  C:19ABH         LINE#         462
  C:19ADH         LINE#         463
  C:19AEH         LINE#         464
  C:19AFH         LINE#         465
  C:19B1H         LINE#         468
  C:19B3H         LINE#         470
  C:19B5H         LINE#         471
  C:19B7H         LINE#         472
  C:19B8H         LINE#         473
  C:19B9H         LINE#         474
  C:19BAH         LINE#         476
  C:19BCH         LINE#         478
  C:19BDH         LINE#         479
  C:19BEH         LINE#         480
  C:19C0H         LINE#         481
  C:19C3H         LINE#         482
  C:19C5H         LINE#         484
  C:19C6H         LINE#         485
  C:19C7H         LINE#         490
  C:19C8H         LINE#         491
  C:19C9H         LINE#         492
  C:19CBH         LINE#         496
  C:19CCH         LINE#         497
  C:19CDH         LINE#         498
  C:19CFH         LINE#         499
  C:19D1H         LINE#         505
  C:19D3H         LINE#         506
  C:19D4H         LINE#         507
  C:19D5H         LINE#         508
  C:19D7H         LINE#         510
  C:19D9H         LINE#         511
  C:19DBH         LINE#         512
  C:19DCH         LINE#         513
  C:19DDH         LINE#         516
  C:19DFH         LINE#         517
  C:19E2H         LINE#         518
  C:19E4H         LINE#         520
  C:19E5H         LINE#         522
  C:19E6H         LINE#         523
  C:19E7H         LINE#         524
  C:19E8H         LINE#         525
  C:19E9H         LINE#         529
  C:19EBH         LINE#         530
  C:19ECH         LINE#         531
  C:19EEH         LINE#         535
  C:19F0H         LINE#         536
  C:19F1H         LINE#         537
  C:19F2H         LINE#         539
  C:19F4H         LINE#         543
  C:19F6H         LINE#         544
  C:19F8H         LINE#         545
  C:19F9H         LINE#         546
  C:19FAH         LINE#         548
  C:19FCH         LINE#         549
  C:19FEH         LINE#         555
BL51 BANKED LINKER/LOCATER V6.00                                                      07/17/2017  11:05:43  PAGE 89


  C:1A01H         LINE#         559
  C:1A03H         LINE#         560
  C:1A04H         LINE#         561
  C:1A06H         LINE#         562
  C:1A07H         LINE#         563
  C:1A09H         LINE#         564
  C:1A0BH         LINE#         565
  C:1A0CH         LINE#         567
  C:1A0FH         LINE#         571
  C:1A12H         LINE#         572
  C:1A15H         LINE#         576
  C:1A17H         LINE#         577
  C:1A1AH         LINE#         578
  C:1A1DH         LINE#         580
  C:1A1FH         LINE#         581
  C:1A21H         LINE#         583
  C:1A23H         LINE#         584
  C:1A24H         LINE#         585
  C:1A26H         LINE#         587
  C:1A28H         LINE#         588
  C:1A2AH         LINE#         594
  C:1A2CH         LINE#         595
  C:1A2DH         LINE#         608
  C:1A2EH         LINE#         609
  C:1A30H         LINE#         614
  C:1A32H         LINE#         615
  C:1A34H         LINE#         616
  C:1A36H         LINE#         617
  C:1A38H         LINE#         618
  C:1A3AH         LINE#         619
  C:1A3CH         LINE#         620
  C:1A3EH         LINE#         621
  C:1A40H         LINE#         622
  C:1A42H         LINE#         623
  C:1A44H         LINE#         624
  C:1A46H         LINE#         625
  C:1A48H         LINE#         626
  C:1A4AH         LINE#         627
  C:1A4CH         LINE#         628
  C:1A4DH         LINE#         642
  C:1A4FH         LINE#         643
  C:1A51H         LINE#         644
  C:1A53H         LINE#         645
  C:1A55H         LINE#         646
  C:1A56H         LINE#         647
  C:1A57H         LINE#         648
  C:1A59H         LINE#         649
  C:1A5BH         LINE#         650
  C:1A5DH         LINE#         651
  C:1A5EH         LINE#         652
  C:1A60H         LINE#         653
  C:1A61H         LINE#         654
  C:1A62H         LINE#         655
  C:1A63H         LINE#         656
  C:1A64H         LINE#         657
  C:1A66H         LINE#         658
  C:1A68H         LINE#         659
BL51 BANKED LINKER/LOCATER V6.00                                                      07/17/2017  11:05:43  PAGE 90


  C:1A6AH         LINE#         660
  C:1A6DH         LINE#         661
  C:1A6FH         LINE#         662
  C:1A70H         LINE#         663
  C:1A72H         LINE#         664
  C:1A73H         LINE#         665
  C:1A74H         LINE#         666
  C:1A76H         LINE#         668
  C:1A79H         LINE#         670
  C:1A7CH         LINE#         671
  C:1A7FH         LINE#         672
  C:1A82H         LINE#         673
  C:1A84H         LINE#         674
  C:1A86H         LINE#         675
  C:1A88H         LINE#         676
  -------         ENDMOD        ?RTX51_TINY_KERNAL

  -------         MODULE        ?C?FPADD
  C:0EE7H         PUBLIC        ?C?FPADD
  C:0EE3H         PUBLIC        ?C?FPSUB
  -------         ENDMOD        ?C?FPADD

  -------         MODULE        ?C?FPMUL
  C:0FD8H         PUBLIC        ?C?FPMUL
  -------         ENDMOD        ?C?FPMUL

  -------         MODULE        ?C?FPDIV
  C:10E1H         PUBLIC        ?C?FPDIV
  -------         ENDMOD        ?C?FPDIV

  -------         MODULE        ?C?FPCMP
  C:1180H         PUBLIC        ?C?FPCMP
  C:117EH         PUBLIC        ?C?FPCMP3
  -------         ENDMOD        ?C?FPCMP

  -------         MODULE        ?C?FCAST
  C:11F5H         PUBLIC        ?C?FCASTC
  C:11F0H         PUBLIC        ?C?FCASTI
  C:11EBH         PUBLIC        ?C?FCASTL
  -------         ENDMOD        ?C?FCAST

  -------         MODULE        ?C?CASTF
  C:1229H         PUBLIC        ?C?CASTF
  -------         ENDMOD        ?C?CASTF

  -------         MODULE        ?C?CLDPTR
  C:12AAH         PUBLIC        ?C?CLDPTR
  -------         ENDMOD        ?C?CLDPTR

  -------         MODULE        ?C?CLDOPTR
  C:12C3H         PUBLIC        ?C?CLDOPTR
  -------         ENDMOD        ?C?CLDOPTR

  -------         MODULE        ?C?CSTPTR
  C:12F0H         PUBLIC        ?C?CSTPTR
  -------         ENDMOD        ?C?CSTPTR

BL51 BANKED LINKER/LOCATER V6.00                                                      07/17/2017  11:05:43  PAGE 91


  -------         MODULE        ?C?CSTOPTR
  C:1302H         PUBLIC        ?C?CSTOPTR
  -------         ENDMOD        ?C?CSTOPTR

  -------         MODULE        ?C?IMUL
  C:1324H         PUBLIC        ?C?IMUL
  -------         ENDMOD        ?C?IMUL

  -------         MODULE        ?C?UIDIV
  C:1336H         PUBLIC        ?C?UIDIV
  -------         ENDMOD        ?C?UIDIV

  -------         MODULE        ?C?IILDX
  C:138BH         PUBLIC        ?C?IILDX
  -------         ENDMOD        ?C?IILDX

  -------         MODULE        ?C?ILDIX
  C:13A1H         PUBLIC        ?C?ILDIX
  -------         ENDMOD        ?C?ILDIX

  -------         MODULE        ?C?ILDOPTR
  C:13B7H         PUBLIC        ?C?ILDOPTR
  -------         ENDMOD        ?C?ILDOPTR

  -------         MODULE        ?C?ULDIV
  C:142BH         PUBLIC        ?C?ULDIV
  -------         ENDMOD        ?C?ULDIV

  -------         MODULE        ?C?SLDIV
  C:3B55H         PUBLIC        ?C?SLDIV
  -------         ENDMOD        ?C?SLDIV

  -------         MODULE        ?C?LNEG
  C:14BDH         PUBLIC        ?C?LNEG
  -------         ENDMOD        ?C?LNEG

  -------         MODULE        ?C?ULCMP
  C:14CBH         PUBLIC        ?C?ULCMP
  -------         ENDMOD        ?C?ULCMP

  -------         MODULE        ?C?ULSHR
  C:14DCH         PUBLIC        ?C?ULSHR
  -------         ENDMOD        ?C?ULSHR

  -------         MODULE        ?C?LLDOPTR0
  C:14EFH         PUBLIC        ?C?LLDOPTR0
  -------         ENDMOD        ?C?LLDOPTR0

  -------         MODULE        ?C?LSTXDATA
  C:151FH         PUBLIC        ?C?LSTXDATA
  -------         ENDMOD        ?C?LSTXDATA

  -------         MODULE        ?C?LSTKXDATA
  C:152BH         PUBLIC        ?C?LSTKXDATA
  -------         ENDMOD        ?C?LSTKXDATA

  -------         MODULE        ?C?LLDIDATA0
BL51 BANKED LINKER/LOCATER V6.00                                                      07/17/2017  11:05:43  PAGE 92


  C:155CH         PUBLIC        ?C?LLDIDATA0
  -------         ENDMOD        ?C?LLDIDATA0

  -------         MODULE        ?C?LLDXDATA0
  C:1569H         PUBLIC        ?C?LLDXDATA0
  -------         ENDMOD        ?C?LLDXDATA0

  -------         MODULE        ?C?LLDPDATA0
  C:1575H         PUBLIC        ?C?LLDPDATA0
  -------         ENDMOD        ?C?LLDPDATA0

  -------         MODULE        ?C?LLDCODE0
  C:1582H         PUBLIC        ?C?LLDCODE0
  -------         ENDMOD        ?C?LLDCODE0

*** WARNING L16: UNCALLED SEGMENT, IGNORED FOR OVERLAY PROCESS
    SEGMENT: ?PR?_ADC_POWERCONTROL?ADC

*** WARNING L16: UNCALLED SEGMENT, IGNORED FOR OVERLAY PROCESS
    SEGMENT: ?PR?_SETPINSTATE?GPIO

*** WARNING L16: UNCALLED SEGMENT, IGNORED FOR OVERLAY PROCESS
    SEGMENT: ?PR?_PWMN_UPDATE?PCA

*** WARNING L16: UNCALLED SEGMENT, IGNORED FOR OVERLAY PROCESS
    SEGMENT: ?PR?_PCA_INIT?PCA

*** WARNING L16: UNCALLED SEGMENT, IGNORED FOR OVERLAY PROCESS
    SEGMENT: ?PR?_PWMOUTPUT?PCA

*** WARNING L16: UNCALLED SEGMENT, IGNORED FOR OVERLAY PROCESS
    SEGMENT: ?PR?_EEPROM_READ_N?STC15_EEPROM

*** WARNING L16: UNCALLED SEGMENT, IGNORED FOR OVERLAY PROCESS
    SEGMENT: ?PR?_EEPROM_SECTORERASE?STC15_EEPROM

*** WARNING L16: UNCALLED SEGMENT, IGNORED FOR OVERLAY PROCESS
    SEGMENT: ?PR?_EEPROM_WRITE_N?STC15_EEPROM

*** WARNING L16: UNCALLED SEGMENT, IGNORED FOR OVERLAY PROCESS
    SEGMENT: ?PR?_EXT_INILIZE?STC15_EXTI

*** WARNING L16: UNCALLED SEGMENT, IGNORED FOR OVERLAY PROCESS
    SEGMENT: ?PR?_IIC_WRDATTOADD?STC15_IIC

*** WARNING L16: UNCALLED SEGMENT, IGNORED FOR OVERLAY PROCESS
    SEGMENT: ?PR?_IIC_RDDATFROMADD?STC15_IIC

*** WARNING L16: UNCALLED SEGMENT, IGNORED FOR OVERLAY PROCESS
    SEGMENT: ?PR?_GET_PWM_PERIOD?STC15_PWM

*** WARNING L16: UNCALLED SEGMENT, IGNORED FOR OVERLAY PROCESS
    SEGMENT: ?PR?_GET_PWM_N_DUTY?STC15_PWM

*** WARNING L16: UNCALLED SEGMENT, IGNORED FOR OVERLAY PROCESS
    SEGMENT: ?PR?CLOSE_PWM_ALL?STC15_PWM

BL51 BANKED LINKER/LOCATER V6.00                                                      07/17/2017  11:05:43  PAGE 93


*** WARNING L16: UNCALLED SEGMENT, IGNORED FOR OVERLAY PROCESS
    SEGMENT: ?PR?_GET_PWM_N_STATE?STC15_PWM

*** WARNING L16: UNCALLED SEGMENT, IGNORED FOR OVERLAY PROCESS
    SEGMENT: ?PR?_SPI_INIT?STC15_SPI

*** WARNING L16: UNCALLED SEGMENT, IGNORED FOR OVERLAY PROCESS
    SEGMENT: ?PR?_SPI_WRITENBYTETOTXBUF?STC15_SPI

*** WARNING L16: UNCALLED SEGMENT, IGNORED FOR OVERLAY PROCESS
    SEGMENT: ?PR?SPI_TRIGTX?STC15_SPI

*** WARNING L16: UNCALLED SEGMENT, IGNORED FOR OVERLAY PROCESS
    SEGMENT: ?PR?_SPI_SPI_READTHENBYTETORXBUF?STC15_SPI

*** WARNING L16: UNCALLED SEGMENT, IGNORED FOR OVERLAY PROCESS
    SEGMENT: ?PR?TIMERINIT?TIMER

*** WARNING L16: UNCALLED SEGMENT, IGNORED FOR OVERLAY PROCESS
    SEGMENT: ?PR?_SETTIMEOUT?TIMER

*** WARNING L16: UNCALLED SEGMENT, IGNORED FOR OVERLAY PROCESS
    SEGMENT: ?PR?_GETTIMEROUT?TIMER

*** WARNING L16: UNCALLED SEGMENT, IGNORED FOR OVERLAY PROCESS
    SEGMENT: ?PR?_SETTIMERHERTZ?TIMER

*** WARNING L16: UNCALLED SEGMENT, IGNORED FOR OVERLAY PROCESS
    SEGMENT: ?PR?_GETTIMERHERTZ?TIMER

*** WARNING L16: UNCALLED SEGMENT, IGNORED FOR OVERLAY PROCESS
    SEGMENT: ?PR?_STOPTIMER?TIMER

*** WARNING L16: UNCALLED SEGMENT, IGNORED FOR OVERLAY PROCESS
    SEGMENT: ?PR?_ISSTOPPED?TIMER

*** WARNING L16: UNCALLED SEGMENT, IGNORED FOR OVERLAY PROCESS
    SEGMENT: ?PR?_ONRESTARTTIMER?TIMER

*** WARNING L16: UNCALLED SEGMENT, IGNORED FOR OVERLAY PROCESS
    SEGMENT: ?PR?GETMICROS?TIMER

*** WARNING L16: UNCALLED SEGMENT, IGNORED FOR OVERLAY PROCESS
    SEGMENT: ?PR?GETMILLIS?TIMER

*** WARNING L16: UNCALLED SEGMENT, IGNORED FOR OVERLAY PROCESS
    SEGMENT: ?PR?GETSECONDS?TIMER

*** WARNING L16: UNCALLED SEGMENT, IGNORED FOR OVERLAY PROCESS
    SEGMENT: ?PR?GETMINUTES?TIMER

*** WARNING L16: UNCALLED SEGMENT, IGNORED FOR OVERLAY PROCESS
    SEGMENT: ?PR?GETHOURS?TIMER

*** WARNING L16: UNCALLED SEGMENT, IGNORED FOR OVERLAY PROCESS
    SEGMENT: ?PR?GETDAYS?TIMER

BL51 BANKED LINKER/LOCATER V6.00                                                      07/17/2017  11:05:43  PAGE 94


*** WARNING L16: UNCALLED SEGMENT, IGNORED FOR OVERLAY PROCESS
    SEGMENT: ?PR?_PRINTSTRING2?USART1

*** WARNING L16: UNCALLED SEGMENT, IGNORED FOR OVERLAY PROCESS
    SEGMENT: ?PR?_PRINTSTRING3?USART1

*** WARNING L16: UNCALLED SEGMENT, IGNORED FOR OVERLAY PROCESS
    SEGMENT: ?PR?_PRINTSTRING4?USART1

*** WARNING L16: UNCALLED SEGMENT, IGNORED FOR OVERLAY PROCESS
    SEGMENT: ?PR?_HC595_INIT?74HC595

*** WARNING L16: UNCALLED SEGMENT, IGNORED FOR OVERLAY PROCESS
    SEGMENT: ?PR?_HC595SENDDATA?74HC595

*** WARNING L16: UNCALLED SEGMENT, IGNORED FOR OVERLAY PROCESS
    SEGMENT: ?PR?_SETRELAY?RELAY

*** WARNING L16: UNCALLED SEGMENT, IGNORED FOR OVERLAY PROCESS
    SEGMENT: ?PR?_UNSETRELAY?RELAY

*** WARNING L16: UNCALLED SEGMENT, IGNORED FOR OVERLAY PROCESS
    SEGMENT: ?PR?RELAY_INIT?RELAY

*** WARNING L16: UNCALLED SEGMENT, IGNORED FOR OVERLAY PROCESS
    SEGMENT: ?PR?_LCD1602_WRITE_WORD?LCD1602

*** WARNING L16: UNCALLED SEGMENT, IGNORED FOR OVERLAY PROCESS
    SEGMENT: ?PR?GETBOARD_LED_STATE?LED

*** WARNING L16: UNCALLED SEGMENT, IGNORED FOR OVERLAY PROCESS
    SEGMENT: ?PR?_BOARD_LED_PWM?LED

*** WARNING L16: UNCALLED SEGMENT, IGNORED FOR OVERLAY PROCESS
    SEGMENT: ?PR?_SETDC_MOTORSPEED?MOTOR

*** WARNING L16: UNCALLED SEGMENT, IGNORED FOR OVERLAY PROCESS
    SEGMENT: ?PR?_OPEN_DC_MOTOR?MOTOR

*** WARNING L16: UNCALLED SEGMENT, IGNORED FOR OVERLAY PROCESS
    SEGMENT: ?PR?_CLOSE_DC_MOTOR?MOTOR

*** WARNING L16: UNCALLED SEGMENT, IGNORED FOR OVERLAY PROCESS
    SEGMENT: ?PR?_GETDC_MOTORSTATE?MOTOR

*** WARNING L16: UNCALLED SEGMENT, IGNORED FOR OVERLAY PROCESS
    SEGMENT: ?PR?DC_MOTOR_CONFIG?MOTOR

*** WARNING L16: UNCALLED SEGMENT, IGNORED FOR OVERLAY PROCESS
    SEGMENT: ?PR?_INIT_STR_MOTOR?SERVO

*** WARNING L16: UNCALLED SEGMENT, IGNORED FOR OVERLAY PROCESS
    SEGMENT: ?PR?_SET_STR_ANGLE?SERVO

*** WARNING L16: UNCALLED SEGMENT, IGNORED FOR OVERLAY PROCESS
    SEGMENT: ?PR?_READ_STR_ANGLE?SERVO

BL51 BANKED LINKER/LOCATER V6.00                                                      07/17/2017  11:05:43  PAGE 95


*** WARNING L16: UNCALLED SEGMENT, IGNORED FOR OVERLAY PROCESS
    SEGMENT: ?PR?_OPEN_STR?SERVO

*** WARNING L16: UNCALLED SEGMENT, IGNORED FOR OVERLAY PROCESS
    SEGMENT: ?PR?_CLOSE_STR?SERVO

*** WARNING L16: UNCALLED SEGMENT, IGNORED FOR OVERLAY PROCESS
    SEGMENT: ?PR?_SETSTEPMOTORWITHROUND?STEP_MOTOR

*** WARNING L16: UNCALLED SEGMENT, IGNORED FOR OVERLAY PROCESS
    SEGMENT: ?PR?_GETSTEPMOTORSTATE?STEP_MOTOR

*** WARNING L16: UNCALLED SEGMENT, IGNORED FOR OVERLAY PROCESS
    SEGMENT: ?PR?_CLOSE_STEPMOTOR?STEP_MOTOR

*** WARNING L16: UNCALLED SEGMENT, IGNORED FOR OVERLAY PROCESS
    SEGMENT: ?PR?_OPEN_STEPMOTOR?STEP_MOTOR

*** WARNING L16: UNCALLED SEGMENT, IGNORED FOR OVERLAY PROCESS
    SEGMENT: ?PR?STEPMOTOR_INIT?STEP_MOTOR

*** WARNING L16: UNCALLED SEGMENT, IGNORED FOR OVERLAY PROCESS
    SEGMENT: ?PR?_GETPULSERSTATE?FIXEDPULSER

*** WARNING L16: UNCALLED SEGMENT, IGNORED FOR OVERLAY PROCESS
    SEGMENT: ?PR?_PID_CONFIG?PID

*** WARNING L16: UNCALLED SEGMENT, IGNORED FOR OVERLAY PROCESS
    SEGMENT: ?PR?_OPENPID?PID

*** WARNING L16: UNCALLED SEGMENT, IGNORED FOR OVERLAY PROCESS
    SEGMENT: ?PR?_CLOSEPID?PID

*** WARNING L16: UNCALLED SEGMENT, IGNORED FOR OVERLAY PROCESS
    SEGMENT: ?PR?_PID?PID

*** WARNING L16: UNCALLED SEGMENT, IGNORED FOR OVERLAY PROCESS
    SEGMENT: ?PR?_SETPARAMETERINFERIORLIMIT?PID

*** WARNING L16: UNCALLED SEGMENT, IGNORED FOR OVERLAY PROCESS
    SEGMENT: ?PR?_SETPARAMETERUPPERLIMIT?PID

*** WARNING L16: UNCALLED SEGMENT, IGNORED FOR OVERLAY PROCESS
    SEGMENT: ?PR?_SETACTUALPARAMETER?PID

*** WARNING L16: UNCALLED SEGMENT, IGNORED FOR OVERLAY PROCESS
    SEGMENT: ?PR?_SETKI?PID

*** WARNING L16: UNCALLED SEGMENT, IGNORED FOR OVERLAY PROCESS
    SEGMENT: ?PR?_SETKP?PID

*** WARNING L16: UNCALLED SEGMENT, IGNORED FOR OVERLAY PROCESS
    SEGMENT: ?PR?_SETKD?PID

*** WARNING L16: UNCALLED SEGMENT, IGNORED FOR OVERLAY PROCESS
    SEGMENT: ?PR?_SETPARAMETER?PID

BL51 BANKED LINKER/LOCATER V6.00                                                      07/17/2017  11:05:43  PAGE 96


*** WARNING L16: UNCALLED SEGMENT, IGNORED FOR OVERLAY PROCESS
    SEGMENT: ?PR?_GETPARAMETER?PID

*** WARNING L16: UNCALLED SEGMENT, IGNORED FOR OVERLAY PROCESS
    SEGMENT: ?PR?_GETERR?PID

*** WARNING L16: UNCALLED SEGMENT, IGNORED FOR OVERLAY PROCESS
    SEGMENT: ?PR?_GETERRLAST?PID

*** WARNING L16: UNCALLED SEGMENT, IGNORED FOR OVERLAY PROCESS
    SEGMENT: ?PR?_GETKP?PID

*** WARNING L16: UNCALLED SEGMENT, IGNORED FOR OVERLAY PROCESS
    SEGMENT: ?PR?_GETKI?PID

*** WARNING L16: UNCALLED SEGMENT, IGNORED FOR OVERLAY PROCESS
    SEGMENT: ?PR?_GETKD?PID

*** WARNING L16: UNCALLED SEGMENT, IGNORED FOR OVERLAY PROCESS
    SEGMENT: ?PR?_GETOUTPUT?PID

*** WARNING L16: UNCALLED SEGMENT, IGNORED FOR OVERLAY PROCESS
    SEGMENT: ?PR?_GETINTEGRAL?PID

*** WARNING L16: UNCALLED SEGMENT, IGNORED FOR OVERLAY PROCESS
    SEGMENT: ?PR?MODE1?MODE

*** WARNING L16: UNCALLED SEGMENT, IGNORED FOR OVERLAY PROCESS
    SEGMENT: ?PR?MODE2?MODE

*** WARNING L16: UNCALLED SEGMENT, IGNORED FOR OVERLAY PROCESS
    SEGMENT: ?PR?MODE3?MODE

*** WARNING L16: UNCALLED SEGMENT, IGNORED FOR OVERLAY PROCESS
    SEGMENT: ?PR?MODE4?MODE

*** WARNING L16: UNCALLED SEGMENT, IGNORED FOR OVERLAY PROCESS
    SEGMENT: ?PR?MODELAUNCHER?MODE

*** WARNING L15: MULTIPLE CALL TO SEGMENT
    SEGMENT: ?PR?GETANGLE?ANGLE
    CALLER1: ?PR?TASK8?ABSTASK
    CALLER2: ?PR?TASK9?ABSTASK

*** WARNING L15: MULTIPLE CALL TO SEGMENT
    SEGMENT: ?PR?_FILTER?FILTER
    CALLER1: ?PR?TASK8?ABSTASK
    CALLER2: ?PR?TASK9?ABSTASK

******************************************************************************
* RESTRICTED VERSION WITH FFFFH BYTE CODE SIZE LIMIT; USED: 366DH BYTE (21%) *
******************************************************************************

Program Size: data=110.5 xdata=1511 code=16248
LINK/LOCATE RUN COMPLETE.  86 WARNING(S),  0 ERROR(S)
